[0.034s] Invoking command in '/Bt/build/pal_gripper_simulation': AMENT_PREFIX_PATH=/Bt/install/pal_gripper_description:/Bt/install/pal_urdf_utils:/Bt/install/pal_gripper_controller_configuration:${AMENT_PREFIX_PATH} CMAKE_PREFIX_PATH=/Bt/install/pal_gripper_description:/Bt/install/pal_urdf_utils:/Bt/install/pal_gripper_controller_configuration:/opt/ros/jazzy/opt/gz_sim_vendor:/opt/ros/jazzy/opt/gz_sensors_vendor:/opt/ros/jazzy/opt/gz_physics_vendor:/opt/ros/jazzy/opt/sdformat_vendor:/opt/ros/jazzy/opt/gz_gui_vendor:/opt/ros/jazzy/opt/gz_transport_vendor:/opt/ros/jazzy/opt/gz_rendering_vendor:/opt/ros/jazzy/opt/gz_plugin_vendor:/opt/ros/jazzy/opt/gz_fuel_tools_vendor:/opt/ros/jazzy/opt/gz_msgs_vendor:/opt/ros/jazzy/opt/gz_common_vendor:/opt/ros/jazzy/opt/gz_math_vendor:/opt/ros/jazzy/opt/gz_utils_vendor:/opt/ros/jazzy/opt/gz_tools_vendor:/opt/ros/jazzy/opt/gz_ogre_next_vendor:/opt/ros/jazzy/opt/gz_dartsim_vendor:/opt/ros/jazzy/opt/gz_cmake_vendor:/opt/ros/jazzy /usr/bin/cmake --build /Bt/build/pal_gripper_simulation -- -j8 -l8
[0.105s] Invoked command in '/Bt/build/pal_gripper_simulation' returned '0': AMENT_PREFIX_PATH=/Bt/install/pal_gripper_description:/Bt/install/pal_urdf_utils:/Bt/install/pal_gripper_controller_configuration:${AMENT_PREFIX_PATH} CMAKE_PREFIX_PATH=/Bt/install/pal_gripper_description:/Bt/install/pal_urdf_utils:/Bt/install/pal_gripper_controller_configuration:/opt/ros/jazzy/opt/gz_sim_vendor:/opt/ros/jazzy/opt/gz_sensors_vendor:/opt/ros/jazzy/opt/gz_physics_vendor:/opt/ros/jazzy/opt/sdformat_vendor:/opt/ros/jazzy/opt/gz_gui_vendor:/opt/ros/jazzy/opt/gz_transport_vendor:/opt/ros/jazzy/opt/gz_rendering_vendor:/opt/ros/jazzy/opt/gz_plugin_vendor:/opt/ros/jazzy/opt/gz_fuel_tools_vendor:/opt/ros/jazzy/opt/gz_msgs_vendor:/opt/ros/jazzy/opt/gz_common_vendor:/opt/ros/jazzy/opt/gz_math_vendor:/opt/ros/jazzy/opt/gz_utils_vendor:/opt/ros/jazzy/opt/gz_tools_vendor:/opt/ros/jazzy/opt/gz_ogre_next_vendor:/opt/ros/jazzy/opt/gz_dartsim_vendor:/opt/ros/jazzy/opt/gz_cmake_vendor:/opt/ros/jazzy /usr/bin/cmake --build /Bt/build/pal_gripper_simulation -- -j8 -l8
[0.105s] Invoking command in '/Bt/build/pal_gripper_simulation': AMENT_PREFIX_PATH=/Bt/install/pal_gripper_description:/Bt/install/pal_urdf_utils:/Bt/install/pal_gripper_controller_configuration:${AMENT_PREFIX_PATH} CMAKE_PREFIX_PATH=/Bt/install/pal_gripper_description:/Bt/install/pal_urdf_utils:/Bt/install/pal_gripper_controller_configuration:/opt/ros/jazzy/opt/gz_sim_vendor:/opt/ros/jazzy/opt/gz_sensors_vendor:/opt/ros/jazzy/opt/gz_physics_vendor:/opt/ros/jazzy/opt/sdformat_vendor:/opt/ros/jazzy/opt/gz_gui_vendor:/opt/ros/jazzy/opt/gz_transport_vendor:/opt/ros/jazzy/opt/gz_rendering_vendor:/opt/ros/jazzy/opt/gz_plugin_vendor:/opt/ros/jazzy/opt/gz_fuel_tools_vendor:/opt/ros/jazzy/opt/gz_msgs_vendor:/opt/ros/jazzy/opt/gz_common_vendor:/opt/ros/jazzy/opt/gz_math_vendor:/opt/ros/jazzy/opt/gz_utils_vendor:/opt/ros/jazzy/opt/gz_tools_vendor:/opt/ros/jazzy/opt/gz_ogre_next_vendor:/opt/ros/jazzy/opt/gz_dartsim_vendor:/opt/ros/jazzy/opt/gz_cmake_vendor:/opt/ros/jazzy /usr/bin/cmake --install /Bt/build/pal_gripper_simulation
[0.132s] -- Install configuration: ""
[0.132s] -- Up-to-date: /Bt/install/pal_gripper_simulation/share/pal_gripper_simulation/launch
[0.132s] -- Up-to-date: /Bt/install/pal_gripper_simulation/share/pal_gripper_simulation/launch/gazebo.launch.py
[0.133s] -- Up-to-date: /Bt/install/pal_gripper_simulation/share/pal_gripper_simulation/launch/gripper_spawn.launch.py
[0.133s] -- Up-to-date: /Bt/install/pal_gripper_simulation/share/pal_gripper_simulation/launch/robot_state_publisher.launch.py
[0.133s] -- Up-to-date: /Bt/install/pal_gripper_simulation/share/ament_index/resource_index/package_run_dependencies/pal_gripper_simulation
[0.133s] -- Up-to-date: /Bt/install/pal_gripper_simulation/share/ament_index/resource_index/parent_prefix_path/pal_gripper_simulation
[0.133s] -- Up-to-date: /Bt/install/pal_gripper_simulation/share/pal_gripper_simulation/environment/ament_prefix_path.sh
[0.133s] -- Up-to-date: /Bt/install/pal_gripper_simulation/share/pal_gripper_simulation/environment/ament_prefix_path.dsv
[0.134s] -- Up-to-date: /Bt/install/pal_gripper_simulation/share/pal_gripper_simulation/environment/path.sh
[0.134s] -- Up-to-date: /Bt/install/pal_gripper_simulation/share/pal_gripper_simulation/environment/path.dsv
[0.134s] -- Up-to-date: /Bt/install/pal_gripper_simulation/share/pal_gripper_simulation/local_setup.bash
[0.134s] -- Up-to-date: /Bt/install/pal_gripper_simulation/share/pal_gripper_simulation/local_setup.sh
[0.134s] -- Up-to-date: /Bt/install/pal_gripper_simulation/share/pal_gripper_simulation/local_setup.zsh
[0.134s] -- Up-to-date: /Bt/install/pal_gripper_simulation/share/pal_gripper_simulation/local_setup.dsv
[0.134s] -- Installing: /Bt/install/pal_gripper_simulation/share/pal_gripper_simulation/package.dsv
[0.134s] -- Up-to-date: /Bt/install/pal_gripper_simulation/share/ament_index/resource_index/packages/pal_gripper_simulation
[0.141s] -- Up-to-date: /Bt/install/pal_gripper_simulation/share/pal_gripper_simulation/cmake/pal_gripper_simulationConfig.cmake
[0.141s] -- Up-to-date: /Bt/install/pal_gripper_simulation/share/pal_gripper_simulation/cmake/pal_gripper_simulationConfig-version.cmake
[0.141s] -- Up-to-date: /Bt/install/pal_gripper_simulation/share/pal_gripper_simulation/package.xml
[0.193s] Invoked command in '/Bt/build/pal_gripper_simulation' returned '0': AMENT_PREFIX_PATH=/Bt/install/pal_gripper_description:/Bt/install/pal_urdf_utils:/Bt/install/pal_gripper_controller_configuration:${AMENT_PREFIX_PATH} CMAKE_PREFIX_PATH=/Bt/install/pal_gripper_description:/Bt/install/pal_urdf_utils:/Bt/install/pal_gripper_controller_configuration:/opt/ros/jazzy/opt/gz_sim_vendor:/opt/ros/jazzy/opt/gz_sensors_vendor:/opt/ros/jazzy/opt/gz_physics_vendor:/opt/ros/jazzy/opt/sdformat_vendor:/opt/ros/jazzy/opt/gz_gui_vendor:/opt/ros/jazzy/opt/gz_transport_vendor:/opt/ros/jazzy/opt/gz_rendering_vendor:/opt/ros/jazzy/opt/gz_plugin_vendor:/opt/ros/jazzy/opt/gz_fuel_tools_vendor:/opt/ros/jazzy/opt/gz_msgs_vendor:/opt/ros/jazzy/opt/gz_common_vendor:/opt/ros/jazzy/opt/gz_math_vendor:/opt/ros/jazzy/opt/gz_utils_vendor:/opt/ros/jazzy/opt/gz_tools_vendor:/opt/ros/jazzy/opt/gz_ogre_next_vendor:/opt/ros/jazzy/opt/gz_dartsim_vendor:/opt/ros/jazzy/opt/gz_cmake_vendor:/opt/ros/jazzy /usr/bin/cmake --install /Bt/build/pal_gripper_simulation
