[0.051s] Invoking command in '/Bt/build/tiago_slam': CMAKE_PREFIX_PATH=${CMAKE_PREFIX_PATH}:/Bt/install/yolo_ros:/Bt/install/ros2_aruco:/Bt/install/launch_pal:/Bt/install/grab2_curobo_planner:/opt/ros/jazzy /usr/bin/cmake --build /Bt/build/tiago_slam -- -j8 -l8
[0.336s] Invoked command in '/Bt/build/tiago_slam' returned '0': CMAKE_PREFIX_PATH=${CMAKE_PREFIX_PATH}:/Bt/install/yolo_ros:/Bt/install/ros2_aruco:/Bt/install/launch_pal:/Bt/install/grab2_curobo_planner:/opt/ros/jazzy /usr/bin/cmake --build /Bt/build/tiago_slam -- -j8 -l8
[0.337s] Invoking command in '/Bt/build/tiago_slam': CMAKE_PREFIX_PATH=${CMAKE_PREFIX_PATH}:/Bt/install/yolo_ros:/Bt/install/ros2_aruco:/Bt/install/launch_pal:/Bt/install/grab2_curobo_planner:/opt/ros/jazzy /usr/bin/cmake --install /Bt/build/tiago_slam
[0.424s] -- Install configuration: ""
[0.425s] -- Up-to-date: /Bt/install/tiago_slam/share/tiago_slam/launch
[0.425s] -- Up-to-date: /Bt/install/tiago_slam/share/tiago_slam/launch/tiago_slam_toolbox.launch.py
[0.425s] -- Up-to-date: /Bt/install/tiago_slam/share/tiago_slam/config
[0.425s] -- Up-to-date: /Bt/install/tiago_slam/share/tiago_slam/config/tiago_online_sync.yaml
[0.425s] -- Up-to-date: /Bt/install/tiago_slam/share/tiago_slam/rviz
[0.425s] -- Up-to-date: /Bt/install/tiago_slam/share/tiago_slam/rviz/slam.rviz
[0.431s] -- Up-to-date: /Bt/install/tiago_slam/share/ament_index/resource_index/package_run_dependencies/tiago_slam
[0.431s] -- Up-to-date: /Bt/install/tiago_slam/share/ament_index/resource_index/parent_prefix_path/tiago_slam
[0.431s] -- Up-to-date: /Bt/install/tiago_slam/share/tiago_slam/environment/ament_prefix_path.sh
[0.431s] -- Up-to-date: /Bt/install/tiago_slam/share/tiago_slam/environment/ament_prefix_path.dsv
[0.432s] -- Up-to-date: /Bt/install/tiago_slam/share/tiago_slam/environment/path.sh
[0.432s] -- Up-to-date: /Bt/install/tiago_slam/share/tiago_slam/environment/path.dsv
[0.432s] -- Up-to-date: /Bt/install/tiago_slam/share/tiago_slam/local_setup.bash
[0.432s] -- Up-to-date: /Bt/install/tiago_slam/share/tiago_slam/local_setup.sh
[0.432s] -- Up-to-date: /Bt/install/tiago_slam/share/tiago_slam/local_setup.zsh
[0.432s] -- Up-to-date: /Bt/install/tiago_slam/share/tiago_slam/local_setup.dsv
[0.432s] -- Installing: /Bt/install/tiago_slam/share/tiago_slam/package.dsv
[0.432s] -- Up-to-date: /Bt/install/tiago_slam/share/ament_index/resource_index/packages/tiago_slam
[0.432s] -- Up-to-date: /Bt/install/tiago_slam/share/tiago_slam/cmake/tiago_slamConfig.cmake
[0.433s] -- Up-to-date: /Bt/install/tiago_slam/share/tiago_slam/cmake/tiago_slamConfig-version.cmake
[0.433s] -- Up-to-date: /Bt/install/tiago_slam/share/tiago_slam/package.xml
[0.444s] Invoked command in '/Bt/build/tiago_slam' returned '0': CMAKE_PREFIX_PATH=${CMAKE_PREFIX_PATH}:/Bt/install/yolo_ros:/Bt/install/ros2_aruco:/Bt/install/launch_pal:/Bt/install/grab2_curobo_planner:/opt/ros/jazzy /usr/bin/cmake --install /Bt/build/tiago_slam
