[0.082s] Invoking command in '/Bt/build/grab2_msgs': CMAKE_PREFIX_PATH=/Bt/install/btcpp_ros2_interfaces:/Bt/install/yolo_bringup:/Bt/install/yolo_msgs:/Bt/install/tiago_slam:/Bt/install/tiago_simulation:/Bt/install/tiago_sim:/Bt/install/tiago_robot:/Bt/install/tiago_navigation:/Bt/install/tiago_demos:/Bt/install/tiago_nav:/Bt/install/tiago_gazebo:/Bt/install/tiago_moveit_config:/Bt/install/tiago_2dnav:/Bt/install/tiago_laser_sensors:/Bt/install/tiago_grab:/Bt/install/tiago_bringup:/Bt/install/tiago_description:/Bt/install/tiago_controller_configuration:/Bt/install/tiago_behavior_tree:/Bt/install/tiago_aruco_broadcast:/Bt/install/ros2_aruco_interfaces:/Bt/install/pmb2_robot:/Bt/install/pmb2_rgbd_sensors:/Bt/install/pmb2_navigation:/Bt/install/pmb2_laser_sensors:/Bt/install/pmb2_bringup:/Bt/install/pmb2_description:/Bt/install/pmb2_controller_configuration:/Bt/install/pmb2_2dnav:/Bt/install/play_motion2:/Bt/install/play_motion2_msgs:/Bt/install/pal_hey5:/Bt/install/pal_hey5_description:/Bt/install/pal_gripper_simulation:/Bt/install/pal_gripper:/Bt/install/pal_gripper_description:/Bt/install/omni_base_robot:/Bt/install/omni_base_bringup:/Bt/install/omni_base_description:/Bt/install/pal_urdf_utils:/Bt/install/pal_robotiq_gripper:/Bt/install/pal_robotiq_description:/Bt/install/pal_robotiq_controller_configuration:/Bt/install/pal_maps:/Bt/install/pal_hey5_controller_configuration:/Bt/install/pal_gripper_controller_configuration:/Bt/install/omni_base_controller_configuration:/Bt/install/grab2_planner:/Bt/install/grab2_grasp_generator:/Bt/install/grab2_bt_grabber:/Bt/install/grab2_ros_common:/Bt/install/grab2_behavior_tree:/Bt/install/grab2_msgs:/Bt/install/grab2_controller:/Bt/install/btcpp_ros2_samples:/Bt/install/behaviortree_ros2:/opt/ros/jazzy/opt/gz_sim_vendor:/opt/ros/jazzy/opt/gz_sensors_vendor:/opt/ros/jazzy/opt/gz_physics_vendor:/opt/ros/jazzy/opt/sdformat_vendor:/opt/ros/jazzy/opt/gz_gui_vendor:/opt/ros/jazzy/opt/gz_transport_vendor:/opt/ros/jazzy/opt/gz_rendering_vendor:/opt/ros/jazzy/opt/gz_plugin_vendor:/opt/ros/jazzy/opt/gz_fuel_tools_vendor:/opt/ros/jazzy/opt/gz_msgs_vendor:/opt/ros/jazzy/opt/gz_common_vendor:/opt/ros/jazzy/opt/gz_math_vendor:/opt/ros/jazzy/opt/gz_utils_vendor:/opt/ros/jazzy/opt/gz_tools_vendor:/opt/ros/jazzy/opt/gz_ogre_next_vendor:/opt/ros/jazzy/opt/gz_dartsim_vendor:/opt/ros/jazzy/opt/gz_cmake_vendor:/Bt/install/yolo_ros:/Bt/install/ros2_aruco:/Bt/install/launch_pal:/Bt/install/grab2_curobo_planner:/opt/ros/jazzy LD_LIBRARY_PATH=/Bt/install/btcpp_ros2_interfaces/lib:/Bt/install/yolo_msgs/lib:/Bt/install/tiago_behavior_tree/lib:/Bt/install/ros2_aruco_interfaces/lib:/Bt/install/play_motion2/lib:/Bt/install/play_motion2_msgs/lib:/Bt/install/grab2_planner/lib:/Bt/install/grab2_grasp_generator/lib:/Bt/install/grab2_bt_grabber/lib:/Bt/install/grab2_behavior_tree/lib:/Bt/install/grab2_msgs/lib:/Bt/install/behaviortree_ros2/lib:/opt/ros/jazzy/opt/gz_sim_vendor/lib:/opt/ros/jazzy/opt/gz_sensors_vendor/lib:/opt/ros/jazzy/opt/gz_physics_vendor/lib:/opt/ros/jazzy/opt/sdformat_vendor/lib:/opt/ros/jazzy/opt/rviz_ogre_vendor/lib:/opt/ros/jazzy/lib/x86_64-linux-gnu:/opt/ros/jazzy/opt/gz_gui_vendor/lib:/opt/ros/jazzy/opt/gz_transport_vendor/lib:/opt/ros/jazzy/opt/gz_rendering_vendor/lib:/opt/ros/jazzy/opt/gz_plugin_vendor/lib:/opt/ros/jazzy/opt/gz_fuel_tools_vendor/lib:/opt/ros/jazzy/opt/gz_msgs_vendor/lib:/opt/ros/jazzy/opt/gz_common_vendor/lib:/opt/ros/jazzy/opt/gz_math_vendor/lib:/opt/ros/jazzy/opt/gz_utils_vendor/lib:/opt/ros/jazzy/opt/gz_tools_vendor/lib:/opt/ros/jazzy/opt/gz_ogre_next_vendor/lib:/opt/ros/jazzy/opt/gz_dartsim_vendor/lib:/opt/ros/jazzy/opt/gz_cmake_vendor/lib:/opt/ros/jazzy/lib PYTHONPATH=/Bt/install/btcpp_ros2_interfaces/lib/python3.12/site-packages:/Bt/install/yolo_ros/lib/python3.12/site-packages:/Bt/install/yolo_msgs/lib/python3.12/site-packages:/Bt/install/tiago_description/lib/python3.12/site-packages:/Bt/install/ros2_aruco_interfaces/lib/python3.12/site-packages:/Bt/install/ros2_aruco/lib/python3.12/site-packages:/Bt/install/pmb2_description/lib/python3.12/site-packages:/Bt/install/play_motion2_msgs/lib/python3.12/site-packages:/Bt/install/omni_base_description/lib/python3.12/site-packages:/Bt/install/launch_pal/lib/python3.12/site-packages:/Bt/install/grab2_curobo_planner/lib/python3.12/site-packages:/Bt/install/grab2_msgs/lib/python3.12/site-packages:/opt/ros/jazzy/lib/python3.12/site-packages /usr/bin/cmake --build /Bt/build/grab2_msgs -- -j8 -l8
[0.281s] [  1%] Built target grab2_msgs__rosidl_generator_type_description
[0.451s] [  1%] Built target ament_cmake_python_copy_grab2_msgs
[0.491s] [ 23%] Built target grab2_msgs__rosidl_generator_c
[1.019s] running egg_info
[1.086s] writing grab2_msgs.egg-info/PKG-INFO
[1.086s] writing dependency_links to grab2_msgs.egg-info/dependency_links.txt
[1.086s] writing top-level names to grab2_msgs.egg-info/top_level.txt
[1.224s] reading manifest file 'grab2_msgs.egg-info/SOURCES.txt'
[1.227s] writing manifest file 'grab2_msgs.egg-info/SOURCES.txt'
[1.294s] [ 23%] Built target ament_cmake_python_build_grab2_msgs_egg
[1.364s] [ 32%] Built target grab2_msgs__rosidl_typesupport_c
[1.450s] [ 42%] Built target grab2_msgs__rosidl_typesupport_introspection_c
[1.557s] [ 51%] Built target grab2_msgs__rosidl_typesupport_fastrtps_c
[1.610s] [ 53%] Built target grab2_msgs__cpp
[1.712s] [ 62%] Built target grab2_msgs__rosidl_typesupport_cpp
[1.818s] [ 71%] Built target grab2_msgs__rosidl_typesupport_introspection_cpp
[1.913s] [ 81%] Built target grab2_msgs__rosidl_typesupport_fastrtps_cpp
[2.012s] [ 81%] Built target grab2_msgs
[2.094s] [ 82%] Built target grab2_msgs__py
[2.209s] [ 90%] Built target grab2_msgs__rosidl_generator_py
[2.262s] [ 93%] Built target grab2_msgs_s__rosidl_typesupport_fastrtps_c
[2.321s] [ 96%] Built target grab2_msgs_s__rosidl_typesupport_c
[2.409s] [100%] Built target grab2_msgs_s__rosidl_typesupport_introspection_c
[2.514s] Invoked command in '/Bt/build/grab2_msgs' returned '0': CMAKE_PREFIX_PATH=/Bt/install/btcpp_ros2_interfaces:/Bt/install/yolo_bringup:/Bt/install/yolo_msgs:/Bt/install/tiago_slam:/Bt/install/tiago_simulation:/Bt/install/tiago_sim:/Bt/install/tiago_robot:/Bt/install/tiago_navigation:/Bt/install/tiago_demos:/Bt/install/tiago_nav:/Bt/install/tiago_gazebo:/Bt/install/tiago_moveit_config:/Bt/install/tiago_2dnav:/Bt/install/tiago_laser_sensors:/Bt/install/tiago_grab:/Bt/install/tiago_bringup:/Bt/install/tiago_description:/Bt/install/tiago_controller_configuration:/Bt/install/tiago_behavior_tree:/Bt/install/tiago_aruco_broadcast:/Bt/install/ros2_aruco_interfaces:/Bt/install/pmb2_robot:/Bt/install/pmb2_rgbd_sensors:/Bt/install/pmb2_navigation:/Bt/install/pmb2_laser_sensors:/Bt/install/pmb2_bringup:/Bt/install/pmb2_description:/Bt/install/pmb2_controller_configuration:/Bt/install/pmb2_2dnav:/Bt/install/play_motion2:/Bt/install/play_motion2_msgs:/Bt/install/pal_hey5:/Bt/install/pal_hey5_description:/Bt/install/pal_gripper_simulation:/Bt/install/pal_gripper:/Bt/install/pal_gripper_description:/Bt/install/omni_base_robot:/Bt/install/omni_base_bringup:/Bt/install/omni_base_description:/Bt/install/pal_urdf_utils:/Bt/install/pal_robotiq_gripper:/Bt/install/pal_robotiq_description:/Bt/install/pal_robotiq_controller_configuration:/Bt/install/pal_maps:/Bt/install/pal_hey5_controller_configuration:/Bt/install/pal_gripper_controller_configuration:/Bt/install/omni_base_controller_configuration:/Bt/install/grab2_planner:/Bt/install/grab2_grasp_generator:/Bt/install/grab2_bt_grabber:/Bt/install/grab2_ros_common:/Bt/install/grab2_behavior_tree:/Bt/install/grab2_msgs:/Bt/install/grab2_controller:/Bt/install/btcpp_ros2_samples:/Bt/install/behaviortree_ros2:/opt/ros/jazzy/opt/gz_sim_vendor:/opt/ros/jazzy/opt/gz_sensors_vendor:/opt/ros/jazzy/opt/gz_physics_vendor:/opt/ros/jazzy/opt/sdformat_vendor:/opt/ros/jazzy/opt/gz_gui_vendor:/opt/ros/jazzy/opt/gz_transport_vendor:/opt/ros/jazzy/opt/gz_rendering_vendor:/opt/ros/jazzy/opt/gz_plugin_vendor:/opt/ros/jazzy/opt/gz_fuel_tools_vendor:/opt/ros/jazzy/opt/gz_msgs_vendor:/opt/ros/jazzy/opt/gz_common_vendor:/opt/ros/jazzy/opt/gz_math_vendor:/opt/ros/jazzy/opt/gz_utils_vendor:/opt/ros/jazzy/opt/gz_tools_vendor:/opt/ros/jazzy/opt/gz_ogre_next_vendor:/opt/ros/jazzy/opt/gz_dartsim_vendor:/opt/ros/jazzy/opt/gz_cmake_vendor:/Bt/install/yolo_ros:/Bt/install/ros2_aruco:/Bt/install/launch_pal:/Bt/install/grab2_curobo_planner:/opt/ros/jazzy LD_LIBRARY_PATH=/Bt/install/btcpp_ros2_interfaces/lib:/Bt/install/yolo_msgs/lib:/Bt/install/tiago_behavior_tree/lib:/Bt/install/ros2_aruco_interfaces/lib:/Bt/install/play_motion2/lib:/Bt/install/play_motion2_msgs/lib:/Bt/install/grab2_planner/lib:/Bt/install/grab2_grasp_generator/lib:/Bt/install/grab2_bt_grabber/lib:/Bt/install/grab2_behavior_tree/lib:/Bt/install/grab2_msgs/lib:/Bt/install/behaviortree_ros2/lib:/opt/ros/jazzy/opt/gz_sim_vendor/lib:/opt/ros/jazzy/opt/gz_sensors_vendor/lib:/opt/ros/jazzy/opt/gz_physics_vendor/lib:/opt/ros/jazzy/opt/sdformat_vendor/lib:/opt/ros/jazzy/opt/rviz_ogre_vendor/lib:/opt/ros/jazzy/lib/x86_64-linux-gnu:/opt/ros/jazzy/opt/gz_gui_vendor/lib:/opt/ros/jazzy/opt/gz_transport_vendor/lib:/opt/ros/jazzy/opt/gz_rendering_vendor/lib:/opt/ros/jazzy/opt/gz_plugin_vendor/lib:/opt/ros/jazzy/opt/gz_fuel_tools_vendor/lib:/opt/ros/jazzy/opt/gz_msgs_vendor/lib:/opt/ros/jazzy/opt/gz_common_vendor/lib:/opt/ros/jazzy/opt/gz_math_vendor/lib:/opt/ros/jazzy/opt/gz_utils_vendor/lib:/opt/ros/jazzy/opt/gz_tools_vendor/lib:/opt/ros/jazzy/opt/gz_ogre_next_vendor/lib:/opt/ros/jazzy/opt/gz_dartsim_vendor/lib:/opt/ros/jazzy/opt/gz_cmake_vendor/lib:/opt/ros/jazzy/lib PYTHONPATH=/Bt/install/btcpp_ros2_interfaces/lib/python3.12/site-packages:/Bt/install/yolo_ros/lib/python3.12/site-packages:/Bt/install/yolo_msgs/lib/python3.12/site-packages:/Bt/install/tiago_description/lib/python3.12/site-packages:/Bt/install/ros2_aruco_interfaces/lib/python3.12/site-packages:/Bt/install/ros2_aruco/lib/python3.12/site-packages:/Bt/install/pmb2_description/lib/python3.12/site-packages:/Bt/install/play_motion2_msgs/lib/python3.12/site-packages:/Bt/install/omni_base_description/lib/python3.12/site-packages:/Bt/install/launch_pal/lib/python3.12/site-packages:/Bt/install/grab2_curobo_planner/lib/python3.12/site-packages:/Bt/install/grab2_msgs/lib/python3.12/site-packages:/opt/ros/jazzy/lib/python3.12/site-packages /usr/bin/cmake --build /Bt/build/grab2_msgs -- -j8 -l8
[2.515s] Invoking command in '/Bt/build/grab2_msgs': CMAKE_PREFIX_PATH=/Bt/install/btcpp_ros2_interfaces:/Bt/install/yolo_bringup:/Bt/install/yolo_msgs:/Bt/install/tiago_slam:/Bt/install/tiago_simulation:/Bt/install/tiago_sim:/Bt/install/tiago_robot:/Bt/install/tiago_navigation:/Bt/install/tiago_demos:/Bt/install/tiago_nav:/Bt/install/tiago_gazebo:/Bt/install/tiago_moveit_config:/Bt/install/tiago_2dnav:/Bt/install/tiago_laser_sensors:/Bt/install/tiago_grab:/Bt/install/tiago_bringup:/Bt/install/tiago_description:/Bt/install/tiago_controller_configuration:/Bt/install/tiago_behavior_tree:/Bt/install/tiago_aruco_broadcast:/Bt/install/ros2_aruco_interfaces:/Bt/install/pmb2_robot:/Bt/install/pmb2_rgbd_sensors:/Bt/install/pmb2_navigation:/Bt/install/pmb2_laser_sensors:/Bt/install/pmb2_bringup:/Bt/install/pmb2_description:/Bt/install/pmb2_controller_configuration:/Bt/install/pmb2_2dnav:/Bt/install/play_motion2:/Bt/install/play_motion2_msgs:/Bt/install/pal_hey5:/Bt/install/pal_hey5_description:/Bt/install/pal_gripper_simulation:/Bt/install/pal_gripper:/Bt/install/pal_gripper_description:/Bt/install/omni_base_robot:/Bt/install/omni_base_bringup:/Bt/install/omni_base_description:/Bt/install/pal_urdf_utils:/Bt/install/pal_robotiq_gripper:/Bt/install/pal_robotiq_description:/Bt/install/pal_robotiq_controller_configuration:/Bt/install/pal_maps:/Bt/install/pal_hey5_controller_configuration:/Bt/install/pal_gripper_controller_configuration:/Bt/install/omni_base_controller_configuration:/Bt/install/grab2_planner:/Bt/install/grab2_grasp_generator:/Bt/install/grab2_bt_grabber:/Bt/install/grab2_ros_common:/Bt/install/grab2_behavior_tree:/Bt/install/grab2_msgs:/Bt/install/grab2_controller:/Bt/install/btcpp_ros2_samples:/Bt/install/behaviortree_ros2:/opt/ros/jazzy/opt/gz_sim_vendor:/opt/ros/jazzy/opt/gz_sensors_vendor:/opt/ros/jazzy/opt/gz_physics_vendor:/opt/ros/jazzy/opt/sdformat_vendor:/opt/ros/jazzy/opt/gz_gui_vendor:/opt/ros/jazzy/opt/gz_transport_vendor:/opt/ros/jazzy/opt/gz_rendering_vendor:/opt/ros/jazzy/opt/gz_plugin_vendor:/opt/ros/jazzy/opt/gz_fuel_tools_vendor:/opt/ros/jazzy/opt/gz_msgs_vendor:/opt/ros/jazzy/opt/gz_common_vendor:/opt/ros/jazzy/opt/gz_math_vendor:/opt/ros/jazzy/opt/gz_utils_vendor:/opt/ros/jazzy/opt/gz_tools_vendor:/opt/ros/jazzy/opt/gz_ogre_next_vendor:/opt/ros/jazzy/opt/gz_dartsim_vendor:/opt/ros/jazzy/opt/gz_cmake_vendor:/Bt/install/yolo_ros:/Bt/install/ros2_aruco:/Bt/install/launch_pal:/Bt/install/grab2_curobo_planner:/opt/ros/jazzy LD_LIBRARY_PATH=/Bt/install/btcpp_ros2_interfaces/lib:/Bt/install/yolo_msgs/lib:/Bt/install/tiago_behavior_tree/lib:/Bt/install/ros2_aruco_interfaces/lib:/Bt/install/play_motion2/lib:/Bt/install/play_motion2_msgs/lib:/Bt/install/grab2_planner/lib:/Bt/install/grab2_grasp_generator/lib:/Bt/install/grab2_bt_grabber/lib:/Bt/install/grab2_behavior_tree/lib:/Bt/install/grab2_msgs/lib:/Bt/install/behaviortree_ros2/lib:/opt/ros/jazzy/opt/gz_sim_vendor/lib:/opt/ros/jazzy/opt/gz_sensors_vendor/lib:/opt/ros/jazzy/opt/gz_physics_vendor/lib:/opt/ros/jazzy/opt/sdformat_vendor/lib:/opt/ros/jazzy/opt/rviz_ogre_vendor/lib:/opt/ros/jazzy/lib/x86_64-linux-gnu:/opt/ros/jazzy/opt/gz_gui_vendor/lib:/opt/ros/jazzy/opt/gz_transport_vendor/lib:/opt/ros/jazzy/opt/gz_rendering_vendor/lib:/opt/ros/jazzy/opt/gz_plugin_vendor/lib:/opt/ros/jazzy/opt/gz_fuel_tools_vendor/lib:/opt/ros/jazzy/opt/gz_msgs_vendor/lib:/opt/ros/jazzy/opt/gz_common_vendor/lib:/opt/ros/jazzy/opt/gz_math_vendor/lib:/opt/ros/jazzy/opt/gz_utils_vendor/lib:/opt/ros/jazzy/opt/gz_tools_vendor/lib:/opt/ros/jazzy/opt/gz_ogre_next_vendor/lib:/opt/ros/jazzy/opt/gz_dartsim_vendor/lib:/opt/ros/jazzy/opt/gz_cmake_vendor/lib:/opt/ros/jazzy/lib PYTHONPATH=/Bt/install/btcpp_ros2_interfaces/lib/python3.12/site-packages:/Bt/install/yolo_ros/lib/python3.12/site-packages:/Bt/install/yolo_msgs/lib/python3.12/site-packages:/Bt/install/tiago_description/lib/python3.12/site-packages:/Bt/install/ros2_aruco_interfaces/lib/python3.12/site-packages:/Bt/install/ros2_aruco/lib/python3.12/site-packages:/Bt/install/pmb2_description/lib/python3.12/site-packages:/Bt/install/play_motion2_msgs/lib/python3.12/site-packages:/Bt/install/omni_base_description/lib/python3.12/site-packages:/Bt/install/launch_pal/lib/python3.12/site-packages:/Bt/install/grab2_curobo_planner/lib/python3.12/site-packages:/Bt/install/grab2_msgs/lib/python3.12/site-packages:/opt/ros/jazzy/lib/python3.12/site-packages /usr/bin/cmake --install /Bt/build/grab2_msgs
[2.536s] -- Install configuration: ""
[2.536s] -- Up-to-date: /Bt/install/grab2_msgs/share/ament_index/resource_index/rosidl_interfaces/grab2_msgs
[2.536s] -- Up-to-date: /Bt/install/grab2_msgs/share/grab2_msgs/action/ComputePlanToTargetIK.json
[2.536s] -- Up-to-date: /Bt/install/grab2_msgs/share/grab2_msgs/action/ComputePlanThroughPoses.json
[2.537s] -- Up-to-date: /Bt/install/grab2_msgs/share/grab2_msgs/action/GetIsaacGrasp.json
[2.537s] -- Up-to-date: /Bt/install/grab2_msgs/share/grab2_msgs/action/ReachObject.json
[2.537s] -- Up-to-date: /Bt/install/grab2_msgs/include/grab2_msgs/grab2_msgs
[2.537s] -- Up-to-date: /Bt/install/grab2_msgs/include/grab2_msgs/grab2_msgs/action
[2.537s] -- Up-to-date: /Bt/install/grab2_msgs/include/grab2_msgs/grab2_msgs/action/reach_object.h
[2.537s] -- Up-to-date: /Bt/install/grab2_msgs/include/grab2_msgs/grab2_msgs/action/compute_plan_through_poses.h
[2.537s] -- Up-to-date: /Bt/install/grab2_msgs/include/grab2_msgs/grab2_msgs/action/compute_plan_to_target_ik.h
[2.537s] -- Up-to-date: /Bt/install/grab2_msgs/include/grab2_msgs/grab2_msgs/action/detail
[2.540s] -- Up-to-date: /Bt/install/grab2_msgs/include/grab2_msgs/grab2_msgs/action/detail/reach_object__struct.h
[2.544s] -- Installing: /Bt/install/grab2_msgs/include/grab2_msgs/grab2_msgs/action/detail/compute_plan_to_target_ik__type_support.c
[2.545s] -- Up-to-date: /Bt/install/grab2_msgs/include/grab2_msgs/grab2_msgs/action/detail/compute_plan_through_poses__functions.c
[2.545s] -- Up-to-date: /Bt/install/grab2_msgs/include/grab2_msgs/grab2_msgs/action/detail/compute_plan_to_target_ik__type_support.h
[2.553s] -- Up-to-date: /Bt/install/grab2_msgs/include/grab2_msgs/grab2_msgs/action/detail/get_isaac_grasp__type_support.h
[2.553s] -- Up-to-date: /Bt/install/grab2_msgs/include/grab2_msgs/grab2_msgs/action/detail/compute_plan_through_poses__type_support.h
[2.553s] -- Up-to-date: /Bt/install/grab2_msgs/include/grab2_msgs/grab2_msgs/action/detail/compute_plan_through_poses__functions.h
[2.553s] -- Up-to-date: /Bt/install/grab2_msgs/include/grab2_msgs/grab2_msgs/action/detail/get_isaac_grasp__description.c
[2.553s] -- Installing: /Bt/install/grab2_msgs/include/grab2_msgs/grab2_msgs/action/detail/compute_plan_through_poses__type_support.c
[2.553s] -- Up-to-date: /Bt/install/grab2_msgs/include/grab2_msgs/grab2_msgs/action/detail/compute_plan_to_target_ik__description.c
[2.554s] -- Up-to-date: /Bt/install/grab2_msgs/include/grab2_msgs/grab2_msgs/action/detail/reach_object__functions.h
[2.554s] -- Up-to-date: /Bt/install/grab2_msgs/include/grab2_msgs/grab2_msgs/action/detail/compute_plan_through_poses__description.c
[2.554s] -- Up-to-date: /Bt/install/grab2_msgs/include/grab2_msgs/grab2_msgs/action/detail/get_isaac_grasp__functions.h
[2.554s] -- Up-to-date: /Bt/install/grab2_msgs/include/grab2_msgs/grab2_msgs/action/detail/reach_object__functions.c
[2.554s] -- Up-to-date: /Bt/install/grab2_msgs/include/grab2_msgs/grab2_msgs/action/detail/get_isaac_grasp__functions.c
[2.555s] -- Up-to-date: /Bt/install/grab2_msgs/include/grab2_msgs/grab2_msgs/action/detail/get_isaac_grasp__struct.h
[2.557s] -- Up-to-date: /Bt/install/grab2_msgs/include/grab2_msgs/grab2_msgs/action/detail/compute_plan_through_poses__struct.h
[2.557s] -- Up-to-date: /Bt/install/grab2_msgs/include/grab2_msgs/grab2_msgs/action/detail/compute_plan_to_target_ik__functions.c
[2.557s] -- Up-to-date: /Bt/install/grab2_msgs/include/grab2_msgs/grab2_msgs/action/detail/compute_plan_to_target_ik__struct.h
[2.557s] -- Up-to-date: /Bt/install/grab2_msgs/include/grab2_msgs/grab2_msgs/action/detail/reach_object__type_support.h
[2.558s] -- Installing: /Bt/install/grab2_msgs/include/grab2_msgs/grab2_msgs/action/detail/reach_object__type_support.c
[2.558s] -- Up-to-date: /Bt/install/grab2_msgs/include/grab2_msgs/grab2_msgs/action/detail/compute_plan_to_target_ik__functions.h
[2.558s] -- Installing: /Bt/install/grab2_msgs/include/grab2_msgs/grab2_msgs/action/detail/get_isaac_grasp__type_support.c
[2.559s] -- Up-to-date: /Bt/install/grab2_msgs/include/grab2_msgs/grab2_msgs/action/detail/reach_object__description.c
[2.559s] -- Up-to-date: /Bt/install/grab2_msgs/include/grab2_msgs/grab2_msgs/action/get_isaac_grasp.h
[2.559s] -- Up-to-date: /Bt/install/grab2_msgs/include/grab2_msgs/grab2_msgs/msg
[2.559s] -- Up-to-date: /Bt/install/grab2_msgs/include/grab2_msgs/grab2_msgs/msg/rosidl_generator_c__visibility_control.h
[2.559s] -- Up-to-date: /Bt/install/grab2_msgs/share/grab2_msgs/environment/library_path.sh
[2.559s] -- Up-to-date: /Bt/install/grab2_msgs/share/grab2_msgs/environment/library_path.dsv
[2.559s] -- Up-to-date: /Bt/install/grab2_msgs/lib/libgrab2_msgs__rosidl_generator_c.so
[2.560s] -- Up-to-date: /Bt/install/grab2_msgs/include/grab2_msgs/grab2_msgs
[2.560s] -- Up-to-date: /Bt/install/grab2_msgs/include/grab2_msgs/grab2_msgs/action
[2.560s] -- Up-to-date: /Bt/install/grab2_msgs/include/grab2_msgs/grab2_msgs/action/detail
[2.560s] -- Up-to-date: /Bt/install/grab2_msgs/include/grab2_msgs/grab2_msgs/action/detail/get_isaac_grasp__rosidl_typesupport_fastrtps_c.h
[2.560s] -- Up-to-date: /Bt/install/grab2_msgs/include/grab2_msgs/grab2_msgs/action/detail/compute_plan_to_target_ik__rosidl_typesupport_fastrtps_c.h
[2.564s] -- Up-to-date: /Bt/install/grab2_msgs/include/grab2_msgs/grab2_msgs/action/detail/reach_object__rosidl_typesupport_fastrtps_c.h
[2.565s] -- Up-to-date: /Bt/install/grab2_msgs/include/grab2_msgs/grab2_msgs/action/detail/compute_plan_through_poses__rosidl_typesupport_fastrtps_c.h
[2.565s] -- Up-to-date: /Bt/install/grab2_msgs/include/grab2_msgs/grab2_msgs/msg
[2.566s] -- Up-to-date: /Bt/install/grab2_msgs/include/grab2_msgs/grab2_msgs/msg/rosidl_typesupport_fastrtps_c__visibility_control.h
[2.566s] -- Up-to-date: /Bt/install/grab2_msgs/lib/libgrab2_msgs__rosidl_typesupport_fastrtps_c.so
[2.566s] -- Up-to-date: /Bt/install/grab2_msgs/include/grab2_msgs/grab2_msgs
[2.570s] -- Up-to-date: /Bt/install/grab2_msgs/include/grab2_msgs/grab2_msgs/action
[2.570s] -- Up-to-date: /Bt/install/grab2_msgs/include/grab2_msgs/grab2_msgs/action/get_isaac_grasp.hpp
[2.570s] -- Up-to-date: /Bt/install/grab2_msgs/include/grab2_msgs/grab2_msgs/action/compute_plan_to_target_ik.hpp
[2.570s] -- Up-to-date: /Bt/install/grab2_msgs/include/grab2_msgs/grab2_msgs/action/reach_object.hpp
[2.570s] -- Up-to-date: /Bt/install/grab2_msgs/include/grab2_msgs/grab2_msgs/action/compute_plan_through_poses.hpp
[2.571s] -- Up-to-date: /Bt/install/grab2_msgs/include/grab2_msgs/grab2_msgs/action/detail
[2.571s] -- Up-to-date: /Bt/install/grab2_msgs/include/grab2_msgs/grab2_msgs/action/detail/compute_plan_to_target_ik__type_support.hpp
[2.571s] -- Up-to-date: /Bt/install/grab2_msgs/include/grab2_msgs/grab2_msgs/action/detail/compute_plan_through_poses__traits.hpp
[2.571s] -- Up-to-date: /Bt/install/grab2_msgs/include/grab2_msgs/grab2_msgs/action/detail/get_isaac_grasp__type_support.hpp
[2.571s] -- Up-to-date: /Bt/install/grab2_msgs/include/grab2_msgs/grab2_msgs/action/detail/compute_plan_through_poses__builder.hpp
[2.571s] -- Up-to-date: /Bt/install/grab2_msgs/include/grab2_msgs/grab2_msgs/action/detail/reach_object__builder.hpp
[2.571s] -- Up-to-date: /Bt/install/grab2_msgs/include/grab2_msgs/grab2_msgs/action/detail/compute_plan_to_target_ik__builder.hpp
[2.571s] -- Up-to-date: /Bt/install/grab2_msgs/include/grab2_msgs/grab2_msgs/action/detail/reach_object__traits.hpp
[2.572s] -- Up-to-date: /Bt/install/grab2_msgs/include/grab2_msgs/grab2_msgs/action/detail/get_isaac_grasp__traits.hpp
[2.572s] -- Up-to-date: /Bt/install/grab2_msgs/include/grab2_msgs/grab2_msgs/action/detail/compute_plan_through_poses__type_support.hpp
[2.572s] -- Up-to-date: /Bt/install/grab2_msgs/include/grab2_msgs/grab2_msgs/action/detail/compute_plan_to_target_ik__struct.hpp
[2.572s] -- Up-to-date: /Bt/install/grab2_msgs/include/grab2_msgs/grab2_msgs/action/detail/reach_object__type_support.hpp
[2.572s] -- Up-to-date: /Bt/install/grab2_msgs/include/grab2_msgs/grab2_msgs/action/detail/reach_object__struct.hpp
[2.572s] -- Up-to-date: /Bt/install/grab2_msgs/include/grab2_msgs/grab2_msgs/action/detail/compute_plan_through_poses__struct.hpp
[2.572s] -- Up-to-date: /Bt/install/grab2_msgs/include/grab2_msgs/grab2_msgs/action/detail/compute_plan_to_target_ik__traits.hpp
[2.573s] -- Up-to-date: /Bt/install/grab2_msgs/include/grab2_msgs/grab2_msgs/action/detail/get_isaac_grasp__struct.hpp
[2.575s] -- Up-to-date: /Bt/install/grab2_msgs/include/grab2_msgs/grab2_msgs/action/detail/get_isaac_grasp__builder.hpp
[2.576s] -- Up-to-date: /Bt/install/grab2_msgs/include/grab2_msgs/grab2_msgs/msg
[2.576s] -- Up-to-date: /Bt/install/grab2_msgs/include/grab2_msgs/grab2_msgs/msg/rosidl_generator_cpp__visibility_control.hpp
[2.577s] -- Up-to-date: /Bt/install/grab2_msgs/include/grab2_msgs/grab2_msgs
[2.577s] -- Up-to-date: /Bt/install/grab2_msgs/include/grab2_msgs/grab2_msgs/action
[2.577s] -- Up-to-date: /Bt/install/grab2_msgs/include/grab2_msgs/grab2_msgs/action/detail
[2.577s] -- Up-to-date: /Bt/install/grab2_msgs/include/grab2_msgs/grab2_msgs/action/detail/compute_plan_to_target_ik__rosidl_typesupport_fastrtps_cpp.hpp
[2.577s] -- Up-to-date: /Bt/install/grab2_msgs/include/grab2_msgs/grab2_msgs/action/detail/reach_object__rosidl_typesupport_fastrtps_cpp.hpp
[2.577s] -- Up-to-date: /Bt/install/grab2_msgs/include/grab2_msgs/grab2_msgs/action/detail/compute_plan_through_poses__rosidl_typesupport_fastrtps_cpp.hpp
[2.577s] -- Up-to-date: /Bt/install/grab2_msgs/include/grab2_msgs/grab2_msgs/action/detail/dds_fastrtps
[2.578s] -- Up-to-date: /Bt/install/grab2_msgs/include/grab2_msgs/grab2_msgs/action/detail/get_isaac_grasp__rosidl_typesupport_fastrtps_cpp.hpp
[2.578s] -- Up-to-date: /Bt/install/grab2_msgs/include/grab2_msgs/grab2_msgs/msg
[2.579s] -- Up-to-date: /Bt/install/grab2_msgs/include/grab2_msgs/grab2_msgs/msg/rosidl_typesupport_fastrtps_cpp__visibility_control.h
[2.579s] -- Up-to-date: /Bt/install/grab2_msgs/lib/libgrab2_msgs__rosidl_typesupport_fastrtps_cpp.so
[2.579s] -- Up-to-date: /Bt/install/grab2_msgs/include/grab2_msgs/grab2_msgs
[2.579s] -- Up-to-date: /Bt/install/grab2_msgs/include/grab2_msgs/grab2_msgs/action
[2.580s] -- Up-to-date: /Bt/install/grab2_msgs/include/grab2_msgs/grab2_msgs/action/detail
[2.580s] -- Up-to-date: /Bt/install/grab2_msgs/include/grab2_msgs/grab2_msgs/action/detail/get_isaac_grasp__rosidl_typesupport_introspection_c.h
[2.580s] -- Up-to-date: /Bt/install/grab2_msgs/include/grab2_msgs/grab2_msgs/action/detail/compute_plan_to_target_ik__rosidl_typesupport_introspection_c.h
[2.580s] -- Installing: /Bt/install/grab2_msgs/include/grab2_msgs/grab2_msgs/action/detail/compute_plan_to_target_ik__type_support.c
[2.580s] -- Up-to-date: /Bt/install/grab2_msgs/include/grab2_msgs/grab2_msgs/action/detail/reach_object__rosidl_typesupport_introspection_c.h
[2.580s] -- Installing: /Bt/install/grab2_msgs/include/grab2_msgs/grab2_msgs/action/detail/compute_plan_through_poses__type_support.c
[2.580s] -- Installing: /Bt/install/grab2_msgs/include/grab2_msgs/grab2_msgs/action/detail/reach_object__type_support.c
[2.583s] -- Installing: /Bt/install/grab2_msgs/include/grab2_msgs/grab2_msgs/action/detail/get_isaac_grasp__type_support.c
[2.583s] -- Up-to-date: /Bt/install/grab2_msgs/include/grab2_msgs/grab2_msgs/action/detail/compute_plan_through_poses__rosidl_typesupport_introspection_c.h
[2.583s] -- Up-to-date: /Bt/install/grab2_msgs/include/grab2_msgs/grab2_msgs/msg
[2.583s] -- Up-to-date: /Bt/install/grab2_msgs/include/grab2_msgs/grab2_msgs/msg/rosidl_typesupport_introspection_c__visibility_control.h
[2.583s] -- Up-to-date: /Bt/install/grab2_msgs/lib/libgrab2_msgs__rosidl_typesupport_introspection_c.so
[2.584s] -- Up-to-date: /Bt/install/grab2_msgs/lib/libgrab2_msgs__rosidl_typesupport_c.so
[2.584s] -- Up-to-date: /Bt/install/grab2_msgs/include/grab2_msgs/grab2_msgs
[2.584s] -- Up-to-date: /Bt/install/grab2_msgs/include/grab2_msgs/grab2_msgs/action
[2.584s] -- Up-to-date: /Bt/install/grab2_msgs/include/grab2_msgs/grab2_msgs/action/detail
[2.584s] -- Up-to-date: /Bt/install/grab2_msgs/include/grab2_msgs/grab2_msgs/action/detail/compute_plan_to_target_ik__type_support.cpp
[2.584s] -- Up-to-date: /Bt/install/grab2_msgs/include/grab2_msgs/grab2_msgs/action/detail/compute_plan_to_target_ik__rosidl_typesupport_introspection_cpp.hpp
[2.584s] -- Up-to-date: /Bt/install/grab2_msgs/include/grab2_msgs/grab2_msgs/action/detail/reach_object__type_support.cpp
[2.589s] -- Up-to-date: /Bt/install/grab2_msgs/include/grab2_msgs/grab2_msgs/action/detail/get_isaac_grasp__type_support.cpp
[2.589s] -- Up-to-date: /Bt/install/grab2_msgs/include/grab2_msgs/grab2_msgs/action/detail/get_isaac_grasp__rosidl_typesupport_introspection_cpp.hpp
[2.589s] -- Up-to-date: /Bt/install/grab2_msgs/include/grab2_msgs/grab2_msgs/action/detail/compute_plan_through_poses__type_support.cpp
[2.589s] -- Up-to-date: /Bt/install/grab2_msgs/include/grab2_msgs/grab2_msgs/action/detail/reach_object__rosidl_typesupport_introspection_cpp.hpp
[2.589s] -- Up-to-date: /Bt/install/grab2_msgs/include/grab2_msgs/grab2_msgs/action/detail/compute_plan_through_poses__rosidl_typesupport_introspection_cpp.hpp
[2.589s] -- Up-to-date: /Bt/install/grab2_msgs/lib/libgrab2_msgs__rosidl_typesupport_introspection_cpp.so
[2.589s] -- Up-to-date: /Bt/install/grab2_msgs/lib/libgrab2_msgs__rosidl_typesupport_cpp.so
[2.590s] -- Up-to-date: /Bt/install/grab2_msgs/share/grab2_msgs/environment/pythonpath.sh
[2.590s] -- Up-to-date: /Bt/install/grab2_msgs/share/grab2_msgs/environment/pythonpath.dsv
[2.590s] -- Up-to-date: /Bt/install/grab2_msgs/lib/python3.12/site-packages/grab2_msgs-0.0.0-py3.12.egg-info
[2.590s] -- Installing: /Bt/install/grab2_msgs/lib/python3.12/site-packages/grab2_msgs-0.0.0-py3.12.egg-info/top_level.txt
[2.590s] -- Installing: /Bt/install/grab2_msgs/lib/python3.12/site-packages/grab2_msgs-0.0.0-py3.12.egg-info/PKG-INFO
[2.590s] -- Installing: /Bt/install/grab2_msgs/lib/python3.12/site-packages/grab2_msgs-0.0.0-py3.12.egg-info/SOURCES.txt
[2.591s] -- Installing: /Bt/install/grab2_msgs/lib/python3.12/site-packages/grab2_msgs-0.0.0-py3.12.egg-info/dependency_links.txt
[2.591s] -- Up-to-date: /Bt/install/grab2_msgs/lib/python3.12/site-packages/grab2_msgs
[2.591s] -- Up-to-date: /Bt/install/grab2_msgs/lib/python3.12/site-packages/grab2_msgs/grab2_msgs_s__rosidl_typesupport_introspection_c.so
[2.591s] -- Up-to-date: /Bt/install/grab2_msgs/lib/python3.12/site-packages/grab2_msgs/__init__.py
[2.591s] -- Up-to-date: /Bt/install/grab2_msgs/lib/python3.12/site-packages/grab2_msgs/grab2_msgs_s__rosidl_typesupport_c.so
[2.592s] -- Up-to-date: /Bt/install/grab2_msgs/lib/python3.12/site-packages/grab2_msgs/_grab2_msgs_s.ep.rosidl_typesupport_fastrtps_c.c
[2.594s] -- Up-to-date: /Bt/install/grab2_msgs/lib/python3.12/site-packages/grab2_msgs/_grab2_msgs_s.ep.rosidl_typesupport_c.c
[2.594s] -- Up-to-date: /Bt/install/grab2_msgs/lib/python3.12/site-packages/grab2_msgs/action
[2.594s] -- Up-to-date: /Bt/install/grab2_msgs/lib/python3.12/site-packages/grab2_msgs/action/_compute_plan_through_poses.py
[2.594s] -- Up-to-date: /Bt/install/grab2_msgs/lib/python3.12/site-packages/grab2_msgs/action/__init__.py
[2.594s] -- Up-to-date: /Bt/install/grab2_msgs/lib/python3.12/site-packages/grab2_msgs/action/_reach_object_s.c
[2.595s] -- Up-to-date: /Bt/install/grab2_msgs/lib/python3.12/site-packages/grab2_msgs/action/_compute_plan_through_poses_s.c
[2.606s] -- Up-to-date: /Bt/install/grab2_msgs/lib/python3.12/site-packages/grab2_msgs/action/_get_isaac_grasp_s.c
[2.615s] -- Up-to-date: /Bt/install/grab2_msgs/lib/python3.12/site-packages/grab2_msgs/action/_compute_plan_to_target_ik.py
[2.615s] -- Up-to-date: /Bt/install/grab2_msgs/lib/python3.12/site-packages/grab2_msgs/action/_reach_object.py
[2.616s] -- Up-to-date: /Bt/install/grab2_msgs/lib/python3.12/site-packages/grab2_msgs/action/_get_isaac_grasp.py
[2.616s] -- Up-to-date: /Bt/install/grab2_msgs/lib/python3.12/site-packages/grab2_msgs/action/_compute_plan_to_target_ik_s.c
[2.616s] -- Up-to-date: /Bt/install/grab2_msgs/lib/python3.12/site-packages/grab2_msgs/grab2_msgs_s__rosidl_typesupport_fastrtps_c.so
[2.616s] -- Up-to-date: /Bt/install/grab2_msgs/lib/python3.12/site-packages/grab2_msgs/_grab2_msgs_s.ep.rosidl_typesupport_introspection_c.c
[2.636s] Listing '/Bt/install/grab2_msgs/lib/python3.12/site-packages/grab2_msgs'...
[2.641s] Listing '/Bt/install/grab2_msgs/lib/python3.12/site-packages/grab2_msgs/action'...
[2.664s] -- Up-to-date: /Bt/install/grab2_msgs/lib/python3.12/site-packages/grab2_msgs/grab2_msgs_s__rosidl_typesupport_fastrtps_c.so
[2.664s] -- Up-to-date: /Bt/install/grab2_msgs/lib/python3.12/site-packages/grab2_msgs/grab2_msgs_s__rosidl_typesupport_introspection_c.so
[2.665s] -- Up-to-date: /Bt/install/grab2_msgs/lib/python3.12/site-packages/grab2_msgs/grab2_msgs_s__rosidl_typesupport_c.so
[2.665s] -- Up-to-date: /Bt/install/grab2_msgs/lib/libgrab2_msgs__rosidl_generator_py.so
[2.666s] -- Up-to-date: /Bt/install/grab2_msgs/share/grab2_msgs/action/ComputePlanToTargetIK.idl
[2.666s] -- Up-to-date: /Bt/install/grab2_msgs/share/grab2_msgs/action/ComputePlanThroughPoses.idl
[2.686s] -- Up-to-date: /Bt/install/grab2_msgs/share/grab2_msgs/action/GetIsaacGrasp.idl
[2.687s] -- Up-to-date: /Bt/install/grab2_msgs/share/grab2_msgs/action/ReachObject.idl
[2.687s] -- Up-to-date: /Bt/install/grab2_msgs/share/grab2_msgs/action/ComputePlanToTargetIK.action
[2.687s] -- Up-to-date: /Bt/install/grab2_msgs/share/grab2_msgs/action/ComputePlanThroughPoses.action
[2.689s] -- Up-to-date: /Bt/install/grab2_msgs/share/grab2_msgs/action/GetIsaacGrasp.action
[2.689s] -- Up-to-date: /Bt/install/grab2_msgs/share/grab2_msgs/action/ReachObject.action
[2.689s] -- Up-to-date: /Bt/install/grab2_msgs/share/ament_index/resource_index/package_run_dependencies/grab2_msgs
[2.689s] -- Up-to-date: /Bt/install/grab2_msgs/share/ament_index/resource_index/parent_prefix_path/grab2_msgs
[2.689s] -- Up-to-date: /Bt/install/grab2_msgs/share/grab2_msgs/environment/ament_prefix_path.sh
[2.689s] -- Up-to-date: /Bt/install/grab2_msgs/share/grab2_msgs/environment/ament_prefix_path.dsv
[2.690s] -- Up-to-date: /Bt/install/grab2_msgs/share/grab2_msgs/environment/path.sh
[2.690s] -- Up-to-date: /Bt/install/grab2_msgs/share/grab2_msgs/environment/path.dsv
[2.690s] -- Up-to-date: /Bt/install/grab2_msgs/share/grab2_msgs/local_setup.bash
[2.690s] -- Up-to-date: /Bt/install/grab2_msgs/share/grab2_msgs/local_setup.sh
[2.690s] -- Up-to-date: /Bt/install/grab2_msgs/share/grab2_msgs/local_setup.zsh
[2.690s] -- Up-to-date: /Bt/install/grab2_msgs/share/grab2_msgs/local_setup.dsv
[2.690s] -- Installing: /Bt/install/grab2_msgs/share/grab2_msgs/package.dsv
[2.693s] -- Up-to-date: /Bt/install/grab2_msgs/share/ament_index/resource_index/packages/grab2_msgs
[2.694s] -- Up-to-date: /Bt/install/grab2_msgs/share/grab2_msgs/cmake/export_grab2_msgs__rosidl_generator_cExport.cmake
[2.694s] -- Up-to-date: /Bt/install/grab2_msgs/share/grab2_msgs/cmake/export_grab2_msgs__rosidl_generator_cExport-noconfig.cmake
[2.694s] -- Up-to-date: /Bt/install/grab2_msgs/share/grab2_msgs/cmake/export_grab2_msgs__rosidl_typesupport_fastrtps_cExport.cmake
[2.695s] -- Up-to-date: /Bt/install/grab2_msgs/share/grab2_msgs/cmake/export_grab2_msgs__rosidl_typesupport_fastrtps_cExport-noconfig.cmake
[2.695s] -- Up-to-date: /Bt/install/grab2_msgs/share/grab2_msgs/cmake/export_grab2_msgs__rosidl_generator_cppExport.cmake
[2.696s] -- Up-to-date: /Bt/install/grab2_msgs/share/grab2_msgs/cmake/export_grab2_msgs__rosidl_typesupport_fastrtps_cppExport.cmake
[2.696s] -- Up-to-date: /Bt/install/grab2_msgs/share/grab2_msgs/cmake/export_grab2_msgs__rosidl_typesupport_fastrtps_cppExport-noconfig.cmake
[2.696s] -- Up-to-date: /Bt/install/grab2_msgs/share/grab2_msgs/cmake/grab2_msgs__rosidl_typesupport_introspection_cExport.cmake
[2.696s] -- Up-to-date: /Bt/install/grab2_msgs/share/grab2_msgs/cmake/grab2_msgs__rosidl_typesupport_introspection_cExport-noconfig.cmake
[2.696s] -- Up-to-date: /Bt/install/grab2_msgs/share/grab2_msgs/cmake/grab2_msgs__rosidl_typesupport_cExport.cmake
[2.696s] -- Up-to-date: /Bt/install/grab2_msgs/share/grab2_msgs/cmake/grab2_msgs__rosidl_typesupport_cExport-noconfig.cmake
[2.696s] -- Up-to-date: /Bt/install/grab2_msgs/share/grab2_msgs/cmake/grab2_msgs__rosidl_typesupport_introspection_cppExport.cmake
[2.698s] -- Up-to-date: /Bt/install/grab2_msgs/share/grab2_msgs/cmake/grab2_msgs__rosidl_typesupport_introspection_cppExport-noconfig.cmake
[2.699s] -- Up-to-date: /Bt/install/grab2_msgs/share/grab2_msgs/cmake/grab2_msgs__rosidl_typesupport_cppExport.cmake
[2.699s] -- Up-to-date: /Bt/install/grab2_msgs/share/grab2_msgs/cmake/grab2_msgs__rosidl_typesupport_cppExport-noconfig.cmake
[2.699s] -- Up-to-date: /Bt/install/grab2_msgs/share/grab2_msgs/cmake/export_grab2_msgs__rosidl_generator_pyExport.cmake
[2.700s] -- Up-to-date: /Bt/install/grab2_msgs/share/grab2_msgs/cmake/export_grab2_msgs__rosidl_generator_pyExport-noconfig.cmake
[2.701s] -- Up-to-date: /Bt/install/grab2_msgs/share/grab2_msgs/cmake/rosidl_cmake-extras.cmake
[2.709s] -- Up-to-date: /Bt/install/grab2_msgs/share/grab2_msgs/cmake/ament_cmake_export_dependencies-extras.cmake
[2.709s] -- Up-to-date: /Bt/install/grab2_msgs/share/grab2_msgs/cmake/ament_cmake_export_include_directories-extras.cmake
[2.709s] -- Up-to-date: /Bt/install/grab2_msgs/share/grab2_msgs/cmake/ament_cmake_export_libraries-extras.cmake
[2.709s] -- Up-to-date: /Bt/install/grab2_msgs/share/grab2_msgs/cmake/ament_cmake_export_targets-extras.cmake
[2.709s] -- Up-to-date: /Bt/install/grab2_msgs/share/grab2_msgs/cmake/rosidl_cmake_export_typesupport_targets-extras.cmake
[2.709s] -- Up-to-date: /Bt/install/grab2_msgs/share/grab2_msgs/cmake/rosidl_cmake_export_typesupport_libraries-extras.cmake
[2.710s] -- Up-to-date: /Bt/install/grab2_msgs/share/grab2_msgs/cmake/grab2_msgsConfig.cmake
[2.710s] -- Up-to-date: /Bt/install/grab2_msgs/share/grab2_msgs/cmake/grab2_msgsConfig-version.cmake
[2.710s] -- Up-to-date: /Bt/install/grab2_msgs/share/grab2_msgs/package.xml
[2.710s] Invoked command in '/Bt/build/grab2_msgs' returned '0': CMAKE_PREFIX_PATH=/Bt/install/btcpp_ros2_interfaces:/Bt/install/yolo_bringup:/Bt/install/yolo_msgs:/Bt/install/tiago_slam:/Bt/install/tiago_simulation:/Bt/install/tiago_sim:/Bt/install/tiago_robot:/Bt/install/tiago_navigation:/Bt/install/tiago_demos:/Bt/install/tiago_nav:/Bt/install/tiago_gazebo:/Bt/install/tiago_moveit_config:/Bt/install/tiago_2dnav:/Bt/install/tiago_laser_sensors:/Bt/install/tiago_grab:/Bt/install/tiago_bringup:/Bt/install/tiago_description:/Bt/install/tiago_controller_configuration:/Bt/install/tiago_behavior_tree:/Bt/install/tiago_aruco_broadcast:/Bt/install/ros2_aruco_interfaces:/Bt/install/pmb2_robot:/Bt/install/pmb2_rgbd_sensors:/Bt/install/pmb2_navigation:/Bt/install/pmb2_laser_sensors:/Bt/install/pmb2_bringup:/Bt/install/pmb2_description:/Bt/install/pmb2_controller_configuration:/Bt/install/pmb2_2dnav:/Bt/install/play_motion2:/Bt/install/play_motion2_msgs:/Bt/install/pal_hey5:/Bt/install/pal_hey5_description:/Bt/install/pal_gripper_simulation:/Bt/install/pal_gripper:/Bt/install/pal_gripper_description:/Bt/install/omni_base_robot:/Bt/install/omni_base_bringup:/Bt/install/omni_base_description:/Bt/install/pal_urdf_utils:/Bt/install/pal_robotiq_gripper:/Bt/install/pal_robotiq_description:/Bt/install/pal_robotiq_controller_configuration:/Bt/install/pal_maps:/Bt/install/pal_hey5_controller_configuration:/Bt/install/pal_gripper_controller_configuration:/Bt/install/omni_base_controller_configuration:/Bt/install/grab2_planner:/Bt/install/grab2_grasp_generator:/Bt/install/grab2_bt_grabber:/Bt/install/grab2_ros_common:/Bt/install/grab2_behavior_tree:/Bt/install/grab2_msgs:/Bt/install/grab2_controller:/Bt/install/btcpp_ros2_samples:/Bt/install/behaviortree_ros2:/opt/ros/jazzy/opt/gz_sim_vendor:/opt/ros/jazzy/opt/gz_sensors_vendor:/opt/ros/jazzy/opt/gz_physics_vendor:/opt/ros/jazzy/opt/sdformat_vendor:/opt/ros/jazzy/opt/gz_gui_vendor:/opt/ros/jazzy/opt/gz_transport_vendor:/opt/ros/jazzy/opt/gz_rendering_vendor:/opt/ros/jazzy/opt/gz_plugin_vendor:/opt/ros/jazzy/opt/gz_fuel_tools_vendor:/opt/ros/jazzy/opt/gz_msgs_vendor:/opt/ros/jazzy/opt/gz_common_vendor:/opt/ros/jazzy/opt/gz_math_vendor:/opt/ros/jazzy/opt/gz_utils_vendor:/opt/ros/jazzy/opt/gz_tools_vendor:/opt/ros/jazzy/opt/gz_ogre_next_vendor:/opt/ros/jazzy/opt/gz_dartsim_vendor:/opt/ros/jazzy/opt/gz_cmake_vendor:/Bt/install/yolo_ros:/Bt/install/ros2_aruco:/Bt/install/launch_pal:/Bt/install/grab2_curobo_planner:/opt/ros/jazzy LD_LIBRARY_PATH=/Bt/install/btcpp_ros2_interfaces/lib:/Bt/install/yolo_msgs/lib:/Bt/install/tiago_behavior_tree/lib:/Bt/install/ros2_aruco_interfaces/lib:/Bt/install/play_motion2/lib:/Bt/install/play_motion2_msgs/lib:/Bt/install/grab2_planner/lib:/Bt/install/grab2_grasp_generator/lib:/Bt/install/grab2_bt_grabber/lib:/Bt/install/grab2_behavior_tree/lib:/Bt/install/grab2_msgs/lib:/Bt/install/behaviortree_ros2/lib:/opt/ros/jazzy/opt/gz_sim_vendor/lib:/opt/ros/jazzy/opt/gz_sensors_vendor/lib:/opt/ros/jazzy/opt/gz_physics_vendor/lib:/opt/ros/jazzy/opt/sdformat_vendor/lib:/opt/ros/jazzy/opt/rviz_ogre_vendor/lib:/opt/ros/jazzy/lib/x86_64-linux-gnu:/opt/ros/jazzy/opt/gz_gui_vendor/lib:/opt/ros/jazzy/opt/gz_transport_vendor/lib:/opt/ros/jazzy/opt/gz_rendering_vendor/lib:/opt/ros/jazzy/opt/gz_plugin_vendor/lib:/opt/ros/jazzy/opt/gz_fuel_tools_vendor/lib:/opt/ros/jazzy/opt/gz_msgs_vendor/lib:/opt/ros/jazzy/opt/gz_common_vendor/lib:/opt/ros/jazzy/opt/gz_math_vendor/lib:/opt/ros/jazzy/opt/gz_utils_vendor/lib:/opt/ros/jazzy/opt/gz_tools_vendor/lib:/opt/ros/jazzy/opt/gz_ogre_next_vendor/lib:/opt/ros/jazzy/opt/gz_dartsim_vendor/lib:/opt/ros/jazzy/opt/gz_cmake_vendor/lib:/opt/ros/jazzy/lib PYTHONPATH=/Bt/install/btcpp_ros2_interfaces/lib/python3.12/site-packages:/Bt/install/yolo_ros/lib/python3.12/site-packages:/Bt/install/yolo_msgs/lib/python3.12/site-packages:/Bt/install/tiago_description/lib/python3.12/site-packages:/Bt/install/ros2_aruco_interfaces/lib/python3.12/site-packages:/Bt/install/ros2_aruco/lib/python3.12/site-packages:/Bt/install/pmb2_description/lib/python3.12/site-packages:/Bt/install/play_motion2_msgs/lib/python3.12/site-packages:/Bt/install/omni_base_description/lib/python3.12/site-packages:/Bt/install/launch_pal/lib/python3.12/site-packages:/Bt/install/grab2_curobo_planner/lib/python3.12/site-packages:/Bt/install/grab2_msgs/lib/python3.12/site-packages:/opt/ros/jazzy/lib/python3.12/site-packages /usr/bin/cmake --install /Bt/build/grab2_msgs
