[1.222s] Invoking command in '/Bt/ThirdParty/launch_pal': PYTHONPATH=/Bt/build/launch_pal/prefix_override:/usr/lib/python3/dist-packages/colcon_core/task/python/colcon_distutils_commands:/Bt/install/launch_pal/lib/python3.12/site-packages:${PYTHONPATH} /usr/bin/python3 -W ignore:setup.py install is deprecated -W ignore:easy_install command is deprecated setup.py egg_info --egg-base ../../build/launch_pal build --build-base /Bt/build/launch_pal/build install --record /Bt/build/launch_pal/install.log --single-version-externally-managed install_data
[1.578s] running egg_info
[1.609s] writing ../../build/launch_pal/launch_pal.egg-info/PKG-INFO
[1.609s] writing dependency_links to ../../build/launch_pal/launch_pal.egg-info/dependency_links.txt
[1.609s] writing requirements to ../../build/launch_pal/launch_pal.egg-info/requires.txt
[1.609s] writing top-level names to ../../build/launch_pal/launch_pal.egg-info/top_level.txt
[1.675s] reading manifest file '../../build/launch_pal/launch_pal.egg-info/SOURCES.txt'
[1.675s] adding license file 'LICENSE'
[1.676s] writing manifest file '../../build/launch_pal/launch_pal.egg-info/SOURCES.txt'
[1.676s] running build
[1.676s] running build_py
[1.678s] running install
[1.685s] running install_lib
[1.726s] running install_data
[1.727s] running install_egg_info
[1.765s] removing '/Bt/install/launch_pal/lib/python3.12/site-packages/launch_pal-0.1.15-py3.12.egg-info' (and everything under it)
[1.766s] Copying ../../build/launch_pal/launch_pal.egg-info to /Bt/install/launch_pal/lib/python3.12/site-packages/launch_pal-0.1.15-py3.12.egg-info
[1.799s] running install_scripts
[2.008s] writing list of installed files to '/Bt/build/launch_pal/install.log'
[2.050s] Invoked command in '/Bt/ThirdParty/launch_pal' returned '0': PYTHONPATH=/Bt/build/launch_pal/prefix_override:/usr/lib/python3/dist-packages/colcon_core/task/python/colcon_distutils_commands:/Bt/install/launch_pal/lib/python3.12/site-packages:${PYTHONPATH} /usr/bin/python3 -W ignore:setup.py install is deprecated -W ignore:easy_install command is deprecated setup.py egg_info --egg-base ../../build/launch_pal build --build-base /Bt/build/launch_pal/build install --record /Bt/build/launch_pal/install.log --single-version-externally-managed install_data
