[0.282s] Invoking command in '/Bt/build/yolo_msgs': CMAKE_PREFIX_PATH=${CMAKE_PREFIX_PATH}:/opt/ros/jazzy /usr/bin/cmake --build /Bt/build/yolo_msgs -- -j8 -l8
[0.975s] [  0%] Built target yolo_msgs__rosidl_generator_type_description
[1.049s] [  0%] Built target yolo_msgs__cpp
[1.758s] [ 26%] Built target yolo_msgs__rosidl_generator_c
[2.095s] [ 35%] Built target yolo_msgs__rosidl_typesupport_fastrtps_c
[2.220s] [ 45%] Built target yolo_msgs__rosidl_typesupport_cpp
[2.258s] [ 55%] Built target yolo_msgs__rosidl_typesupport_c
[2.287s] [ 65%] Built target yolo_msgs__rosidl_typesupport_introspection_cpp
[2.330s] [ 75%] Built target yolo_msgs__rosidl_typesupport_introspection_c
[2.378s] [ 85%] Built target yolo_msgs__rosidl_typesupport_fastrtps_cpp
[2.408s] [ 85%] Built target yolo_msgs
[2.493s] [ 85%] Built target ament_cmake_python_copy_yolo_msgs
[2.735s] [ 86%] Built target yolo_msgs__py
[3.028s] [ 96%] Built target yolo_msgs__rosidl_generator_py
[3.070s] running egg_info
[3.096s] writing yolo_msgs.egg-info/PKG-INFO
[3.096s] writing dependency_links to yolo_msgs.egg-info/dependency_links.txt
[3.096s] writing top-level names to yolo_msgs.egg-info/top_level.txt
[3.147s] [ 98%] Built target yolo_msgs_s__rosidl_typesupport_introspection_c
[3.151s] [ 99%] Built target yolo_msgs_s__rosidl_typesupport_c
[3.176s] [100%] Built target yolo_msgs_s__rosidl_typesupport_fastrtps_c
[3.178s] reading manifest file 'yolo_msgs.egg-info/SOURCES.txt'
[3.237s] writing manifest file 'yolo_msgs.egg-info/SOURCES.txt'
[3.318s] [100%] Built target ament_cmake_python_build_yolo_msgs_egg
[3.466s] Invoked command in '/Bt/build/yolo_msgs' returned '0': CMAKE_PREFIX_PATH=${CMAKE_PREFIX_PATH}:/opt/ros/jazzy /usr/bin/cmake --build /Bt/build/yolo_msgs -- -j8 -l8
[3.827s] Invoking command in '/Bt/build/yolo_msgs': CMAKE_PREFIX_PATH=${CMAKE_PREFIX_PATH}:/opt/ros/jazzy /usr/bin/cmake --install /Bt/build/yolo_msgs
[3.939s] -- Install configuration: ""
[3.941s] -- Up-to-date: /Bt/install/yolo_msgs/share/ament_index/resource_index/rosidl_interfaces/yolo_msgs
[3.942s] -- Up-to-date: /Bt/install/yolo_msgs/share/yolo_msgs/msg/Point2D.json
[3.943s] -- Up-to-date: /Bt/install/yolo_msgs/share/yolo_msgs/msg/Vector2.json
[3.944s] -- Up-to-date: /Bt/install/yolo_msgs/share/yolo_msgs/msg/Pose2D.json
[3.944s] -- Up-to-date: /Bt/install/yolo_msgs/share/yolo_msgs/msg/BoundingBox2D.json
[3.944s] -- Up-to-date: /Bt/install/yolo_msgs/share/yolo_msgs/msg/BoundingBox3D.json
[3.944s] -- Up-to-date: /Bt/install/yolo_msgs/share/yolo_msgs/msg/Mask.json
[3.945s] -- Up-to-date: /Bt/install/yolo_msgs/share/yolo_msgs/msg/KeyPoint2D.json
[3.945s] -- Up-to-date: /Bt/install/yolo_msgs/share/yolo_msgs/msg/KeyPoint2DArray.json
[3.945s] -- Up-to-date: /Bt/install/yolo_msgs/share/yolo_msgs/msg/KeyPoint3D.json
[3.946s] -- Up-to-date: /Bt/install/yolo_msgs/share/yolo_msgs/msg/KeyPoint3DArray.json
[3.946s] -- Up-to-date: /Bt/install/yolo_msgs/share/yolo_msgs/msg/Detection.json
[3.946s] -- Up-to-date: /Bt/install/yolo_msgs/share/yolo_msgs/msg/DetectionArray.json
[3.946s] -- Up-to-date: /Bt/install/yolo_msgs/share/yolo_msgs/srv/SetClasses.json
[3.947s] -- Up-to-date: /Bt/install/yolo_msgs/include/yolo_msgs/yolo_msgs
[3.947s] -- Up-to-date: /Bt/install/yolo_msgs/include/yolo_msgs/yolo_msgs/msg
[3.947s] -- Up-to-date: /Bt/install/yolo_msgs/include/yolo_msgs/yolo_msgs/msg/detection.h
[3.948s] -- Up-to-date: /Bt/install/yolo_msgs/include/yolo_msgs/yolo_msgs/msg/point2_d.h
[3.948s] -- Up-to-date: /Bt/install/yolo_msgs/include/yolo_msgs/yolo_msgs/msg/bounding_box2_d.h
[3.948s] -- Up-to-date: /Bt/install/yolo_msgs/include/yolo_msgs/yolo_msgs/msg/key_point2_d.h
[3.949s] -- Up-to-date: /Bt/install/yolo_msgs/include/yolo_msgs/yolo_msgs/msg/mask.h
[3.949s] -- Up-to-date: /Bt/install/yolo_msgs/include/yolo_msgs/yolo_msgs/msg/rosidl_generator_c__visibility_control.h
[3.949s] -- Up-to-date: /Bt/install/yolo_msgs/include/yolo_msgs/yolo_msgs/msg/vector2.h
[3.949s] -- Up-to-date: /Bt/install/yolo_msgs/include/yolo_msgs/yolo_msgs/msg/pose2_d.h
[3.950s] -- Up-to-date: /Bt/install/yolo_msgs/include/yolo_msgs/yolo_msgs/msg/detail
[3.950s] -- Installing: /Bt/install/yolo_msgs/include/yolo_msgs/yolo_msgs/msg/detail/detection__type_support.c
[4.114s] -- Up-to-date: /Bt/install/yolo_msgs/include/yolo_msgs/yolo_msgs/msg/detail/key_point2_d_array__type_support.h
[4.115s] -- Up-to-date: /Bt/install/yolo_msgs/include/yolo_msgs/yolo_msgs/msg/detail/bounding_box3_d__type_support.h
[4.117s] -- Installing: /Bt/install/yolo_msgs/include/yolo_msgs/yolo_msgs/msg/detail/bounding_box3_d__type_support.c
[4.177s] -- Installing: /Bt/install/yolo_msgs/include/yolo_msgs/yolo_msgs/msg/detail/detection_array__type_support.c
[4.272s] -- Up-to-date: /Bt/install/yolo_msgs/include/yolo_msgs/yolo_msgs/msg/detail/pose2_d__struct.h
[4.273s] -- Installing: /Bt/install/yolo_msgs/include/yolo_msgs/yolo_msgs/msg/detail/key_point2_d__type_support.c
[4.322s] -- Up-to-date: /Bt/install/yolo_msgs/include/yolo_msgs/yolo_msgs/msg/detail/detection__type_support.h
[4.323s] -- Up-to-date: /Bt/install/yolo_msgs/include/yolo_msgs/yolo_msgs/msg/detail/bounding_box3_d__description.c
[4.324s] -- Up-to-date: /Bt/install/yolo_msgs/include/yolo_msgs/yolo_msgs/msg/detail/point2_d__struct.h
[4.325s] -- Up-to-date: /Bt/install/yolo_msgs/include/yolo_msgs/yolo_msgs/msg/detail/key_point2_d__functions.c
[4.326s] -- Up-to-date: /Bt/install/yolo_msgs/include/yolo_msgs/yolo_msgs/msg/detail/mask__description.c
[4.326s] -- Up-to-date: /Bt/install/yolo_msgs/include/yolo_msgs/yolo_msgs/msg/detail/vector2__functions.h
[4.327s] -- Up-to-date: /Bt/install/yolo_msgs/include/yolo_msgs/yolo_msgs/msg/detail/detection_array__struct.h
[4.327s] -- Up-to-date: /Bt/install/yolo_msgs/include/yolo_msgs/yolo_msgs/msg/detail/key_point3_d__functions.c
[4.327s] -- Up-to-date: /Bt/install/yolo_msgs/include/yolo_msgs/yolo_msgs/msg/detail/point2_d__type_support.h
[4.328s] -- Up-to-date: /Bt/install/yolo_msgs/include/yolo_msgs/yolo_msgs/msg/detail/detection__description.c
[4.329s] -- Up-to-date: /Bt/install/yolo_msgs/include/yolo_msgs/yolo_msgs/msg/detail/key_point2_d__functions.h
[4.329s] -- Up-to-date: /Bt/install/yolo_msgs/include/yolo_msgs/yolo_msgs/msg/detail/key_point2_d_array__functions.c
[4.329s] -- Up-to-date: /Bt/install/yolo_msgs/include/yolo_msgs/yolo_msgs/msg/detail/bounding_box2_d__functions.h
[4.329s] -- Up-to-date: /Bt/install/yolo_msgs/include/yolo_msgs/yolo_msgs/msg/detail/point2_d__functions.h
[4.330s] -- Up-to-date: /Bt/install/yolo_msgs/include/yolo_msgs/yolo_msgs/msg/detail/vector2__functions.c
[4.330s] -- Up-to-date: /Bt/install/yolo_msgs/include/yolo_msgs/yolo_msgs/msg/detail/pose2_d__functions.h
[4.330s] -- Up-to-date: /Bt/install/yolo_msgs/include/yolo_msgs/yolo_msgs/msg/detail/key_point3_d_array__type_support.h
[4.331s] -- Up-to-date: /Bt/install/yolo_msgs/include/yolo_msgs/yolo_msgs/msg/detail/mask__functions.h
[4.332s] -- Up-to-date: /Bt/install/yolo_msgs/include/yolo_msgs/yolo_msgs/msg/detail/vector2__struct.h
[4.333s] -- Up-to-date: /Bt/install/yolo_msgs/include/yolo_msgs/yolo_msgs/msg/detail/detection_array__description.c
[4.333s] -- Up-to-date: /Bt/install/yolo_msgs/include/yolo_msgs/yolo_msgs/msg/detail/key_point3_d_array__functions.c
[4.333s] -- Up-to-date: /Bt/install/yolo_msgs/include/yolo_msgs/yolo_msgs/msg/detail/detection_array__functions.h
[4.333s] -- Up-to-date: /Bt/install/yolo_msgs/include/yolo_msgs/yolo_msgs/msg/detail/key_point2_d__struct.h
[4.334s] -- Up-to-date: /Bt/install/yolo_msgs/include/yolo_msgs/yolo_msgs/msg/detail/key_point2_d__description.c
[4.334s] -- Up-to-date: /Bt/install/yolo_msgs/include/yolo_msgs/yolo_msgs/msg/detail/key_point2_d_array__functions.h
[4.334s] -- Up-to-date: /Bt/install/yolo_msgs/include/yolo_msgs/yolo_msgs/msg/detail/detection__functions.c
[4.334s] -- Up-to-date: /Bt/install/yolo_msgs/include/yolo_msgs/yolo_msgs/msg/detail/mask__struct.h
[4.335s] -- Up-to-date: /Bt/install/yolo_msgs/include/yolo_msgs/yolo_msgs/msg/detail/key_point3_d_array__description.c
[4.335s] -- Installing: /Bt/install/yolo_msgs/include/yolo_msgs/yolo_msgs/msg/detail/bounding_box2_d__type_support.c
[4.360s] -- Up-to-date: /Bt/install/yolo_msgs/include/yolo_msgs/yolo_msgs/msg/detail/key_point3_d__functions.h
[4.360s] -- Up-to-date: /Bt/install/yolo_msgs/include/yolo_msgs/yolo_msgs/msg/detail/vector2__description.c
[4.361s] -- Up-to-date: /Bt/install/yolo_msgs/include/yolo_msgs/yolo_msgs/msg/detail/key_point3_d__type_support.h
[4.361s] -- Up-to-date: /Bt/install/yolo_msgs/include/yolo_msgs/yolo_msgs/msg/detail/bounding_box2_d__description.c
[4.362s] -- Installing: /Bt/install/yolo_msgs/include/yolo_msgs/yolo_msgs/msg/detail/key_point2_d_array__type_support.c
[4.362s] -- Up-to-date: /Bt/install/yolo_msgs/include/yolo_msgs/yolo_msgs/msg/detail/bounding_box2_d__functions.c
[4.363s] -- Up-to-date: /Bt/install/yolo_msgs/include/yolo_msgs/yolo_msgs/msg/detail/key_point3_d__description.c
[4.363s] -- Up-to-date: /Bt/install/yolo_msgs/include/yolo_msgs/yolo_msgs/msg/detail/detection_array__functions.c
[4.363s] -- Up-to-date: /Bt/install/yolo_msgs/include/yolo_msgs/yolo_msgs/msg/detail/bounding_box2_d__struct.h
[4.364s] -- Up-to-date: /Bt/install/yolo_msgs/include/yolo_msgs/yolo_msgs/msg/detail/key_point3_d_array__functions.h
[4.364s] -- Up-to-date: /Bt/install/yolo_msgs/include/yolo_msgs/yolo_msgs/msg/detail/point2_d__functions.c
[4.364s] -- Up-to-date: /Bt/install/yolo_msgs/include/yolo_msgs/yolo_msgs/msg/detail/pose2_d__description.c
[4.364s] -- Up-to-date: /Bt/install/yolo_msgs/include/yolo_msgs/yolo_msgs/msg/detail/key_point2_d__type_support.h
[4.365s] -- Installing: /Bt/install/yolo_msgs/include/yolo_msgs/yolo_msgs/msg/detail/key_point3_d__type_support.c
[4.370s] -- Installing: /Bt/install/yolo_msgs/include/yolo_msgs/yolo_msgs/msg/detail/pose2_d__type_support.c
[4.375s] -- Installing: /Bt/install/yolo_msgs/include/yolo_msgs/yolo_msgs/msg/detail/point2_d__type_support.c
[4.383s] -- Up-to-date: /Bt/install/yolo_msgs/include/yolo_msgs/yolo_msgs/msg/detail/mask__functions.c
[4.383s] -- Up-to-date: /Bt/install/yolo_msgs/include/yolo_msgs/yolo_msgs/msg/detail/bounding_box2_d__type_support.h
[4.383s] -- Up-to-date: /Bt/install/yolo_msgs/include/yolo_msgs/yolo_msgs/msg/detail/bounding_box3_d__struct.h
[4.384s] -- Up-to-date: /Bt/install/yolo_msgs/include/yolo_msgs/yolo_msgs/msg/detail/bounding_box3_d__functions.h
[4.384s] -- Up-to-date: /Bt/install/yolo_msgs/include/yolo_msgs/yolo_msgs/msg/detail/key_point3_d_array__struct.h
[4.384s] -- Up-to-date: /Bt/install/yolo_msgs/include/yolo_msgs/yolo_msgs/msg/detail/detection_array__type_support.h
[4.385s] -- Up-to-date: /Bt/install/yolo_msgs/include/yolo_msgs/yolo_msgs/msg/detail/detection__struct.h
[4.385s] -- Up-to-date: /Bt/install/yolo_msgs/include/yolo_msgs/yolo_msgs/msg/detail/pose2_d__functions.c
[4.385s] -- Up-to-date: /Bt/install/yolo_msgs/include/yolo_msgs/yolo_msgs/msg/detail/vector2__type_support.h
[4.385s] -- Installing: /Bt/install/yolo_msgs/include/yolo_msgs/yolo_msgs/msg/detail/mask__type_support.c
[4.387s] -- Up-to-date: /Bt/install/yolo_msgs/include/yolo_msgs/yolo_msgs/msg/detail/detection__functions.h
[4.388s] -- Installing: /Bt/install/yolo_msgs/include/yolo_msgs/yolo_msgs/msg/detail/key_point3_d_array__type_support.c
[4.452s] -- Up-to-date: /Bt/install/yolo_msgs/include/yolo_msgs/yolo_msgs/msg/detail/mask__type_support.h
[4.452s] -- Installing: /Bt/install/yolo_msgs/include/yolo_msgs/yolo_msgs/msg/detail/vector2__type_support.c
[4.460s] -- Up-to-date: /Bt/install/yolo_msgs/include/yolo_msgs/yolo_msgs/msg/detail/key_point3_d__struct.h
[4.461s] -- Up-to-date: /Bt/install/yolo_msgs/include/yolo_msgs/yolo_msgs/msg/detail/bounding_box3_d__functions.c
[4.461s] -- Up-to-date: /Bt/install/yolo_msgs/include/yolo_msgs/yolo_msgs/msg/detail/pose2_d__type_support.h
[4.461s] -- Up-to-date: /Bt/install/yolo_msgs/include/yolo_msgs/yolo_msgs/msg/detail/point2_d__description.c
[4.462s] -- Up-to-date: /Bt/install/yolo_msgs/include/yolo_msgs/yolo_msgs/msg/detail/key_point2_d_array__description.c
[4.462s] -- Up-to-date: /Bt/install/yolo_msgs/include/yolo_msgs/yolo_msgs/msg/detail/key_point2_d_array__struct.h
[4.462s] -- Up-to-date: /Bt/install/yolo_msgs/include/yolo_msgs/yolo_msgs/msg/key_point2_d_array.h
[4.463s] -- Up-to-date: /Bt/install/yolo_msgs/include/yolo_msgs/yolo_msgs/msg/key_point3_d.h
[4.463s] -- Up-to-date: /Bt/install/yolo_msgs/include/yolo_msgs/yolo_msgs/msg/detection_array.h
[4.463s] -- Up-to-date: /Bt/install/yolo_msgs/include/yolo_msgs/yolo_msgs/msg/bounding_box3_d.h
[4.464s] -- Up-to-date: /Bt/install/yolo_msgs/include/yolo_msgs/yolo_msgs/msg/key_point3_d_array.h
[4.464s] -- Up-to-date: /Bt/install/yolo_msgs/include/yolo_msgs/yolo_msgs/srv
[4.464s] -- Up-to-date: /Bt/install/yolo_msgs/include/yolo_msgs/yolo_msgs/srv/set_classes.h
[4.464s] -- Up-to-date: /Bt/install/yolo_msgs/include/yolo_msgs/yolo_msgs/srv/detail
[4.464s] -- Up-to-date: /Bt/install/yolo_msgs/include/yolo_msgs/yolo_msgs/srv/detail/set_classes__type_support.h
[4.465s] -- Installing: /Bt/install/yolo_msgs/include/yolo_msgs/yolo_msgs/srv/detail/set_classes__type_support.c
[4.468s] -- Up-to-date: /Bt/install/yolo_msgs/include/yolo_msgs/yolo_msgs/srv/detail/set_classes__description.c
[4.468s] -- Up-to-date: /Bt/install/yolo_msgs/include/yolo_msgs/yolo_msgs/srv/detail/set_classes__functions.c
[4.468s] -- Up-to-date: /Bt/install/yolo_msgs/include/yolo_msgs/yolo_msgs/srv/detail/set_classes__struct.h
[4.469s] -- Up-to-date: /Bt/install/yolo_msgs/include/yolo_msgs/yolo_msgs/srv/detail/set_classes__functions.h
[4.469s] -- Up-to-date: /Bt/install/yolo_msgs/share/yolo_msgs/environment/library_path.sh
[4.469s] -- Up-to-date: /Bt/install/yolo_msgs/share/yolo_msgs/environment/library_path.dsv
[4.529s] -- Up-to-date: /Bt/install/yolo_msgs/lib/libyolo_msgs__rosidl_generator_c.so
[4.529s] -- Up-to-date: /Bt/install/yolo_msgs/include/yolo_msgs/yolo_msgs
[4.530s] -- Up-to-date: /Bt/install/yolo_msgs/include/yolo_msgs/yolo_msgs/msg
[4.530s] -- Up-to-date: /Bt/install/yolo_msgs/include/yolo_msgs/yolo_msgs/msg/detail
[4.531s] -- Up-to-date: /Bt/install/yolo_msgs/include/yolo_msgs/yolo_msgs/msg/detail/bounding_box3_d__rosidl_typesupport_fastrtps_c.h
[4.531s] -- Up-to-date: /Bt/install/yolo_msgs/include/yolo_msgs/yolo_msgs/msg/detail/detection__rosidl_typesupport_fastrtps_c.h
[4.532s] -- Up-to-date: /Bt/install/yolo_msgs/include/yolo_msgs/yolo_msgs/msg/detail/key_point2_d_array__rosidl_typesupport_fastrtps_c.h
[4.532s] -- Up-to-date: /Bt/install/yolo_msgs/include/yolo_msgs/yolo_msgs/msg/detail/key_point2_d__rosidl_typesupport_fastrtps_c.h
[4.532s] -- Up-to-date: /Bt/install/yolo_msgs/include/yolo_msgs/yolo_msgs/msg/detail/key_point3_d_array__rosidl_typesupport_fastrtps_c.h
[4.533s] -- Up-to-date: /Bt/install/yolo_msgs/include/yolo_msgs/yolo_msgs/msg/detail/point2_d__rosidl_typesupport_fastrtps_c.h
[4.533s] -- Up-to-date: /Bt/install/yolo_msgs/include/yolo_msgs/yolo_msgs/msg/detail/mask__rosidl_typesupport_fastrtps_c.h
[4.533s] -- Up-to-date: /Bt/install/yolo_msgs/include/yolo_msgs/yolo_msgs/msg/detail/bounding_box2_d__rosidl_typesupport_fastrtps_c.h
[4.533s] -- Up-to-date: /Bt/install/yolo_msgs/include/yolo_msgs/yolo_msgs/msg/detail/vector2__rosidl_typesupport_fastrtps_c.h
[4.533s] -- Up-to-date: /Bt/install/yolo_msgs/include/yolo_msgs/yolo_msgs/msg/detail/pose2_d__rosidl_typesupport_fastrtps_c.h
[4.533s] -- Up-to-date: /Bt/install/yolo_msgs/include/yolo_msgs/yolo_msgs/msg/detail/key_point3_d__rosidl_typesupport_fastrtps_c.h
[4.533s] -- Up-to-date: /Bt/install/yolo_msgs/include/yolo_msgs/yolo_msgs/msg/detail/detection_array__rosidl_typesupport_fastrtps_c.h
[4.533s] -- Up-to-date: /Bt/install/yolo_msgs/include/yolo_msgs/yolo_msgs/msg/rosidl_typesupport_fastrtps_c__visibility_control.h
[4.533s] -- Up-to-date: /Bt/install/yolo_msgs/include/yolo_msgs/yolo_msgs/srv
[4.533s] -- Up-to-date: /Bt/install/yolo_msgs/include/yolo_msgs/yolo_msgs/srv/detail
[4.533s] -- Up-to-date: /Bt/install/yolo_msgs/include/yolo_msgs/yolo_msgs/srv/detail/set_classes__rosidl_typesupport_fastrtps_c.h
[4.555s] -- Up-to-date: /Bt/install/yolo_msgs/lib/libyolo_msgs__rosidl_typesupport_fastrtps_c.so
[4.556s] -- Up-to-date: /Bt/install/yolo_msgs/include/yolo_msgs/yolo_msgs
[4.556s] -- Up-to-date: /Bt/install/yolo_msgs/include/yolo_msgs/yolo_msgs/msg
[4.557s] -- Up-to-date: /Bt/install/yolo_msgs/include/yolo_msgs/yolo_msgs/msg/rosidl_typesupport_introspection_c__visibility_control.h
[4.557s] -- Up-to-date: /Bt/install/yolo_msgs/include/yolo_msgs/yolo_msgs/msg/detail
[4.557s] -- Installing: /Bt/install/yolo_msgs/include/yolo_msgs/yolo_msgs/msg/detail/detection__type_support.c
[4.627s] -- Up-to-date: /Bt/install/yolo_msgs/include/yolo_msgs/yolo_msgs/msg/detail/key_point2_d_array__rosidl_typesupport_introspection_c.h
[4.627s] -- Up-to-date: /Bt/install/yolo_msgs/include/yolo_msgs/yolo_msgs/msg/detail/bounding_box2_d__rosidl_typesupport_introspection_c.h
[4.628s] -- Installing: /Bt/install/yolo_msgs/include/yolo_msgs/yolo_msgs/msg/detail/bounding_box3_d__type_support.c
[4.629s] -- Up-to-date: /Bt/install/yolo_msgs/include/yolo_msgs/yolo_msgs/msg/detail/vector2__rosidl_typesupport_introspection_c.h
[4.629s] -- Installing: /Bt/install/yolo_msgs/include/yolo_msgs/yolo_msgs/msg/detail/detection_array__type_support.c
[4.668s] -- Installing: /Bt/install/yolo_msgs/include/yolo_msgs/yolo_msgs/msg/detail/key_point2_d__type_support.c
[4.681s] -- Up-to-date: /Bt/install/yolo_msgs/include/yolo_msgs/yolo_msgs/msg/detail/point2_d__rosidl_typesupport_introspection_c.h
[4.682s] -- Up-to-date: /Bt/install/yolo_msgs/include/yolo_msgs/yolo_msgs/msg/detail/key_point2_d__rosidl_typesupport_introspection_c.h
[4.682s] -- Up-to-date: /Bt/install/yolo_msgs/include/yolo_msgs/yolo_msgs/msg/detail/mask__rosidl_typesupport_introspection_c.h
[4.683s] -- Installing: /Bt/install/yolo_msgs/include/yolo_msgs/yolo_msgs/msg/detail/bounding_box2_d__type_support.c
[4.689s] -- Up-to-date: /Bt/install/yolo_msgs/include/yolo_msgs/yolo_msgs/msg/detail/key_point3_d__rosidl_typesupport_introspection_c.h
[4.689s] -- Installing: /Bt/install/yolo_msgs/include/yolo_msgs/yolo_msgs/msg/detail/key_point2_d_array__type_support.c
[4.696s] -- Installing: /Bt/install/yolo_msgs/include/yolo_msgs/yolo_msgs/msg/detail/key_point3_d__type_support.c
[4.704s] -- Installing: /Bt/install/yolo_msgs/include/yolo_msgs/yolo_msgs/msg/detail/pose2_d__type_support.c
[4.715s] -- Installing: /Bt/install/yolo_msgs/include/yolo_msgs/yolo_msgs/msg/detail/point2_d__type_support.c
[4.783s] -- Up-to-date: /Bt/install/yolo_msgs/include/yolo_msgs/yolo_msgs/msg/detail/key_point3_d_array__rosidl_typesupport_introspection_c.h
[4.783s] -- Up-to-date: /Bt/install/yolo_msgs/include/yolo_msgs/yolo_msgs/msg/detail/pose2_d__rosidl_typesupport_introspection_c.h
[4.784s] -- Installing: /Bt/install/yolo_msgs/include/yolo_msgs/yolo_msgs/msg/detail/mask__type_support.c
[4.810s] -- Installing: /Bt/install/yolo_msgs/include/yolo_msgs/yolo_msgs/msg/detail/key_point3_d_array__type_support.c
[4.891s] -- Installing: /Bt/install/yolo_msgs/include/yolo_msgs/yolo_msgs/msg/detail/vector2__type_support.c
[4.899s] -- Up-to-date: /Bt/install/yolo_msgs/include/yolo_msgs/yolo_msgs/msg/detail/detection__rosidl_typesupport_introspection_c.h
[4.900s] -- Up-to-date: /Bt/install/yolo_msgs/include/yolo_msgs/yolo_msgs/msg/detail/detection_array__rosidl_typesupport_introspection_c.h
[4.900s] -- Up-to-date: /Bt/install/yolo_msgs/include/yolo_msgs/yolo_msgs/msg/detail/bounding_box3_d__rosidl_typesupport_introspection_c.h
[4.900s] -- Up-to-date: /Bt/install/yolo_msgs/include/yolo_msgs/yolo_msgs/srv
[4.901s] -- Up-to-date: /Bt/install/yolo_msgs/include/yolo_msgs/yolo_msgs/srv/detail
[4.901s] -- Installing: /Bt/install/yolo_msgs/include/yolo_msgs/yolo_msgs/srv/detail/set_classes__type_support.c
[4.933s] -- Up-to-date: /Bt/install/yolo_msgs/include/yolo_msgs/yolo_msgs/srv/detail/set_classes__rosidl_typesupport_introspection_c.h
[5.044s] -- Up-to-date: /Bt/install/yolo_msgs/lib/libyolo_msgs__rosidl_typesupport_introspection_c.so
[5.087s] -- Up-to-date: /Bt/install/yolo_msgs/lib/libyolo_msgs__rosidl_typesupport_c.so
[5.088s] -- Up-to-date: /Bt/install/yolo_msgs/include/yolo_msgs/yolo_msgs
[5.089s] -- Up-to-date: /Bt/install/yolo_msgs/include/yolo_msgs/yolo_msgs/msg
[5.089s] -- Up-to-date: /Bt/install/yolo_msgs/include/yolo_msgs/yolo_msgs/msg/detection_array.hpp
[5.090s] -- Up-to-date: /Bt/install/yolo_msgs/include/yolo_msgs/yolo_msgs/msg/key_point3_d.hpp
[5.090s] -- Up-to-date: /Bt/install/yolo_msgs/include/yolo_msgs/yolo_msgs/msg/point2_d.hpp
[5.090s] -- Up-to-date: /Bt/install/yolo_msgs/include/yolo_msgs/yolo_msgs/msg/pose2_d.hpp
[5.091s] -- Up-to-date: /Bt/install/yolo_msgs/include/yolo_msgs/yolo_msgs/msg/key_point2_d.hpp
[5.091s] -- Up-to-date: /Bt/install/yolo_msgs/include/yolo_msgs/yolo_msgs/msg/key_point2_d_array.hpp
[5.091s] -- Up-to-date: /Bt/install/yolo_msgs/include/yolo_msgs/yolo_msgs/msg/vector2.hpp
[5.091s] -- Up-to-date: /Bt/install/yolo_msgs/include/yolo_msgs/yolo_msgs/msg/detail
[5.092s] -- Up-to-date: /Bt/install/yolo_msgs/include/yolo_msgs/yolo_msgs/msg/detail/vector2__struct.hpp
[5.092s] -- Up-to-date: /Bt/install/yolo_msgs/include/yolo_msgs/yolo_msgs/msg/detail/key_point2_d_array__type_support.hpp
[5.092s] -- Up-to-date: /Bt/install/yolo_msgs/include/yolo_msgs/yolo_msgs/msg/detail/key_point3_d__builder.hpp
[5.093s] -- Up-to-date: /Bt/install/yolo_msgs/include/yolo_msgs/yolo_msgs/msg/detail/key_point2_d__struct.hpp
[5.093s] -- Up-to-date: /Bt/install/yolo_msgs/include/yolo_msgs/yolo_msgs/msg/detail/detection_array__type_support.hpp
[5.093s] -- Up-to-date: /Bt/install/yolo_msgs/include/yolo_msgs/yolo_msgs/msg/detail/bounding_box2_d__struct.hpp
[5.093s] -- Up-to-date: /Bt/install/yolo_msgs/include/yolo_msgs/yolo_msgs/msg/detail/key_point3_d_array__traits.hpp
[5.094s] -- Up-to-date: /Bt/install/yolo_msgs/include/yolo_msgs/yolo_msgs/msg/detail/mask__builder.hpp
[5.094s] -- Up-to-date: /Bt/install/yolo_msgs/include/yolo_msgs/yolo_msgs/msg/detail/detection__type_support.hpp
[5.094s] -- Up-to-date: /Bt/install/yolo_msgs/include/yolo_msgs/yolo_msgs/msg/detail/key_point3_d_array__builder.hpp
[5.094s] -- Up-to-date: /Bt/install/yolo_msgs/include/yolo_msgs/yolo_msgs/msg/detail/bounding_box2_d__type_support.hpp
[5.095s] -- Up-to-date: /Bt/install/yolo_msgs/include/yolo_msgs/yolo_msgs/msg/detail/point2_d__struct.hpp
[5.095s] -- Up-to-date: /Bt/install/yolo_msgs/include/yolo_msgs/yolo_msgs/msg/detail/detection__traits.hpp
[5.095s] -- Up-to-date: /Bt/install/yolo_msgs/include/yolo_msgs/yolo_msgs/msg/detail/bounding_box3_d__struct.hpp
[5.096s] -- Up-to-date: /Bt/install/yolo_msgs/include/yolo_msgs/yolo_msgs/msg/detail/key_point2_d_array__builder.hpp
[5.096s] -- Up-to-date: /Bt/install/yolo_msgs/include/yolo_msgs/yolo_msgs/msg/detail/point2_d__type_support.hpp
[5.097s] -- Up-to-date: /Bt/install/yolo_msgs/include/yolo_msgs/yolo_msgs/msg/detail/pose2_d__traits.hpp
[5.098s] -- Up-to-date: /Bt/install/yolo_msgs/include/yolo_msgs/yolo_msgs/msg/detail/vector2__type_support.hpp
[5.098s] -- Up-to-date: /Bt/install/yolo_msgs/include/yolo_msgs/yolo_msgs/msg/detail/bounding_box3_d__builder.hpp
[5.099s] -- Up-to-date: /Bt/install/yolo_msgs/include/yolo_msgs/yolo_msgs/msg/detail/key_point3_d__traits.hpp
[5.099s] -- Up-to-date: /Bt/install/yolo_msgs/include/yolo_msgs/yolo_msgs/msg/detail/detection__struct.hpp
[5.099s] -- Up-to-date: /Bt/install/yolo_msgs/include/yolo_msgs/yolo_msgs/msg/detail/key_point2_d__type_support.hpp
[5.099s] -- Up-to-date: /Bt/install/yolo_msgs/include/yolo_msgs/yolo_msgs/msg/detail/pose2_d__struct.hpp
[5.099s] -- Up-to-date: /Bt/install/yolo_msgs/include/yolo_msgs/yolo_msgs/msg/detail/mask__struct.hpp
[5.099s] -- Up-to-date: /Bt/install/yolo_msgs/include/yolo_msgs/yolo_msgs/msg/detail/detection_array__struct.hpp
[5.100s] -- Up-to-date: /Bt/install/yolo_msgs/include/yolo_msgs/yolo_msgs/msg/detail/point2_d__traits.hpp
[5.100s] -- Up-to-date: /Bt/install/yolo_msgs/include/yolo_msgs/yolo_msgs/msg/detail/mask__type_support.hpp
[5.100s] -- Up-to-date: /Bt/install/yolo_msgs/include/yolo_msgs/yolo_msgs/msg/detail/bounding_box3_d__traits.hpp
[5.100s] -- Up-to-date: /Bt/install/yolo_msgs/include/yolo_msgs/yolo_msgs/msg/detail/bounding_box2_d__builder.hpp
[5.100s] -- Up-to-date: /Bt/install/yolo_msgs/include/yolo_msgs/yolo_msgs/msg/detail/vector2__traits.hpp
[5.100s] -- Up-to-date: /Bt/install/yolo_msgs/include/yolo_msgs/yolo_msgs/msg/detail/pose2_d__type_support.hpp
[5.101s] -- Up-to-date: /Bt/install/yolo_msgs/include/yolo_msgs/yolo_msgs/msg/detail/key_point2_d__traits.hpp
[5.101s] -- Up-to-date: /Bt/install/yolo_msgs/include/yolo_msgs/yolo_msgs/msg/detail/mask__traits.hpp
[5.101s] -- Up-to-date: /Bt/install/yolo_msgs/include/yolo_msgs/yolo_msgs/msg/detail/pose2_d__builder.hpp
[5.101s] -- Up-to-date: /Bt/install/yolo_msgs/include/yolo_msgs/yolo_msgs/msg/detail/key_point2_d_array__struct.hpp
[5.101s] -- Up-to-date: /Bt/install/yolo_msgs/include/yolo_msgs/yolo_msgs/msg/detail/key_point3_d_array__struct.hpp
[5.101s] -- Up-to-date: /Bt/install/yolo_msgs/include/yolo_msgs/yolo_msgs/msg/detail/key_point3_d__struct.hpp
[5.101s] -- Up-to-date: /Bt/install/yolo_msgs/include/yolo_msgs/yolo_msgs/msg/detail/detection__builder.hpp
[5.102s] -- Up-to-date: /Bt/install/yolo_msgs/include/yolo_msgs/yolo_msgs/msg/detail/bounding_box3_d__type_support.hpp
[5.102s] -- Up-to-date: /Bt/install/yolo_msgs/include/yolo_msgs/yolo_msgs/msg/detail/key_point2_d__builder.hpp
[5.102s] -- Up-to-date: /Bt/install/yolo_msgs/include/yolo_msgs/yolo_msgs/msg/detail/detection_array__builder.hpp
[5.102s] -- Up-to-date: /Bt/install/yolo_msgs/include/yolo_msgs/yolo_msgs/msg/detail/point2_d__builder.hpp
[5.102s] -- Up-to-date: /Bt/install/yolo_msgs/include/yolo_msgs/yolo_msgs/msg/detail/key_point3_d_array__type_support.hpp
[5.102s] -- Up-to-date: /Bt/install/yolo_msgs/include/yolo_msgs/yolo_msgs/msg/detail/vector2__builder.hpp
[5.102s] -- Up-to-date: /Bt/install/yolo_msgs/include/yolo_msgs/yolo_msgs/msg/detail/bounding_box2_d__traits.hpp
[5.102s] -- Up-to-date: /Bt/install/yolo_msgs/include/yolo_msgs/yolo_msgs/msg/detail/detection_array__traits.hpp
[5.102s] -- Up-to-date: /Bt/install/yolo_msgs/include/yolo_msgs/yolo_msgs/msg/detail/key_point3_d__type_support.hpp
[5.102s] -- Up-to-date: /Bt/install/yolo_msgs/include/yolo_msgs/yolo_msgs/msg/detail/key_point2_d_array__traits.hpp
[5.102s] -- Up-to-date: /Bt/install/yolo_msgs/include/yolo_msgs/yolo_msgs/msg/bounding_box3_d.hpp
[5.102s] -- Up-to-date: /Bt/install/yolo_msgs/include/yolo_msgs/yolo_msgs/msg/key_point3_d_array.hpp
[5.103s] -- Up-to-date: /Bt/install/yolo_msgs/include/yolo_msgs/yolo_msgs/msg/detection.hpp
[5.103s] -- Up-to-date: /Bt/install/yolo_msgs/include/yolo_msgs/yolo_msgs/msg/bounding_box2_d.hpp
[5.103s] -- Up-to-date: /Bt/install/yolo_msgs/include/yolo_msgs/yolo_msgs/msg/mask.hpp
[5.103s] -- Up-to-date: /Bt/install/yolo_msgs/include/yolo_msgs/yolo_msgs/msg/rosidl_generator_cpp__visibility_control.hpp
[5.103s] -- Up-to-date: /Bt/install/yolo_msgs/include/yolo_msgs/yolo_msgs/srv
[5.103s] -- Up-to-date: /Bt/install/yolo_msgs/include/yolo_msgs/yolo_msgs/srv/set_classes.hpp
[5.103s] -- Up-to-date: /Bt/install/yolo_msgs/include/yolo_msgs/yolo_msgs/srv/detail
[5.103s] -- Up-to-date: /Bt/install/yolo_msgs/include/yolo_msgs/yolo_msgs/srv/detail/set_classes__builder.hpp
[5.103s] -- Up-to-date: /Bt/install/yolo_msgs/include/yolo_msgs/yolo_msgs/srv/detail/set_classes__struct.hpp
[5.103s] -- Up-to-date: /Bt/install/yolo_msgs/include/yolo_msgs/yolo_msgs/srv/detail/set_classes__type_support.hpp
[5.103s] -- Up-to-date: /Bt/install/yolo_msgs/include/yolo_msgs/yolo_msgs/srv/detail/set_classes__traits.hpp
[5.103s] -- Up-to-date: /Bt/install/yolo_msgs/include/yolo_msgs/yolo_msgs
[5.103s] -- Up-to-date: /Bt/install/yolo_msgs/include/yolo_msgs/yolo_msgs/msg
[5.104s] -- Up-to-date: /Bt/install/yolo_msgs/include/yolo_msgs/yolo_msgs/msg/detail
[5.104s] -- Up-to-date: /Bt/install/yolo_msgs/include/yolo_msgs/yolo_msgs/msg/detail/key_point2_d_array__rosidl_typesupport_fastrtps_cpp.hpp
[5.104s] -- Up-to-date: /Bt/install/yolo_msgs/include/yolo_msgs/yolo_msgs/msg/detail/mask__rosidl_typesupport_fastrtps_cpp.hpp
[5.104s] -- Up-to-date: /Bt/install/yolo_msgs/include/yolo_msgs/yolo_msgs/msg/detail/key_point3_d_array__rosidl_typesupport_fastrtps_cpp.hpp
[5.104s] -- Up-to-date: /Bt/install/yolo_msgs/include/yolo_msgs/yolo_msgs/msg/detail/point2_d__rosidl_typesupport_fastrtps_cpp.hpp
[5.104s] -- Up-to-date: /Bt/install/yolo_msgs/include/yolo_msgs/yolo_msgs/msg/detail/key_point3_d__rosidl_typesupport_fastrtps_cpp.hpp
[5.104s] -- Up-to-date: /Bt/install/yolo_msgs/include/yolo_msgs/yolo_msgs/msg/detail/bounding_box3_d__rosidl_typesupport_fastrtps_cpp.hpp
[5.104s] -- Up-to-date: /Bt/install/yolo_msgs/include/yolo_msgs/yolo_msgs/msg/detail/detection_array__rosidl_typesupport_fastrtps_cpp.hpp
[5.104s] -- Up-to-date: /Bt/install/yolo_msgs/include/yolo_msgs/yolo_msgs/msg/detail/key_point2_d__rosidl_typesupport_fastrtps_cpp.hpp
[5.104s] -- Up-to-date: /Bt/install/yolo_msgs/include/yolo_msgs/yolo_msgs/msg/detail/detection__rosidl_typesupport_fastrtps_cpp.hpp
[5.104s] -- Up-to-date: /Bt/install/yolo_msgs/include/yolo_msgs/yolo_msgs/msg/detail/vector2__rosidl_typesupport_fastrtps_cpp.hpp
[5.105s] -- Up-to-date: /Bt/install/yolo_msgs/include/yolo_msgs/yolo_msgs/msg/detail/dds_fastrtps
[5.105s] -- Up-to-date: /Bt/install/yolo_msgs/include/yolo_msgs/yolo_msgs/msg/detail/pose2_d__rosidl_typesupport_fastrtps_cpp.hpp
[5.105s] -- Up-to-date: /Bt/install/yolo_msgs/include/yolo_msgs/yolo_msgs/msg/detail/bounding_box2_d__rosidl_typesupport_fastrtps_cpp.hpp
[5.105s] -- Up-to-date: /Bt/install/yolo_msgs/include/yolo_msgs/yolo_msgs/msg/rosidl_typesupport_fastrtps_cpp__visibility_control.h
[5.105s] -- Up-to-date: /Bt/install/yolo_msgs/include/yolo_msgs/yolo_msgs/srv
[5.105s] -- Up-to-date: /Bt/install/yolo_msgs/include/yolo_msgs/yolo_msgs/srv/detail
[5.105s] -- Up-to-date: /Bt/install/yolo_msgs/include/yolo_msgs/yolo_msgs/srv/detail/set_classes__rosidl_typesupport_fastrtps_cpp.hpp
[5.105s] -- Up-to-date: /Bt/install/yolo_msgs/include/yolo_msgs/yolo_msgs/srv/detail/dds_fastrtps
[5.244s] -- Up-to-date: /Bt/install/yolo_msgs/lib/libyolo_msgs__rosidl_typesupport_fastrtps_cpp.so
[5.245s] -- Up-to-date: /Bt/install/yolo_msgs/include/yolo_msgs/yolo_msgs
[5.246s] -- Up-to-date: /Bt/install/yolo_msgs/include/yolo_msgs/yolo_msgs/msg
[5.246s] -- Up-to-date: /Bt/install/yolo_msgs/include/yolo_msgs/yolo_msgs/msg/detail
[5.246s] -- Up-to-date: /Bt/install/yolo_msgs/include/yolo_msgs/yolo_msgs/msg/detail/key_point2_d__type_support.cpp
[5.246s] -- Up-to-date: /Bt/install/yolo_msgs/include/yolo_msgs/yolo_msgs/msg/detail/vector2__type_support.cpp
[5.246s] -- Up-to-date: /Bt/install/yolo_msgs/include/yolo_msgs/yolo_msgs/msg/detail/mask__type_support.cpp
[5.246s] -- Up-to-date: /Bt/install/yolo_msgs/include/yolo_msgs/yolo_msgs/msg/detail/detection__type_support.cpp
[5.246s] -- Up-to-date: /Bt/install/yolo_msgs/include/yolo_msgs/yolo_msgs/msg/detail/bounding_box2_d__type_support.cpp
[5.247s] -- Up-to-date: /Bt/install/yolo_msgs/include/yolo_msgs/yolo_msgs/msg/detail/key_point2_d__rosidl_typesupport_introspection_cpp.hpp
[5.247s] -- Up-to-date: /Bt/install/yolo_msgs/include/yolo_msgs/yolo_msgs/msg/detail/mask__rosidl_typesupport_introspection_cpp.hpp
[5.247s] -- Up-to-date: /Bt/install/yolo_msgs/include/yolo_msgs/yolo_msgs/msg/detail/bounding_box3_d__type_support.cpp
[5.247s] -- Up-to-date: /Bt/install/yolo_msgs/include/yolo_msgs/yolo_msgs/msg/detail/key_point3_d_array__rosidl_typesupport_introspection_cpp.hpp
[5.247s] -- Up-to-date: /Bt/install/yolo_msgs/include/yolo_msgs/yolo_msgs/msg/detail/bounding_box2_d__rosidl_typesupport_introspection_cpp.hpp
[5.247s] -- Up-to-date: /Bt/install/yolo_msgs/include/yolo_msgs/yolo_msgs/msg/detail/point2_d__rosidl_typesupport_introspection_cpp.hpp
[5.247s] -- Up-to-date: /Bt/install/yolo_msgs/include/yolo_msgs/yolo_msgs/msg/detail/key_point2_d_array__rosidl_typesupport_introspection_cpp.hpp
[5.247s] -- Up-to-date: /Bt/install/yolo_msgs/include/yolo_msgs/yolo_msgs/msg/detail/pose2_d__rosidl_typesupport_introspection_cpp.hpp
[5.248s] -- Up-to-date: /Bt/install/yolo_msgs/include/yolo_msgs/yolo_msgs/msg/detail/key_point3_d_array__type_support.cpp
[5.248s] -- Up-to-date: /Bt/install/yolo_msgs/include/yolo_msgs/yolo_msgs/msg/detail/vector2__rosidl_typesupport_introspection_cpp.hpp
[5.248s] -- Up-to-date: /Bt/install/yolo_msgs/include/yolo_msgs/yolo_msgs/msg/detail/point2_d__type_support.cpp
[5.248s] -- Up-to-date: /Bt/install/yolo_msgs/include/yolo_msgs/yolo_msgs/msg/detail/key_point3_d__type_support.cpp
[5.248s] -- Up-to-date: /Bt/install/yolo_msgs/include/yolo_msgs/yolo_msgs/msg/detail/key_point2_d_array__type_support.cpp
[5.248s] -- Up-to-date: /Bt/install/yolo_msgs/include/yolo_msgs/yolo_msgs/msg/detail/bounding_box3_d__rosidl_typesupport_introspection_cpp.hpp
[5.248s] -- Up-to-date: /Bt/install/yolo_msgs/include/yolo_msgs/yolo_msgs/msg/detail/detection_array__type_support.cpp
[5.248s] -- Up-to-date: /Bt/install/yolo_msgs/include/yolo_msgs/yolo_msgs/msg/detail/key_point3_d__rosidl_typesupport_introspection_cpp.hpp
[5.248s] -- Up-to-date: /Bt/install/yolo_msgs/include/yolo_msgs/yolo_msgs/msg/detail/pose2_d__type_support.cpp
[5.249s] -- Up-to-date: /Bt/install/yolo_msgs/include/yolo_msgs/yolo_msgs/msg/detail/detection__rosidl_typesupport_introspection_cpp.hpp
[5.249s] -- Up-to-date: /Bt/install/yolo_msgs/include/yolo_msgs/yolo_msgs/msg/detail/detection_array__rosidl_typesupport_introspection_cpp.hpp
[5.249s] -- Up-to-date: /Bt/install/yolo_msgs/include/yolo_msgs/yolo_msgs/srv
[5.249s] -- Up-to-date: /Bt/install/yolo_msgs/include/yolo_msgs/yolo_msgs/srv/detail
[5.249s] -- Up-to-date: /Bt/install/yolo_msgs/include/yolo_msgs/yolo_msgs/srv/detail/set_classes__type_support.cpp
[5.249s] -- Up-to-date: /Bt/install/yolo_msgs/include/yolo_msgs/yolo_msgs/srv/detail/set_classes__rosidl_typesupport_introspection_cpp.hpp
[5.319s] -- Up-to-date: /Bt/install/yolo_msgs/lib/libyolo_msgs__rosidl_typesupport_introspection_cpp.so
[5.377s] -- Up-to-date: /Bt/install/yolo_msgs/lib/libyolo_msgs__rosidl_typesupport_cpp.so
[5.377s] -- Up-to-date: /Bt/install/yolo_msgs/share/yolo_msgs/environment/pythonpath.sh
[5.377s] -- Up-to-date: /Bt/install/yolo_msgs/share/yolo_msgs/environment/pythonpath.dsv
[5.377s] -- Up-to-date: /Bt/install/yolo_msgs/lib/python3.12/site-packages/yolo_msgs-4.4.1-py3.12.egg-info
[5.377s] -- Installing: /Bt/install/yolo_msgs/lib/python3.12/site-packages/yolo_msgs-4.4.1-py3.12.egg-info/top_level.txt
[5.377s] -- Installing: /Bt/install/yolo_msgs/lib/python3.12/site-packages/yolo_msgs-4.4.1-py3.12.egg-info/PKG-INFO
[5.377s] -- Installing: /Bt/install/yolo_msgs/lib/python3.12/site-packages/yolo_msgs-4.4.1-py3.12.egg-info/SOURCES.txt
[5.378s] -- Installing: /Bt/install/yolo_msgs/lib/python3.12/site-packages/yolo_msgs-4.4.1-py3.12.egg-info/dependency_links.txt
[5.378s] -- Up-to-date: /Bt/install/yolo_msgs/lib/python3.12/site-packages/yolo_msgs
[5.378s] -- Up-to-date: /Bt/install/yolo_msgs/lib/python3.12/site-packages/yolo_msgs/_yolo_msgs_s.ep.rosidl_typesupport_c.c
[5.378s] -- Up-to-date: /Bt/install/yolo_msgs/lib/python3.12/site-packages/yolo_msgs/_yolo_msgs_s.ep.rosidl_typesupport_fastrtps_c.c
[5.378s] -- Up-to-date: /Bt/install/yolo_msgs/lib/python3.12/site-packages/yolo_msgs/yolo_msgs_s__rosidl_typesupport_fastrtps_c.so
[5.378s] -- Up-to-date: /Bt/install/yolo_msgs/lib/python3.12/site-packages/yolo_msgs/_yolo_msgs_s.ep.rosidl_typesupport_introspection_c.c
[5.378s] -- Up-to-date: /Bt/install/yolo_msgs/lib/python3.12/site-packages/yolo_msgs/__init__.py
[5.378s] -- Up-to-date: /Bt/install/yolo_msgs/lib/python3.12/site-packages/yolo_msgs/yolo_msgs_s__rosidl_typesupport_c.so
[5.378s] -- Up-to-date: /Bt/install/yolo_msgs/lib/python3.12/site-packages/yolo_msgs/msg
[5.378s] -- Up-to-date: /Bt/install/yolo_msgs/lib/python3.12/site-packages/yolo_msgs/msg/_bounding_box2_d.py
[5.379s] -- Up-to-date: /Bt/install/yolo_msgs/lib/python3.12/site-packages/yolo_msgs/msg/_mask_s.c
[5.379s] -- Up-to-date: /Bt/install/yolo_msgs/lib/python3.12/site-packages/yolo_msgs/msg/_bounding_box3_d_s.c
[5.379s] -- Up-to-date: /Bt/install/yolo_msgs/lib/python3.12/site-packages/yolo_msgs/msg/_key_point3_d.py
[5.379s] -- Up-to-date: /Bt/install/yolo_msgs/lib/python3.12/site-packages/yolo_msgs/msg/_vector2.py
[5.380s] -- Up-to-date: /Bt/install/yolo_msgs/lib/python3.12/site-packages/yolo_msgs/msg/_bounding_box2_d_s.c
[5.380s] -- Up-to-date: /Bt/install/yolo_msgs/lib/python3.12/site-packages/yolo_msgs/msg/_mask.py
[5.380s] -- Up-to-date: /Bt/install/yolo_msgs/lib/python3.12/site-packages/yolo_msgs/msg/__init__.py
[5.380s] -- Up-to-date: /Bt/install/yolo_msgs/lib/python3.12/site-packages/yolo_msgs/msg/_key_point3_d_array.py
[5.380s] -- Up-to-date: /Bt/install/yolo_msgs/lib/python3.12/site-packages/yolo_msgs/msg/_key_point2_d_array.py
[5.380s] -- Up-to-date: /Bt/install/yolo_msgs/lib/python3.12/site-packages/yolo_msgs/msg/_detection_array_s.c
[5.380s] -- Up-to-date: /Bt/install/yolo_msgs/lib/python3.12/site-packages/yolo_msgs/msg/_key_point2_d_s.c
[5.380s] -- Up-to-date: /Bt/install/yolo_msgs/lib/python3.12/site-packages/yolo_msgs/msg/_key_point3_d_array_s.c
[5.381s] -- Up-to-date: /Bt/install/yolo_msgs/lib/python3.12/site-packages/yolo_msgs/msg/_point2_d.py
[5.381s] -- Up-to-date: /Bt/install/yolo_msgs/lib/python3.12/site-packages/yolo_msgs/msg/_key_point3_d_s.c
[5.381s] -- Up-to-date: /Bt/install/yolo_msgs/lib/python3.12/site-packages/yolo_msgs/msg/_bounding_box3_d.py
[5.381s] -- Up-to-date: /Bt/install/yolo_msgs/lib/python3.12/site-packages/yolo_msgs/msg/_detection.py
[5.381s] -- Up-to-date: /Bt/install/yolo_msgs/lib/python3.12/site-packages/yolo_msgs/msg/_pose2_d_s.c
[5.381s] -- Up-to-date: /Bt/install/yolo_msgs/lib/python3.12/site-packages/yolo_msgs/msg/_key_point2_d.py
[5.381s] -- Up-to-date: /Bt/install/yolo_msgs/lib/python3.12/site-packages/yolo_msgs/msg/_pose2_d.py
[5.381s] -- Up-to-date: /Bt/install/yolo_msgs/lib/python3.12/site-packages/yolo_msgs/msg/_detection_s.c
[5.381s] -- Up-to-date: /Bt/install/yolo_msgs/lib/python3.12/site-packages/yolo_msgs/msg/_key_point2_d_array_s.c
[5.381s] -- Up-to-date: /Bt/install/yolo_msgs/lib/python3.12/site-packages/yolo_msgs/msg/_detection_array.py
[5.382s] -- Up-to-date: /Bt/install/yolo_msgs/lib/python3.12/site-packages/yolo_msgs/msg/_point2_d_s.c
[5.382s] -- Up-to-date: /Bt/install/yolo_msgs/lib/python3.12/site-packages/yolo_msgs/msg/_vector2_s.c
[5.382s] -- Up-to-date: /Bt/install/yolo_msgs/lib/python3.12/site-packages/yolo_msgs/srv
[5.382s] -- Up-to-date: /Bt/install/yolo_msgs/lib/python3.12/site-packages/yolo_msgs/srv/_set_classes_s.c
[5.382s] -- Up-to-date: /Bt/install/yolo_msgs/lib/python3.12/site-packages/yolo_msgs/srv/__init__.py
[5.382s] -- Up-to-date: /Bt/install/yolo_msgs/lib/python3.12/site-packages/yolo_msgs/srv/_set_classes.py
[5.382s] -- Up-to-date: /Bt/install/yolo_msgs/lib/python3.12/site-packages/yolo_msgs/yolo_msgs_s__rosidl_typesupport_introspection_c.so
[5.557s] Listing '/Bt/install/yolo_msgs/lib/python3.12/site-packages/yolo_msgs'...
[5.558s] Listing '/Bt/install/yolo_msgs/lib/python3.12/site-packages/yolo_msgs/msg'...
[5.558s] Listing '/Bt/install/yolo_msgs/lib/python3.12/site-packages/yolo_msgs/srv'...
[5.591s] -- Up-to-date: /Bt/install/yolo_msgs/lib/python3.12/site-packages/yolo_msgs/yolo_msgs_s__rosidl_typesupport_fastrtps_c.so
[5.616s] -- Up-to-date: /Bt/install/yolo_msgs/lib/python3.12/site-packages/yolo_msgs/yolo_msgs_s__rosidl_typesupport_introspection_c.so
[5.626s] -- Up-to-date: /Bt/install/yolo_msgs/lib/python3.12/site-packages/yolo_msgs/yolo_msgs_s__rosidl_typesupport_c.so
[5.682s] -- Up-to-date: /Bt/install/yolo_msgs/lib/libyolo_msgs__rosidl_generator_py.so
[5.682s] -- Up-to-date: /Bt/install/yolo_msgs/share/yolo_msgs/msg/Point2D.idl
[5.683s] -- Up-to-date: /Bt/install/yolo_msgs/share/yolo_msgs/msg/Vector2.idl
[5.683s] -- Up-to-date: /Bt/install/yolo_msgs/share/yolo_msgs/msg/Pose2D.idl
[5.683s] -- Up-to-date: /Bt/install/yolo_msgs/share/yolo_msgs/msg/BoundingBox2D.idl
[5.683s] -- Up-to-date: /Bt/install/yolo_msgs/share/yolo_msgs/msg/BoundingBox3D.idl
[5.683s] -- Up-to-date: /Bt/install/yolo_msgs/share/yolo_msgs/msg/Mask.idl
[5.683s] -- Up-to-date: /Bt/install/yolo_msgs/share/yolo_msgs/msg/KeyPoint2D.idl
[5.684s] -- Up-to-date: /Bt/install/yolo_msgs/share/yolo_msgs/msg/KeyPoint2DArray.idl
[5.684s] -- Up-to-date: /Bt/install/yolo_msgs/share/yolo_msgs/msg/KeyPoint3D.idl
[5.684s] -- Up-to-date: /Bt/install/yolo_msgs/share/yolo_msgs/msg/KeyPoint3DArray.idl
[5.684s] -- Up-to-date: /Bt/install/yolo_msgs/share/yolo_msgs/msg/Detection.idl
[5.684s] -- Up-to-date: /Bt/install/yolo_msgs/share/yolo_msgs/msg/DetectionArray.idl
[5.684s] -- Up-to-date: /Bt/install/yolo_msgs/share/yolo_msgs/srv/SetClasses.idl
[5.685s] -- Up-to-date: /Bt/install/yolo_msgs/share/yolo_msgs/msg/Point2D.msg
[5.685s] -- Up-to-date: /Bt/install/yolo_msgs/share/yolo_msgs/msg/Vector2.msg
[5.685s] -- Up-to-date: /Bt/install/yolo_msgs/share/yolo_msgs/msg/Pose2D.msg
[5.685s] -- Up-to-date: /Bt/install/yolo_msgs/share/yolo_msgs/msg/BoundingBox2D.msg
[5.685s] -- Up-to-date: /Bt/install/yolo_msgs/share/yolo_msgs/msg/BoundingBox3D.msg
[5.685s] -- Up-to-date: /Bt/install/yolo_msgs/share/yolo_msgs/msg/Mask.msg
[5.686s] -- Up-to-date: /Bt/install/yolo_msgs/share/yolo_msgs/msg/KeyPoint2D.msg
[5.686s] -- Up-to-date: /Bt/install/yolo_msgs/share/yolo_msgs/msg/KeyPoint2DArray.msg
[5.686s] -- Up-to-date: /Bt/install/yolo_msgs/share/yolo_msgs/msg/KeyPoint3D.msg
[5.686s] -- Up-to-date: /Bt/install/yolo_msgs/share/yolo_msgs/msg/KeyPoint3DArray.msg
[5.686s] -- Up-to-date: /Bt/install/yolo_msgs/share/yolo_msgs/msg/Detection.msg
[5.686s] -- Up-to-date: /Bt/install/yolo_msgs/share/yolo_msgs/msg/DetectionArray.msg
[5.687s] -- Up-to-date: /Bt/install/yolo_msgs/share/yolo_msgs/srv/SetClasses.srv
[5.687s] -- Up-to-date: /Bt/install/yolo_msgs/share/ament_index/resource_index/package_run_dependencies/yolo_msgs
[5.687s] -- Up-to-date: /Bt/install/yolo_msgs/share/ament_index/resource_index/parent_prefix_path/yolo_msgs
[5.687s] -- Up-to-date: /Bt/install/yolo_msgs/share/yolo_msgs/environment/ament_prefix_path.sh
[5.687s] -- Up-to-date: /Bt/install/yolo_msgs/share/yolo_msgs/environment/ament_prefix_path.dsv
[5.687s] -- Up-to-date: /Bt/install/yolo_msgs/share/yolo_msgs/environment/path.sh
[5.687s] -- Up-to-date: /Bt/install/yolo_msgs/share/yolo_msgs/environment/path.dsv
[5.688s] -- Up-to-date: /Bt/install/yolo_msgs/share/yolo_msgs/local_setup.bash
[5.688s] -- Up-to-date: /Bt/install/yolo_msgs/share/yolo_msgs/local_setup.sh
[5.688s] -- Up-to-date: /Bt/install/yolo_msgs/share/yolo_msgs/local_setup.zsh
[5.688s] -- Up-to-date: /Bt/install/yolo_msgs/share/yolo_msgs/local_setup.dsv
[5.688s] -- Installing: /Bt/install/yolo_msgs/share/yolo_msgs/package.dsv
[5.691s] -- Up-to-date: /Bt/install/yolo_msgs/share/ament_index/resource_index/packages/yolo_msgs
[5.807s] -- Up-to-date: /Bt/install/yolo_msgs/share/yolo_msgs/cmake/export_yolo_msgs__rosidl_generator_cExport.cmake
[5.807s] -- Up-to-date: /Bt/install/yolo_msgs/share/yolo_msgs/cmake/export_yolo_msgs__rosidl_generator_cExport-noconfig.cmake
[5.807s] -- Up-to-date: /Bt/install/yolo_msgs/share/yolo_msgs/cmake/export_yolo_msgs__rosidl_typesupport_fastrtps_cExport.cmake
[5.808s] -- Up-to-date: /Bt/install/yolo_msgs/share/yolo_msgs/cmake/export_yolo_msgs__rosidl_typesupport_fastrtps_cExport-noconfig.cmake
[5.821s] -- Up-to-date: /Bt/install/yolo_msgs/share/yolo_msgs/cmake/yolo_msgs__rosidl_typesupport_introspection_cExport.cmake
[5.821s] -- Up-to-date: /Bt/install/yolo_msgs/share/yolo_msgs/cmake/yolo_msgs__rosidl_typesupport_introspection_cExport-noconfig.cmake
[5.822s] -- Up-to-date: /Bt/install/yolo_msgs/share/yolo_msgs/cmake/yolo_msgs__rosidl_typesupport_cExport.cmake
[5.823s] -- Up-to-date: /Bt/install/yolo_msgs/share/yolo_msgs/cmake/yolo_msgs__rosidl_typesupport_cExport-noconfig.cmake
[5.824s] -- Up-to-date: /Bt/install/yolo_msgs/share/yolo_msgs/cmake/export_yolo_msgs__rosidl_generator_cppExport.cmake
[5.825s] -- Up-to-date: /Bt/install/yolo_msgs/share/yolo_msgs/cmake/export_yolo_msgs__rosidl_typesupport_fastrtps_cppExport.cmake
[5.826s] -- Up-to-date: /Bt/install/yolo_msgs/share/yolo_msgs/cmake/export_yolo_msgs__rosidl_typesupport_fastrtps_cppExport-noconfig.cmake
[5.842s] -- Up-to-date: /Bt/install/yolo_msgs/share/yolo_msgs/cmake/yolo_msgs__rosidl_typesupport_introspection_cppExport.cmake
[5.842s] -- Up-to-date: /Bt/install/yolo_msgs/share/yolo_msgs/cmake/yolo_msgs__rosidl_typesupport_introspection_cppExport-noconfig.cmake
[5.843s] -- Up-to-date: /Bt/install/yolo_msgs/share/yolo_msgs/cmake/yolo_msgs__rosidl_typesupport_cppExport.cmake
[5.843s] -- Up-to-date: /Bt/install/yolo_msgs/share/yolo_msgs/cmake/yolo_msgs__rosidl_typesupport_cppExport-noconfig.cmake
[5.847s] -- Up-to-date: /Bt/install/yolo_msgs/share/yolo_msgs/cmake/export_yolo_msgs__rosidl_generator_pyExport.cmake
[5.848s] -- Up-to-date: /Bt/install/yolo_msgs/share/yolo_msgs/cmake/export_yolo_msgs__rosidl_generator_pyExport-noconfig.cmake
[5.848s] -- Up-to-date: /Bt/install/yolo_msgs/share/yolo_msgs/cmake/rosidl_cmake-extras.cmake
[5.849s] -- Up-to-date: /Bt/install/yolo_msgs/share/yolo_msgs/cmake/ament_cmake_export_dependencies-extras.cmake
[5.850s] -- Up-to-date: /Bt/install/yolo_msgs/share/yolo_msgs/cmake/ament_cmake_export_include_directories-extras.cmake
[5.850s] -- Up-to-date: /Bt/install/yolo_msgs/share/yolo_msgs/cmake/ament_cmake_export_libraries-extras.cmake
[5.851s] -- Up-to-date: /Bt/install/yolo_msgs/share/yolo_msgs/cmake/ament_cmake_export_targets-extras.cmake
[5.851s] -- Up-to-date: /Bt/install/yolo_msgs/share/yolo_msgs/cmake/rosidl_cmake_export_typesupport_targets-extras.cmake
[5.851s] -- Up-to-date: /Bt/install/yolo_msgs/share/yolo_msgs/cmake/rosidl_cmake_export_typesupport_libraries-extras.cmake
[5.851s] -- Up-to-date: /Bt/install/yolo_msgs/share/yolo_msgs/cmake/yolo_msgsConfig.cmake
[5.851s] -- Up-to-date: /Bt/install/yolo_msgs/share/yolo_msgs/cmake/yolo_msgsConfig-version.cmake
[5.852s] -- Up-to-date: /Bt/install/yolo_msgs/share/yolo_msgs/package.xml
[5.907s] Invoked command in '/Bt/build/yolo_msgs' returned '0': CMAKE_PREFIX_PATH=${CMAKE_PREFIX_PATH}:/opt/ros/jazzy /usr/bin/cmake --install /Bt/build/yolo_msgs
