[0.438s] Invoking command in '/Bt/build/tiago_sim': CMAKE_PREFIX_PATH=${CMAKE_PREFIX_PATH}:/Bt/install/yolo_ros:/Bt/install/ros2_aruco:/Bt/install/launch_pal:/Bt/install/grab2_curobo_planner:/opt/ros/jazzy /usr/bin/cmake --build /Bt/build/tiago_sim -- -j8 -l8
[0.583s] Invoked command in '/Bt/build/tiago_sim' returned '0': CMAKE_PREFIX_PATH=${CMAKE_PREFIX_PATH}:/Bt/install/yolo_ros:/Bt/install/ros2_aruco:/Bt/install/launch_pal:/Bt/install/grab2_curobo_planner:/opt/ros/jazzy /usr/bin/cmake --build /Bt/build/tiago_sim -- -j8 -l8
[0.583s] Invoking command in '/Bt/build/tiago_sim': CMAKE_PREFIX_PATH=${CMAKE_PREFIX_PATH}:/Bt/install/yolo_ros:/Bt/install/ros2_aruco:/Bt/install/launch_pal:/Bt/install/grab2_curobo_planner:/opt/ros/jazzy /usr/bin/cmake --install /Bt/build/tiago_sim
[0.586s] -- Install configuration: ""
[0.586s] -- Up-to-date: /Bt/install/tiago_sim/share/tiago_sim/config
[0.586s] -- Up-to-date: /Bt/install/tiago_sim/share/tiago_sim/config/battery_bridge.yaml
[0.586s] -- Up-to-date: /Bt/install/tiago_sim/share/tiago_sim/config/gazebo_params.yaml
[0.586s] -- Up-to-date: /Bt/install/tiago_sim/share/tiago_sim/launch
[0.586s] -- Up-to-date: /Bt/install/tiago_sim/share/tiago_sim/launch/tiago_pal_sim.launch.py
[0.587s] -- Up-to-date: /Bt/install/tiago_sim/share/tiago_sim/launch/br2_gazebo.launch.py
[0.587s] -- Up-to-date: /Bt/install/tiago_sim/share/tiago_sim/launch/tiago_sim.launch.py
[0.587s] -- Up-to-date: /Bt/install/tiago_sim/share/tiago_sim/launch/tiago_yolo.launch.py
[0.587s] -- Up-to-date: /Bt/install/tiago_sim/share/tiago_sim/models
[0.587s] -- Up-to-date: /Bt/install/tiago_sim/share/tiago_sim/models/Dining Table
[0.587s] -- Up-to-date: /Bt/install/tiago_sim/share/tiago_sim/models/Dining Table/model.config
[0.587s] -- Up-to-date: /Bt/install/tiago_sim/share/tiago_sim/models/Dining Table/thumbnails
[0.588s] -- Up-to-date: /Bt/install/tiago_sim/share/tiago_sim/models/Dining Table/thumbnails/DiningTable.png
[0.588s] -- Up-to-date: /Bt/install/tiago_sim/share/tiago_sim/models/Dining Table/meshes
[0.588s] -- Up-to-date: /Bt/install/tiago_sim/share/tiago_sim/models/Dining Table/meshes/diningtable.dae
[0.588s] -- Up-to-date: /Bt/install/tiago_sim/share/tiago_sim/models/Dining Table/model.sdf
[0.588s] -- Up-to-date: /Bt/install/tiago_sim/share/tiago_sim/models/Dining Table/materials
[0.588s] -- Up-to-date: /Bt/install/tiago_sim/share/tiago_sim/models/Dining Table/materials/textures
[0.588s] -- Up-to-date: /Bt/install/tiago_sim/share/tiago_sim/models/Dining Table/materials/textures/Wood_Normal.png
[0.588s] -- Up-to-date: /Bt/install/tiago_sim/share/tiago_sim/models/Dining Table/materials/textures/Wood_Roughness.png
[0.588s] -- Up-to-date: /Bt/install/tiago_sim/share/tiago_sim/models/Dining Table/materials/textures/Wood_Albedo.png
[0.588s] -- Up-to-date: /Bt/install/tiago_sim/share/tiago_sim/models/Bathroom
[0.588s] -- Up-to-date: /Bt/install/tiago_sim/share/tiago_sim/models/Bathroom/BathroomSink
[0.589s] -- Up-to-date: /Bt/install/tiago_sim/share/tiago_sim/models/Bathroom/BathroomSink/model.config
[0.589s] -- Up-to-date: /Bt/install/tiago_sim/share/tiago_sim/models/Bathroom/BathroomSink/thumbnails
[0.589s] -- Up-to-date: /Bt/install/tiago_sim/share/tiago_sim/models/Bathroom/BathroomSink/thumbnails/3.png
[0.589s] -- Up-to-date: /Bt/install/tiago_sim/share/tiago_sim/models/Bathroom/BathroomSink/thumbnails/5.png
[0.589s] -- Up-to-date: /Bt/install/tiago_sim/share/tiago_sim/models/Bathroom/BathroomSink/thumbnails/4.png
[0.589s] -- Up-to-date: /Bt/install/tiago_sim/share/tiago_sim/models/Bathroom/BathroomSink/thumbnails/2.png
[0.589s] -- Up-to-date: /Bt/install/tiago_sim/share/tiago_sim/models/Bathroom/BathroomSink/thumbnails/1.png
[0.589s] -- Up-to-date: /Bt/install/tiago_sim/share/tiago_sim/models/Bathroom/BathroomSink/meshes
[0.589s] -- Up-to-date: /Bt/install/tiago_sim/share/tiago_sim/models/Bathroom/BathroomSink/meshes/BathroomSink_Metal.png
[0.589s] -- Up-to-date: /Bt/install/tiago_sim/share/tiago_sim/models/Bathroom/BathroomSink/meshes/BathroomSink_Col.obj
[0.589s] -- Up-to-date: /Bt/install/tiago_sim/share/tiago_sim/models/Bathroom/BathroomSink/meshes/BathroomSink.mtl
[0.590s] -- Up-to-date: /Bt/install/tiago_sim/share/tiago_sim/models/Bathroom/BathroomSink/meshes/BathroomSink_Col.mtl
[0.590s] -- Up-to-date: /Bt/install/tiago_sim/share/tiago_sim/models/Bathroom/BathroomSink/meshes/BathroomSink.obj
[0.590s] -- Up-to-date: /Bt/install/tiago_sim/share/tiago_sim/models/Bathroom/BathroomSink/meshes/BathroomSink_Rough.png
[0.590s] -- Up-to-date: /Bt/install/tiago_sim/share/tiago_sim/models/Bathroom/BathroomSink/meshes/BathroomSink_Diffuse.png
[0.590s] -- Up-to-date: /Bt/install/tiago_sim/share/tiago_sim/models/Bathroom/BathroomSink/model.sdf
[0.590s] -- Up-to-date: /Bt/install/tiago_sim/share/tiago_sim/models/Bathroom/Bathtub
[0.590s] -- Up-to-date: /Bt/install/tiago_sim/share/tiago_sim/models/Bathroom/Bathtub/model.config
[0.590s] -- Up-to-date: /Bt/install/tiago_sim/share/tiago_sim/models/Bathroom/Bathtub/thumbnails
[0.590s] -- Up-to-date: /Bt/install/tiago_sim/share/tiago_sim/models/Bathroom/Bathtub/thumbnails/Bathtub.png
[0.590s] -- Up-to-date: /Bt/install/tiago_sim/share/tiago_sim/models/Bathroom/Bathtub/meshes
[0.591s] -- Up-to-date: /Bt/install/tiago_sim/share/tiago_sim/models/Bathroom/Bathtub/meshes/bathtub.dae
[0.591s] -- Up-to-date: /Bt/install/tiago_sim/share/tiago_sim/models/Bathroom/Bathtub/model.sdf
[0.591s] -- Up-to-date: /Bt/install/tiago_sim/share/tiago_sim/models/Bathroom/Bathtub/materials
[0.591s] -- Up-to-date: /Bt/install/tiago_sim/share/tiago_sim/models/Bathroom/Bathtub/materials/textures
[0.591s] -- Up-to-date: /Bt/install/tiago_sim/share/tiago_sim/models/Bathroom/Bathtub/materials/textures/Bathtub_Normal.png
[0.591s] -- Up-to-date: /Bt/install/tiago_sim/share/tiago_sim/models/Bathroom/Bathtub/materials/textures/Bathtub_Roughness.jpg
[0.591s] -- Up-to-date: /Bt/install/tiago_sim/share/tiago_sim/models/Bathroom/Bathtub/materials/textures/Bathtub_Albedo.jpg
[0.591s] -- Up-to-date: /Bt/install/tiago_sim/share/tiago_sim/models/Bathroom/Bathtub/materials/textures/Bathtub_Metalness.jpg
[0.591s] -- Up-to-date: /Bt/install/tiago_sim/share/tiago_sim/models/tv_65in_emissive
[0.594s] -- Up-to-date: /Bt/install/tiago_sim/share/tiago_sim/models/tv_65in_emissive/material
[0.594s] -- Up-to-date: /Bt/install/tiago_sim/share/tiago_sim/models/tv_65in_emissive/material/textures
[0.594s] -- Up-to-date: /Bt/install/tiago_sim/share/tiago_sim/models/tv_65in_emissive/material/textures/tv_65in_maldives_909x541.jpg
[0.594s] -- Up-to-date: /Bt/install/tiago_sim/share/tiago_sim/models/tv_65in_emissive/material/script
[0.594s] -- Up-to-date: /Bt/install/tiago_sim/share/tiago_sim/models/tv_65in_emissive/material/script/tv_emissive.material
[0.595s] -- Up-to-date: /Bt/install/tiago_sim/share/tiago_sim/models/tv_65in_emissive/model.config
[0.595s] -- Up-to-date: /Bt/install/tiago_sim/share/tiago_sim/models/tv_65in_emissive/thumbnails
[0.595s] -- Up-to-date: /Bt/install/tiago_sim/share/tiago_sim/models/tv_65in_emissive/thumbnails/1.png
[0.595s] -- Up-to-date: /Bt/install/tiago_sim/share/tiago_sim/models/tv_65in_emissive/model.sdf
[0.595s] -- Up-to-date: /Bt/install/tiago_sim/share/tiago_sim/models/desk
[0.595s] -- Up-to-date: /Bt/install/tiago_sim/share/tiago_sim/models/desk/model.config
[0.595s] -- Up-to-date: /Bt/install/tiago_sim/share/tiago_sim/models/desk/model.sdf
[0.595s] -- Up-to-date: /Bt/install/tiago_sim/share/tiago_sim/models/Oven
[0.595s] -- Up-to-date: /Bt/install/tiago_sim/share/tiago_sim/models/Oven/model.config
[0.595s] -- Up-to-date: /Bt/install/tiago_sim/share/tiago_sim/models/Oven/thumbnails
[0.595s] -- Up-to-date: /Bt/install/tiago_sim/share/tiago_sim/models/Oven/thumbnails/Oven.png
[0.595s] -- Up-to-date: /Bt/install/tiago_sim/share/tiago_sim/models/Oven/meshes
[0.595s] -- Up-to-date: /Bt/install/tiago_sim/share/tiago_sim/models/Oven/meshes/oven.dae
[0.596s] -- Up-to-date: /Bt/install/tiago_sim/share/tiago_sim/models/Oven/model.sdf
[0.596s] -- Up-to-date: /Bt/install/tiago_sim/share/tiago_sim/models/Oven/materials
[0.596s] -- Up-to-date: /Bt/install/tiago_sim/share/tiago_sim/models/Oven/materials/textures
[0.596s] -- Up-to-date: /Bt/install/tiago_sim/share/tiago_sim/models/Oven/materials/textures/Oven_Roughness.png
[0.596s] -- Up-to-date: /Bt/install/tiago_sim/share/tiago_sim/models/Oven/materials/textures/Oven_Albedo.png
[0.596s] -- Up-to-date: /Bt/install/tiago_sim/share/tiago_sim/models/Oven/materials/textures/Glass.png
[0.596s] -- Up-to-date: /Bt/install/tiago_sim/share/tiago_sim/models/Oven/materials/textures/Oven_Normal.png
[0.596s] -- Up-to-date: /Bt/install/tiago_sim/share/tiago_sim/models/Oven/materials/textures/Oven_Metalness.png
[0.597s] -- Up-to-date: /Bt/install/tiago_sim/share/tiago_sim/models/Bed
[0.597s] -- Up-to-date: /Bt/install/tiago_sim/share/tiago_sim/models/Bed/model.config
[0.597s] -- Up-to-date: /Bt/install/tiago_sim/share/tiago_sim/models/Bed/thumbnails
[0.597s] -- Up-to-date: /Bt/install/tiago_sim/share/tiago_sim/models/Bed/thumbnails/Bed.png
[0.597s] -- Up-to-date: /Bt/install/tiago_sim/share/tiago_sim/models/Bed/meshes
[0.597s] -- Up-to-date: /Bt/install/tiago_sim/share/tiago_sim/models/Bed/meshes/bed.dae
[0.597s] -- Up-to-date: /Bt/install/tiago_sim/share/tiago_sim/models/Bed/model.sdf
[0.597s] -- Up-to-date: /Bt/install/tiago_sim/share/tiago_sim/models/Bed/materials
[0.597s] -- Up-to-date: /Bt/install/tiago_sim/share/tiago_sim/models/Bed/materials/textures
[0.597s] -- Up-to-date: /Bt/install/tiago_sim/share/tiago_sim/models/Bed/materials/textures/Bed_Albedo.png
[0.598s] -- Up-to-date: /Bt/install/tiago_sim/share/tiago_sim/models/Bed/materials/textures/Bed_Normal.png
[0.598s] -- Up-to-date: /Bt/install/tiago_sim/share/tiago_sim/models/Bed/materials/textures/Bed_Roughness.png
[0.598s] -- Up-to-date: /Bt/install/tiago_sim/share/tiago_sim/models/Shower
[0.598s] -- Up-to-date: /Bt/install/tiago_sim/share/tiago_sim/models/Shower/model.config
[0.598s] -- Up-to-date: /Bt/install/tiago_sim/share/tiago_sim/models/Shower/thumbnails
[0.598s] -- Up-to-date: /Bt/install/tiago_sim/share/tiago_sim/models/Shower/thumbnails/3.png
[0.598s] -- Up-to-date: /Bt/install/tiago_sim/share/tiago_sim/models/Shower/thumbnails/5.png
[0.598s] -- Up-to-date: /Bt/install/tiago_sim/share/tiago_sim/models/Shower/thumbnails/4.png
[0.599s] -- Up-to-date: /Bt/install/tiago_sim/share/tiago_sim/models/Shower/thumbnails/2.png
[0.599s] -- Up-to-date: /Bt/install/tiago_sim/share/tiago_sim/models/Shower/thumbnails/1.png
[0.599s] -- Up-to-date: /Bt/install/tiago_sim/share/tiago_sim/models/Shower/meshes
[0.599s] -- Up-to-date: /Bt/install/tiago_sim/share/tiago_sim/models/Shower/meshes/Shower.mtl
[0.599s] -- Up-to-date: /Bt/install/tiago_sim/share/tiago_sim/models/Shower/meshes/Shower.obj
[0.599s] -- Up-to-date: /Bt/install/tiago_sim/share/tiago_sim/models/Shower/meshes/ShowerDiffuse.png
[0.599s] -- Up-to-date: /Bt/install/tiago_sim/share/tiago_sim/models/Shower/model.sdf
[0.599s] -- Up-to-date: /Bt/install/tiago_sim/share/tiago_sim/models/OfficeChairBlue
[0.599s] -- Up-to-date: /Bt/install/tiago_sim/share/tiago_sim/models/OfficeChairBlue/model.config
[0.600s] -- Up-to-date: /Bt/install/tiago_sim/share/tiago_sim/models/OfficeChairBlue/thumbnails
[0.600s] -- Up-to-date: /Bt/install/tiago_sim/share/tiago_sim/models/OfficeChairBlue/thumbnails/3.png
[0.600s] -- Up-to-date: /Bt/install/tiago_sim/share/tiago_sim/models/OfficeChairBlue/thumbnails/5.png
[0.600s] -- Up-to-date: /Bt/install/tiago_sim/share/tiago_sim/models/OfficeChairBlue/thumbnails/4.png
[0.600s] -- Up-to-date: /Bt/install/tiago_sim/share/tiago_sim/models/OfficeChairBlue/thumbnails/meta
[0.600s] -- Up-to-date: /Bt/install/tiago_sim/share/tiago_sim/models/OfficeChairBlue/thumbnails/meta/3.png
[0.600s] -- Up-to-date: /Bt/install/tiago_sim/share/tiago_sim/models/OfficeChairBlue/thumbnails/meta/5.png
[0.600s] -- Up-to-date: /Bt/install/tiago_sim/share/tiago_sim/models/OfficeChairBlue/thumbnails/meta/4.png
[0.601s] -- Up-to-date: /Bt/install/tiago_sim/share/tiago_sim/models/OfficeChairBlue/thumbnails/meta/2.png
[0.601s] -- Up-to-date: /Bt/install/tiago_sim/share/tiago_sim/models/OfficeChairBlue/thumbnails/meta/1.png
[0.601s] -- Up-to-date: /Bt/install/tiago_sim/share/tiago_sim/models/OfficeChairBlue/thumbnails/2.png
[0.601s] -- Up-to-date: /Bt/install/tiago_sim/share/tiago_sim/models/OfficeChairBlue/thumbnails/1.png
[0.601s] -- Up-to-date: /Bt/install/tiago_sim/share/tiago_sim/models/OfficeChairBlue/meshes
[0.601s] -- Up-to-date: /Bt/install/tiago_sim/share/tiago_sim/models/OfficeChairBlue/meshes/OfficeChairBlue.png
[0.601s] -- Up-to-date: /Bt/install/tiago_sim/share/tiago_sim/models/OfficeChairBlue/meshes/OfficeChairBlue_Col.obj
[0.601s] -- Up-to-date: /Bt/install/tiago_sim/share/tiago_sim/models/OfficeChairBlue/meshes/OfficeChairBlue.obj
[0.601s] -- Up-to-date: /Bt/install/tiago_sim/share/tiago_sim/models/OfficeChairBlue/meshes/OfficeChairBlue.mtl
[0.602s] -- Up-to-date: /Bt/install/tiago_sim/share/tiago_sim/models/OfficeChairBlue/meshes/OfficeChairBlue_Col.mtl
[0.602s] -- Up-to-date: /Bt/install/tiago_sim/share/tiago_sim/models/OfficeChairBlue/model.sdf
[0.602s] -- Up-to-date: /Bt/install/tiago_sim/share/tiago_sim/models/LampAndStand
[0.604s] -- Up-to-date: /Bt/install/tiago_sim/share/tiago_sim/models/LampAndStand/model.config
[0.605s] -- Up-to-date: /Bt/install/tiago_sim/share/tiago_sim/models/LampAndStand/thumbnails
[0.605s] -- Up-to-date: /Bt/install/tiago_sim/share/tiago_sim/models/LampAndStand/thumbnails/3.png
[0.605s] -- Up-to-date: /Bt/install/tiago_sim/share/tiago_sim/models/LampAndStand/thumbnails/5.png
[0.606s] -- Up-to-date: /Bt/install/tiago_sim/share/tiago_sim/models/LampAndStand/thumbnails/4.png
[0.606s] -- Up-to-date: /Bt/install/tiago_sim/share/tiago_sim/models/LampAndStand/thumbnails/2.png
[0.606s] -- Up-to-date: /Bt/install/tiago_sim/share/tiago_sim/models/LampAndStand/thumbnails/1.png
[0.606s] -- Up-to-date: /Bt/install/tiago_sim/share/tiago_sim/models/LampAndStand/meshes
[0.606s] -- Up-to-date: /Bt/install/tiago_sim/share/tiago_sim/models/LampAndStand/meshes/LampAndStand.obj
[0.606s] -- Up-to-date: /Bt/install/tiago_sim/share/tiago_sim/models/LampAndStand/meshes/LampAndStand_Col.obj
[0.606s] -- Up-to-date: /Bt/install/tiago_sim/share/tiago_sim/models/LampAndStand/meshes/LampAndStand.mtl
[0.606s] -- Up-to-date: /Bt/install/tiago_sim/share/tiago_sim/models/LampAndStand/meshes/LampAndStand_Diffuse.png
[0.606s] -- Up-to-date: /Bt/install/tiago_sim/share/tiago_sim/models/LampAndStand/meshes/LampAndStand_Col.mtl
[0.606s] -- Up-to-date: /Bt/install/tiago_sim/share/tiago_sim/models/LampAndStand/model.sdf
[0.607s] -- Up-to-date: /Bt/install/tiago_sim/share/tiago_sim/models/Drawer
[0.607s] -- Up-to-date: /Bt/install/tiago_sim/share/tiago_sim/models/Drawer/model.config
[0.607s] -- Up-to-date: /Bt/install/tiago_sim/share/tiago_sim/models/Drawer/thumbnails
[0.607s] -- Up-to-date: /Bt/install/tiago_sim/share/tiago_sim/models/Drawer/thumbnails/3.png
[0.607s] -- Up-to-date: /Bt/install/tiago_sim/share/tiago_sim/models/Drawer/thumbnails/5.png
[0.607s] -- Up-to-date: /Bt/install/tiago_sim/share/tiago_sim/models/Drawer/thumbnails/4.png
[0.607s] -- Up-to-date: /Bt/install/tiago_sim/share/tiago_sim/models/Drawer/thumbnails/2.png
[0.607s] -- Up-to-date: /Bt/install/tiago_sim/share/tiago_sim/models/Drawer/thumbnails/1.png
[0.607s] -- Up-to-date: /Bt/install/tiago_sim/share/tiago_sim/models/Drawer/meshes
[0.607s] -- Up-to-date: /Bt/install/tiago_sim/share/tiago_sim/models/Drawer/meshes/Drawer.png
[0.607s] -- Up-to-date: /Bt/install/tiago_sim/share/tiago_sim/models/Drawer/meshes/Drawer.mtl
[0.608s] -- Up-to-date: /Bt/install/tiago_sim/share/tiago_sim/models/Drawer/meshes/Drawer.obj
[0.608s] -- Up-to-date: /Bt/install/tiago_sim/share/tiago_sim/models/Drawer/meshes/Drawer_Col.obj
[0.608s] -- Up-to-date: /Bt/install/tiago_sim/share/tiago_sim/models/Drawer/model.sdf
[0.608s] -- Up-to-date: /Bt/install/tiago_sim/share/tiago_sim/models/TrashBin
[0.608s] -- Up-to-date: /Bt/install/tiago_sim/share/tiago_sim/models/TrashBin/model.config
[0.608s] -- Up-to-date: /Bt/install/tiago_sim/share/tiago_sim/models/TrashBin/thumbnails
[0.608s] -- Up-to-date: /Bt/install/tiago_sim/share/tiago_sim/models/TrashBin/thumbnails/3.png
[0.608s] -- Up-to-date: /Bt/install/tiago_sim/share/tiago_sim/models/TrashBin/thumbnails/5.png
[0.608s] -- Up-to-date: /Bt/install/tiago_sim/share/tiago_sim/models/TrashBin/thumbnails/4.png
[0.609s] -- Up-to-date: /Bt/install/tiago_sim/share/tiago_sim/models/TrashBin/thumbnails/2.png
[0.609s] -- Up-to-date: /Bt/install/tiago_sim/share/tiago_sim/models/TrashBin/thumbnails/1.png
[0.609s] -- Up-to-date: /Bt/install/tiago_sim/share/tiago_sim/models/TrashBin/meshes
[0.609s] -- Up-to-date: /Bt/install/tiago_sim/share/tiago_sim/models/TrashBin/meshes/TrashBin.mtl
[0.609s] -- Up-to-date: /Bt/install/tiago_sim/share/tiago_sim/models/TrashBin/meshes/TrashBin_Diffuse.png
[0.609s] -- Up-to-date: /Bt/install/tiago_sim/share/tiago_sim/models/TrashBin/meshes/TrashBin.obj
[0.609s] -- Up-to-date: /Bt/install/tiago_sim/share/tiago_sim/models/TrashBin/model.sdf
[0.609s] -- Up-to-date: /Bt/install/tiago_sim/share/tiago_sim/models/Calphalon_Kitchen_Essentials_12_Cast_Iron_Fry_Pan_Black
[0.609s] -- Up-to-date: /Bt/install/tiago_sim/share/tiago_sim/models/Calphalon_Kitchen_Essentials_12_Cast_Iron_Fry_Pan_Black/model.config
[0.609s] -- Up-to-date: /Bt/install/tiago_sim/share/tiago_sim/models/Calphalon_Kitchen_Essentials_12_Cast_Iron_Fry_Pan_Black/thumbnails
[0.610s] -- Up-to-date: /Bt/install/tiago_sim/share/tiago_sim/models/Calphalon_Kitchen_Essentials_12_Cast_Iron_Fry_Pan_Black/thumbnails/2.jpg
[0.610s] -- Up-to-date: /Bt/install/tiago_sim/share/tiago_sim/models/Calphalon_Kitchen_Essentials_12_Cast_Iron_Fry_Pan_Black/thumbnails/4.jpg
[0.610s] -- Up-to-date: /Bt/install/tiago_sim/share/tiago_sim/models/Calphalon_Kitchen_Essentials_12_Cast_Iron_Fry_Pan_Black/thumbnails/3.jpg
[0.610s] -- Up-to-date: /Bt/install/tiago_sim/share/tiago_sim/models/Calphalon_Kitchen_Essentials_12_Cast_Iron_Fry_Pan_Black/thumbnails/0.jpg
[0.610s] -- Up-to-date: /Bt/install/tiago_sim/share/tiago_sim/models/Calphalon_Kitchen_Essentials_12_Cast_Iron_Fry_Pan_Black/thumbnails/1.jpg
[0.610s] -- Up-to-date: /Bt/install/tiago_sim/share/tiago_sim/models/Calphalon_Kitchen_Essentials_12_Cast_Iron_Fry_Pan_Black/meshes
[0.610s] -- Up-to-date: /Bt/install/tiago_sim/share/tiago_sim/models/Calphalon_Kitchen_Essentials_12_Cast_Iron_Fry_Pan_Black/meshes/model.mtl
[0.610s] -- Up-to-date: /Bt/install/tiago_sim/share/tiago_sim/models/Calphalon_Kitchen_Essentials_12_Cast_Iron_Fry_Pan_Black/meshes/model.obj
[0.610s] -- Up-to-date: /Bt/install/tiago_sim/share/tiago_sim/models/Calphalon_Kitchen_Essentials_12_Cast_Iron_Fry_Pan_Black/model.sdf
[0.611s] -- Up-to-date: /Bt/install/tiago_sim/share/tiago_sim/models/Calphalon_Kitchen_Essentials_12_Cast_Iron_Fry_Pan_Black/metadata.pbtxt
[0.611s] -- Up-to-date: /Bt/install/tiago_sim/share/tiago_sim/models/Calphalon_Kitchen_Essentials_12_Cast_Iron_Fry_Pan_Black/materials
[0.611s] -- Up-to-date: /Bt/install/tiago_sim/share/tiago_sim/models/Calphalon_Kitchen_Essentials_12_Cast_Iron_Fry_Pan_Black/materials/textures
[0.611s] -- Up-to-date: /Bt/install/tiago_sim/share/tiago_sim/models/Calphalon_Kitchen_Essentials_12_Cast_Iron_Fry_Pan_Black/materials/textures/texture.png
[0.611s] -- Up-to-date: /Bt/install/tiago_sim/share/tiago_sim/models/charger
[0.611s] -- Up-to-date: /Bt/install/tiago_sim/share/tiago_sim/models/charger/model.config
[0.611s] -- Up-to-date: /Bt/install/tiago_sim/share/tiago_sim/models/charger/model.sdf
[0.611s] -- Up-to-date: /Bt/install/tiago_sim/share/tiago_sim/models/MiniSofa
[0.611s] -- Up-to-date: /Bt/install/tiago_sim/share/tiago_sim/models/MiniSofa/model.config
[0.611s] -- Up-to-date: /Bt/install/tiago_sim/share/tiago_sim/models/MiniSofa/thumbnails
[0.612s] -- Up-to-date: /Bt/install/tiago_sim/share/tiago_sim/models/MiniSofa/thumbnails/3.png
[0.612s] -- Up-to-date: /Bt/install/tiago_sim/share/tiago_sim/models/MiniSofa/thumbnails/5.png
[0.612s] -- Up-to-date: /Bt/install/tiago_sim/share/tiago_sim/models/MiniSofa/thumbnails/4.png
[0.613s] -- Up-to-date: /Bt/install/tiago_sim/share/tiago_sim/models/MiniSofa/thumbnails/2.png
[0.613s] -- Up-to-date: /Bt/install/tiago_sim/share/tiago_sim/models/MiniSofa/thumbnails/1.png
[0.613s] -- Up-to-date: /Bt/install/tiago_sim/share/tiago_sim/models/MiniSofa/meshes
[0.613s] -- Up-to-date: /Bt/install/tiago_sim/share/tiago_sim/models/MiniSofa/meshes/minisofa.obj
[0.613s] -- Up-to-date: /Bt/install/tiago_sim/share/tiago_sim/models/MiniSofa/meshes/MiniSofa_Diffuse.png
[0.613s] -- Up-to-date: /Bt/install/tiago_sim/share/tiago_sim/models/MiniSofa/meshes/minisofa.mtl
[0.613s] -- Up-to-date: /Bt/install/tiago_sim/share/tiago_sim/models/MiniSofa/model.sdf
[0.613s] -- Up-to-date: /Bt/install/tiago_sim/share/tiago_sim/models/Refrigerator
[0.613s] -- Up-to-date: /Bt/install/tiago_sim/share/tiago_sim/models/Refrigerator/model.config
[0.613s] -- Up-to-date: /Bt/install/tiago_sim/share/tiago_sim/models/Refrigerator/thumbnails
[0.613s] -- Up-to-date: /Bt/install/tiago_sim/share/tiago_sim/models/Refrigerator/thumbnails/Fridge.png
[0.614s] -- Up-to-date: /Bt/install/tiago_sim/share/tiago_sim/models/Refrigerator/meshes
[0.614s] -- Up-to-date: /Bt/install/tiago_sim/share/tiago_sim/models/Refrigerator/meshes/fridge.dae
[0.614s] -- Up-to-date: /Bt/install/tiago_sim/share/tiago_sim/models/Refrigerator/model.sdf
[0.614s] -- Up-to-date: /Bt/install/tiago_sim/share/tiago_sim/models/Refrigerator/materials
[0.614s] -- Up-to-date: /Bt/install/tiago_sim/share/tiago_sim/models/Refrigerator/materials/textures
[0.614s] -- Up-to-date: /Bt/install/tiago_sim/share/tiago_sim/models/Refrigerator/materials/textures/Fridge_Roughness.jpg
[0.614s] -- Up-to-date: /Bt/install/tiago_sim/share/tiago_sim/models/Refrigerator/materials/textures/Fridge_Albedo.jpg
[0.614s] -- Up-to-date: /Bt/install/tiago_sim/share/tiago_sim/models/Refrigerator/materials/textures/Fridge_Metalness.jpg
[0.614s] -- Up-to-date: /Bt/install/tiago_sim/share/tiago_sim/models/Refrigerator/materials/textures/Fridge_Normal.png
[0.614s] -- Up-to-date: /Bt/install/tiago_sim/share/tiago_sim/models/KitchenCountertop
[0.614s] -- Up-to-date: /Bt/install/tiago_sim/share/tiago_sim/models/KitchenCountertop/model.config
[0.614s] -- Up-to-date: /Bt/install/tiago_sim/share/tiago_sim/models/KitchenCountertop/thumbnails
[0.615s] -- Up-to-date: /Bt/install/tiago_sim/share/tiago_sim/models/KitchenCountertop/thumbnails/3.png
[0.615s] -- Up-to-date: /Bt/install/tiago_sim/share/tiago_sim/models/KitchenCountertop/thumbnails/5.png
[0.615s] -- Up-to-date: /Bt/install/tiago_sim/share/tiago_sim/models/KitchenCountertop/thumbnails/4.png
[0.615s] -- Up-to-date: /Bt/install/tiago_sim/share/tiago_sim/models/KitchenCountertop/thumbnails/2.png
[0.615s] -- Up-to-date: /Bt/install/tiago_sim/share/tiago_sim/models/KitchenCountertop/thumbnails/1.png
[0.615s] -- Up-to-date: /Bt/install/tiago_sim/share/tiago_sim/models/KitchenCountertop/meshes
[0.615s] -- Up-to-date: /Bt/install/tiago_sim/share/tiago_sim/models/KitchenCountertop/meshes/KitchenCountertop.obj
[0.615s] -- Up-to-date: /Bt/install/tiago_sim/share/tiago_sim/models/KitchenCountertop/meshes/KitchenCountertop_Diffuse.png
[0.615s] -- Up-to-date: /Bt/install/tiago_sim/share/tiago_sim/models/KitchenCountertop/meshes/KitchenCountertop.mtl
[0.615s] -- Up-to-date: /Bt/install/tiago_sim/share/tiago_sim/models/KitchenCountertop/model.sdf
[0.615s] -- Up-to-date: /Bt/install/tiago_sim/share/tiago_sim/models/Office Desk
[0.616s] -- Up-to-date: /Bt/install/tiago_sim/share/tiago_sim/models/Office Desk/model.config
[0.616s] -- Up-to-date: /Bt/install/tiago_sim/share/tiago_sim/models/Office Desk/thumbnails
[0.616s] -- Up-to-date: /Bt/install/tiago_sim/share/tiago_sim/models/Office Desk/thumbnails/Desk.png
[0.616s] -- Up-to-date: /Bt/install/tiago_sim/share/tiago_sim/models/Office Desk/meshes
[0.616s] -- Up-to-date: /Bt/install/tiago_sim/share/tiago_sim/models/Office Desk/meshes/desk.dae
[0.616s] -- Up-to-date: /Bt/install/tiago_sim/share/tiago_sim/models/Office Desk/model.sdf
[0.616s] -- Up-to-date: /Bt/install/tiago_sim/share/tiago_sim/models/Office Desk/materials
[0.616s] -- Up-to-date: /Bt/install/tiago_sim/share/tiago_sim/models/Office Desk/materials/textures
[0.616s] -- Up-to-date: /Bt/install/tiago_sim/share/tiago_sim/models/Office Desk/materials/textures/Desk_Albedo.png
[0.617s] -- Up-to-date: /Bt/install/tiago_sim/share/tiago_sim/models/Office Desk/materials/textures/Desk_Normal.png
[0.617s] -- Up-to-date: /Bt/install/tiago_sim/share/tiago_sim/models/Office Desk/materials/textures/Desk_Roughness.png
[0.617s] -- Up-to-date: /Bt/install/tiago_sim/share/tiago_sim/models/Standard Toilet
[0.617s] -- Up-to-date: /Bt/install/tiago_sim/share/tiago_sim/models/Standard Toilet/model.config
[0.617s] -- Up-to-date: /Bt/install/tiago_sim/share/tiago_sim/models/Standard Toilet/thumbnails
[0.617s] -- Up-to-date: /Bt/install/tiago_sim/share/tiago_sim/models/Standard Toilet/thumbnails/Toilet.png
[0.617s] -- Up-to-date: /Bt/install/tiago_sim/share/tiago_sim/models/Standard Toilet/meshes
[0.617s] -- Up-to-date: /Bt/install/tiago_sim/share/tiago_sim/models/Standard Toilet/meshes/toilet.dae
[0.617s] -- Up-to-date: /Bt/install/tiago_sim/share/tiago_sim/models/Standard Toilet/model.sdf
[0.617s] -- Up-to-date: /Bt/install/tiago_sim/share/tiago_sim/models/Standard Toilet/materials
[0.617s] -- Up-to-date: /Bt/install/tiago_sim/share/tiago_sim/models/Standard Toilet/materials/textures
[0.617s] -- Up-to-date: /Bt/install/tiago_sim/share/tiago_sim/models/Standard Toilet/materials/textures/Toilet_Metalness.png
[0.617s] -- Up-to-date: /Bt/install/tiago_sim/share/tiago_sim/models/Standard Toilet/materials/textures/Toilet_Normal.png
[0.618s] -- Up-to-date: /Bt/install/tiago_sim/share/tiago_sim/models/Standard Toilet/materials/textures/Toilet_Roughness.png
[0.618s] -- Up-to-date: /Bt/install/tiago_sim/share/tiago_sim/models/Standard Toilet/materials/textures/Toilet_Albedo.png
[0.618s] -- Up-to-date: /Bt/install/tiago_sim/share/tiago_sim/models/first_2015_trash_can
[0.618s] -- Up-to-date: /Bt/install/tiago_sim/share/tiago_sim/models/first_2015_trash_can/model.config
[0.618s] -- Up-to-date: /Bt/install/tiago_sim/share/tiago_sim/models/first_2015_trash_can/thumbnails
[0.618s] -- Up-to-date: /Bt/install/tiago_sim/share/tiago_sim/models/first_2015_trash_can/thumbnails/3.png
[0.618s] -- Up-to-date: /Bt/install/tiago_sim/share/tiago_sim/models/first_2015_trash_can/thumbnails/5.png
[0.618s] -- Up-to-date: /Bt/install/tiago_sim/share/tiago_sim/models/first_2015_trash_can/thumbnails/4.png
[0.620s] -- Up-to-date: /Bt/install/tiago_sim/share/tiago_sim/models/first_2015_trash_can/thumbnails/2.png
[0.620s] -- Up-to-date: /Bt/install/tiago_sim/share/tiago_sim/models/first_2015_trash_can/thumbnails/1.png
[0.620s] -- Up-to-date: /Bt/install/tiago_sim/share/tiago_sim/models/first_2015_trash_can/meshes
[0.621s] -- Up-to-date: /Bt/install/tiago_sim/share/tiago_sim/models/first_2015_trash_can/meshes/trash_can.dae
[0.621s] -- Up-to-date: /Bt/install/tiago_sim/share/tiago_sim/models/first_2015_trash_can/model.sdf
[0.621s] -- Up-to-date: /Bt/install/tiago_sim/share/tiago_sim/models/BedsideTable2
[0.621s] -- Up-to-date: /Bt/install/tiago_sim/share/tiago_sim/models/BedsideTable2/model.config
[0.623s] -- Up-to-date: /Bt/install/tiago_sim/share/tiago_sim/models/BedsideTable2/thumbnails
[0.624s] -- Up-to-date: /Bt/install/tiago_sim/share/tiago_sim/models/BedsideTable2/thumbnails/3.png
[0.624s] -- Up-to-date: /Bt/install/tiago_sim/share/tiago_sim/models/BedsideTable2/thumbnails/5.png
[0.624s] -- Up-to-date: /Bt/install/tiago_sim/share/tiago_sim/models/BedsideTable2/thumbnails/4.png
[0.624s] -- Up-to-date: /Bt/install/tiago_sim/share/tiago_sim/models/BedsideTable2/thumbnails/2.png
[0.624s] -- Up-to-date: /Bt/install/tiago_sim/share/tiago_sim/models/BedsideTable2/thumbnails/1.png
[0.625s] -- Up-to-date: /Bt/install/tiago_sim/share/tiago_sim/models/BedsideTable2/meshes
[0.625s] -- Up-to-date: /Bt/install/tiago_sim/share/tiago_sim/models/BedsideTable2/meshes/BedsideTable2_Col.obj
[0.625s] -- Up-to-date: /Bt/install/tiago_sim/share/tiago_sim/models/BedsideTable2/meshes/BedsideTable2.png
[0.625s] -- Up-to-date: /Bt/install/tiago_sim/share/tiago_sim/models/BedsideTable2/meshes/BedsideTable2.obj
[0.625s] -- Up-to-date: /Bt/install/tiago_sim/share/tiago_sim/models/BedsideTable2/meshes/BedsideTable2.mtl
[0.625s] -- Up-to-date: /Bt/install/tiago_sim/share/tiago_sim/models/BedsideTable2/meshes/BedsideTable2_Col.mtl
[0.625s] -- Up-to-date: /Bt/install/tiago_sim/share/tiago_sim/models/BedsideTable2/model.sdf
[0.625s] -- Up-to-date: /Bt/install/tiago_sim/share/tiago_sim/models/Sofa
[0.625s] -- Up-to-date: /Bt/install/tiago_sim/share/tiago_sim/models/Sofa/model.config
[0.625s] -- Up-to-date: /Bt/install/tiago_sim/share/tiago_sim/models/Sofa/thumbnails
[0.625s] -- Up-to-date: /Bt/install/tiago_sim/share/tiago_sim/models/Sofa/thumbnails/3.png
[0.625s] -- Up-to-date: /Bt/install/tiago_sim/share/tiago_sim/models/Sofa/thumbnails/5.png
[0.626s] -- Up-to-date: /Bt/install/tiago_sim/share/tiago_sim/models/Sofa/thumbnails/4.png
[0.626s] -- Up-to-date: /Bt/install/tiago_sim/share/tiago_sim/models/Sofa/thumbnails/2.png
[0.626s] -- Up-to-date: /Bt/install/tiago_sim/share/tiago_sim/models/Sofa/thumbnails/1.png
[0.626s] -- Up-to-date: /Bt/install/tiago_sim/share/tiago_sim/models/Sofa/meshes
[0.626s] -- Up-to-date: /Bt/install/tiago_sim/share/tiago_sim/models/Sofa/meshes/Sofa.obj
[0.626s] -- Up-to-date: /Bt/install/tiago_sim/share/tiago_sim/models/Sofa/meshes/SofaDiffuse.png
[0.626s] -- Up-to-date: /Bt/install/tiago_sim/share/tiago_sim/models/Sofa/meshes/Sofa.mtl
[0.626s] -- Up-to-date: /Bt/install/tiago_sim/share/tiago_sim/models/Sofa/model.sdf
[0.626s] -- Up-to-date: /Bt/install/tiago_sim/share/tiago_sim/models/Box1
[0.626s] -- Up-to-date: /Bt/install/tiago_sim/share/tiago_sim/models/Box1/model.config
[0.627s] -- Up-to-date: /Bt/install/tiago_sim/share/tiago_sim/models/Box1/meshes
[0.627s] -- Up-to-date: /Bt/install/tiago_sim/share/tiago_sim/models/Box1/meshes/Box1.png
[0.627s] -- Up-to-date: /Bt/install/tiago_sim/share/tiago_sim/models/Box1/meshes/Black.png
[0.627s] -- Up-to-date: /Bt/install/tiago_sim/share/tiago_sim/models/Box1/meshes/Box1.dae
[0.628s] -- Up-to-date: /Bt/install/tiago_sim/share/tiago_sim/models/Box1/meshes/Box1_mod.dae
[0.628s] -- Up-to-date: /Bt/install/tiago_sim/share/tiago_sim/models/Box1/Box1.sdf
[0.628s] -- Up-to-date: /Bt/install/tiago_sim/share/tiago_sim/models/Box1/materials
[0.628s] -- Up-to-date: /Bt/install/tiago_sim/share/tiago_sim/models/Box1/materials/textures
[0.628s] -- Up-to-date: /Bt/install/tiago_sim/share/tiago_sim/models/Box1/materials/textures/Box1.png
[0.628s] -- Up-to-date: /Bt/install/tiago_sim/share/tiago_sim/models/Dining Chair
[0.628s] -- Up-to-date: /Bt/install/tiago_sim/share/tiago_sim/models/Dining Chair/model.config
[0.629s] -- Up-to-date: /Bt/install/tiago_sim/share/tiago_sim/models/Dining Chair/thumbnails
[0.629s] -- Up-to-date: /Bt/install/tiago_sim/share/tiago_sim/models/Dining Chair/thumbnails/DiningChair.png
[0.629s] -- Up-to-date: /Bt/install/tiago_sim/share/tiago_sim/models/Dining Chair/meshes
[0.629s] -- Up-to-date: /Bt/install/tiago_sim/share/tiago_sim/models/Dining Chair/meshes/diningchair.dae
[0.629s] -- Up-to-date: /Bt/install/tiago_sim/share/tiago_sim/models/Dining Chair/model.sdf
[0.629s] -- Up-to-date: /Bt/install/tiago_sim/share/tiago_sim/models/Dining Chair/materials
[0.629s] -- Up-to-date: /Bt/install/tiago_sim/share/tiago_sim/models/Dining Chair/materials/textures
[0.629s] -- Up-to-date: /Bt/install/tiago_sim/share/tiago_sim/models/Dining Chair/materials/textures/DiningChair_Normal.jpg
[0.629s] -- Up-to-date: /Bt/install/tiago_sim/share/tiago_sim/models/Dining Chair/materials/textures/DiningChair_Roughness.jpg
[0.629s] -- Up-to-date: /Bt/install/tiago_sim/share/tiago_sim/models/Dining Chair/materials/textures/DiningChair_Albedo.jpg
[0.630s] -- Up-to-date: /Bt/install/tiago_sim/share/tiago_sim/models/NormalBed
[0.630s] -- Up-to-date: /Bt/install/tiago_sim/share/tiago_sim/models/NormalBed/model.config
[0.630s] -- Up-to-date: /Bt/install/tiago_sim/share/tiago_sim/models/NormalBed/thumbnails
[0.630s] -- Up-to-date: /Bt/install/tiago_sim/share/tiago_sim/models/NormalBed/thumbnails/3.png
[0.631s] -- Up-to-date: /Bt/install/tiago_sim/share/tiago_sim/models/NormalBed/thumbnails/5.png
[0.632s] -- Up-to-date: /Bt/install/tiago_sim/share/tiago_sim/models/NormalBed/thumbnails/4.png
[0.632s] -- Up-to-date: /Bt/install/tiago_sim/share/tiago_sim/models/NormalBed/thumbnails/2.png
[0.632s] -- Up-to-date: /Bt/install/tiago_sim/share/tiago_sim/models/NormalBed/thumbnails/1.png
[0.632s] -- Up-to-date: /Bt/install/tiago_sim/share/tiago_sim/models/NormalBed/meshes
[0.632s] -- Up-to-date: /Bt/install/tiago_sim/share/tiago_sim/models/NormalBed/meshes/bed.png
[0.632s] -- Up-to-date: /Bt/install/tiago_sim/share/tiago_sim/models/NormalBed/meshes/bed.mtl
[0.632s] -- Up-to-date: /Bt/install/tiago_sim/share/tiago_sim/models/NormalBed/meshes/bed.obj
[0.632s] -- Up-to-date: /Bt/install/tiago_sim/share/tiago_sim/models/NormalBed/model.sdf
[0.632s] -- Up-to-date: /Bt/install/tiago_sim/share/tiago_sim/models/rug_ivory_2m
[0.632s] -- Up-to-date: /Bt/install/tiago_sim/share/tiago_sim/models/rug_ivory_2m/material
[0.633s] -- Up-to-date: /Bt/install/tiago_sim/share/tiago_sim/models/rug_ivory_2m/material/textures
[0.633s] -- Up-to-date: /Bt/install/tiago_sim/share/tiago_sim/models/rug_ivory_2m/material/textures/rug_ivory_469x588.png
[0.633s] -- Up-to-date: /Bt/install/tiago_sim/share/tiago_sim/models/rug_ivory_2m/material/script
[0.633s] -- Up-to-date: /Bt/install/tiago_sim/share/tiago_sim/models/rug_ivory_2m/material/script/rug_ivory_2m.material
[0.633s] -- Up-to-date: /Bt/install/tiago_sim/share/tiago_sim/models/rug_ivory_2m/model.config
[0.633s] -- Up-to-date: /Bt/install/tiago_sim/share/tiago_sim/models/rug_ivory_2m/thumbnails
[0.633s] -- Up-to-date: /Bt/install/tiago_sim/share/tiago_sim/models/rug_ivory_2m/thumbnails/1.png
[0.633s] -- Up-to-date: /Bt/install/tiago_sim/share/tiago_sim/models/rug_ivory_2m/model.sdf
[0.633s] -- Up-to-date: /Bt/install/tiago_sim/share/tiago_sim/models/SquareShelf
[0.633s] -- Up-to-date: /Bt/install/tiago_sim/share/tiago_sim/models/SquareShelf/model.config
[0.634s] -- Up-to-date: /Bt/install/tiago_sim/share/tiago_sim/models/SquareShelf/thumbnails
[0.634s] -- Up-to-date: /Bt/install/tiago_sim/share/tiago_sim/models/SquareShelf/thumbnails/3.png
[0.634s] -- Up-to-date: /Bt/install/tiago_sim/share/tiago_sim/models/SquareShelf/thumbnails/5.png
[0.634s] -- Up-to-date: /Bt/install/tiago_sim/share/tiago_sim/models/SquareShelf/thumbnails/4.png
[0.634s] -- Up-to-date: /Bt/install/tiago_sim/share/tiago_sim/models/SquareShelf/thumbnails/2.png
[0.634s] -- Up-to-date: /Bt/install/tiago_sim/share/tiago_sim/models/SquareShelf/thumbnails/1.png
[0.634s] -- Up-to-date: /Bt/install/tiago_sim/share/tiago_sim/models/SquareShelf/meshes
[0.634s] -- Up-to-date: /Bt/install/tiago_sim/share/tiago_sim/models/SquareShelf/meshes/SquareShelf_Diffuse.png
[0.634s] -- Up-to-date: /Bt/install/tiago_sim/share/tiago_sim/models/SquareShelf/meshes/SquareShelf_Col.mtl
[0.634s] -- Up-to-date: /Bt/install/tiago_sim/share/tiago_sim/models/SquareShelf/meshes/SquareShelf.obj
[0.635s] -- Up-to-date: /Bt/install/tiago_sim/share/tiago_sim/models/SquareShelf/meshes/SquareShelf.mtl
[0.635s] -- Up-to-date: /Bt/install/tiago_sim/share/tiago_sim/models/SquareShelf/meshes/SquareShelf_Col.obj
[0.635s] -- Up-to-date: /Bt/install/tiago_sim/share/tiago_sim/models/SquareShelf/model.sdf
[0.635s] -- Up-to-date: /Bt/install/tiago_sim/share/tiago_sim/models/Box3
[0.635s] -- Up-to-date: /Bt/install/tiago_sim/share/tiago_sim/models/Box3/Box3.sdf
[0.635s] -- Up-to-date: /Bt/install/tiago_sim/share/tiago_sim/models/Box3/model.config
[0.635s] -- Up-to-date: /Bt/install/tiago_sim/share/tiago_sim/models/Box3/meshes
[0.635s] -- Up-to-date: /Bt/install/tiago_sim/share/tiago_sim/models/Box3/meshes/Box3.png
[0.635s] -- Up-to-date: /Bt/install/tiago_sim/share/tiago_sim/models/Box3/meshes/Box3.dae
[0.635s] -- Up-to-date: /Bt/install/tiago_sim/share/tiago_sim/models/Box3/meshes/Black.png
[0.636s] -- Up-to-date: /Bt/install/tiago_sim/share/tiago_sim/models/Box3/meshes/Box3_mod.dae
[0.636s] -- Up-to-date: /Bt/install/tiago_sim/share/tiago_sim/models/Box3/materials
[0.636s] -- Up-to-date: /Bt/install/tiago_sim/share/tiago_sim/models/Box3/materials/textures
[0.636s] -- Up-to-date: /Bt/install/tiago_sim/share/tiago_sim/models/Box3/materials/textures/Box3.png
[0.637s] -- Up-to-date: /Bt/install/tiago_sim/share/tiago_sim/models/walls
[0.637s] -- Up-to-date: /Bt/install/tiago_sim/share/tiago_sim/models/walls/model.config
[0.637s] -- Up-to-date: /Bt/install/tiago_sim/share/tiago_sim/models/walls/model.sdf
[0.637s] -- Up-to-date: /Bt/install/tiago_sim/share/tiago_sim/models/BathroomSink
[0.637s] -- Up-to-date: /Bt/install/tiago_sim/share/tiago_sim/models/BathroomSink/model.config
[0.638s] -- Up-to-date: /Bt/install/tiago_sim/share/tiago_sim/models/BathroomSink/thumbnails
[0.638s] -- Up-to-date: /Bt/install/tiago_sim/share/tiago_sim/models/BathroomSink/thumbnails/3.png
[0.638s] -- Up-to-date: /Bt/install/tiago_sim/share/tiago_sim/models/BathroomSink/thumbnails/5.png
[0.638s] -- Up-to-date: /Bt/install/tiago_sim/share/tiago_sim/models/BathroomSink/thumbnails/4.png
[0.638s] -- Up-to-date: /Bt/install/tiago_sim/share/tiago_sim/models/BathroomSink/thumbnails/2.png
[0.638s] -- Up-to-date: /Bt/install/tiago_sim/share/tiago_sim/models/BathroomSink/thumbnails/1.png
[0.638s] -- Up-to-date: /Bt/install/tiago_sim/share/tiago_sim/models/BathroomSink/meshes
[0.638s] -- Up-to-date: /Bt/install/tiago_sim/share/tiago_sim/models/BathroomSink/meshes/BathroomSink_Metal.png
[0.639s] -- Up-to-date: /Bt/install/tiago_sim/share/tiago_sim/models/BathroomSink/meshes/BathroomSink_Col.obj
[0.639s] -- Up-to-date: /Bt/install/tiago_sim/share/tiago_sim/models/BathroomSink/meshes/BathroomSink.mtl
[0.639s] -- Up-to-date: /Bt/install/tiago_sim/share/tiago_sim/models/BathroomSink/meshes/BathroomSink_Col.mtl
[0.639s] -- Up-to-date: /Bt/install/tiago_sim/share/tiago_sim/models/BathroomSink/meshes/BathroomSink.obj
[0.639s] -- Up-to-date: /Bt/install/tiago_sim/share/tiago_sim/models/BathroomSink/meshes/BathroomSink_Rough.png
[0.640s] -- Up-to-date: /Bt/install/tiago_sim/share/tiago_sim/models/BathroomSink/meshes/BathroomSink_Diffuse.png
[0.640s] -- Up-to-date: /Bt/install/tiago_sim/share/tiago_sim/models/BathroomSink/model.sdf
[0.640s] -- Up-to-date: /Bt/install/tiago_sim/share/tiago_sim/models/Fridge
[0.640s] -- Up-to-date: /Bt/install/tiago_sim/share/tiago_sim/models/Fridge/model.config
[0.640s] -- Up-to-date: /Bt/install/tiago_sim/share/tiago_sim/models/Fridge/thumbnails
[0.641s] -- Up-to-date: /Bt/install/tiago_sim/share/tiago_sim/models/Fridge/thumbnails/3.png
[0.641s] -- Up-to-date: /Bt/install/tiago_sim/share/tiago_sim/models/Fridge/thumbnails/5.png
[0.641s] -- Up-to-date: /Bt/install/tiago_sim/share/tiago_sim/models/Fridge/thumbnails/4.png
[0.641s] -- Up-to-date: /Bt/install/tiago_sim/share/tiago_sim/models/Fridge/thumbnails/2.png
[0.641s] -- Up-to-date: /Bt/install/tiago_sim/share/tiago_sim/models/Fridge/thumbnails/1.png
[0.641s] -- Up-to-date: /Bt/install/tiago_sim/share/tiago_sim/models/Fridge/meshes
[0.642s] -- Up-to-date: /Bt/install/tiago_sim/share/tiago_sim/models/Fridge/meshes/Fridge.mtl
[0.644s] -- Up-to-date: /Bt/install/tiago_sim/share/tiago_sim/models/Fridge/meshes/Fridge_Col.obj
[0.644s] -- Up-to-date: /Bt/install/tiago_sim/share/tiago_sim/models/Fridge/meshes/Fridge_Diffuse.png
[0.644s] -- Up-to-date: /Bt/install/tiago_sim/share/tiago_sim/models/Fridge/meshes/Fridge_Col.mtl
[0.644s] -- Up-to-date: /Bt/install/tiago_sim/share/tiago_sim/models/Fridge/meshes/Fridge.obj
[0.644s] -- Up-to-date: /Bt/install/tiago_sim/share/tiago_sim/models/Fridge/model.sdf
[0.644s] -- Up-to-date: /Bt/install/tiago_sim/share/tiago_sim/models/table
[0.645s] -- Up-to-date: /Bt/install/tiago_sim/share/tiago_sim/models/table/model.config
[0.645s] -- Up-to-date: /Bt/install/tiago_sim/share/tiago_sim/models/table/model.sdf
[0.645s] -- Up-to-date: /Bt/install/tiago_sim/share/tiago_sim/models/counter
[0.645s] -- Up-to-date: /Bt/install/tiago_sim/share/tiago_sim/models/counter/model.config
[0.645s] -- Up-to-date: /Bt/install/tiago_sim/share/tiago_sim/models/counter/model.sdf
[0.645s] -- Up-to-date: /Bt/install/tiago_sim/share/tiago_sim/models/Office Chair
[0.646s] -- Up-to-date: /Bt/install/tiago_sim/share/tiago_sim/models/Office Chair/model.config
[0.646s] -- Up-to-date: /Bt/install/tiago_sim/share/tiago_sim/models/Office Chair/thumbnails
[0.648s] -- Up-to-date: /Bt/install/tiago_sim/share/tiago_sim/models/Office Chair/thumbnails/OfficeChair.png
[0.648s] -- Up-to-date: /Bt/install/tiago_sim/share/tiago_sim/models/Office Chair/meshes
[0.648s] -- Up-to-date: /Bt/install/tiago_sim/share/tiago_sim/models/Office Chair/meshes/officechair.dae
[0.648s] -- Up-to-date: /Bt/install/tiago_sim/share/tiago_sim/models/Office Chair/model.sdf
[0.648s] -- Up-to-date: /Bt/install/tiago_sim/share/tiago_sim/models/Office Chair/materials
[0.649s] -- Up-to-date: /Bt/install/tiago_sim/share/tiago_sim/models/Office Chair/materials/textures
[0.649s] -- Up-to-date: /Bt/install/tiago_sim/share/tiago_sim/models/Office Chair/materials/textures/OfficeChair_Normal.png
[0.650s] -- Up-to-date: /Bt/install/tiago_sim/share/tiago_sim/models/Office Chair/materials/textures/OfficeChair_Albedo.png
[0.650s] -- Up-to-date: /Bt/install/tiago_sim/share/tiago_sim/models/Office Chair/materials/textures/OfficeChair_Roughness.png
[0.650s] -- Up-to-date: /Bt/install/tiago_sim/share/tiago_sim/models/Office Chair/materials/textures/OfficeChair_Metalness.png
[0.650s] -- Up-to-date: /Bt/install/tiago_sim/share/tiago_sim/models/Box2
[0.650s] -- Up-to-date: /Bt/install/tiago_sim/share/tiago_sim/models/Box2/model.config
[0.651s] -- Up-to-date: /Bt/install/tiago_sim/share/tiago_sim/models/Box2/meshes
[0.651s] -- Up-to-date: /Bt/install/tiago_sim/share/tiago_sim/models/Box2/meshes/Black.png
[0.651s] -- Up-to-date: /Bt/install/tiago_sim/share/tiago_sim/models/Box2/meshes/Box2_mod.dae
[0.652s] -- Up-to-date: /Bt/install/tiago_sim/share/tiago_sim/models/Box2/meshes/Box2.dae
[0.652s] -- Up-to-date: /Bt/install/tiago_sim/share/tiago_sim/models/Box2/meshes/Box2.png
[0.652s] -- Up-to-date: /Bt/install/tiago_sim/share/tiago_sim/models/Box2/Box2.sdf
[0.652s] -- Up-to-date: /Bt/install/tiago_sim/share/tiago_sim/models/Box2/materials
[0.652s] -- Up-to-date: /Bt/install/tiago_sim/share/tiago_sim/models/Box2/materials/textures
[0.652s] -- Up-to-date: /Bt/install/tiago_sim/share/tiago_sim/models/Box2/materials/textures/Box2.png
[0.653s] -- Up-to-date: /Bt/install/tiago_sim/share/tiago_sim/models/Coffee Maker
[0.653s] -- Up-to-date: /Bt/install/tiago_sim/share/tiago_sim/models/Coffee Maker/model.config
[0.653s] -- Up-to-date: /Bt/install/tiago_sim/share/tiago_sim/models/Coffee Maker/thumbnails
[0.653s] -- Up-to-date: /Bt/install/tiago_sim/share/tiago_sim/models/Coffee Maker/thumbnails/3.png
[0.653s] -- Up-to-date: /Bt/install/tiago_sim/share/tiago_sim/models/Coffee Maker/thumbnails/5.png
[0.653s] -- Up-to-date: /Bt/install/tiago_sim/share/tiago_sim/models/Coffee Maker/thumbnails/4.png
[0.654s] -- Up-to-date: /Bt/install/tiago_sim/share/tiago_sim/models/Coffee Maker/thumbnails/2.png
[0.654s] -- Up-to-date: /Bt/install/tiago_sim/share/tiago_sim/models/Coffee Maker/thumbnails/1.png
[0.654s] -- Up-to-date: /Bt/install/tiago_sim/share/tiago_sim/models/Coffee Maker/meshes
[0.654s] -- Up-to-date: /Bt/install/tiago_sim/share/tiago_sim/models/Coffee Maker/meshes/coffee_maker.mtl
[0.654s] -- Up-to-date: /Bt/install/tiago_sim/share/tiago_sim/models/Coffee Maker/meshes/coffee_maker.obj
[0.654s] -- Up-to-date: /Bt/install/tiago_sim/share/tiago_sim/models/Coffee Maker/model.sdf
[0.655s] -- Up-to-date: /Bt/install/tiago_sim/share/tiago_sim/models/Coffee Maker/materials
[0.655s] -- Up-to-date: /Bt/install/tiago_sim/share/tiago_sim/models/Coffee Maker/materials/textures
[0.655s] -- Up-to-date: /Bt/install/tiago_sim/share/tiago_sim/models/Coffee Maker/materials/textures/coffee_maker.png
[0.655s] -- Up-to-date: /Bt/install/tiago_sim/share/tiago_sim/models/coke_can
[0.655s] -- Up-to-date: /Bt/install/tiago_sim/share/tiago_sim/models/coke_can/model.config
[0.655s] -- Up-to-date: /Bt/install/tiago_sim/share/tiago_sim/models/coke_can/model-1_4.sdf
[0.656s] -- Up-to-date: /Bt/install/tiago_sim/share/tiago_sim/models/coke_can/thumbnails
[0.656s] -- Up-to-date: /Bt/install/tiago_sim/share/tiago_sim/models/coke_can/thumbnails/3.png
[0.656s] -- Up-to-date: /Bt/install/tiago_sim/share/tiago_sim/models/coke_can/thumbnails/5.png
[0.656s] -- Up-to-date: /Bt/install/tiago_sim/share/tiago_sim/models/coke_can/thumbnails/4.png
[0.656s] -- Up-to-date: /Bt/install/tiago_sim/share/tiago_sim/models/coke_can/thumbnails/2.png
[0.656s] -- Up-to-date: /Bt/install/tiago_sim/share/tiago_sim/models/coke_can/thumbnails/1.png
[0.657s] -- Up-to-date: /Bt/install/tiago_sim/share/tiago_sim/models/coke_can/meshes
[0.657s] -- Up-to-date: /Bt/install/tiago_sim/share/tiago_sim/models/coke_can/meshes/coke_can.dae
[0.657s] -- Up-to-date: /Bt/install/tiago_sim/share/tiago_sim/models/coke_can/model-1_2.sdf
[0.657s] -- Up-to-date: /Bt/install/tiago_sim/share/tiago_sim/models/coke_can/model.sdf
[0.657s] -- Up-to-date: /Bt/install/tiago_sim/share/tiago_sim/models/coke_can/materials
[0.658s] -- Up-to-date: /Bt/install/tiago_sim/share/tiago_sim/models/coke_can/materials/textures
[0.658s] -- Up-to-date: /Bt/install/tiago_sim/share/tiago_sim/models/coke_can/materials/textures/coke_can.png
[0.658s] -- Up-to-date: /Bt/install/tiago_sim/share/tiago_sim/models/coke_can/model-1_3.sdf
[0.658s] -- Up-to-date: /Bt/install/tiago_sim/share/tiago_sim/models/water
[0.658s] -- Up-to-date: /Bt/install/tiago_sim/share/tiago_sim/models/water/model.config
[0.659s] -- Up-to-date: /Bt/install/tiago_sim/share/tiago_sim/models/water/model.sdf
[0.659s] -- Up-to-date: /Bt/install/tiago_sim/share/tiago_sim/models/FoodCourtTable1
[0.659s] -- Up-to-date: /Bt/install/tiago_sim/share/tiago_sim/models/FoodCourtTable1/model.config
[0.659s] -- Up-to-date: /Bt/install/tiago_sim/share/tiago_sim/models/FoodCourtTable1/thumbnails
[0.659s] -- Up-to-date: /Bt/install/tiago_sim/share/tiago_sim/models/FoodCourtTable1/thumbnails/3.png
[0.659s] -- Up-to-date: /Bt/install/tiago_sim/share/tiago_sim/models/FoodCourtTable1/thumbnails/5.png
[0.660s] -- Up-to-date: /Bt/install/tiago_sim/share/tiago_sim/models/FoodCourtTable1/thumbnails/4.png
[0.660s] -- Up-to-date: /Bt/install/tiago_sim/share/tiago_sim/models/FoodCourtTable1/thumbnails/2.png
[0.660s] -- Up-to-date: /Bt/install/tiago_sim/share/tiago_sim/models/FoodCourtTable1/thumbnails/1.png
[0.660s] -- Up-to-date: /Bt/install/tiago_sim/share/tiago_sim/models/FoodCourtTable1/meshes
[0.660s] -- Up-to-date: /Bt/install/tiago_sim/share/tiago_sim/models/FoodCourtTable1/meshes/FoodCourtTable1_Col.mtl
[0.661s] -- Up-to-date: /Bt/install/tiago_sim/share/tiago_sim/models/FoodCourtTable1/meshes/FoodCourtTable1.obj
[0.661s] -- Up-to-date: /Bt/install/tiago_sim/share/tiago_sim/models/FoodCourtTable1/meshes/FoodCourtTable1_Col.obj
[0.661s] -- Up-to-date: /Bt/install/tiago_sim/share/tiago_sim/models/FoodCourtTable1/meshes/FoodCourtTable1.mtl
[0.661s] -- Up-to-date: /Bt/install/tiago_sim/share/tiago_sim/models/FoodCourtTable1/meshes/FoodCourtTable1_Metal.png
[0.662s] -- Up-to-date: /Bt/install/tiago_sim/share/tiago_sim/models/FoodCourtTable1/meshes/FoodCourtTable1_Rough.png
[0.662s] -- Up-to-date: /Bt/install/tiago_sim/share/tiago_sim/models/FoodCourtTable1/meshes/FoodCourtTable1_Diffuse.png
[0.662s] -- Up-to-date: /Bt/install/tiago_sim/share/tiago_sim/models/FoodCourtTable1/meshes/FoodCourtTable1_Normal.png
[0.662s] -- Up-to-date: /Bt/install/tiago_sim/share/tiago_sim/models/FoodCourtTable1/model.sdf
[0.667s] -- Up-to-date: /Bt/install/tiago_sim/share/tiago_sim/models/toilet_paper
[0.668s] -- Up-to-date: /Bt/install/tiago_sim/share/tiago_sim/models/toilet_paper/model.config
[0.668s] -- Up-to-date: /Bt/install/tiago_sim/share/tiago_sim/models/toilet_paper/thumbnails
[0.668s] -- Up-to-date: /Bt/install/tiago_sim/share/tiago_sim/models/toilet_paper/thumbnails/1.png
[0.668s] -- Up-to-date: /Bt/install/tiago_sim/share/tiago_sim/models/toilet_paper/model.sdf
[0.668s] -- Up-to-date: /Bt/install/tiago_sim/share/tiago_sim/models/Table
[0.668s] -- Up-to-date: /Bt/install/tiago_sim/share/tiago_sim/models/Table/Table_Diffuse.jpg
[0.668s] -- Up-to-date: /Bt/install/tiago_sim/share/tiago_sim/models/Table/model.config
[0.668s] -- Up-to-date: /Bt/install/tiago_sim/share/tiago_sim/models/Table/thumbnails
[0.668s] -- Up-to-date: /Bt/install/tiago_sim/share/tiago_sim/models/Table/thumbnails/3.png
[0.668s] -- Up-to-date: /Bt/install/tiago_sim/share/tiago_sim/models/Table/thumbnails/5.png
[0.668s] -- Up-to-date: /Bt/install/tiago_sim/share/tiago_sim/models/Table/thumbnails/4.png
[0.668s] -- Up-to-date: /Bt/install/tiago_sim/share/tiago_sim/models/Table/thumbnails/2.png
[0.668s] -- Up-to-date: /Bt/install/tiago_sim/share/tiago_sim/models/Table/thumbnails/1.png
[0.668s] -- Up-to-date: /Bt/install/tiago_sim/share/tiago_sim/models/Table/model.sdf
[0.669s] -- Up-to-date: /Bt/install/tiago_sim/share/tiago_sim/models/Bathtub
[0.669s] -- Up-to-date: /Bt/install/tiago_sim/share/tiago_sim/models/Bathtub/model.config
[0.669s] -- Up-to-date: /Bt/install/tiago_sim/share/tiago_sim/models/Bathtub/thumbnails
[0.669s] -- Up-to-date: /Bt/install/tiago_sim/share/tiago_sim/models/Bathtub/thumbnails/Bathtub.png
[0.669s] -- Up-to-date: /Bt/install/tiago_sim/share/tiago_sim/models/Bathtub/meshes
[0.669s] -- Up-to-date: /Bt/install/tiago_sim/share/tiago_sim/models/Bathtub/meshes/bathtub.dae
[0.669s] -- Up-to-date: /Bt/install/tiago_sim/share/tiago_sim/models/Bathtub/model.sdf
[0.669s] -- Up-to-date: /Bt/install/tiago_sim/share/tiago_sim/models/Bathtub/materials
[0.669s] -- Up-to-date: /Bt/install/tiago_sim/share/tiago_sim/models/Bathtub/materials/textures
[0.669s] -- Up-to-date: /Bt/install/tiago_sim/share/tiago_sim/models/Bathtub/materials/textures/Bathtub_Normal.png
[0.669s] -- Up-to-date: /Bt/install/tiago_sim/share/tiago_sim/models/Bathtub/materials/textures/Bathtub_Roughness.jpg
[0.669s] -- Up-to-date: /Bt/install/tiago_sim/share/tiago_sim/models/Bathtub/materials/textures/Bathtub_Albedo.jpg
[0.670s] -- Up-to-date: /Bt/install/tiago_sim/share/tiago_sim/models/Bathtub/materials/textures/Bathtub_Metalness.jpg
[0.670s] -- Up-to-date: /Bt/install/tiago_sim/share/tiago_sim/models/Toilet
[0.670s] -- Up-to-date: /Bt/install/tiago_sim/share/tiago_sim/models/Toilet/model.config
[0.670s] -- Up-to-date: /Bt/install/tiago_sim/share/tiago_sim/models/Toilet/thumbnails
[0.670s] -- Up-to-date: /Bt/install/tiago_sim/share/tiago_sim/models/Toilet/thumbnails/3.png
[0.670s] -- Up-to-date: /Bt/install/tiago_sim/share/tiago_sim/models/Toilet/thumbnails/5.png
[0.670s] -- Up-to-date: /Bt/install/tiago_sim/share/tiago_sim/models/Toilet/thumbnails/4.png
[0.670s] -- Up-to-date: /Bt/install/tiago_sim/share/tiago_sim/models/Toilet/thumbnails/2.png
[0.670s] -- Up-to-date: /Bt/install/tiago_sim/share/tiago_sim/models/Toilet/thumbnails/1.png
[0.670s] -- Up-to-date: /Bt/install/tiago_sim/share/tiago_sim/models/Toilet/meshes
[0.670s] -- Up-to-date: /Bt/install/tiago_sim/share/tiago_sim/models/Toilet/meshes/toilet.mtl
[0.670s] -- Up-to-date: /Bt/install/tiago_sim/share/tiago_sim/models/Toilet/meshes/toilet.obj
[0.670s] -- Up-to-date: /Bt/install/tiago_sim/share/tiago_sim/models/Toilet/model.sdf
[0.671s] -- Up-to-date: /Bt/install/tiago_sim/share/tiago_sim/models/apple
[0.671s] -- Up-to-date: /Bt/install/tiago_sim/share/tiago_sim/models/apple/model.config
[0.671s] -- Up-to-date: /Bt/install/tiago_sim/share/tiago_sim/models/apple/model.sdf
[0.671s] -- Up-to-date: /Bt/install/tiago_sim/share/tiago_sim/models/WhiteCabinet
[0.671s] -- Up-to-date: /Bt/install/tiago_sim/share/tiago_sim/models/WhiteCabinet/model.config
[0.671s] -- Up-to-date: /Bt/install/tiago_sim/share/tiago_sim/models/WhiteCabinet/thumbnails
[0.671s] -- Up-to-date: /Bt/install/tiago_sim/share/tiago_sim/models/WhiteCabinet/thumbnails/3.png
[0.671s] -- Up-to-date: /Bt/install/tiago_sim/share/tiago_sim/models/WhiteCabinet/thumbnails/5.png
[0.671s] -- Up-to-date: /Bt/install/tiago_sim/share/tiago_sim/models/WhiteCabinet/thumbnails/4.png
[0.671s] -- Up-to-date: /Bt/install/tiago_sim/share/tiago_sim/models/WhiteCabinet/thumbnails/2.png
[0.671s] -- Up-to-date: /Bt/install/tiago_sim/share/tiago_sim/models/WhiteCabinet/thumbnails/1.png
[0.671s] -- Up-to-date: /Bt/install/tiago_sim/share/tiago_sim/models/WhiteCabinet/meshes
[0.671s] -- Up-to-date: /Bt/install/tiago_sim/share/tiago_sim/models/WhiteCabinet/meshes/WhiteCabinet.obj
[0.671s] -- Up-to-date: /Bt/install/tiago_sim/share/tiago_sim/models/WhiteCabinet/meshes/WhiteCabinet.mtl
[0.672s] -- Up-to-date: /Bt/install/tiago_sim/share/tiago_sim/models/WhiteCabinet/meshes/WhiteCabinet.png
[0.672s] -- Up-to-date: /Bt/install/tiago_sim/share/tiago_sim/models/WhiteCabinet/model.sdf
[0.672s] -- Up-to-date: /Bt/install/tiago_sim/share/tiago_sim/models/TVStand
[0.672s] -- Up-to-date: /Bt/install/tiago_sim/share/tiago_sim/models/TVStand/model.config
[0.672s] -- Up-to-date: /Bt/install/tiago_sim/share/tiago_sim/models/TVStand/thumbnails
[0.672s] -- Up-to-date: /Bt/install/tiago_sim/share/tiago_sim/models/TVStand/thumbnails/3.png
[0.672s] -- Up-to-date: /Bt/install/tiago_sim/share/tiago_sim/models/TVStand/thumbnails/5.png
[0.672s] -- Up-to-date: /Bt/install/tiago_sim/share/tiago_sim/models/TVStand/thumbnails/4.png
[0.672s] -- Up-to-date: /Bt/install/tiago_sim/share/tiago_sim/models/TVStand/thumbnails/2.png
[0.672s] -- Up-to-date: /Bt/install/tiago_sim/share/tiago_sim/models/TVStand/thumbnails/1.png
[0.672s] -- Up-to-date: /Bt/install/tiago_sim/share/tiago_sim/models/TVStand/meshes
[0.672s] -- Up-to-date: /Bt/install/tiago_sim/share/tiago_sim/models/TVStand/meshes/TVStand.mtl
[0.672s] -- Up-to-date: /Bt/install/tiago_sim/share/tiago_sim/models/TVStand/meshes/TVStand_Diffuse.png
[0.673s] -- Up-to-date: /Bt/install/tiago_sim/share/tiago_sim/models/TVStand/meshes/TVStand_Col.mtl
[0.673s] -- Up-to-date: /Bt/install/tiago_sim/share/tiago_sim/models/TVStand/meshes/TVStand_Col.obj
[0.673s] -- Up-to-date: /Bt/install/tiago_sim/share/tiago_sim/models/TVStand/meshes/TVStand.obj
[0.673s] -- Up-to-date: /Bt/install/tiago_sim/share/tiago_sim/models/TVStand/model.sdf
[0.673s] -- Up-to-date: /Bt/install/tiago_sim/share/tiago_sim/models/banana
[0.673s] -- Up-to-date: /Bt/install/tiago_sim/share/tiago_sim/models/banana/model.config
[0.673s] -- Up-to-date: /Bt/install/tiago_sim/share/tiago_sim/models/banana/model.sdf
[0.673s] -- Up-to-date: /Bt/install/tiago_sim/share/tiago_sim/worlds
[0.673s] -- Installing: /Bt/install/tiago_sim/share/tiago_sim/worlds/mini_world.sdf
[0.673s] -- Up-to-date: /Bt/install/tiago_sim/share/tiago_sim/worlds/test_world.sdf
[0.673s] -- Up-to-date: /Bt/install/tiago_sim/share/tiago_sim/worlds/world.sdf
[0.673s] -- Up-to-date: /Bt/install/tiago_sim/share/tiago_sim/scripts
[0.673s] -- Up-to-date: /Bt/install/tiago_sim/share/tiago_sim/scripts/fetch_models.sh
[0.674s] -- Up-to-date: /Bt/install/tiago_sim/share/ament_index/resource_index/package_run_dependencies/tiago_sim
[0.674s] -- Up-to-date: /Bt/install/tiago_sim/share/ament_index/resource_index/parent_prefix_path/tiago_sim
[0.674s] -- Up-to-date: /Bt/install/tiago_sim/share/tiago_sim/environment/ament_prefix_path.sh
[0.674s] -- Up-to-date: /Bt/install/tiago_sim/share/tiago_sim/environment/ament_prefix_path.dsv
[0.674s] -- Up-to-date: /Bt/install/tiago_sim/share/tiago_sim/environment/path.sh
[0.674s] -- Up-to-date: /Bt/install/tiago_sim/share/tiago_sim/environment/path.dsv
[0.674s] -- Up-to-date: /Bt/install/tiago_sim/share/tiago_sim/local_setup.bash
[0.674s] -- Up-to-date: /Bt/install/tiago_sim/share/tiago_sim/local_setup.sh
[0.674s] -- Up-to-date: /Bt/install/tiago_sim/share/tiago_sim/local_setup.zsh
[0.674s] -- Up-to-date: /Bt/install/tiago_sim/share/tiago_sim/local_setup.dsv
[0.674s] -- Installing: /Bt/install/tiago_sim/share/tiago_sim/package.dsv
[0.674s] -- Up-to-date: /Bt/install/tiago_sim/share/ament_index/resource_index/packages/tiago_sim
[0.674s] -- Up-to-date: /Bt/install/tiago_sim/share/tiago_sim/cmake/tiago_simConfig.cmake
[0.675s] -- Up-to-date: /Bt/install/tiago_sim/share/tiago_sim/cmake/tiago_simConfig-version.cmake
[0.675s] -- Up-to-date: /Bt/install/tiago_sim/share/tiago_sim/package.xml
[0.720s] Invoked command in '/Bt/build/tiago_sim' returned '0': CMAKE_PREFIX_PATH=${CMAKE_PREFIX_PATH}:/Bt/install/yolo_ros:/Bt/install/ros2_aruco:/Bt/install/launch_pal:/Bt/install/grab2_curobo_planner:/opt/ros/jazzy /usr/bin/cmake --install /Bt/build/tiago_sim
