[0.250s] Invoking command in '/Bt/build/pal_maps': CMAKE_PREFIX_PATH=${CMAKE_PREFIX_PATH}:/opt/ros/jazzy /usr/bin/cmake --build /Bt/build/pal_maps -- -j8 -l8
[0.337s] Invoked command in '/Bt/build/pal_maps' returned '0': CMAKE_PREFIX_PATH=${CMAKE_PREFIX_PATH}:/opt/ros/jazzy /usr/bin/cmake --build /Bt/build/pal_maps -- -j8 -l8
[0.339s] Invoking command in '/Bt/build/pal_maps': CMAKE_PREFIX_PATH=${CMAKE_PREFIX_PATH}:/opt/ros/jazzy /usr/bin/cmake --install /Bt/build/pal_maps
[0.351s] -- Install configuration: ""
[0.354s] -- Up-to-date: /Bt/install/pal_maps/share/pal_maps/maps
[0.354s] -- Up-to-date: /Bt/install/pal_maps/share/pal_maps/maps/obstacle_avoidance_world
[0.354s] -- Up-to-date: /Bt/install/pal_maps/share/pal_maps/maps/obstacle_avoidance_world/map.yaml
[0.354s] -- Up-to-date: /Bt/install/pal_maps/share/pal_maps/maps/obstacle_avoidance_world/map.pgm
[0.355s] -- Up-to-date: /Bt/install/pal_maps/share/pal_maps/maps/pal_office_7th_floor
[0.355s] -- Up-to-date: /Bt/install/pal_maps/share/pal_maps/maps/pal_office_7th_floor/map.yaml
[0.355s] -- Up-to-date: /Bt/install/pal_maps/share/pal_maps/maps/pal_office_7th_floor/map.pgm
[0.355s] -- Up-to-date: /Bt/install/pal_maps/share/pal_maps/maps/corridor_85cm
[0.355s] -- Up-to-date: /Bt/install/pal_maps/share/pal_maps/maps/corridor_85cm/map.yaml
[0.355s] -- Up-to-date: /Bt/install/pal_maps/share/pal_maps/maps/corridor_85cm/map.pgm
[0.355s] -- Up-to-date: /Bt/install/pal_maps/share/pal_maps/maps/home
[0.355s] -- Up-to-date: /Bt/install/pal_maps/share/pal_maps/maps/home/map.yaml
[0.355s] -- Up-to-date: /Bt/install/pal_maps/share/pal_maps/maps/home/map.pgm
[0.356s] -- Up-to-date: /Bt/install/pal_maps/share/pal_maps/maps/pal_office
[0.356s] -- Up-to-date: /Bt/install/pal_maps/share/pal_maps/maps/pal_office/map.yaml
[0.356s] -- Up-to-date: /Bt/install/pal_maps/share/pal_maps/maps/pal_office/map.pgm
[0.356s] -- Up-to-date: /Bt/install/pal_maps/share/pal_maps/maps/corridor_95cm
[0.356s] -- Up-to-date: /Bt/install/pal_maps/share/pal_maps/maps/corridor_95cm/map.yaml
[0.356s] -- Up-to-date: /Bt/install/pal_maps/share/pal_maps/maps/corridor_95cm/map.pgm
[0.356s] -- Up-to-date: /Bt/install/pal_maps/share/pal_maps/maps/hospital_with_aruco
[0.356s] -- Up-to-date: /Bt/install/pal_maps/share/pal_maps/maps/hospital_with_aruco/map.yaml
[0.357s] -- Up-to-date: /Bt/install/pal_maps/share/pal_maps/maps/hospital_with_aruco/map.pgm
[0.357s] -- Up-to-date: /Bt/install/pal_maps/share/pal_maps/maps/small_warehouse
[0.357s] -- Up-to-date: /Bt/install/pal_maps/share/pal_maps/maps/small_warehouse/map.yaml
[0.357s] -- Up-to-date: /Bt/install/pal_maps/share/pal_maps/maps/small_warehouse/map.pgm
[0.357s] -- Up-to-date: /Bt/install/pal_maps/share/pal_maps/maps/corridor_110cm
[0.357s] -- Up-to-date: /Bt/install/pal_maps/share/pal_maps/maps/corridor_110cm/map.yaml
[0.357s] -- Up-to-date: /Bt/install/pal_maps/share/pal_maps/maps/corridor_110cm/map.pgm
[0.357s] -- Up-to-date: /Bt/install/pal_maps/share/pal_maps/maps/hospital
[0.363s] -- Up-to-date: /Bt/install/pal_maps/share/pal_maps/maps/hospital/map.yaml
[0.363s] -- Up-to-date: /Bt/install/pal_maps/share/pal_maps/maps/hospital/map.pgm
[0.363s] -- Up-to-date: /Bt/install/pal_maps/share/pal_maps/maps/dynamic_obstacle_avoidance_world
[0.363s] -- Up-to-date: /Bt/install/pal_maps/share/pal_maps/maps/dynamic_obstacle_avoidance_world/map.yaml
[0.363s] -- Up-to-date: /Bt/install/pal_maps/share/pal_maps/maps/dynamic_obstacle_avoidance_world/map.pgm
[0.364s] -- Up-to-date: /Bt/install/pal_maps/share/pal_maps/maps/roscon_es_25
[0.364s] -- Up-to-date: /Bt/install/pal_maps/share/pal_maps/maps/roscon_es_25/map.yaml
[0.364s] -- Up-to-date: /Bt/install/pal_maps/share/pal_maps/maps/roscon_es_25/map.pgm
[0.364s] -- Up-to-date: /Bt/install/pal_maps/share/pal_maps/maps/willow_garage
[0.364s] -- Up-to-date: /Bt/install/pal_maps/share/pal_maps/maps/willow_garage/map.yaml
[0.364s] -- Up-to-date: /Bt/install/pal_maps/share/pal_maps/maps/willow_garage/map.pgm
[0.364s] -- Up-to-date: /Bt/install/pal_maps/share/pal_maps/maps/small_office
[0.364s] -- Up-to-date: /Bt/install/pal_maps/share/pal_maps/maps/small_office/map.yaml
[0.365s] -- Up-to-date: /Bt/install/pal_maps/share/pal_maps/maps/small_office/map.pgm
[0.365s] -- Up-to-date: /Bt/install/pal_maps/share/pal_maps/maps/small_house
[0.365s] -- Up-to-date: /Bt/install/pal_maps/share/pal_maps/maps/small_house/map.yaml
[0.365s] -- Up-to-date: /Bt/install/pal_maps/share/pal_maps/maps/small_house/map.pgm
[0.365s] -- Up-to-date: /Bt/install/pal_maps/share/ament_index/resource_index/package_run_dependencies/pal_maps
[0.366s] -- Up-to-date: /Bt/install/pal_maps/share/ament_index/resource_index/parent_prefix_path/pal_maps
[0.366s] -- Up-to-date: /Bt/install/pal_maps/share/pal_maps/environment/ament_prefix_path.sh
[0.366s] -- Up-to-date: /Bt/install/pal_maps/share/pal_maps/environment/ament_prefix_path.dsv
[0.373s] -- Up-to-date: /Bt/install/pal_maps/share/pal_maps/environment/path.sh
[0.374s] -- Up-to-date: /Bt/install/pal_maps/share/pal_maps/environment/path.dsv
[0.374s] -- Up-to-date: /Bt/install/pal_maps/share/pal_maps/local_setup.bash
[0.374s] -- Up-to-date: /Bt/install/pal_maps/share/pal_maps/local_setup.sh
[0.374s] -- Up-to-date: /Bt/install/pal_maps/share/pal_maps/local_setup.zsh
[0.374s] -- Up-to-date: /Bt/install/pal_maps/share/pal_maps/local_setup.dsv
[0.374s] -- Installing: /Bt/install/pal_maps/share/pal_maps/package.dsv
[0.374s] -- Up-to-date: /Bt/install/pal_maps/share/ament_index/resource_index/packages/pal_maps
[0.375s] -- Up-to-date: /Bt/install/pal_maps/share/pal_maps/cmake/pal_mapsConfig.cmake
[0.375s] -- Up-to-date: /Bt/install/pal_maps/share/pal_maps/cmake/pal_mapsConfig-version.cmake
[0.375s] -- Up-to-date: /Bt/install/pal_maps/share/pal_maps/package.xml
[0.458s] Invoked command in '/Bt/build/pal_maps' returned '0': CMAKE_PREFIX_PATH=${CMAKE_PREFIX_PATH}:/opt/ros/jazzy /usr/bin/cmake --install /Bt/build/pal_maps
