[  1%] Built target grab2_msgs__rosidl_generator_type_description
[  1%] Built target ament_cmake_python_copy_grab2_msgs
[  3%] Built target grab2_msgs__cpp
[ 25%] Built target grab2_msgs__rosidl_generator_c
[ 34%] Built target grab2_msgs__rosidl_typesupport_cpp
[ 43%] Built target grab2_msgs__rosidl_typesupport_fastrtps_cpp
[ 53%] Built target grab2_msgs__rosidl_typesupport_fastrtps_c
[ 62%] Built target grab2_msgs__rosidl_typesupport_introspection_c
[ 71%] Built target grab2_msgs__rosidl_typesupport_c
[ 81%] Built target grab2_msgs__rosidl_typesupport_introspection_cpp
[ 81%] Built target grab2_msgs
[ 82%] Built target grab2_msgs__py
[ 90%] Built target grab2_msgs__rosidl_generator_py
[ 93%] Built target grab2_msgs_s__rosidl_typesupport_fastrtps_c
[ 96%] Built target grab2_msgs_s__rosidl_typesupport_c
[100%] Built target grab2_msgs_s__rosidl_typesupport_introspection_c
running egg_info
writing grab2_msgs.egg-info/PKG-INFO
writing dependency_links to grab2_msgs.egg-info/dependency_links.txt
writing top-level names to grab2_msgs.egg-info/top_level.txt
reading manifest file 'grab2_msgs.egg-info/SOURCES.txt'
writing manifest file 'grab2_msgs.egg-info/SOURCES.txt'
[100%] Built target ament_cmake_python_build_grab2_msgs_egg
-- Install configuration: ""
-- Up-to-date: /Bt/install/grab2_msgs/share/ament_index/resource_index/rosidl_interfaces/grab2_msgs
-- Up-to-date: /Bt/install/grab2_msgs/share/grab2_msgs/action/ComputePlanToTargetIK.json
-- Up-to-date: /Bt/install/grab2_msgs/share/grab2_msgs/action/ComputePlanThroughPoses.json
-- Up-to-date: /Bt/install/grab2_msgs/share/grab2_msgs/action/GetIsaacGrasp.json
-- Up-to-date: /Bt/install/grab2_msgs/share/grab2_msgs/action/ReachObject.json
-- Up-to-date: /Bt/install/grab2_msgs/include/grab2_msgs/grab2_msgs
-- Up-to-date: /Bt/install/grab2_msgs/include/grab2_msgs/grab2_msgs/action
-- Up-to-date: /Bt/install/grab2_msgs/include/grab2_msgs/grab2_msgs/action/reach_object.h
-- Up-to-date: /Bt/install/grab2_msgs/include/grab2_msgs/grab2_msgs/action/compute_plan_through_poses.h
-- Up-to-date: /Bt/install/grab2_msgs/include/grab2_msgs/grab2_msgs/action/compute_plan_to_target_ik.h
-- Up-to-date: /Bt/install/grab2_msgs/include/grab2_msgs/grab2_msgs/action/detail
-- Up-to-date: /Bt/install/grab2_msgs/include/grab2_msgs/grab2_msgs/action/detail/reach_object__struct.h
-- Installing: /Bt/install/grab2_msgs/include/grab2_msgs/grab2_msgs/action/detail/compute_plan_to_target_ik__type_support.c
-- Up-to-date: /Bt/install/grab2_msgs/include/grab2_msgs/grab2_msgs/action/detail/compute_plan_through_poses__functions.c
-- Up-to-date: /Bt/install/grab2_msgs/include/grab2_msgs/grab2_msgs/action/detail/compute_plan_to_target_ik__type_support.h
-- Up-to-date: /Bt/install/grab2_msgs/include/grab2_msgs/grab2_msgs/action/detail/get_isaac_grasp__type_support.h
-- Up-to-date: /Bt/install/grab2_msgs/include/grab2_msgs/grab2_msgs/action/detail/compute_plan_through_poses__type_support.h
-- Up-to-date: /Bt/install/grab2_msgs/include/grab2_msgs/grab2_msgs/action/detail/compute_plan_through_poses__functions.h
-- Up-to-date: /Bt/install/grab2_msgs/include/grab2_msgs/grab2_msgs/action/detail/get_isaac_grasp__description.c
-- Installing: /Bt/install/grab2_msgs/include/grab2_msgs/grab2_msgs/action/detail/compute_plan_through_poses__type_support.c
-- Up-to-date: /Bt/install/grab2_msgs/include/grab2_msgs/grab2_msgs/action/detail/compute_plan_to_target_ik__description.c
-- Up-to-date: /Bt/install/grab2_msgs/include/grab2_msgs/grab2_msgs/action/detail/reach_object__functions.h
-- Up-to-date: /Bt/install/grab2_msgs/include/grab2_msgs/grab2_msgs/action/detail/compute_plan_through_poses__description.c
-- Up-to-date: /Bt/install/grab2_msgs/include/grab2_msgs/grab2_msgs/action/detail/get_isaac_grasp__functions.h
-- Up-to-date: /Bt/install/grab2_msgs/include/grab2_msgs/grab2_msgs/action/detail/reach_object__functions.c
-- Up-to-date: /Bt/install/grab2_msgs/include/grab2_msgs/grab2_msgs/action/detail/get_isaac_grasp__functions.c
-- Up-to-date: /Bt/install/grab2_msgs/include/grab2_msgs/grab2_msgs/action/detail/get_isaac_grasp__struct.h
-- Up-to-date: /Bt/install/grab2_msgs/include/grab2_msgs/grab2_msgs/action/detail/compute_plan_through_poses__struct.h
-- Up-to-date: /Bt/install/grab2_msgs/include/grab2_msgs/grab2_msgs/action/detail/compute_plan_to_target_ik__functions.c
-- Up-to-date: /Bt/install/grab2_msgs/include/grab2_msgs/grab2_msgs/action/detail/compute_plan_to_target_ik__struct.h
-- Up-to-date: /Bt/install/grab2_msgs/include/grab2_msgs/grab2_msgs/action/detail/reach_object__type_support.h
-- Installing: /Bt/install/grab2_msgs/include/grab2_msgs/grab2_msgs/action/detail/reach_object__type_support.c
-- Up-to-date: /Bt/install/grab2_msgs/include/grab2_msgs/grab2_msgs/action/detail/compute_plan_to_target_ik__functions.h
-- Installing: /Bt/install/grab2_msgs/include/grab2_msgs/grab2_msgs/action/detail/get_isaac_grasp__type_support.c
-- Up-to-date: /Bt/install/grab2_msgs/include/grab2_msgs/grab2_msgs/action/detail/reach_object__description.c
-- Up-to-date: /Bt/install/grab2_msgs/include/grab2_msgs/grab2_msgs/action/get_isaac_grasp.h
-- Up-to-date: /Bt/install/grab2_msgs/include/grab2_msgs/grab2_msgs/msg
-- Up-to-date: /Bt/install/grab2_msgs/include/grab2_msgs/grab2_msgs/msg/rosidl_generator_c__visibility_control.h
-- Up-to-date: /Bt/install/grab2_msgs/share/grab2_msgs/environment/library_path.sh
-- Up-to-date: /Bt/install/grab2_msgs/share/grab2_msgs/environment/library_path.dsv
-- Up-to-date: /Bt/install/grab2_msgs/lib/libgrab2_msgs__rosidl_generator_c.so
-- Up-to-date: /Bt/install/grab2_msgs/include/grab2_msgs/grab2_msgs
-- Up-to-date: /Bt/install/grab2_msgs/include/grab2_msgs/grab2_msgs/action
-- Up-to-date: /Bt/install/grab2_msgs/include/grab2_msgs/grab2_msgs/action/detail
-- Up-to-date: /Bt/install/grab2_msgs/include/grab2_msgs/grab2_msgs/action/detail/get_isaac_grasp__rosidl_typesupport_fastrtps_c.h
-- Up-to-date: /Bt/install/grab2_msgs/include/grab2_msgs/grab2_msgs/action/detail/compute_plan_to_target_ik__rosidl_typesupport_fastrtps_c.h
-- Up-to-date: /Bt/install/grab2_msgs/include/grab2_msgs/grab2_msgs/action/detail/reach_object__rosidl_typesupport_fastrtps_c.h
-- Up-to-date: /Bt/install/grab2_msgs/include/grab2_msgs/grab2_msgs/action/detail/compute_plan_through_poses__rosidl_typesupport_fastrtps_c.h
-- Up-to-date: /Bt/install/grab2_msgs/include/grab2_msgs/grab2_msgs/msg
-- Up-to-date: /Bt/install/grab2_msgs/include/grab2_msgs/grab2_msgs/msg/rosidl_typesupport_fastrtps_c__visibility_control.h
-- Up-to-date: /Bt/install/grab2_msgs/lib/libgrab2_msgs__rosidl_typesupport_fastrtps_c.so
-- Up-to-date: /Bt/install/grab2_msgs/include/grab2_msgs/grab2_msgs
-- Up-to-date: /Bt/install/grab2_msgs/include/grab2_msgs/grab2_msgs/action
-- Up-to-date: /Bt/install/grab2_msgs/include/grab2_msgs/grab2_msgs/action/get_isaac_grasp.hpp
-- Up-to-date: /Bt/install/grab2_msgs/include/grab2_msgs/grab2_msgs/action/compute_plan_to_target_ik.hpp
-- Up-to-date: /Bt/install/grab2_msgs/include/grab2_msgs/grab2_msgs/action/reach_object.hpp
-- Up-to-date: /Bt/install/grab2_msgs/include/grab2_msgs/grab2_msgs/action/compute_plan_through_poses.hpp
-- Up-to-date: /Bt/install/grab2_msgs/include/grab2_msgs/grab2_msgs/action/detail
-- Up-to-date: /Bt/install/grab2_msgs/include/grab2_msgs/grab2_msgs/action/detail/compute_plan_to_target_ik__type_support.hpp
-- Up-to-date: /Bt/install/grab2_msgs/include/grab2_msgs/grab2_msgs/action/detail/compute_plan_through_poses__traits.hpp
-- Up-to-date: /Bt/install/grab2_msgs/include/grab2_msgs/grab2_msgs/action/detail/get_isaac_grasp__type_support.hpp
-- Up-to-date: /Bt/install/grab2_msgs/include/grab2_msgs/grab2_msgs/action/detail/compute_plan_through_poses__builder.hpp
-- Up-to-date: /Bt/install/grab2_msgs/include/grab2_msgs/grab2_msgs/action/detail/reach_object__builder.hpp
-- Up-to-date: /Bt/install/grab2_msgs/include/grab2_msgs/grab2_msgs/action/detail/compute_plan_to_target_ik__builder.hpp
-- Up-to-date: /Bt/install/grab2_msgs/include/grab2_msgs/grab2_msgs/action/detail/reach_object__traits.hpp
-- Up-to-date: /Bt/install/grab2_msgs/include/grab2_msgs/grab2_msgs/action/detail/get_isaac_grasp__traits.hpp
-- Up-to-date: /Bt/install/grab2_msgs/include/grab2_msgs/grab2_msgs/action/detail/compute_plan_through_poses__type_support.hpp
-- Up-to-date: /Bt/install/grab2_msgs/include/grab2_msgs/grab2_msgs/action/detail/compute_plan_to_target_ik__struct.hpp
-- Up-to-date: /Bt/install/grab2_msgs/include/grab2_msgs/grab2_msgs/action/detail/reach_object__type_support.hpp
-- Up-to-date: /Bt/install/grab2_msgs/include/grab2_msgs/grab2_msgs/action/detail/reach_object__struct.hpp
-- Up-to-date: /Bt/install/grab2_msgs/include/grab2_msgs/grab2_msgs/action/detail/compute_plan_through_poses__struct.hpp
-- Up-to-date: /Bt/install/grab2_msgs/include/grab2_msgs/grab2_msgs/action/detail/compute_plan_to_target_ik__traits.hpp
-- Up-to-date: /Bt/install/grab2_msgs/include/grab2_msgs/grab2_msgs/action/detail/get_isaac_grasp__struct.hpp
-- Up-to-date: /Bt/install/grab2_msgs/include/grab2_msgs/grab2_msgs/action/detail/get_isaac_grasp__builder.hpp
-- Up-to-date: /Bt/install/grab2_msgs/include/grab2_msgs/grab2_msgs/msg
-- Up-to-date: /Bt/install/grab2_msgs/include/grab2_msgs/grab2_msgs/msg/rosidl_generator_cpp__visibility_control.hpp
-- Up-to-date: /Bt/install/grab2_msgs/include/grab2_msgs/grab2_msgs
-- Up-to-date: /Bt/install/grab2_msgs/include/grab2_msgs/grab2_msgs/action
-- Up-to-date: /Bt/install/grab2_msgs/include/grab2_msgs/grab2_msgs/action/detail
-- Up-to-date: /Bt/install/grab2_msgs/include/grab2_msgs/grab2_msgs/action/detail/compute_plan_to_target_ik__rosidl_typesupport_fastrtps_cpp.hpp
-- Up-to-date: /Bt/install/grab2_msgs/include/grab2_msgs/grab2_msgs/action/detail/reach_object__rosidl_typesupport_fastrtps_cpp.hpp
-- Up-to-date: /Bt/install/grab2_msgs/include/grab2_msgs/grab2_msgs/action/detail/compute_plan_through_poses__rosidl_typesupport_fastrtps_cpp.hpp
-- Up-to-date: /Bt/install/grab2_msgs/include/grab2_msgs/grab2_msgs/action/detail/dds_fastrtps
-- Up-to-date: /Bt/install/grab2_msgs/include/grab2_msgs/grab2_msgs/action/detail/get_isaac_grasp__rosidl_typesupport_fastrtps_cpp.hpp
-- Up-to-date: /Bt/install/grab2_msgs/include/grab2_msgs/grab2_msgs/msg
-- Up-to-date: /Bt/install/grab2_msgs/include/grab2_msgs/grab2_msgs/msg/rosidl_typesupport_fastrtps_cpp__visibility_control.h
-- Up-to-date: /Bt/install/grab2_msgs/lib/libgrab2_msgs__rosidl_typesupport_fastrtps_cpp.so
-- Up-to-date: /Bt/install/grab2_msgs/include/grab2_msgs/grab2_msgs
-- Up-to-date: /Bt/install/grab2_msgs/include/grab2_msgs/grab2_msgs/action
-- Up-to-date: /Bt/install/grab2_msgs/include/grab2_msgs/grab2_msgs/action/detail
-- Up-to-date: /Bt/install/grab2_msgs/include/grab2_msgs/grab2_msgs/action/detail/get_isaac_grasp__rosidl_typesupport_introspection_c.h
-- Up-to-date: /Bt/install/grab2_msgs/include/grab2_msgs/grab2_msgs/action/detail/compute_plan_to_target_ik__rosidl_typesupport_introspection_c.h
-- Installing: /Bt/install/grab2_msgs/include/grab2_msgs/grab2_msgs/action/detail/compute_plan_to_target_ik__type_support.c
-- Up-to-date: /Bt/install/grab2_msgs/include/grab2_msgs/grab2_msgs/action/detail/reach_object__rosidl_typesupport_introspection_c.h
-- Installing: /Bt/install/grab2_msgs/include/grab2_msgs/grab2_msgs/action/detail/compute_plan_through_poses__type_support.c
-- Installing: /Bt/install/grab2_msgs/include/grab2_msgs/grab2_msgs/action/detail/reach_object__type_support.c
-- Installing: /Bt/install/grab2_msgs/include/grab2_msgs/grab2_msgs/action/detail/get_isaac_grasp__type_support.c
-- Up-to-date: /Bt/install/grab2_msgs/include/grab2_msgs/grab2_msgs/action/detail/compute_plan_through_poses__rosidl_typesupport_introspection_c.h
-- Up-to-date: /Bt/install/grab2_msgs/include/grab2_msgs/grab2_msgs/msg
-- Up-to-date: /Bt/install/grab2_msgs/include/grab2_msgs/grab2_msgs/msg/rosidl_typesupport_introspection_c__visibility_control.h
-- Up-to-date: /Bt/install/grab2_msgs/lib/libgrab2_msgs__rosidl_typesupport_introspection_c.so
-- Up-to-date: /Bt/install/grab2_msgs/lib/libgrab2_msgs__rosidl_typesupport_c.so
-- Up-to-date: /Bt/install/grab2_msgs/include/grab2_msgs/grab2_msgs
-- Up-to-date: /Bt/install/grab2_msgs/include/grab2_msgs/grab2_msgs/action
-- Up-to-date: /Bt/install/grab2_msgs/include/grab2_msgs/grab2_msgs/action/detail
-- Up-to-date: /Bt/install/grab2_msgs/include/grab2_msgs/grab2_msgs/action/detail/compute_plan_to_target_ik__type_support.cpp
-- Up-to-date: /Bt/install/grab2_msgs/include/grab2_msgs/grab2_msgs/action/detail/compute_plan_to_target_ik__rosidl_typesupport_introspection_cpp.hpp
-- Up-to-date: /Bt/install/grab2_msgs/include/grab2_msgs/grab2_msgs/action/detail/reach_object__type_support.cpp
-- Up-to-date: /Bt/install/grab2_msgs/include/grab2_msgs/grab2_msgs/action/detail/get_isaac_grasp__type_support.cpp
-- Up-to-date: /Bt/install/grab2_msgs/include/grab2_msgs/grab2_msgs/action/detail/get_isaac_grasp__rosidl_typesupport_introspection_cpp.hpp
-- Up-to-date: /Bt/install/grab2_msgs/include/grab2_msgs/grab2_msgs/action/detail/compute_plan_through_poses__type_support.cpp
-- Up-to-date: /Bt/install/grab2_msgs/include/grab2_msgs/grab2_msgs/action/detail/reach_object__rosidl_typesupport_introspection_cpp.hpp
-- Up-to-date: /Bt/install/grab2_msgs/include/grab2_msgs/grab2_msgs/action/detail/compute_plan_through_poses__rosidl_typesupport_introspection_cpp.hpp
-- Up-to-date: /Bt/install/grab2_msgs/lib/libgrab2_msgs__rosidl_typesupport_introspection_cpp.so
-- Up-to-date: /Bt/install/grab2_msgs/lib/libgrab2_msgs__rosidl_typesupport_cpp.so
-- Up-to-date: /Bt/install/grab2_msgs/share/grab2_msgs/environment/pythonpath.sh
-- Up-to-date: /Bt/install/grab2_msgs/share/grab2_msgs/environment/pythonpath.dsv
-- Up-to-date: /Bt/install/grab2_msgs/lib/python3.12/site-packages/grab2_msgs-0.0.0-py3.12.egg-info
-- Installing: /Bt/install/grab2_msgs/lib/python3.12/site-packages/grab2_msgs-0.0.0-py3.12.egg-info/top_level.txt
-- Installing: /Bt/install/grab2_msgs/lib/python3.12/site-packages/grab2_msgs-0.0.0-py3.12.egg-info/PKG-INFO
-- Installing: /Bt/install/grab2_msgs/lib/python3.12/site-packages/grab2_msgs-0.0.0-py3.12.egg-info/SOURCES.txt
-- Installing: /Bt/install/grab2_msgs/lib/python3.12/site-packages/grab2_msgs-0.0.0-py3.12.egg-info/dependency_links.txt
-- Up-to-date: /Bt/install/grab2_msgs/lib/python3.12/site-packages/grab2_msgs
-- Up-to-date: /Bt/install/grab2_msgs/lib/python3.12/site-packages/grab2_msgs/grab2_msgs_s__rosidl_typesupport_introspection_c.so
-- Up-to-date: /Bt/install/grab2_msgs/lib/python3.12/site-packages/grab2_msgs/__init__.py
-- Up-to-date: /Bt/install/grab2_msgs/lib/python3.12/site-packages/grab2_msgs/grab2_msgs_s__rosidl_typesupport_c.so
-- Up-to-date: /Bt/install/grab2_msgs/lib/python3.12/site-packages/grab2_msgs/_grab2_msgs_s.ep.rosidl_typesupport_fastrtps_c.c
-- Up-to-date: /Bt/install/grab2_msgs/lib/python3.12/site-packages/grab2_msgs/_grab2_msgs_s.ep.rosidl_typesupport_c.c
-- Up-to-date: /Bt/install/grab2_msgs/lib/python3.12/site-packages/grab2_msgs/action
-- Up-to-date: /Bt/install/grab2_msgs/lib/python3.12/site-packages/grab2_msgs/action/_compute_plan_through_poses.py
-- Up-to-date: /Bt/install/grab2_msgs/lib/python3.12/site-packages/grab2_msgs/action/__init__.py
-- Up-to-date: /Bt/install/grab2_msgs/lib/python3.12/site-packages/grab2_msgs/action/_reach_object_s.c
-- Up-to-date: /Bt/install/grab2_msgs/lib/python3.12/site-packages/grab2_msgs/action/_compute_plan_through_poses_s.c
-- Up-to-date: /Bt/install/grab2_msgs/lib/python3.12/site-packages/grab2_msgs/action/_get_isaac_grasp_s.c
-- Up-to-date: /Bt/install/grab2_msgs/lib/python3.12/site-packages/grab2_msgs/action/_compute_plan_to_target_ik.py
-- Up-to-date: /Bt/install/grab2_msgs/lib/python3.12/site-packages/grab2_msgs/action/_reach_object.py
-- Up-to-date: /Bt/install/grab2_msgs/lib/python3.12/site-packages/grab2_msgs/action/_get_isaac_grasp.py
-- Up-to-date: /Bt/install/grab2_msgs/lib/python3.12/site-packages/grab2_msgs/action/_compute_plan_to_target_ik_s.c
-- Up-to-date: /Bt/install/grab2_msgs/lib/python3.12/site-packages/grab2_msgs/grab2_msgs_s__rosidl_typesupport_fastrtps_c.so
-- Up-to-date: /Bt/install/grab2_msgs/lib/python3.12/site-packages/grab2_msgs/_grab2_msgs_s.ep.rosidl_typesupport_introspection_c.c
Listing '/Bt/install/grab2_msgs/lib/python3.12/site-packages/grab2_msgs'...
Listing '/Bt/install/grab2_msgs/lib/python3.12/site-packages/grab2_msgs/action'...
-- Up-to-date: /Bt/install/grab2_msgs/lib/python3.12/site-packages/grab2_msgs/grab2_msgs_s__rosidl_typesupport_fastrtps_c.so
-- Up-to-date: /Bt/install/grab2_msgs/lib/python3.12/site-packages/grab2_msgs/grab2_msgs_s__rosidl_typesupport_introspection_c.so
-- Up-to-date: /Bt/install/grab2_msgs/lib/python3.12/site-packages/grab2_msgs/grab2_msgs_s__rosidl_typesupport_c.so
-- Up-to-date: /Bt/install/grab2_msgs/lib/libgrab2_msgs__rosidl_generator_py.so
-- Up-to-date: /Bt/install/grab2_msgs/share/grab2_msgs/action/ComputePlanToTargetIK.idl
-- Up-to-date: /Bt/install/grab2_msgs/share/grab2_msgs/action/ComputePlanThroughPoses.idl
-- Up-to-date: /Bt/install/grab2_msgs/share/grab2_msgs/action/GetIsaacGrasp.idl
-- Up-to-date: /Bt/install/grab2_msgs/share/grab2_msgs/action/ReachObject.idl
-- Up-to-date: /Bt/install/grab2_msgs/share/grab2_msgs/action/ComputePlanToTargetIK.action
-- Up-to-date: /Bt/install/grab2_msgs/share/grab2_msgs/action/ComputePlanThroughPoses.action
-- Up-to-date: /Bt/install/grab2_msgs/share/grab2_msgs/action/GetIsaacGrasp.action
-- Up-to-date: /Bt/install/grab2_msgs/share/grab2_msgs/action/ReachObject.action
-- Up-to-date: /Bt/install/grab2_msgs/share/ament_index/resource_index/package_run_dependencies/grab2_msgs
-- Up-to-date: /Bt/install/grab2_msgs/share/ament_index/resource_index/parent_prefix_path/grab2_msgs
-- Up-to-date: /Bt/install/grab2_msgs/share/grab2_msgs/environment/ament_prefix_path.sh
-- Up-to-date: /Bt/install/grab2_msgs/share/grab2_msgs/environment/ament_prefix_path.dsv
-- Up-to-date: /Bt/install/grab2_msgs/share/grab2_msgs/environment/path.sh
-- Up-to-date: /Bt/install/grab2_msgs/share/grab2_msgs/environment/path.dsv
-- Up-to-date: /Bt/install/grab2_msgs/share/grab2_msgs/local_setup.bash
-- Up-to-date: /Bt/install/grab2_msgs/share/grab2_msgs/local_setup.sh
-- Up-to-date: /Bt/install/grab2_msgs/share/grab2_msgs/local_setup.zsh
-- Up-to-date: /Bt/install/grab2_msgs/share/grab2_msgs/local_setup.dsv
-- Installing: /Bt/install/grab2_msgs/share/grab2_msgs/package.dsv
-- Up-to-date: /Bt/install/grab2_msgs/share/ament_index/resource_index/packages/grab2_msgs
-- Up-to-date: /Bt/install/grab2_msgs/share/grab2_msgs/cmake/export_grab2_msgs__rosidl_generator_cExport.cmake
-- Up-to-date: /Bt/install/grab2_msgs/share/grab2_msgs/cmake/export_grab2_msgs__rosidl_generator_cExport-noconfig.cmake
-- Up-to-date: /Bt/install/grab2_msgs/share/grab2_msgs/cmake/export_grab2_msgs__rosidl_typesupport_fastrtps_cExport.cmake
-- Up-to-date: /Bt/install/grab2_msgs/share/grab2_msgs/cmake/export_grab2_msgs__rosidl_typesupport_fastrtps_cExport-noconfig.cmake
-- Up-to-date: /Bt/install/grab2_msgs/share/grab2_msgs/cmake/export_grab2_msgs__rosidl_generator_cppExport.cmake
-- Up-to-date: /Bt/install/grab2_msgs/share/grab2_msgs/cmake/export_grab2_msgs__rosidl_typesupport_fastrtps_cppExport.cmake
-- Up-to-date: /Bt/install/grab2_msgs/share/grab2_msgs/cmake/export_grab2_msgs__rosidl_typesupport_fastrtps_cppExport-noconfig.cmake
-- Up-to-date: /Bt/install/grab2_msgs/share/grab2_msgs/cmake/grab2_msgs__rosidl_typesupport_introspection_cExport.cmake
-- Up-to-date: /Bt/install/grab2_msgs/share/grab2_msgs/cmake/grab2_msgs__rosidl_typesupport_introspection_cExport-noconfig.cmake
-- Up-to-date: /Bt/install/grab2_msgs/share/grab2_msgs/cmake/grab2_msgs__rosidl_typesupport_cExport.cmake
-- Up-to-date: /Bt/install/grab2_msgs/share/grab2_msgs/cmake/grab2_msgs__rosidl_typesupport_cExport-noconfig.cmake
-- Up-to-date: /Bt/install/grab2_msgs/share/grab2_msgs/cmake/grab2_msgs__rosidl_typesupport_introspection_cppExport.cmake
-- Up-to-date: /Bt/install/grab2_msgs/share/grab2_msgs/cmake/grab2_msgs__rosidl_typesupport_introspection_cppExport-noconfig.cmake
-- Up-to-date: /Bt/install/grab2_msgs/share/grab2_msgs/cmake/grab2_msgs__rosidl_typesupport_cppExport.cmake
-- Up-to-date: /Bt/install/grab2_msgs/share/grab2_msgs/cmake/grab2_msgs__rosidl_typesupport_cppExport-noconfig.cmake
-- Up-to-date: /Bt/install/grab2_msgs/share/grab2_msgs/cmake/export_grab2_msgs__rosidl_generator_pyExport.cmake
-- Up-to-date: /Bt/install/grab2_msgs/share/grab2_msgs/cmake/export_grab2_msgs__rosidl_generator_pyExport-noconfig.cmake
-- Up-to-date: /Bt/install/grab2_msgs/share/grab2_msgs/cmake/rosidl_cmake-extras.cmake
-- Up-to-date: /Bt/install/grab2_msgs/share/grab2_msgs/cmake/ament_cmake_export_dependencies-extras.cmake
-- Up-to-date: /Bt/install/grab2_msgs/share/grab2_msgs/cmake/ament_cmake_export_include_directories-extras.cmake
-- Up-to-date: /Bt/install/grab2_msgs/share/grab2_msgs/cmake/ament_cmake_export_libraries-extras.cmake
-- Up-to-date: /Bt/install/grab2_msgs/share/grab2_msgs/cmake/ament_cmake_export_targets-extras.cmake
-- Up-to-date: /Bt/install/grab2_msgs/share/grab2_msgs/cmake/rosidl_cmake_export_typesupport_targets-extras.cmake
-- Up-to-date: /Bt/install/grab2_msgs/share/grab2_msgs/cmake/rosidl_cmake_export_typesupport_libraries-extras.cmake
-- Up-to-date: /Bt/install/grab2_msgs/share/grab2_msgs/cmake/grab2_msgsConfig.cmake
-- Up-to-date: /Bt/install/grab2_msgs/share/grab2_msgs/cmake/grab2_msgsConfig-version.cmake
-- Up-to-date: /Bt/install/grab2_msgs/share/grab2_msgs/package.xml
