[0.077s] Invoking command in '/Bt/build/tiago_laser_sensors': CMAKE_PREFIX_PATH=${CMAKE_PREFIX_PATH}:/opt/ros/jazzy:/Bt/install/yolo_ros:/Bt/install/ros2_aruco:/Bt/install/launch_pal:/Bt/install/grab2_curobo_planner /usr/bin/cmake --build /Bt/build/tiago_laser_sensors -- -j8 -l8
[0.185s] Invoked command in '/Bt/build/tiago_laser_sensors' returned '0': CMAKE_PREFIX_PATH=${CMAKE_PREFIX_PATH}:/opt/ros/jazzy:/Bt/install/yolo_ros:/Bt/install/ros2_aruco:/Bt/install/launch_pal:/Bt/install/grab2_curobo_planner /usr/bin/cmake --build /Bt/build/tiago_laser_sensors -- -j8 -l8
[0.209s] Invoking command in '/Bt/build/tiago_laser_sensors': CMAKE_PREFIX_PATH=${CMAKE_PREFIX_PATH}:/opt/ros/jazzy:/Bt/install/yolo_ros:/Bt/install/ros2_aruco:/Bt/install/launch_pal:/Bt/install/grab2_curobo_planner /usr/bin/cmake --install /Bt/build/tiago_laser_sensors
[0.232s] -- Install configuration: ""
[0.232s] -- Up-to-date: /Bt/install/tiago_laser_sensors/share/tiago_laser_sensors/params
[0.233s] -- Up-to-date: /Bt/install/tiago_laser_sensors/share/tiago_laser_sensors/params/omni_base_laser_pipeline_sim.yaml
[0.233s] -- Up-to-date: /Bt/install/tiago_laser_sensors/share/tiago_laser_sensors/params/pmb2_laser_pipeline_sim.yaml
[0.237s] -- Up-to-date: /Bt/install/tiago_laser_sensors/share/tiago_laser_sensors/params/omni_base_laser_pipeline.yaml
[0.238s] -- Up-to-date: /Bt/install/tiago_laser_sensors/share/tiago_laser_sensors/params/pmb2_laser_pipeline.yaml
[0.238s] -- Up-to-date: /Bt/install/tiago_laser_sensors/share/tiago_laser_sensors/params/pmb2_laser_pipeline_w_composition.yaml
[0.238s] -- Up-to-date: /Bt/install/tiago_laser_sensors/share/tiago_laser_sensors/params/omni_base_laser_pipeline_w_composition.yaml
[0.238s] -- Up-to-date: /Bt/install/tiago_laser_sensors/share/ament_index/resource_index/package_run_dependencies/tiago_laser_sensors
[0.240s] -- Up-to-date: /Bt/install/tiago_laser_sensors/share/ament_index/resource_index/parent_prefix_path/tiago_laser_sensors
[0.240s] -- Up-to-date: /Bt/install/tiago_laser_sensors/share/tiago_laser_sensors/environment/ament_prefix_path.sh
[0.240s] -- Up-to-date: /Bt/install/tiago_laser_sensors/share/tiago_laser_sensors/environment/ament_prefix_path.dsv
[0.241s] -- Up-to-date: /Bt/install/tiago_laser_sensors/share/tiago_laser_sensors/environment/path.sh
[0.241s] -- Up-to-date: /Bt/install/tiago_laser_sensors/share/tiago_laser_sensors/environment/path.dsv
[0.242s] -- Up-to-date: /Bt/install/tiago_laser_sensors/share/tiago_laser_sensors/local_setup.bash
[0.242s] -- Up-to-date: /Bt/install/tiago_laser_sensors/share/tiago_laser_sensors/local_setup.sh
[0.243s] -- Up-to-date: /Bt/install/tiago_laser_sensors/share/tiago_laser_sensors/local_setup.zsh
[0.243s] -- Up-to-date: /Bt/install/tiago_laser_sensors/share/tiago_laser_sensors/local_setup.dsv
[0.244s] -- Installing: /Bt/install/tiago_laser_sensors/share/tiago_laser_sensors/package.dsv
[0.244s] -- Up-to-date: /Bt/install/tiago_laser_sensors/share/ament_index/resource_index/packages/tiago_laser_sensors
[0.246s] -- Up-to-date: /Bt/install/tiago_laser_sensors/share/tiago_laser_sensors/cmake/tiago_laser_sensorsConfig.cmake
[0.247s] -- Up-to-date: /Bt/install/tiago_laser_sensors/share/tiago_laser_sensors/cmake/tiago_laser_sensorsConfig-version.cmake
[0.247s] -- Up-to-date: /Bt/install/tiago_laser_sensors/share/tiago_laser_sensors/package.xml
[0.247s] Invoked command in '/Bt/build/tiago_laser_sensors' returned '0': CMAKE_PREFIX_PATH=${CMAKE_PREFIX_PATH}:/opt/ros/jazzy:/Bt/install/yolo_ros:/Bt/install/ros2_aruco:/Bt/install/launch_pal:/Bt/install/grab2_curobo_planner /usr/bin/cmake --install /Bt/build/tiago_laser_sensors
