[1.881s] Invoking command in '/Bt/ThirdParty/launch_pal': PYTHONPATH=/Bt/build/launch_pal/prefix_override:/usr/lib/python3/dist-packages/colcon_core/task/python/colcon_distutils_commands:/Bt/install/launch_pal/lib/python3.12/site-packages:${PYTHONPATH} /usr/bin/python3 -W ignore:setup.py install is deprecated -W ignore:easy_install command is deprecated setup.py egg_info --egg-base ../../build/launch_pal build --build-base /Bt/build/launch_pal/build install --record /Bt/build/launch_pal/install.log --single-version-externally-managed install_data
[2.225s] running egg_info
[2.249s] writing ../../build/launch_pal/launch_pal.egg-info/PKG-INFO
[2.274s] writing dependency_links to ../../build/launch_pal/launch_pal.egg-info/dependency_links.txt
[2.274s] writing requirements to ../../build/launch_pal/launch_pal.egg-info/requires.txt
[2.275s] writing top-level names to ../../build/launch_pal/launch_pal.egg-info/top_level.txt
[2.334s] reading manifest file '../../build/launch_pal/launch_pal.egg-info/SOURCES.txt'
[2.374s] adding license file 'LICENSE'
[2.375s] writing manifest file '../../build/launch_pal/launch_pal.egg-info/SOURCES.txt'
[2.382s] running build
[2.383s] running build_py
[2.384s] running install
[2.391s] running install_lib
[2.568s] running install_data
[2.568s] running install_egg_info
[2.598s] removing '/Bt/install/launch_pal/lib/python3.12/site-packages/launch_pal-0.1.15-py3.12.egg-info' (and everything under it)
[2.607s] Copying ../../build/launch_pal/launch_pal.egg-info to /Bt/install/launch_pal/lib/python3.12/site-packages/launch_pal-0.1.15-py3.12.egg-info
[2.618s] running install_scripts
[2.820s] writing list of installed files to '/Bt/build/launch_pal/install.log'
[3.037s] Invoked command in '/Bt/ThirdParty/launch_pal' returned '0': PYTHONPATH=/Bt/build/launch_pal/prefix_override:/usr/lib/python3/dist-packages/colcon_core/task/python/colcon_distutils_commands:/Bt/install/launch_pal/lib/python3.12/site-packages:${PYTHONPATH} /usr/bin/python3 -W ignore:setup.py install is deprecated -W ignore:easy_install command is deprecated setup.py egg_info --egg-base ../../build/launch_pal build --build-base /Bt/build/launch_pal/build install --record /Bt/build/launch_pal/install.log --single-version-externally-managed install_data
