-- The C compiler identification is GNU 13.3.0
-- The CXX compiler identification is GNU 13.3.0
-- Detecting C compiler ABI info
-- Detecting C compiler ABI info - done
-- Check for working C compiler: /usr/bin/cc - skipped
-- Detecting C compile features
-- Detecting C compile features - done
-- Detecting CXX compiler ABI info
-- Detecting CXX compiler ABI info - done
-- Check for working CXX compiler: /usr/bin/c++ - skipped
-- Detecting CXX compile features
-- Detecting CXX compile features - done
-- Found ament_cmake: 2.5.4 (/opt/ros/jazzy/share/ament_cmake/cmake)
-- Found Python3: /usr/bin/python3 (found version "3.12.3") found components: Interpreter 
-- Found rclcpp: 28.1.12 (/opt/ros/jazzy/share/rclcpp/cmake)
-- Found rosidl_generator_c: 4.6.6 (/opt/ros/jazzy/share/rosidl_generator_c/cmake)
-- Found rosidl_generator_cpp: 4.6.6 (/opt/ros/jazzy/share/rosidl_generator_cpp/cmake)
-- Using all available rosidl_typesupport_c: rosidl_typesupport_fastrtps_c;rosidl_typesupport_introspection_c
-- Using all available rosidl_typesupport_cpp: rosidl_typesupport_fastrtps_cpp;rosidl_typesupport_introspection_cpp
-- Found rmw_implementation_cmake: 7.3.2 (/opt/ros/jazzy/share/rmw_implementation_cmake/cmake)
-- Found rmw_fastrtps_cpp: 8.4.3 (/opt/ros/jazzy/share/rmw_fastrtps_cpp/cmake)
-- Found OpenSSL: /usr/lib/x86_64-linux-gnu/libcrypto.so (found version "3.0.13")  
-- Found FastRTPS: /opt/ros/jazzy/include (Required is at least version "2.13") 
-- Using RMW implementation 'rmw_fastrtps_cpp' as default
-- Found rclcpp_action: 28.1.12 (/opt/ros/jazzy/share/rclcpp_action/cmake)
-- Found std_msgs: 5.3.6 (/opt/ros/jazzy/share/std_msgs/cmake)
-- Found geometry_msgs: 5.3.6 (/opt/ros/jazzy/share/geometry_msgs/cmake)
-- Found tf2_geometry_msgs: 0.36.14 (/opt/ros/jazzy/share/tf2_geometry_msgs/cmake)
-- Found eigen3_cmake_module: 0.3.0 (/opt/ros/jazzy/share/eigen3_cmake_module/cmake)
-- Found Eigen3: TRUE (found version "3.4.0") 
-- Ensuring Eigen3 include directory is part of orocos-kdl CMake target
-- Found vision_msgs: 4.1.1 (/opt/ros/jazzy/share/vision_msgs/cmake)
-- Found vision_msgs_rviz_plugins: 4.1.1 (/opt/ros/jazzy/share/vision_msgs_rviz_plugins/cmake)
-- Setting OGRE_DIR to: '/opt/ros/jazzy/share/rviz_ogre_vendor/cmake/../../../opt/rviz_ogre_vendor/lib/OGRE/cmake'
-- Found OGRE
--   static     : OFF
--   components : MeshLodGenerator;Overlay;Paging;Property;RTShaderSystem;Terrain;Volume
--   plugins    : Plugin_BSPSceneManager;Plugin_OctreeSceneManager;Plugin_PCZSceneManager;Plugin_ParticleFX;RenderSystem_GL;RenderSystem_GL3Plus;Codec_STBI
--   media      : /opt/ros/jazzy/opt/rviz_ogre_vendor/share/OGRE/Media
-- OGRE_LIBRARIES: OgreMeshLodGenerator;OgreOverlay;OgrePaging;OgreProperty;OgreRTShaderSystem;OgreTerrain;OgreVolume;OgreMain
-- OGRE_LIBRARY_DIRS: /opt/ros/jazzy/opt/rviz_ogre_vendor/lib
-- OGRE_PLUGINS: Plugin_BSPSceneManager;Plugin_OctreeSceneManager;Plugin_PCZSceneManager;Plugin_ParticleFX;RenderSystem_GL;RenderSystem_GL3Plus;Codec_STBI
-- OGRE_PLUGIN_DIR: /opt/ros/jazzy/opt/rviz_ogre_vendor/lib/OGRE
-- rviz_ogre_vendor::OgreOverlay for IMPORTED_LOCATION_RELEASE: /opt/ros/jazzy/opt/rviz_ogre_vendor/lib/libOgreOverlay.so
-- rviz_ogre_vendor::OgreOverlay for IMPORTED_LOCATION_DEBUG: /opt/ros/jazzy/opt/rviz_ogre_vendor/lib/libOgreOverlay.so
-- rviz_ogre_vendor::OgreMain for IMPORTED_LOCATION_RELEASE: /opt/ros/jazzy/opt/rviz_ogre_vendor/lib/libOgreMain.so
-- rviz_ogre_vendor::OgreMain for IMPORTED_LOCATION_DEBUG: /opt/ros/jazzy/opt/rviz_ogre_vendor/lib/libOgreMain.so
-- Found ZLIB: /usr/lib/x86_64-linux-gnu/libz.so (found version "1.3")  
-- Found OpenGL: /usr/lib/x86_64-linux-gnu/libOpenGL.so   
-- Found X11: /usr/include   
-- Looking for XOpenDisplay in /usr/lib/x86_64-linux-gnu/libX11.so;/usr/lib/x86_64-linux-gnu/libXext.so
-- Looking for XOpenDisplay in /usr/lib/x86_64-linux-gnu/libX11.so;/usr/lib/x86_64-linux-gnu/libXext.so - found
-- Looking for gethostbyname
-- Looking for gethostbyname - found
-- Looking for connect
-- Looking for connect - found
-- Looking for remove
-- Looking for remove - found
-- Looking for shmat
-- Looking for shmat - found
-- Looking for IceConnectionNumber in ICE
-- Looking for IceConnectionNumber in ICE - found
-- Setting yaml-cpp_DIR to: '/opt/ros/jazzy/share/yaml_cpp_vendor/cmake/../../../opt/yaml_cpp_vendor/share/cmake/yaml-cpp'
-- Found control_msgs: 5.5.0 (/opt/ros/jazzy/share/control_msgs/cmake)
-- Found grab2_msgs: 0.0.0 (/Bt/install/grab2_msgs/share/grab2_msgs/cmake)
-- Found behaviortree_cpp: 4.7.1 (/opt/ros/jazzy/share/behaviortree_cpp/cmake)
-- Found behaviortree_ros2: 0.3.0 (/Bt/install/behaviortree_ros2/share/behaviortree_ros2/cmake)
-- Found ament_lint_auto: 0.17.3 (/opt/ros/jazzy/share/ament_lint_auto/cmake)
-- Added test 'cppcheck' to perform static code analysis on C / C++ code
-- Configured cppcheck include dirs: $<BUILD_INTERFACE:/Bt/ThirdParty/grab2/grab2_behavior_tree/include>
-- Configured cppcheck exclude dirs and/or files: 
-- Added test 'cpplint' to check C / C++ code against the Google style
-- Configured cpplint exclude dirs and/or files: 
-- Added test 'flake8' to check Python code syntax and style conventions
-- Configured 'flake8' exclude dirs and/or files: 
-- Added test 'lint_cmake' to check CMake code style
-- Added test 'pep257' to check Python code against some of the docstring style conventions in PEP 257
-- Added test 'uncrustify' to check C / C++ code style
-- Configured uncrustify additional arguments: 
-- Added test 'xmllint' to check XML markup files
-- Configuring done (12.8s)
-- Generating done (0.1s)
-- Build files have been written to: /Bt/build/grab2_behavior_tree
[  5%] [32mBuilding CXX object CMakeFiles/grab2_detect_object_bt_node.dir/plugins/action/detect_object.cpp.o[0m
[ 11%] [32m[1mLinking CXX shared library libgrab2_detect_object_bt_node.so[0m
[ 11%] Built target grab2_detect_object_bt_node
[ 16%] [32mBuilding CXX object CMakeFiles/grab2_reach_object_bt_node.dir/plugins/action/reach_object.cpp.o[0m
[ 22%] [32m[1mLinking CXX shared library libgrab2_reach_object_bt_node.so[0m
[ 22%] Built target grab2_reach_object_bt_node
[ 27%] [32mBuilding CXX object CMakeFiles/grab2_engine.dir/src/main.cpp.o[0m
[ 33%] [32mBuilding CXX object CMakeFiles/grab2_grip_bt_node.dir/plugins/action/grip.cpp.o[0m
[ 38%] [32m[1mLinking CXX executable grab2_engine[0m
[ 38%] Built target grab2_engine
[ 50%] [32mBuilding CXX object CMakeFiles/grab2_compute_plan_to_target_ik_bt_node.dir/plugins/action/compute_plan_to_target_ik.cpp.o[0m
[ 50%] [32mBuilding CXX object CMakeFiles/grab2_follow_joint_trajectory_bt_node.dir/plugins/action/follow_joint_trajectory.cpp.o[0m
[ 55%] [32m[1mLinking CXX shared library libgrab2_grip_bt_node.so[0m
[ 55%] Built target grab2_grip_bt_node
[ 61%] [32mBuilding CXX object CMakeFiles/grab2_compute_top_down_grasp_bt_node.dir/plugins/action/compute_top_down_grasp.cpp.o[0m
[ 66%] [32m[1mLinking CXX shared library libgrab2_compute_top_down_grasp_bt_node.so[0m
[ 72%] [32m[1mLinking CXX shared library libgrab2_compute_plan_to_target_ik_bt_node.so[0m
[ 77%] [32m[1mLinking CXX shared library libgrab2_follow_joint_trajectory_bt_node.so[0m
[ 77%] Built target grab2_compute_top_down_grasp_bt_node
[ 83%] [32mBuilding CXX object CMakeFiles/grab2_get_grasp_hardcoded_bt_node.dir/plugins/action/get_grasp_hardcoded.cpp.o[0m
[ 83%] Built target grab2_compute_plan_to_target_ik_bt_node
[ 88%] [32mBuilding CXX object CMakeFiles/grab2_get_trajectory_from_yaml_bt_node.dir/plugins/action/get_trajectory_from_yaml.cpp.o[0m
[ 88%] Built target grab2_follow_joint_trajectory_bt_node
[ 94%] [32m[1mLinking CXX shared library libgrab2_get_grasp_hardcoded_bt_node.so[0m
[ 94%] Built target grab2_get_grasp_hardcoded_bt_node
[100%] [32m[1mLinking CXX shared library libgrab2_get_trajectory_from_yaml_bt_node.so[0m
[100%] Built target grab2_get_trajectory_from_yaml_bt_node
-- Install configuration: ""
-- Installing: /Bt/install/grab2_behavior_tree/lib/libgrab2_detect_object_bt_node.so
-- Set non-toolchain portion of runtime path of "/Bt/install/grab2_behavior_tree/lib/libgrab2_detect_object_bt_node.so" to ""
-- Installing: /Bt/install/grab2_behavior_tree/lib/libgrab2_get_trajectory_from_yaml_bt_node.so
-- Set non-toolchain portion of runtime path of "/Bt/install/grab2_behavior_tree/lib/libgrab2_get_trajectory_from_yaml_bt_node.so" to ""
-- Installing: /Bt/install/grab2_behavior_tree/lib/libgrab2_get_grasp_hardcoded_bt_node.so
-- Set non-toolchain portion of runtime path of "/Bt/install/grab2_behavior_tree/lib/libgrab2_get_grasp_hardcoded_bt_node.so" to ""
-- Installing: /Bt/install/grab2_behavior_tree/lib/libgrab2_compute_top_down_grasp_bt_node.so
-- Set non-toolchain portion of runtime path of "/Bt/install/grab2_behavior_tree/lib/libgrab2_compute_top_down_grasp_bt_node.so" to ""
-- Installing: /Bt/install/grab2_behavior_tree/lib/libgrab2_compute_plan_to_target_ik_bt_node.so
-- Set non-toolchain portion of runtime path of "/Bt/install/grab2_behavior_tree/lib/libgrab2_compute_plan_to_target_ik_bt_node.so" to ""
-- Installing: /Bt/install/grab2_behavior_tree/lib/libgrab2_follow_joint_trajectory_bt_node.so
-- Set non-toolchain portion of runtime path of "/Bt/install/grab2_behavior_tree/lib/libgrab2_follow_joint_trajectory_bt_node.so" to ""
-- Installing: /Bt/install/grab2_behavior_tree/lib/libgrab2_grip_bt_node.so
-- Set non-toolchain portion of runtime path of "/Bt/install/grab2_behavior_tree/lib/libgrab2_grip_bt_node.so" to ""
-- Installing: /Bt/install/grab2_behavior_tree/lib/libgrab2_reach_object_bt_node.so
-- Set non-toolchain portion of runtime path of "/Bt/install/grab2_behavior_tree/lib/libgrab2_reach_object_bt_node.so" to ""
-- Installing: /Bt/install/grab2_behavior_tree/lib/grab2_behavior_tree/grab2_engine
-- Set non-toolchain portion of runtime path of "/Bt/install/grab2_behavior_tree/lib/grab2_behavior_tree/grab2_engine" to ""
-- Installing: /Bt/install/grab2_behavior_tree/share/grab2_behavior_tree/bt_plugins/libgrab2_detect_object_bt_node.so
-- Set non-toolchain portion of runtime path of "/Bt/install/grab2_behavior_tree/share/grab2_behavior_tree/bt_plugins/libgrab2_detect_object_bt_node.so" to ""
-- Installing: /Bt/install/grab2_behavior_tree/share/grab2_behavior_tree/bt_plugins/libgrab2_get_trajectory_from_yaml_bt_node.so
-- Set non-toolchain portion of runtime path of "/Bt/install/grab2_behavior_tree/share/grab2_behavior_tree/bt_plugins/libgrab2_get_trajectory_from_yaml_bt_node.so" to ""
-- Installing: /Bt/install/grab2_behavior_tree/share/grab2_behavior_tree/bt_plugins/libgrab2_get_grasp_hardcoded_bt_node.so
-- Set non-toolchain portion of runtime path of "/Bt/install/grab2_behavior_tree/share/grab2_behavior_tree/bt_plugins/libgrab2_get_grasp_hardcoded_bt_node.so" to ""
-- Installing: /Bt/install/grab2_behavior_tree/share/grab2_behavior_tree/bt_plugins/libgrab2_compute_top_down_grasp_bt_node.so
-- Set non-toolchain portion of runtime path of "/Bt/install/grab2_behavior_tree/share/grab2_behavior_tree/bt_plugins/libgrab2_compute_top_down_grasp_bt_node.so" to ""
-- Installing: /Bt/install/grab2_behavior_tree/share/grab2_behavior_tree/bt_plugins/libgrab2_compute_plan_to_target_ik_bt_node.so
-- Set non-toolchain portion of runtime path of "/Bt/install/grab2_behavior_tree/share/grab2_behavior_tree/bt_plugins/libgrab2_compute_plan_to_target_ik_bt_node.so" to ""
-- Installing: /Bt/install/grab2_behavior_tree/share/grab2_behavior_tree/bt_plugins/libgrab2_follow_joint_trajectory_bt_node.so
-- Set non-toolchain portion of runtime path of "/Bt/install/grab2_behavior_tree/share/grab2_behavior_tree/bt_plugins/libgrab2_follow_joint_trajectory_bt_node.so" to ""
-- Installing: /Bt/install/grab2_behavior_tree/share/grab2_behavior_tree/bt_plugins/libgrab2_grip_bt_node.so
-- Set non-toolchain portion of runtime path of "/Bt/install/grab2_behavior_tree/share/grab2_behavior_tree/bt_plugins/libgrab2_grip_bt_node.so" to ""
-- Installing: /Bt/install/grab2_behavior_tree/share/grab2_behavior_tree/bt_plugins/libgrab2_reach_object_bt_node.so
-- Set non-toolchain portion of runtime path of "/Bt/install/grab2_behavior_tree/share/grab2_behavior_tree/bt_plugins/libgrab2_reach_object_bt_node.so" to ""
-- Installing: /Bt/install/grab2_behavior_tree/include/grab2_behavior_tree/grab2_behavior_tree/plugins_list.hpp
-- Up-to-date: /Bt/install/grab2_behavior_tree/include/grab2_behavior_tree
-- Up-to-date: /Bt/install/grab2_behavior_tree/include/grab2_behavior_tree/grab2_behavior_tree
-- Installing: /Bt/install/grab2_behavior_tree/include/grab2_behavior_tree/grab2_behavior_tree/utils.hpp
-- Installing: /Bt/install/grab2_behavior_tree/include/grab2_behavior_tree/grab2_behavior_tree/plugins
-- Installing: /Bt/install/grab2_behavior_tree/include/grab2_behavior_tree/grab2_behavior_tree/plugins/action
-- Installing: /Bt/install/grab2_behavior_tree/include/grab2_behavior_tree/grab2_behavior_tree/plugins/action/compute_plan_to_target_ik.hpp
-- Installing: /Bt/install/grab2_behavior_tree/include/grab2_behavior_tree/grab2_behavior_tree/plugins/action/get_trajectory_from_yaml.hpp
-- Installing: /Bt/install/grab2_behavior_tree/include/grab2_behavior_tree/grab2_behavior_tree/plugins/action/get_grasp_hardcoded.hpp
-- Installing: /Bt/install/grab2_behavior_tree/include/grab2_behavior_tree/grab2_behavior_tree/plugins/action/detect_object.hpp
-- Installing: /Bt/install/grab2_behavior_tree/include/grab2_behavior_tree/grab2_behavior_tree/plugins/action/reach_object.hpp
-- Installing: /Bt/install/grab2_behavior_tree/include/grab2_behavior_tree/grab2_behavior_tree/plugins/action/follow_joint_trajectory.hpp
-- Installing: /Bt/install/grab2_behavior_tree/include/grab2_behavior_tree/grab2_behavior_tree/plugins/action/compute_top_down_grasp.hpp
-- Installing: /Bt/install/grab2_behavior_tree/include/grab2_behavior_tree/grab2_behavior_tree/plugins/action/grip.hpp
-- Installing: /Bt/install/grab2_behavior_tree/share/grab2_behavior_tree/behavior_trees
-- Installing: /Bt/install/grab2_behavior_tree/share/grab2_behavior_tree/behavior_trees/collect_toys.xml
-- Installing: /Bt/install/grab2_behavior_tree/share/grab2_behavior_tree/behavior_trees/collect_cubes.xml
-- Installing: /Bt/install/grab2_behavior_tree/share/grab2_behavior_tree/behavior_trees/stack_cubes.xml
-- Installing: /Bt/install/grab2_behavior_tree/share/grab2_behavior_tree/behavior_trees/bt_groot2.btproj
-- Installing: /Bt/install/grab2_behavior_tree/share/grab2_behavior_tree/behavior_trees/target_ik_demo.xml
-- Installing: /Bt/install/grab2_behavior_tree/share/grab2_behavior_tree/behavior_trees/lookaround_demo.xml
-- Installing: /Bt/install/grab2_behavior_tree/share/grab2_behavior_tree/launch
-- Installing: /Bt/install/grab2_behavior_tree/share/grab2_behavior_tree/launch/bt_demo.launch.py
-- Installing: /Bt/install/grab2_behavior_tree/share/grab2_behavior_tree/launch/grab2_engine.launch.py
-- Installing: /Bt/install/grab2_behavior_tree/share/grab2_behavior_tree/config
-- Installing: /Bt/install/grab2_behavior_tree/share/grab2_behavior_tree/config/panda_joint_trajectories.yaml
-- Installing: /Bt/install/grab2_behavior_tree/share/ament_index/resource_index/package_run_dependencies/grab2_behavior_tree
-- Installing: /Bt/install/grab2_behavior_tree/share/ament_index/resource_index/parent_prefix_path/grab2_behavior_tree
-- Installing: /Bt/install/grab2_behavior_tree/share/grab2_behavior_tree/environment/ament_prefix_path.sh
-- Installing: /Bt/install/grab2_behavior_tree/share/grab2_behavior_tree/environment/ament_prefix_path.dsv
-- Installing: /Bt/install/grab2_behavior_tree/share/grab2_behavior_tree/environment/path.sh
-- Installing: /Bt/install/grab2_behavior_tree/share/grab2_behavior_tree/environment/path.dsv
-- Installing: /Bt/install/grab2_behavior_tree/share/grab2_behavior_tree/local_setup.bash
-- Installing: /Bt/install/grab2_behavior_tree/share/grab2_behavior_tree/local_setup.sh
-- Installing: /Bt/install/grab2_behavior_tree/share/grab2_behavior_tree/local_setup.zsh
-- Installing: /Bt/install/grab2_behavior_tree/share/grab2_behavior_tree/local_setup.dsv
-- Installing: /Bt/install/grab2_behavior_tree/share/grab2_behavior_tree/package.dsv
-- Installing: /Bt/install/grab2_behavior_tree/share/ament_index/resource_index/packages/grab2_behavior_tree
-- Installing: /Bt/install/grab2_behavior_tree/share/grab2_behavior_tree/cmake/ament_cmake_export_include_directories-extras.cmake
-- Installing: /Bt/install/grab2_behavior_tree/share/grab2_behavior_tree/cmake/grab2_behavior_treeConfig.cmake
-- Installing: /Bt/install/grab2_behavior_tree/share/grab2_behavior_tree/cmake/grab2_behavior_treeConfig-version.cmake
-- Installing: /Bt/install/grab2_behavior_tree/share/grab2_behavior_tree/package.xml
