[0.047s] Invoking command in '/Bt/build/grab2_behavior_tree': CMAKE_PREFIX_PATH=/Bt/install/grab2_msgs:/Bt/install/behaviortree_ros2:/Bt/install/btcpp_ros2_interfaces:/opt/ros/jazzy/opt/gz_sim_vendor:/opt/ros/jazzy/opt/gz_sensors_vendor:/opt/ros/jazzy/opt/gz_physics_vendor:/opt/ros/jazzy/opt/sdformat_vendor:/opt/ros/jazzy/opt/gz_gui_vendor:/opt/ros/jazzy/opt/gz_transport_vendor:/opt/ros/jazzy/opt/gz_rendering_vendor:/opt/ros/jazzy/opt/gz_plugin_vendor:/opt/ros/jazzy/opt/gz_fuel_tools_vendor:/opt/ros/jazzy/opt/gz_msgs_vendor:/opt/ros/jazzy/opt/gz_common_vendor:/opt/ros/jazzy/opt/gz_math_vendor:/opt/ros/jazzy/opt/gz_utils_vendor:/opt/ros/jazzy/opt/gz_tools_vendor:/opt/ros/jazzy/opt/gz_ogre_next_vendor:/opt/ros/jazzy/opt/gz_dartsim_vendor:/opt/ros/jazzy/opt/gz_cmake_vendor:/Bt/install/yolo_bringup:/Bt/install/yolo_msgs:/Bt/install/tiago_slam:/Bt/install/tiago_simulation:/Bt/install/tiago_sim:/Bt/install/tiago_robot:/Bt/install/tiago_navigation:/Bt/install/tiago_demos:/Bt/install/tiago_nav:/Bt/install/tiago_gazebo:/Bt/install/tiago_moveit_config:/Bt/install/tiago_2dnav:/Bt/install/tiago_laser_sensors:/Bt/install/tiago_grab:/Bt/install/tiago_bringup:/Bt/install/tiago_description:/Bt/install/tiago_controller_configuration:/Bt/install/tiago_behavior_tree:/Bt/install/tiago_aruco_broadcast:/Bt/install/ros2_aruco_interfaces:/Bt/install/pmb2_robot:/Bt/install/pmb2_rgbd_sensors:/Bt/install/pmb2_navigation:/Bt/install/pmb2_laser_sensors:/Bt/install/pmb2_bringup:/Bt/install/pmb2_description:/Bt/install/pmb2_controller_configuration:/Bt/install/pmb2_2dnav:/Bt/install/play_motion2:/Bt/install/play_motion2_msgs:/Bt/install/pal_hey5:/Bt/install/pal_hey5_description:/Bt/install/pal_gripper_simulation:/Bt/install/pal_gripper:/Bt/install/pal_gripper_description:/Bt/install/omni_base_robot:/Bt/install/omni_base_bringup:/Bt/install/omni_base_description:/Bt/install/pal_urdf_utils:/Bt/install/pal_robotiq_gripper:/Bt/install/pal_robotiq_description:/Bt/install/pal_robotiq_controller_configuration:/Bt/install/pal_maps:/Bt/install/pal_hey5_controller_configuration:/Bt/install/pal_gripper_controller_configuration:/Bt/install/omni_base_controller_configuration:/Bt/install/grab2_planner:/Bt/install/grab2_grasp_generator:/Bt/install/grab2_bt_grabber:/Bt/install/grab2_ros_common:/Bt/install/grab2_behavior_tree:/Bt/install/grab2_controller:/Bt/install/btcpp_ros2_samples:/opt/ros/jazzy:/Bt/install/yolo_ros:/Bt/install/ros2_aruco:/Bt/install/launch_pal:/Bt/install/grab2_curobo_planner LD_LIBRARY_PATH=/Bt/install/grab2_msgs/lib:/Bt/install/btcpp_ros2_interfaces/lib:/opt/ros/jazzy/opt/gz_sim_vendor/lib:/opt/ros/jazzy/opt/gz_sensors_vendor/lib:/opt/ros/jazzy/opt/gz_physics_vendor/lib:/opt/ros/jazzy/opt/sdformat_vendor/lib:/opt/ros/jazzy/opt/rviz_ogre_vendor/lib:/opt/ros/jazzy/lib/x86_64-linux-gnu:/opt/ros/jazzy/opt/gz_gui_vendor/lib:/opt/ros/jazzy/opt/gz_transport_vendor/lib:/opt/ros/jazzy/opt/gz_rendering_vendor/lib:/opt/ros/jazzy/opt/gz_plugin_vendor/lib:/opt/ros/jazzy/opt/gz_fuel_tools_vendor/lib:/opt/ros/jazzy/opt/gz_msgs_vendor/lib:/opt/ros/jazzy/opt/gz_common_vendor/lib:/opt/ros/jazzy/opt/gz_math_vendor/lib:/opt/ros/jazzy/opt/gz_utils_vendor/lib:/opt/ros/jazzy/opt/gz_tools_vendor/lib:/opt/ros/jazzy/opt/gz_ogre_next_vendor/lib:/opt/ros/jazzy/opt/gz_dartsim_vendor/lib:/opt/ros/jazzy/opt/gz_cmake_vendor/lib:/opt/ros/jazzy/lib:/Bt/install/yolo_msgs/lib:/Bt/install/tiago_behavior_tree/lib:/Bt/install/ros2_aruco_interfaces/lib:/Bt/install/play_motion2/lib:/Bt/install/play_motion2_msgs/lib:/Bt/install/grab2_planner/lib:/Bt/install/grab2_grasp_generator/lib:/Bt/install/grab2_bt_grabber/lib:/Bt/install/grab2_behavior_tree/lib:/Bt/install/behaviortree_ros2/lib PYTHONPATH=/Bt/install/grab2_msgs/lib/python3.12/site-packages:/Bt/install/btcpp_ros2_interfaces/lib/python3.12/site-packages:/opt/ros/jazzy/lib/python3.12/site-packages:/Bt/install/yolo_ros/lib/python3.12/site-packages:/Bt/install/yolo_msgs/lib/python3.12/site-packages:/Bt/install/tiago_description/lib/python3.12/site-packages:/Bt/install/ros2_aruco_interfaces/lib/python3.12/site-packages:/Bt/install/ros2_aruco/lib/python3.12/site-packages:/Bt/install/pmb2_description/lib/python3.12/site-packages:/Bt/install/play_motion2_msgs/lib/python3.12/site-packages:/Bt/install/omni_base_description/lib/python3.12/site-packages:/Bt/install/launch_pal/lib/python3.12/site-packages:/Bt/install/grab2_curobo_planner/lib/python3.12/site-packages /usr/bin/cmake /Bt/ThirdParty/grab2/grab2_behavior_tree -DCMAKE_INSTALL_PREFIX=/Bt/install/grab2_behavior_tree
[0.302s] -- The C compiler identification is GNU 13.3.0
[0.505s] -- The CXX compiler identification is GNU 13.3.0
[0.555s] -- Detecting C compiler ABI info
[0.825s] -- Detecting C compiler ABI info - done
[0.865s] -- Check for working C compiler: /usr/bin/cc - skipped
[0.865s] -- Detecting C compile features
[0.865s] -- Detecting C compile features - done
[0.896s] -- Detecting CXX compiler ABI info
[1.250s] -- Detecting CXX compiler ABI info - done
[1.277s] -- Check for working CXX compiler: /usr/bin/c++ - skipped
[1.277s] -- Detecting CXX compile features
[1.278s] -- Detecting CXX compile features - done
[1.304s] -- Found ament_cmake: 2.5.4 (/opt/ros/jazzy/share/ament_cmake/cmake)
[1.898s] -- Found Python3: /usr/bin/python3 (found version "3.12.3") found components: Interpreter 
[2.452s] -- Found rclcpp: 28.1.12 (/opt/ros/jazzy/share/rclcpp/cmake)
[2.751s] -- Found rosidl_generator_c: 4.6.6 (/opt/ros/jazzy/share/rosidl_generator_c/cmake)
[2.839s] -- Found rosidl_generator_cpp: 4.6.6 (/opt/ros/jazzy/share/rosidl_generator_cpp/cmake)
[2.929s] -- Using all available rosidl_typesupport_c: rosidl_typesupport_fastrtps_c;rosidl_typesupport_introspection_c
[3.056s] -- Using all available rosidl_typesupport_cpp: rosidl_typesupport_fastrtps_cpp;rosidl_typesupport_introspection_cpp
[3.406s] -- Found rmw_implementation_cmake: 7.3.2 (/opt/ros/jazzy/share/rmw_implementation_cmake/cmake)
[3.427s] -- Found rmw_fastrtps_cpp: 8.4.3 (/opt/ros/jazzy/share/rmw_fastrtps_cpp/cmake)
[3.736s] -- Found OpenSSL: /usr/lib/x86_64-linux-gnu/libcrypto.so (found version "3.0.13")  
[3.825s] -- Found FastRTPS: /opt/ros/jazzy/include (Required is at least version "2.13") 
[3.927s] -- Using RMW implementation 'rmw_fastrtps_cpp' as default
[4.401s] -- Found rclcpp_action: 28.1.12 (/opt/ros/jazzy/share/rclcpp_action/cmake)
[4.588s] -- Found std_msgs: 5.3.6 (/opt/ros/jazzy/share/std_msgs/cmake)
[4.680s] -- Found geometry_msgs: 5.3.6 (/opt/ros/jazzy/share/geometry_msgs/cmake)
[4.778s] -- Found tf2_geometry_msgs: 0.36.14 (/opt/ros/jazzy/share/tf2_geometry_msgs/cmake)
[4.897s] -- Found eigen3_cmake_module: 0.3.0 (/opt/ros/jazzy/share/eigen3_cmake_module/cmake)
[4.900s] -- Found Eigen3: TRUE (found version "3.4.0") 
[4.900s] -- Ensuring Eigen3 include directory is part of orocos-kdl CMake target
[5.431s] -- Found vision_msgs: 4.1.1 (/opt/ros/jazzy/share/vision_msgs/cmake)
[5.524s] -- Found vision_msgs_rviz_plugins: 4.1.1 (/opt/ros/jazzy/share/vision_msgs_rviz_plugins/cmake)
[6.845s] -- Setting OGRE_DIR to: '/opt/ros/jazzy/share/rviz_ogre_vendor/cmake/../../../opt/rviz_ogre_vendor/lib/OGRE/cmake'
[6.891s] -- Found OGRE
[6.891s] --   static     : OFF
[6.892s] --   components : MeshLodGenerator;Overlay;Paging;Property;RTShaderSystem;Terrain;Volume
[6.892s] --   plugins    : Plugin_BSPSceneManager;Plugin_OctreeSceneManager;Plugin_PCZSceneManager;Plugin_ParticleFX;RenderSystem_GL;RenderSystem_GL3Plus;Codec_STBI
[6.892s] --   media      : /opt/ros/jazzy/opt/rviz_ogre_vendor/share/OGRE/Media
[6.892s] -- OGRE_LIBRARIES: OgreMeshLodGenerator;OgreOverlay;OgrePaging;OgreProperty;OgreRTShaderSystem;OgreTerrain;OgreVolume;OgreMain
[6.892s] -- OGRE_LIBRARY_DIRS: /opt/ros/jazzy/opt/rviz_ogre_vendor/lib
[6.892s] -- OGRE_PLUGINS: Plugin_BSPSceneManager;Plugin_OctreeSceneManager;Plugin_PCZSceneManager;Plugin_ParticleFX;RenderSystem_GL;RenderSystem_GL3Plus;Codec_STBI
[6.892s] -- OGRE_PLUGIN_DIR: /opt/ros/jazzy/opt/rviz_ogre_vendor/lib/OGRE
[6.911s] -- rviz_ogre_vendor::OgreOverlay for IMPORTED_LOCATION_RELEASE: /opt/ros/jazzy/opt/rviz_ogre_vendor/lib/libOgreOverlay.so
[6.911s] -- rviz_ogre_vendor::OgreOverlay for IMPORTED_LOCATION_DEBUG: /opt/ros/jazzy/opt/rviz_ogre_vendor/lib/libOgreOverlay.so
[6.911s] -- rviz_ogre_vendor::OgreMain for IMPORTED_LOCATION_RELEASE: /opt/ros/jazzy/opt/rviz_ogre_vendor/lib/libOgreMain.so
[6.911s] -- rviz_ogre_vendor::OgreMain for IMPORTED_LOCATION_DEBUG: /opt/ros/jazzy/opt/rviz_ogre_vendor/lib/libOgreMain.so
[7.439s] -- Found ZLIB: /usr/lib/x86_64-linux-gnu/libz.so (found version "1.3")  
[7.698s] -- Found OpenGL: /usr/lib/x86_64-linux-gnu/libOpenGL.so   
[8.734s] -- Found X11: /usr/include   
[8.746s] -- Looking for XOpenDisplay in /usr/lib/x86_64-linux-gnu/libX11.so;/usr/lib/x86_64-linux-gnu/libXext.so
[9.251s] -- Looking for XOpenDisplay in /usr/lib/x86_64-linux-gnu/libX11.so;/usr/lib/x86_64-linux-gnu/libXext.so - found
[9.254s] -- Looking for gethostbyname
[9.562s] -- Looking for gethostbyname - found
[9.562s] -- Looking for connect
[9.872s] -- Looking for connect - found
[9.872s] -- Looking for remove
[10.157s] -- Looking for remove - found
[10.157s] -- Looking for shmat
[10.468s] -- Looking for shmat - found
[10.468s] -- Looking for IceConnectionNumber in ICE
[10.755s] -- Looking for IceConnectionNumber in ICE - found
[11.119s] -- Setting yaml-cpp_DIR to: '/opt/ros/jazzy/share/yaml_cpp_vendor/cmake/../../../opt/yaml_cpp_vendor/share/cmake/yaml-cpp'
[11.177s] -- Found control_msgs: 5.5.0 (/opt/ros/jazzy/share/control_msgs/cmake)
[11.305s] -- Found grab2_msgs: 0.0.0 (/Bt/install/grab2_msgs/share/grab2_msgs/cmake)
[11.771s] -- Found behaviortree_cpp: 4.7.1 (/opt/ros/jazzy/share/behaviortree_cpp/cmake)
[11.776s] -- Found behaviortree_ros2: 0.3.0 (/Bt/install/behaviortree_ros2/share/behaviortree_ros2/cmake)
[12.173s] -- Found ament_lint_auto: 0.17.3 (/opt/ros/jazzy/share/ament_lint_auto/cmake)
[12.767s] -- Added test 'cppcheck' to perform static code analysis on C / C++ code
[12.768s] -- Configured cppcheck include dirs: $<BUILD_INTERFACE:/Bt/ThirdParty/grab2/grab2_behavior_tree/include>
[12.768s] -- Configured cppcheck exclude dirs and/or files: 
[12.785s] -- Added test 'cpplint' to check C / C++ code against the Google style
[12.785s] -- Configured cpplint exclude dirs and/or files: 
[12.789s] -- Added test 'flake8' to check Python code syntax and style conventions
[12.789s] -- Configured 'flake8' exclude dirs and/or files: 
[12.805s] -- Added test 'lint_cmake' to check CMake code style
[12.813s] -- Added test 'pep257' to check Python code against some of the docstring style conventions in PEP 257
[12.831s] -- Added test 'uncrustify' to check C / C++ code style
[12.831s] -- Configured uncrustify additional arguments: 
[12.839s] -- Added test 'xmllint' to check XML markup files
[12.856s] -- Configuring done (12.8s)
[13.058s] -- Generating done (0.1s)
[13.108s] -- Build files have been written to: /Bt/build/grab2_behavior_tree
[13.146s] Invoked command in '/Bt/build/grab2_behavior_tree' returned '0': CMAKE_PREFIX_PATH=/Bt/install/grab2_msgs:/Bt/install/behaviortree_ros2:/Bt/install/btcpp_ros2_interfaces:/opt/ros/jazzy/opt/gz_sim_vendor:/opt/ros/jazzy/opt/gz_sensors_vendor:/opt/ros/jazzy/opt/gz_physics_vendor:/opt/ros/jazzy/opt/sdformat_vendor:/opt/ros/jazzy/opt/gz_gui_vendor:/opt/ros/jazzy/opt/gz_transport_vendor:/opt/ros/jazzy/opt/gz_rendering_vendor:/opt/ros/jazzy/opt/gz_plugin_vendor:/opt/ros/jazzy/opt/gz_fuel_tools_vendor:/opt/ros/jazzy/opt/gz_msgs_vendor:/opt/ros/jazzy/opt/gz_common_vendor:/opt/ros/jazzy/opt/gz_math_vendor:/opt/ros/jazzy/opt/gz_utils_vendor:/opt/ros/jazzy/opt/gz_tools_vendor:/opt/ros/jazzy/opt/gz_ogre_next_vendor:/opt/ros/jazzy/opt/gz_dartsim_vendor:/opt/ros/jazzy/opt/gz_cmake_vendor:/Bt/install/yolo_bringup:/Bt/install/yolo_msgs:/Bt/install/tiago_slam:/Bt/install/tiago_simulation:/Bt/install/tiago_sim:/Bt/install/tiago_robot:/Bt/install/tiago_navigation:/Bt/install/tiago_demos:/Bt/install/tiago_nav:/Bt/install/tiago_gazebo:/Bt/install/tiago_moveit_config:/Bt/install/tiago_2dnav:/Bt/install/tiago_laser_sensors:/Bt/install/tiago_grab:/Bt/install/tiago_bringup:/Bt/install/tiago_description:/Bt/install/tiago_controller_configuration:/Bt/install/tiago_behavior_tree:/Bt/install/tiago_aruco_broadcast:/Bt/install/ros2_aruco_interfaces:/Bt/install/pmb2_robot:/Bt/install/pmb2_rgbd_sensors:/Bt/install/pmb2_navigation:/Bt/install/pmb2_laser_sensors:/Bt/install/pmb2_bringup:/Bt/install/pmb2_description:/Bt/install/pmb2_controller_configuration:/Bt/install/pmb2_2dnav:/Bt/install/play_motion2:/Bt/install/play_motion2_msgs:/Bt/install/pal_hey5:/Bt/install/pal_hey5_description:/Bt/install/pal_gripper_simulation:/Bt/install/pal_gripper:/Bt/install/pal_gripper_description:/Bt/install/omni_base_robot:/Bt/install/omni_base_bringup:/Bt/install/omni_base_description:/Bt/install/pal_urdf_utils:/Bt/install/pal_robotiq_gripper:/Bt/install/pal_robotiq_description:/Bt/install/pal_robotiq_controller_configuration:/Bt/install/pal_maps:/Bt/install/pal_hey5_controller_configuration:/Bt/install/pal_gripper_controller_configuration:/Bt/install/omni_base_controller_configuration:/Bt/install/grab2_planner:/Bt/install/grab2_grasp_generator:/Bt/install/grab2_bt_grabber:/Bt/install/grab2_ros_common:/Bt/install/grab2_behavior_tree:/Bt/install/grab2_controller:/Bt/install/btcpp_ros2_samples:/opt/ros/jazzy:/Bt/install/yolo_ros:/Bt/install/ros2_aruco:/Bt/install/launch_pal:/Bt/install/grab2_curobo_planner LD_LIBRARY_PATH=/Bt/install/grab2_msgs/lib:/Bt/install/btcpp_ros2_interfaces/lib:/opt/ros/jazzy/opt/gz_sim_vendor/lib:/opt/ros/jazzy/opt/gz_sensors_vendor/lib:/opt/ros/jazzy/opt/gz_physics_vendor/lib:/opt/ros/jazzy/opt/sdformat_vendor/lib:/opt/ros/jazzy/opt/rviz_ogre_vendor/lib:/opt/ros/jazzy/lib/x86_64-linux-gnu:/opt/ros/jazzy/opt/gz_gui_vendor/lib:/opt/ros/jazzy/opt/gz_transport_vendor/lib:/opt/ros/jazzy/opt/gz_rendering_vendor/lib:/opt/ros/jazzy/opt/gz_plugin_vendor/lib:/opt/ros/jazzy/opt/gz_fuel_tools_vendor/lib:/opt/ros/jazzy/opt/gz_msgs_vendor/lib:/opt/ros/jazzy/opt/gz_common_vendor/lib:/opt/ros/jazzy/opt/gz_math_vendor/lib:/opt/ros/jazzy/opt/gz_utils_vendor/lib:/opt/ros/jazzy/opt/gz_tools_vendor/lib:/opt/ros/jazzy/opt/gz_ogre_next_vendor/lib:/opt/ros/jazzy/opt/gz_dartsim_vendor/lib:/opt/ros/jazzy/opt/gz_cmake_vendor/lib:/opt/ros/jazzy/lib:/Bt/install/yolo_msgs/lib:/Bt/install/tiago_behavior_tree/lib:/Bt/install/ros2_aruco_interfaces/lib:/Bt/install/play_motion2/lib:/Bt/install/play_motion2_msgs/lib:/Bt/install/grab2_planner/lib:/Bt/install/grab2_grasp_generator/lib:/Bt/install/grab2_bt_grabber/lib:/Bt/install/grab2_behavior_tree/lib:/Bt/install/behaviortree_ros2/lib PYTHONPATH=/Bt/install/grab2_msgs/lib/python3.12/site-packages:/Bt/install/btcpp_ros2_interfaces/lib/python3.12/site-packages:/opt/ros/jazzy/lib/python3.12/site-packages:/Bt/install/yolo_ros/lib/python3.12/site-packages:/Bt/install/yolo_msgs/lib/python3.12/site-packages:/Bt/install/tiago_description/lib/python3.12/site-packages:/Bt/install/ros2_aruco_interfaces/lib/python3.12/site-packages:/Bt/install/ros2_aruco/lib/python3.12/site-packages:/Bt/install/pmb2_description/lib/python3.12/site-packages:/Bt/install/play_motion2_msgs/lib/python3.12/site-packages:/Bt/install/omni_base_description/lib/python3.12/site-packages:/Bt/install/launch_pal/lib/python3.12/site-packages:/Bt/install/grab2_curobo_planner/lib/python3.12/site-packages /usr/bin/cmake /Bt/ThirdParty/grab2/grab2_behavior_tree -DCMAKE_INSTALL_PREFIX=/Bt/install/grab2_behavior_tree
[13.147s] Invoking command in '/Bt/build/grab2_behavior_tree': CMAKE_PREFIX_PATH=/Bt/install/grab2_msgs:/Bt/install/behaviortree_ros2:/Bt/install/btcpp_ros2_interfaces:/opt/ros/jazzy/opt/gz_sim_vendor:/opt/ros/jazzy/opt/gz_sensors_vendor:/opt/ros/jazzy/opt/gz_physics_vendor:/opt/ros/jazzy/opt/sdformat_vendor:/opt/ros/jazzy/opt/gz_gui_vendor:/opt/ros/jazzy/opt/gz_transport_vendor:/opt/ros/jazzy/opt/gz_rendering_vendor:/opt/ros/jazzy/opt/gz_plugin_vendor:/opt/ros/jazzy/opt/gz_fuel_tools_vendor:/opt/ros/jazzy/opt/gz_msgs_vendor:/opt/ros/jazzy/opt/gz_common_vendor:/opt/ros/jazzy/opt/gz_math_vendor:/opt/ros/jazzy/opt/gz_utils_vendor:/opt/ros/jazzy/opt/gz_tools_vendor:/opt/ros/jazzy/opt/gz_ogre_next_vendor:/opt/ros/jazzy/opt/gz_dartsim_vendor:/opt/ros/jazzy/opt/gz_cmake_vendor:/Bt/install/yolo_bringup:/Bt/install/yolo_msgs:/Bt/install/tiago_slam:/Bt/install/tiago_simulation:/Bt/install/tiago_sim:/Bt/install/tiago_robot:/Bt/install/tiago_navigation:/Bt/install/tiago_demos:/Bt/install/tiago_nav:/Bt/install/tiago_gazebo:/Bt/install/tiago_moveit_config:/Bt/install/tiago_2dnav:/Bt/install/tiago_laser_sensors:/Bt/install/tiago_grab:/Bt/install/tiago_bringup:/Bt/install/tiago_description:/Bt/install/tiago_controller_configuration:/Bt/install/tiago_behavior_tree:/Bt/install/tiago_aruco_broadcast:/Bt/install/ros2_aruco_interfaces:/Bt/install/pmb2_robot:/Bt/install/pmb2_rgbd_sensors:/Bt/install/pmb2_navigation:/Bt/install/pmb2_laser_sensors:/Bt/install/pmb2_bringup:/Bt/install/pmb2_description:/Bt/install/pmb2_controller_configuration:/Bt/install/pmb2_2dnav:/Bt/install/play_motion2:/Bt/install/play_motion2_msgs:/Bt/install/pal_hey5:/Bt/install/pal_hey5_description:/Bt/install/pal_gripper_simulation:/Bt/install/pal_gripper:/Bt/install/pal_gripper_description:/Bt/install/omni_base_robot:/Bt/install/omni_base_bringup:/Bt/install/omni_base_description:/Bt/install/pal_urdf_utils:/Bt/install/pal_robotiq_gripper:/Bt/install/pal_robotiq_description:/Bt/install/pal_robotiq_controller_configuration:/Bt/install/pal_maps:/Bt/install/pal_hey5_controller_configuration:/Bt/install/pal_gripper_controller_configuration:/Bt/install/omni_base_controller_configuration:/Bt/install/grab2_planner:/Bt/install/grab2_grasp_generator:/Bt/install/grab2_bt_grabber:/Bt/install/grab2_ros_common:/Bt/install/grab2_behavior_tree:/Bt/install/grab2_controller:/Bt/install/btcpp_ros2_samples:/opt/ros/jazzy:/Bt/install/yolo_ros:/Bt/install/ros2_aruco:/Bt/install/launch_pal:/Bt/install/grab2_curobo_planner LD_LIBRARY_PATH=/Bt/install/grab2_msgs/lib:/Bt/install/btcpp_ros2_interfaces/lib:/opt/ros/jazzy/opt/gz_sim_vendor/lib:/opt/ros/jazzy/opt/gz_sensors_vendor/lib:/opt/ros/jazzy/opt/gz_physics_vendor/lib:/opt/ros/jazzy/opt/sdformat_vendor/lib:/opt/ros/jazzy/opt/rviz_ogre_vendor/lib:/opt/ros/jazzy/lib/x86_64-linux-gnu:/opt/ros/jazzy/opt/gz_gui_vendor/lib:/opt/ros/jazzy/opt/gz_transport_vendor/lib:/opt/ros/jazzy/opt/gz_rendering_vendor/lib:/opt/ros/jazzy/opt/gz_plugin_vendor/lib:/opt/ros/jazzy/opt/gz_fuel_tools_vendor/lib:/opt/ros/jazzy/opt/gz_msgs_vendor/lib:/opt/ros/jazzy/opt/gz_common_vendor/lib:/opt/ros/jazzy/opt/gz_math_vendor/lib:/opt/ros/jazzy/opt/gz_utils_vendor/lib:/opt/ros/jazzy/opt/gz_tools_vendor/lib:/opt/ros/jazzy/opt/gz_ogre_next_vendor/lib:/opt/ros/jazzy/opt/gz_dartsim_vendor/lib:/opt/ros/jazzy/opt/gz_cmake_vendor/lib:/opt/ros/jazzy/lib:/Bt/install/yolo_msgs/lib:/Bt/install/tiago_behavior_tree/lib:/Bt/install/ros2_aruco_interfaces/lib:/Bt/install/play_motion2/lib:/Bt/install/play_motion2_msgs/lib:/Bt/install/grab2_planner/lib:/Bt/install/grab2_grasp_generator/lib:/Bt/install/grab2_bt_grabber/lib:/Bt/install/grab2_behavior_tree/lib:/Bt/install/behaviortree_ros2/lib PYTHONPATH=/Bt/install/grab2_msgs/lib/python3.12/site-packages:/Bt/install/btcpp_ros2_interfaces/lib/python3.12/site-packages:/opt/ros/jazzy/lib/python3.12/site-packages:/Bt/install/yolo_ros/lib/python3.12/site-packages:/Bt/install/yolo_msgs/lib/python3.12/site-packages:/Bt/install/tiago_description/lib/python3.12/site-packages:/Bt/install/ros2_aruco_interfaces/lib/python3.12/site-packages:/Bt/install/ros2_aruco/lib/python3.12/site-packages:/Bt/install/pmb2_description/lib/python3.12/site-packages:/Bt/install/play_motion2_msgs/lib/python3.12/site-packages:/Bt/install/omni_base_description/lib/python3.12/site-packages:/Bt/install/launch_pal/lib/python3.12/site-packages:/Bt/install/grab2_curobo_planner/lib/python3.12/site-packages /usr/bin/cmake --build /Bt/build/grab2_behavior_tree -- -j8 -l8
[14.946s] [  5%] [32mBuilding CXX object CMakeFiles/grab2_detect_object_bt_node.dir/plugins/action/detect_object.cpp.o[0m
[33.293s] [ 11%] [32m[1mLinking CXX shared library libgrab2_detect_object_bt_node.so[0m
[34.281s] [ 11%] Built target grab2_detect_object_bt_node
[34.319s] [ 16%] [32mBuilding CXX object CMakeFiles/grab2_reach_object_bt_node.dir/plugins/action/reach_object.cpp.o[0m
[43.783s] [ 22%] [32m[1mLinking CXX shared library libgrab2_reach_object_bt_node.so[0m
[44.103s] [ 22%] Built target grab2_reach_object_bt_node
[44.144s] [ 27%] [32mBuilding CXX object CMakeFiles/grab2_engine.dir/src/main.cpp.o[0m
[44.145s] [ 33%] [32mBuilding CXX object CMakeFiles/grab2_grip_bt_node.dir/plugins/action/grip.cpp.o[0m
[50.816s] [ 38%] [32m[1mLinking CXX executable grab2_engine[0m
[51.483s] [ 38%] Built target grab2_engine
[51.525s] [ 50%] [32mBuilding CXX object CMakeFiles/grab2_compute_plan_to_target_ik_bt_node.dir/plugins/action/compute_plan_to_target_ik.cpp.o[0m
[51.525s] [ 50%] [32mBuilding CXX object CMakeFiles/grab2_follow_joint_trajectory_bt_node.dir/plugins/action/follow_joint_trajectory.cpp.o[0m
[53.903s] [ 55%] [32m[1mLinking CXX shared library libgrab2_grip_bt_node.so[0m
[54.417s] [ 55%] Built target grab2_grip_bt_node
[54.466s] [ 61%] [32mBuilding CXX object CMakeFiles/grab2_compute_top_down_grasp_bt_node.dir/plugins/action/compute_top_down_grasp.cpp.o[0m
[63.609s] [ 66%] [32m[1mLinking CXX shared library libgrab2_compute_top_down_grasp_bt_node.so[0m
[64.130s] [ 72%] [32m[1mLinking CXX shared library libgrab2_compute_plan_to_target_ik_bt_node.so[0m
[64.315s] [ 77%] [32m[1mLinking CXX shared library libgrab2_follow_joint_trajectory_bt_node.so[0m
[64.445s] [ 77%] Built target grab2_compute_top_down_grasp_bt_node
[64.498s] [ 83%] [32mBuilding CXX object CMakeFiles/grab2_get_grasp_hardcoded_bt_node.dir/plugins/action/get_grasp_hardcoded.cpp.o[0m
[64.654s] [ 83%] Built target grab2_compute_plan_to_target_ik_bt_node
[64.702s] [ 88%] [32mBuilding CXX object CMakeFiles/grab2_get_trajectory_from_yaml_bt_node.dir/plugins/action/get_trajectory_from_yaml.cpp.o[0m
[64.854s] [ 88%] Built target grab2_follow_joint_trajectory_bt_node
[67.936s] [ 94%] [32m[1mLinking CXX shared library libgrab2_get_grasp_hardcoded_bt_node.so[0m
[68.417s] [ 94%] Built target grab2_get_grasp_hardcoded_bt_node
[71.132s] [100%] [32m[1mLinking CXX shared library libgrab2_get_trajectory_from_yaml_bt_node.so[0m
[71.390s] [100%] Built target grab2_get_trajectory_from_yaml_bt_node
[71.403s] Invoked command in '/Bt/build/grab2_behavior_tree' returned '0': CMAKE_PREFIX_PATH=/Bt/install/grab2_msgs:/Bt/install/behaviortree_ros2:/Bt/install/btcpp_ros2_interfaces:/opt/ros/jazzy/opt/gz_sim_vendor:/opt/ros/jazzy/opt/gz_sensors_vendor:/opt/ros/jazzy/opt/gz_physics_vendor:/opt/ros/jazzy/opt/sdformat_vendor:/opt/ros/jazzy/opt/gz_gui_vendor:/opt/ros/jazzy/opt/gz_transport_vendor:/opt/ros/jazzy/opt/gz_rendering_vendor:/opt/ros/jazzy/opt/gz_plugin_vendor:/opt/ros/jazzy/opt/gz_fuel_tools_vendor:/opt/ros/jazzy/opt/gz_msgs_vendor:/opt/ros/jazzy/opt/gz_common_vendor:/opt/ros/jazzy/opt/gz_math_vendor:/opt/ros/jazzy/opt/gz_utils_vendor:/opt/ros/jazzy/opt/gz_tools_vendor:/opt/ros/jazzy/opt/gz_ogre_next_vendor:/opt/ros/jazzy/opt/gz_dartsim_vendor:/opt/ros/jazzy/opt/gz_cmake_vendor:/Bt/install/yolo_bringup:/Bt/install/yolo_msgs:/Bt/install/tiago_slam:/Bt/install/tiago_simulation:/Bt/install/tiago_sim:/Bt/install/tiago_robot:/Bt/install/tiago_navigation:/Bt/install/tiago_demos:/Bt/install/tiago_nav:/Bt/install/tiago_gazebo:/Bt/install/tiago_moveit_config:/Bt/install/tiago_2dnav:/Bt/install/tiago_laser_sensors:/Bt/install/tiago_grab:/Bt/install/tiago_bringup:/Bt/install/tiago_description:/Bt/install/tiago_controller_configuration:/Bt/install/tiago_behavior_tree:/Bt/install/tiago_aruco_broadcast:/Bt/install/ros2_aruco_interfaces:/Bt/install/pmb2_robot:/Bt/install/pmb2_rgbd_sensors:/Bt/install/pmb2_navigation:/Bt/install/pmb2_laser_sensors:/Bt/install/pmb2_bringup:/Bt/install/pmb2_description:/Bt/install/pmb2_controller_configuration:/Bt/install/pmb2_2dnav:/Bt/install/play_motion2:/Bt/install/play_motion2_msgs:/Bt/install/pal_hey5:/Bt/install/pal_hey5_description:/Bt/install/pal_gripper_simulation:/Bt/install/pal_gripper:/Bt/install/pal_gripper_description:/Bt/install/omni_base_robot:/Bt/install/omni_base_bringup:/Bt/install/omni_base_description:/Bt/install/pal_urdf_utils:/Bt/install/pal_robotiq_gripper:/Bt/install/pal_robotiq_description:/Bt/install/pal_robotiq_controller_configuration:/Bt/install/pal_maps:/Bt/install/pal_hey5_controller_configuration:/Bt/install/pal_gripper_controller_configuration:/Bt/install/omni_base_controller_configuration:/Bt/install/grab2_planner:/Bt/install/grab2_grasp_generator:/Bt/install/grab2_bt_grabber:/Bt/install/grab2_ros_common:/Bt/install/grab2_behavior_tree:/Bt/install/grab2_controller:/Bt/install/btcpp_ros2_samples:/opt/ros/jazzy:/Bt/install/yolo_ros:/Bt/install/ros2_aruco:/Bt/install/launch_pal:/Bt/install/grab2_curobo_planner LD_LIBRARY_PATH=/Bt/install/grab2_msgs/lib:/Bt/install/btcpp_ros2_interfaces/lib:/opt/ros/jazzy/opt/gz_sim_vendor/lib:/opt/ros/jazzy/opt/gz_sensors_vendor/lib:/opt/ros/jazzy/opt/gz_physics_vendor/lib:/opt/ros/jazzy/opt/sdformat_vendor/lib:/opt/ros/jazzy/opt/rviz_ogre_vendor/lib:/opt/ros/jazzy/lib/x86_64-linux-gnu:/opt/ros/jazzy/opt/gz_gui_vendor/lib:/opt/ros/jazzy/opt/gz_transport_vendor/lib:/opt/ros/jazzy/opt/gz_rendering_vendor/lib:/opt/ros/jazzy/opt/gz_plugin_vendor/lib:/opt/ros/jazzy/opt/gz_fuel_tools_vendor/lib:/opt/ros/jazzy/opt/gz_msgs_vendor/lib:/opt/ros/jazzy/opt/gz_common_vendor/lib:/opt/ros/jazzy/opt/gz_math_vendor/lib:/opt/ros/jazzy/opt/gz_utils_vendor/lib:/opt/ros/jazzy/opt/gz_tools_vendor/lib:/opt/ros/jazzy/opt/gz_ogre_next_vendor/lib:/opt/ros/jazzy/opt/gz_dartsim_vendor/lib:/opt/ros/jazzy/opt/gz_cmake_vendor/lib:/opt/ros/jazzy/lib:/Bt/install/yolo_msgs/lib:/Bt/install/tiago_behavior_tree/lib:/Bt/install/ros2_aruco_interfaces/lib:/Bt/install/play_motion2/lib:/Bt/install/play_motion2_msgs/lib:/Bt/install/grab2_planner/lib:/Bt/install/grab2_grasp_generator/lib:/Bt/install/grab2_bt_grabber/lib:/Bt/install/grab2_behavior_tree/lib:/Bt/install/behaviortree_ros2/lib PYTHONPATH=/Bt/install/grab2_msgs/lib/python3.12/site-packages:/Bt/install/btcpp_ros2_interfaces/lib/python3.12/site-packages:/opt/ros/jazzy/lib/python3.12/site-packages:/Bt/install/yolo_ros/lib/python3.12/site-packages:/Bt/install/yolo_msgs/lib/python3.12/site-packages:/Bt/install/tiago_description/lib/python3.12/site-packages:/Bt/install/ros2_aruco_interfaces/lib/python3.12/site-packages:/Bt/install/ros2_aruco/lib/python3.12/site-packages:/Bt/install/pmb2_description/lib/python3.12/site-packages:/Bt/install/play_motion2_msgs/lib/python3.12/site-packages:/Bt/install/omni_base_description/lib/python3.12/site-packages:/Bt/install/launch_pal/lib/python3.12/site-packages:/Bt/install/grab2_curobo_planner/lib/python3.12/site-packages /usr/bin/cmake --build /Bt/build/grab2_behavior_tree -- -j8 -l8
[71.405s] Invoking command in '/Bt/build/grab2_behavior_tree': CMAKE_PREFIX_PATH=/Bt/install/grab2_msgs:/Bt/install/behaviortree_ros2:/Bt/install/btcpp_ros2_interfaces:/opt/ros/jazzy/opt/gz_sim_vendor:/opt/ros/jazzy/opt/gz_sensors_vendor:/opt/ros/jazzy/opt/gz_physics_vendor:/opt/ros/jazzy/opt/sdformat_vendor:/opt/ros/jazzy/opt/gz_gui_vendor:/opt/ros/jazzy/opt/gz_transport_vendor:/opt/ros/jazzy/opt/gz_rendering_vendor:/opt/ros/jazzy/opt/gz_plugin_vendor:/opt/ros/jazzy/opt/gz_fuel_tools_vendor:/opt/ros/jazzy/opt/gz_msgs_vendor:/opt/ros/jazzy/opt/gz_common_vendor:/opt/ros/jazzy/opt/gz_math_vendor:/opt/ros/jazzy/opt/gz_utils_vendor:/opt/ros/jazzy/opt/gz_tools_vendor:/opt/ros/jazzy/opt/gz_ogre_next_vendor:/opt/ros/jazzy/opt/gz_dartsim_vendor:/opt/ros/jazzy/opt/gz_cmake_vendor:/Bt/install/yolo_bringup:/Bt/install/yolo_msgs:/Bt/install/tiago_slam:/Bt/install/tiago_simulation:/Bt/install/tiago_sim:/Bt/install/tiago_robot:/Bt/install/tiago_navigation:/Bt/install/tiago_demos:/Bt/install/tiago_nav:/Bt/install/tiago_gazebo:/Bt/install/tiago_moveit_config:/Bt/install/tiago_2dnav:/Bt/install/tiago_laser_sensors:/Bt/install/tiago_grab:/Bt/install/tiago_bringup:/Bt/install/tiago_description:/Bt/install/tiago_controller_configuration:/Bt/install/tiago_behavior_tree:/Bt/install/tiago_aruco_broadcast:/Bt/install/ros2_aruco_interfaces:/Bt/install/pmb2_robot:/Bt/install/pmb2_rgbd_sensors:/Bt/install/pmb2_navigation:/Bt/install/pmb2_laser_sensors:/Bt/install/pmb2_bringup:/Bt/install/pmb2_description:/Bt/install/pmb2_controller_configuration:/Bt/install/pmb2_2dnav:/Bt/install/play_motion2:/Bt/install/play_motion2_msgs:/Bt/install/pal_hey5:/Bt/install/pal_hey5_description:/Bt/install/pal_gripper_simulation:/Bt/install/pal_gripper:/Bt/install/pal_gripper_description:/Bt/install/omni_base_robot:/Bt/install/omni_base_bringup:/Bt/install/omni_base_description:/Bt/install/pal_urdf_utils:/Bt/install/pal_robotiq_gripper:/Bt/install/pal_robotiq_description:/Bt/install/pal_robotiq_controller_configuration:/Bt/install/pal_maps:/Bt/install/pal_hey5_controller_configuration:/Bt/install/pal_gripper_controller_configuration:/Bt/install/omni_base_controller_configuration:/Bt/install/grab2_planner:/Bt/install/grab2_grasp_generator:/Bt/install/grab2_bt_grabber:/Bt/install/grab2_ros_common:/Bt/install/grab2_behavior_tree:/Bt/install/grab2_controller:/Bt/install/btcpp_ros2_samples:/opt/ros/jazzy:/Bt/install/yolo_ros:/Bt/install/ros2_aruco:/Bt/install/launch_pal:/Bt/install/grab2_curobo_planner LD_LIBRARY_PATH=/Bt/install/grab2_msgs/lib:/Bt/install/btcpp_ros2_interfaces/lib:/opt/ros/jazzy/opt/gz_sim_vendor/lib:/opt/ros/jazzy/opt/gz_sensors_vendor/lib:/opt/ros/jazzy/opt/gz_physics_vendor/lib:/opt/ros/jazzy/opt/sdformat_vendor/lib:/opt/ros/jazzy/opt/rviz_ogre_vendor/lib:/opt/ros/jazzy/lib/x86_64-linux-gnu:/opt/ros/jazzy/opt/gz_gui_vendor/lib:/opt/ros/jazzy/opt/gz_transport_vendor/lib:/opt/ros/jazzy/opt/gz_rendering_vendor/lib:/opt/ros/jazzy/opt/gz_plugin_vendor/lib:/opt/ros/jazzy/opt/gz_fuel_tools_vendor/lib:/opt/ros/jazzy/opt/gz_msgs_vendor/lib:/opt/ros/jazzy/opt/gz_common_vendor/lib:/opt/ros/jazzy/opt/gz_math_vendor/lib:/opt/ros/jazzy/opt/gz_utils_vendor/lib:/opt/ros/jazzy/opt/gz_tools_vendor/lib:/opt/ros/jazzy/opt/gz_ogre_next_vendor/lib:/opt/ros/jazzy/opt/gz_dartsim_vendor/lib:/opt/ros/jazzy/opt/gz_cmake_vendor/lib:/opt/ros/jazzy/lib:/Bt/install/yolo_msgs/lib:/Bt/install/tiago_behavior_tree/lib:/Bt/install/ros2_aruco_interfaces/lib:/Bt/install/play_motion2/lib:/Bt/install/play_motion2_msgs/lib:/Bt/install/grab2_planner/lib:/Bt/install/grab2_grasp_generator/lib:/Bt/install/grab2_bt_grabber/lib:/Bt/install/grab2_behavior_tree/lib:/Bt/install/behaviortree_ros2/lib PYTHONPATH=/Bt/install/grab2_msgs/lib/python3.12/site-packages:/Bt/install/btcpp_ros2_interfaces/lib/python3.12/site-packages:/opt/ros/jazzy/lib/python3.12/site-packages:/Bt/install/yolo_ros/lib/python3.12/site-packages:/Bt/install/yolo_msgs/lib/python3.12/site-packages:/Bt/install/tiago_description/lib/python3.12/site-packages:/Bt/install/ros2_aruco_interfaces/lib/python3.12/site-packages:/Bt/install/ros2_aruco/lib/python3.12/site-packages:/Bt/install/pmb2_description/lib/python3.12/site-packages:/Bt/install/play_motion2_msgs/lib/python3.12/site-packages:/Bt/install/omni_base_description/lib/python3.12/site-packages:/Bt/install/launch_pal/lib/python3.12/site-packages:/Bt/install/grab2_curobo_planner/lib/python3.12/site-packages /usr/bin/cmake --install /Bt/build/grab2_behavior_tree
[71.415s] -- Install configuration: ""
[71.415s] -- Installing: /Bt/install/grab2_behavior_tree/lib/libgrab2_detect_object_bt_node.so
[71.420s] -- Set non-toolchain portion of runtime path of "/Bt/install/grab2_behavior_tree/lib/libgrab2_detect_object_bt_node.so" to ""
[71.420s] -- Installing: /Bt/install/grab2_behavior_tree/lib/libgrab2_get_trajectory_from_yaml_bt_node.so
[71.421s] -- Set non-toolchain portion of runtime path of "/Bt/install/grab2_behavior_tree/lib/libgrab2_get_trajectory_from_yaml_bt_node.so" to ""
[71.421s] -- Installing: /Bt/install/grab2_behavior_tree/lib/libgrab2_get_grasp_hardcoded_bt_node.so
[71.422s] -- Set non-toolchain portion of runtime path of "/Bt/install/grab2_behavior_tree/lib/libgrab2_get_grasp_hardcoded_bt_node.so" to ""
[71.422s] -- Installing: /Bt/install/grab2_behavior_tree/lib/libgrab2_compute_top_down_grasp_bt_node.so
[71.422s] -- Set non-toolchain portion of runtime path of "/Bt/install/grab2_behavior_tree/lib/libgrab2_compute_top_down_grasp_bt_node.so" to ""
[71.423s] -- Installing: /Bt/install/grab2_behavior_tree/lib/libgrab2_compute_plan_to_target_ik_bt_node.so
[71.425s] -- Set non-toolchain portion of runtime path of "/Bt/install/grab2_behavior_tree/lib/libgrab2_compute_plan_to_target_ik_bt_node.so" to ""
[71.425s] -- Installing: /Bt/install/grab2_behavior_tree/lib/libgrab2_follow_joint_trajectory_bt_node.so
[71.427s] -- Set non-toolchain portion of runtime path of "/Bt/install/grab2_behavior_tree/lib/libgrab2_follow_joint_trajectory_bt_node.so" to ""
[71.427s] -- Installing: /Bt/install/grab2_behavior_tree/lib/libgrab2_grip_bt_node.so
[71.429s] -- Set non-toolchain portion of runtime path of "/Bt/install/grab2_behavior_tree/lib/libgrab2_grip_bt_node.so" to ""
[71.429s] -- Installing: /Bt/install/grab2_behavior_tree/lib/libgrab2_reach_object_bt_node.so
[71.430s] -- Set non-toolchain portion of runtime path of "/Bt/install/grab2_behavior_tree/lib/libgrab2_reach_object_bt_node.so" to ""
[71.431s] -- Installing: /Bt/install/grab2_behavior_tree/lib/grab2_behavior_tree/grab2_engine
[71.431s] -- Set non-toolchain portion of runtime path of "/Bt/install/grab2_behavior_tree/lib/grab2_behavior_tree/grab2_engine" to ""
[71.432s] -- Installing: /Bt/install/grab2_behavior_tree/share/grab2_behavior_tree/bt_plugins/libgrab2_detect_object_bt_node.so
[71.436s] -- Set non-toolchain portion of runtime path of "/Bt/install/grab2_behavior_tree/share/grab2_behavior_tree/bt_plugins/libgrab2_detect_object_bt_node.so" to ""
[71.437s] -- Installing: /Bt/install/grab2_behavior_tree/share/grab2_behavior_tree/bt_plugins/libgrab2_get_trajectory_from_yaml_bt_node.so
[71.438s] -- Set non-toolchain portion of runtime path of "/Bt/install/grab2_behavior_tree/share/grab2_behavior_tree/bt_plugins/libgrab2_get_trajectory_from_yaml_bt_node.so" to ""
[71.438s] -- Installing: /Bt/install/grab2_behavior_tree/share/grab2_behavior_tree/bt_plugins/libgrab2_get_grasp_hardcoded_bt_node.so
[71.439s] -- Set non-toolchain portion of runtime path of "/Bt/install/grab2_behavior_tree/share/grab2_behavior_tree/bt_plugins/libgrab2_get_grasp_hardcoded_bt_node.so" to ""
[71.439s] -- Installing: /Bt/install/grab2_behavior_tree/share/grab2_behavior_tree/bt_plugins/libgrab2_compute_top_down_grasp_bt_node.so
[71.440s] -- Set non-toolchain portion of runtime path of "/Bt/install/grab2_behavior_tree/share/grab2_behavior_tree/bt_plugins/libgrab2_compute_top_down_grasp_bt_node.so" to ""
[71.440s] -- Installing: /Bt/install/grab2_behavior_tree/share/grab2_behavior_tree/bt_plugins/libgrab2_compute_plan_to_target_ik_bt_node.so
[71.442s] -- Set non-toolchain portion of runtime path of "/Bt/install/grab2_behavior_tree/share/grab2_behavior_tree/bt_plugins/libgrab2_compute_plan_to_target_ik_bt_node.so" to ""
[71.442s] -- Installing: /Bt/install/grab2_behavior_tree/share/grab2_behavior_tree/bt_plugins/libgrab2_follow_joint_trajectory_bt_node.so
[71.444s] -- Set non-toolchain portion of runtime path of "/Bt/install/grab2_behavior_tree/share/grab2_behavior_tree/bt_plugins/libgrab2_follow_joint_trajectory_bt_node.so" to ""
[71.444s] -- Installing: /Bt/install/grab2_behavior_tree/share/grab2_behavior_tree/bt_plugins/libgrab2_grip_bt_node.so
[71.446s] -- Set non-toolchain portion of runtime path of "/Bt/install/grab2_behavior_tree/share/grab2_behavior_tree/bt_plugins/libgrab2_grip_bt_node.so" to ""
[71.446s] -- Installing: /Bt/install/grab2_behavior_tree/share/grab2_behavior_tree/bt_plugins/libgrab2_reach_object_bt_node.so
[71.447s] -- Set non-toolchain portion of runtime path of "/Bt/install/grab2_behavior_tree/share/grab2_behavior_tree/bt_plugins/libgrab2_reach_object_bt_node.so" to ""
[71.448s] -- Installing: /Bt/install/grab2_behavior_tree/include/grab2_behavior_tree/grab2_behavior_tree/plugins_list.hpp
[71.448s] -- Up-to-date: /Bt/install/grab2_behavior_tree/include/grab2_behavior_tree
[71.448s] -- Up-to-date: /Bt/install/grab2_behavior_tree/include/grab2_behavior_tree/grab2_behavior_tree
[71.448s] -- Installing: /Bt/install/grab2_behavior_tree/include/grab2_behavior_tree/grab2_behavior_tree/utils.hpp
[71.448s] -- Installing: /Bt/install/grab2_behavior_tree/include/grab2_behavior_tree/grab2_behavior_tree/plugins
[71.448s] -- Installing: /Bt/install/grab2_behavior_tree/include/grab2_behavior_tree/grab2_behavior_tree/plugins/action
[71.449s] -- Installing: /Bt/install/grab2_behavior_tree/include/grab2_behavior_tree/grab2_behavior_tree/plugins/action/compute_plan_to_target_ik.hpp
[71.449s] -- Installing: /Bt/install/grab2_behavior_tree/include/grab2_behavior_tree/grab2_behavior_tree/plugins/action/get_trajectory_from_yaml.hpp
[71.449s] -- Installing: /Bt/install/grab2_behavior_tree/include/grab2_behavior_tree/grab2_behavior_tree/plugins/action/get_grasp_hardcoded.hpp
[71.449s] -- Installing: /Bt/install/grab2_behavior_tree/include/grab2_behavior_tree/grab2_behavior_tree/plugins/action/detect_object.hpp
[71.449s] -- Installing: /Bt/install/grab2_behavior_tree/include/grab2_behavior_tree/grab2_behavior_tree/plugins/action/reach_object.hpp
[71.449s] -- Installing: /Bt/install/grab2_behavior_tree/include/grab2_behavior_tree/grab2_behavior_tree/plugins/action/follow_joint_trajectory.hpp
[71.450s] -- Installing: /Bt/install/grab2_behavior_tree/include/grab2_behavior_tree/grab2_behavior_tree/plugins/action/compute_top_down_grasp.hpp
[71.450s] -- Installing: /Bt/install/grab2_behavior_tree/include/grab2_behavior_tree/grab2_behavior_tree/plugins/action/grip.hpp
[71.450s] -- Installing: /Bt/install/grab2_behavior_tree/share/grab2_behavior_tree/behavior_trees
[71.450s] -- Installing: /Bt/install/grab2_behavior_tree/share/grab2_behavior_tree/behavior_trees/collect_toys.xml
[71.450s] -- Installing: /Bt/install/grab2_behavior_tree/share/grab2_behavior_tree/behavior_trees/collect_cubes.xml
[71.450s] -- Installing: /Bt/install/grab2_behavior_tree/share/grab2_behavior_tree/behavior_trees/stack_cubes.xml
[71.451s] -- Installing: /Bt/install/grab2_behavior_tree/share/grab2_behavior_tree/behavior_trees/bt_groot2.btproj
[71.451s] -- Installing: /Bt/install/grab2_behavior_tree/share/grab2_behavior_tree/behavior_trees/target_ik_demo.xml
[71.451s] -- Installing: /Bt/install/grab2_behavior_tree/share/grab2_behavior_tree/behavior_trees/lookaround_demo.xml
[71.451s] -- Installing: /Bt/install/grab2_behavior_tree/share/grab2_behavior_tree/launch
[71.451s] -- Installing: /Bt/install/grab2_behavior_tree/share/grab2_behavior_tree/launch/bt_demo.launch.py
[71.451s] -- Installing: /Bt/install/grab2_behavior_tree/share/grab2_behavior_tree/launch/grab2_engine.launch.py
[71.452s] -- Installing: /Bt/install/grab2_behavior_tree/share/grab2_behavior_tree/config
[71.452s] -- Installing: /Bt/install/grab2_behavior_tree/share/grab2_behavior_tree/config/panda_joint_trajectories.yaml
[71.452s] -- Installing: /Bt/install/grab2_behavior_tree/share/ament_index/resource_index/package_run_dependencies/grab2_behavior_tree
[71.452s] -- Installing: /Bt/install/grab2_behavior_tree/share/ament_index/resource_index/parent_prefix_path/grab2_behavior_tree
[71.452s] -- Installing: /Bt/install/grab2_behavior_tree/share/grab2_behavior_tree/environment/ament_prefix_path.sh
[71.452s] -- Installing: /Bt/install/grab2_behavior_tree/share/grab2_behavior_tree/environment/ament_prefix_path.dsv
[71.453s] -- Installing: /Bt/install/grab2_behavior_tree/share/grab2_behavior_tree/environment/path.sh
[71.453s] -- Installing: /Bt/install/grab2_behavior_tree/share/grab2_behavior_tree/environment/path.dsv
[71.453s] -- Installing: /Bt/install/grab2_behavior_tree/share/grab2_behavior_tree/local_setup.bash
[71.453s] -- Installing: /Bt/install/grab2_behavior_tree/share/grab2_behavior_tree/local_setup.sh
[71.453s] -- Installing: /Bt/install/grab2_behavior_tree/share/grab2_behavior_tree/local_setup.zsh
[71.453s] -- Installing: /Bt/install/grab2_behavior_tree/share/grab2_behavior_tree/local_setup.dsv
[71.454s] -- Installing: /Bt/install/grab2_behavior_tree/share/grab2_behavior_tree/package.dsv
[71.454s] -- Installing: /Bt/install/grab2_behavior_tree/share/ament_index/resource_index/packages/grab2_behavior_tree
[71.454s] -- Installing: /Bt/install/grab2_behavior_tree/share/grab2_behavior_tree/cmake/ament_cmake_export_include_directories-extras.cmake
[71.454s] -- Installing: /Bt/install/grab2_behavior_tree/share/grab2_behavior_tree/cmake/grab2_behavior_treeConfig.cmake
[71.454s] -- Installing: /Bt/install/grab2_behavior_tree/share/grab2_behavior_tree/cmake/grab2_behavior_treeConfig-version.cmake
[71.454s] -- Installing: /Bt/install/grab2_behavior_tree/share/grab2_behavior_tree/package.xml
[71.455s] Invoked command in '/Bt/build/grab2_behavior_tree' returned '0': CMAKE_PREFIX_PATH=/Bt/install/grab2_msgs:/Bt/install/behaviortree_ros2:/Bt/install/btcpp_ros2_interfaces:/opt/ros/jazzy/opt/gz_sim_vendor:/opt/ros/jazzy/opt/gz_sensors_vendor:/opt/ros/jazzy/opt/gz_physics_vendor:/opt/ros/jazzy/opt/sdformat_vendor:/opt/ros/jazzy/opt/gz_gui_vendor:/opt/ros/jazzy/opt/gz_transport_vendor:/opt/ros/jazzy/opt/gz_rendering_vendor:/opt/ros/jazzy/opt/gz_plugin_vendor:/opt/ros/jazzy/opt/gz_fuel_tools_vendor:/opt/ros/jazzy/opt/gz_msgs_vendor:/opt/ros/jazzy/opt/gz_common_vendor:/opt/ros/jazzy/opt/gz_math_vendor:/opt/ros/jazzy/opt/gz_utils_vendor:/opt/ros/jazzy/opt/gz_tools_vendor:/opt/ros/jazzy/opt/gz_ogre_next_vendor:/opt/ros/jazzy/opt/gz_dartsim_vendor:/opt/ros/jazzy/opt/gz_cmake_vendor:/Bt/install/yolo_bringup:/Bt/install/yolo_msgs:/Bt/install/tiago_slam:/Bt/install/tiago_simulation:/Bt/install/tiago_sim:/Bt/install/tiago_robot:/Bt/install/tiago_navigation:/Bt/install/tiago_demos:/Bt/install/tiago_nav:/Bt/install/tiago_gazebo:/Bt/install/tiago_moveit_config:/Bt/install/tiago_2dnav:/Bt/install/tiago_laser_sensors:/Bt/install/tiago_grab:/Bt/install/tiago_bringup:/Bt/install/tiago_description:/Bt/install/tiago_controller_configuration:/Bt/install/tiago_behavior_tree:/Bt/install/tiago_aruco_broadcast:/Bt/install/ros2_aruco_interfaces:/Bt/install/pmb2_robot:/Bt/install/pmb2_rgbd_sensors:/Bt/install/pmb2_navigation:/Bt/install/pmb2_laser_sensors:/Bt/install/pmb2_bringup:/Bt/install/pmb2_description:/Bt/install/pmb2_controller_configuration:/Bt/install/pmb2_2dnav:/Bt/install/play_motion2:/Bt/install/play_motion2_msgs:/Bt/install/pal_hey5:/Bt/install/pal_hey5_description:/Bt/install/pal_gripper_simulation:/Bt/install/pal_gripper:/Bt/install/pal_gripper_description:/Bt/install/omni_base_robot:/Bt/install/omni_base_bringup:/Bt/install/omni_base_description:/Bt/install/pal_urdf_utils:/Bt/install/pal_robotiq_gripper:/Bt/install/pal_robotiq_description:/Bt/install/pal_robotiq_controller_configuration:/Bt/install/pal_maps:/Bt/install/pal_hey5_controller_configuration:/Bt/install/pal_gripper_controller_configuration:/Bt/install/omni_base_controller_configuration:/Bt/install/grab2_planner:/Bt/install/grab2_grasp_generator:/Bt/install/grab2_bt_grabber:/Bt/install/grab2_ros_common:/Bt/install/grab2_behavior_tree:/Bt/install/grab2_controller:/Bt/install/btcpp_ros2_samples:/opt/ros/jazzy:/Bt/install/yolo_ros:/Bt/install/ros2_aruco:/Bt/install/launch_pal:/Bt/install/grab2_curobo_planner LD_LIBRARY_PATH=/Bt/install/grab2_msgs/lib:/Bt/install/btcpp_ros2_interfaces/lib:/opt/ros/jazzy/opt/gz_sim_vendor/lib:/opt/ros/jazzy/opt/gz_sensors_vendor/lib:/opt/ros/jazzy/opt/gz_physics_vendor/lib:/opt/ros/jazzy/opt/sdformat_vendor/lib:/opt/ros/jazzy/opt/rviz_ogre_vendor/lib:/opt/ros/jazzy/lib/x86_64-linux-gnu:/opt/ros/jazzy/opt/gz_gui_vendor/lib:/opt/ros/jazzy/opt/gz_transport_vendor/lib:/opt/ros/jazzy/opt/gz_rendering_vendor/lib:/opt/ros/jazzy/opt/gz_plugin_vendor/lib:/opt/ros/jazzy/opt/gz_fuel_tools_vendor/lib:/opt/ros/jazzy/opt/gz_msgs_vendor/lib:/opt/ros/jazzy/opt/gz_common_vendor/lib:/opt/ros/jazzy/opt/gz_math_vendor/lib:/opt/ros/jazzy/opt/gz_utils_vendor/lib:/opt/ros/jazzy/opt/gz_tools_vendor/lib:/opt/ros/jazzy/opt/gz_ogre_next_vendor/lib:/opt/ros/jazzy/opt/gz_dartsim_vendor/lib:/opt/ros/jazzy/opt/gz_cmake_vendor/lib:/opt/ros/jazzy/lib:/Bt/install/yolo_msgs/lib:/Bt/install/tiago_behavior_tree/lib:/Bt/install/ros2_aruco_interfaces/lib:/Bt/install/play_motion2/lib:/Bt/install/play_motion2_msgs/lib:/Bt/install/grab2_planner/lib:/Bt/install/grab2_grasp_generator/lib:/Bt/install/grab2_bt_grabber/lib:/Bt/install/grab2_behavior_tree/lib:/Bt/install/behaviortree_ros2/lib PYTHONPATH=/Bt/install/grab2_msgs/lib/python3.12/site-packages:/Bt/install/btcpp_ros2_interfaces/lib/python3.12/site-packages:/opt/ros/jazzy/lib/python3.12/site-packages:/Bt/install/yolo_ros/lib/python3.12/site-packages:/Bt/install/yolo_msgs/lib/python3.12/site-packages:/Bt/install/tiago_description/lib/python3.12/site-packages:/Bt/install/ros2_aruco_interfaces/lib/python3.12/site-packages:/Bt/install/ros2_aruco/lib/python3.12/site-packages:/Bt/install/pmb2_description/lib/python3.12/site-packages:/Bt/install/play_motion2_msgs/lib/python3.12/site-packages:/Bt/install/omni_base_description/lib/python3.12/site-packages:/Bt/install/launch_pal/lib/python3.12/site-packages:/Bt/install/grab2_curobo_planner/lib/python3.12/site-packages /usr/bin/cmake --install /Bt/build/grab2_behavior_tree
