[1.781s] Invoking command in '/Bt/ThirdParty/ros2_aruco/ros2_aruco': PYTHONPATH=/Bt/build/ros2_aruco/prefix_override:/usr/lib/python3/dist-packages/colcon_core/task/python/colcon_distutils_commands:/Bt/install/ros2_aruco/lib/python3.12/site-packages:${PYTHONPATH} /usr/bin/python3 -W ignore:setup.py install is deprecated -W ignore:easy_install command is deprecated setup.py egg_info --egg-base ../../../build/ros2_aruco build --build-base /Bt/build/ros2_aruco/build install --record /Bt/build/ros2_aruco/install.log --single-version-externally-managed install_data
[2.352s] running egg_info
[2.352s] creating ../../../build/ros2_aruco/ros2_aruco.egg-info
[2.395s] writing ../../../build/ros2_aruco/ros2_aruco.egg-info/PKG-INFO
[2.395s] writing dependency_links to ../../../build/ros2_aruco/ros2_aruco.egg-info/dependency_links.txt
[2.395s] writing entry points to ../../../build/ros2_aruco/ros2_aruco.egg-info/entry_points.txt
[2.395s] writing requirements to ../../../build/ros2_aruco/ros2_aruco.egg-info/requires.txt
[2.396s] writing top-level names to ../../../build/ros2_aruco/ros2_aruco.egg-info/top_level.txt
[2.398s] writing manifest file '../../../build/ros2_aruco/ros2_aruco.egg-info/SOURCES.txt'
[2.481s] reading manifest file '../../../build/ros2_aruco/ros2_aruco.egg-info/SOURCES.txt'
[2.482s] writing manifest file '../../../build/ros2_aruco/ros2_aruco.egg-info/SOURCES.txt'
[2.482s] running build
[2.482s] running build_py
[2.483s] creating /Bt/build/ros2_aruco/build
[2.483s] creating /Bt/build/ros2_aruco/build/lib
[2.483s] creating /Bt/build/ros2_aruco/build/lib/ros2_aruco
[2.483s] copying ros2_aruco/__init__.py -> /Bt/build/ros2_aruco/build/lib/ros2_aruco
[2.484s] copying ros2_aruco/aruco_node.py -> /Bt/build/ros2_aruco/build/lib/ros2_aruco
[2.505s] copying ros2_aruco/aruco_generate_marker.py -> /Bt/build/ros2_aruco/build/lib/ros2_aruco
[2.507s] running install
[2.523s] running install_lib
[2.577s] creating /Bt/install/ros2_aruco/lib/python3.12/site-packages/ros2_aruco
[2.578s] copying /Bt/build/ros2_aruco/build/lib/ros2_aruco/__init__.py -> /Bt/install/ros2_aruco/lib/python3.12/site-packages/ros2_aruco
[2.578s] copying /Bt/build/ros2_aruco/build/lib/ros2_aruco/aruco_node.py -> /Bt/install/ros2_aruco/lib/python3.12/site-packages/ros2_aruco
[2.579s] copying /Bt/build/ros2_aruco/build/lib/ros2_aruco/aruco_generate_marker.py -> /Bt/install/ros2_aruco/lib/python3.12/site-packages/ros2_aruco
[2.579s] byte-compiling /Bt/install/ros2_aruco/lib/python3.12/site-packages/ros2_aruco/__init__.py to __init__.cpython-312.pyc
[2.579s] byte-compiling /Bt/install/ros2_aruco/lib/python3.12/site-packages/ros2_aruco/aruco_node.py to aruco_node.cpython-312.pyc
[2.582s] byte-compiling /Bt/install/ros2_aruco/lib/python3.12/site-packages/ros2_aruco/aruco_generate_marker.py to aruco_generate_marker.cpython-312.pyc
[2.583s] running install_data
[2.584s] creating /Bt/install/ros2_aruco/share/ament_index
[2.586s] creating /Bt/install/ros2_aruco/share/ament_index/resource_index
[2.586s] creating /Bt/install/ros2_aruco/share/ament_index/resource_index/packages
[2.586s] copying resource/ros2_aruco -> /Bt/install/ros2_aruco/share/ament_index/resource_index/packages
[2.586s] copying package.xml -> /Bt/install/ros2_aruco/share/ros2_aruco
[2.586s] creating /Bt/install/ros2_aruco/share/ros2_aruco/launch
[2.586s] copying launch/aruco_recognition.launch.py -> /Bt/install/ros2_aruco/share/ros2_aruco/launch
[2.586s] creating /Bt/install/ros2_aruco/share/ros2_aruco/config
[2.587s] copying config/aruco_parameters.yaml -> /Bt/install/ros2_aruco/share/ros2_aruco/config
[2.588s] running install_egg_info
[2.632s] Copying ../../../build/ros2_aruco/ros2_aruco.egg-info to /Bt/install/ros2_aruco/lib/python3.12/site-packages/ros2_aruco-0.1.0-py3.12.egg-info
[2.634s] running install_scripts
[2.970s] Installing aruco_generate_marker script to /Bt/install/ros2_aruco/lib/ros2_aruco
[2.970s] Installing aruco_node script to /Bt/install/ros2_aruco/lib/ros2_aruco
[2.970s] writing list of installed files to '/Bt/build/ros2_aruco/install.log'
[3.049s] Invoked command in '/Bt/ThirdParty/ros2_aruco/ros2_aruco' returned '0': PYTHONPATH=/Bt/build/ros2_aruco/prefix_override:/usr/lib/python3/dist-packages/colcon_core/task/python/colcon_distutils_commands:/Bt/install/ros2_aruco/lib/python3.12/site-packages:${PYTHONPATH} /usr/bin/python3 -W ignore:setup.py install is deprecated -W ignore:easy_install command is deprecated setup.py egg_info --egg-base ../../../build/ros2_aruco build --build-base /Bt/build/ros2_aruco/build install --record /Bt/build/ros2_aruco/install.log --single-version-externally-managed install_data
