[0.537s] Invoking command in '/Bt/build/btcpp_ros2_interfaces': CMAKE_PREFIX_PATH=${CMAKE_PREFIX_PATH}:/opt/ros/jazzy:/Bt/install/yolo_ros:/Bt/install/ros2_aruco:/Bt/install/launch_pal:/Bt/install/grab2_curobo_planner /usr/bin/cmake --build /Bt/build/btcpp_ros2_interfaces -- -j8 -l8
[1.124s] [  1%] Built target btcpp_ros2_interfaces__rosidl_generator_type_description
[1.339s] [  1%] Built target ament_cmake_python_copy_btcpp_ros2_interfaces
[1.384s] [ 23%] Built target btcpp_ros2_interfaces__rosidl_generator_c
[1.961s] running egg_info
[1.998s] writing btcpp_ros2_interfaces.egg-info/PKG-INFO
[1.999s] writing dependency_links to btcpp_ros2_interfaces.egg-info/dependency_links.txt
[1.999s] writing top-level names to btcpp_ros2_interfaces.egg-info/top_level.txt
[2.136s] reading manifest file 'btcpp_ros2_interfaces.egg-info/SOURCES.txt'
[2.137s] writing manifest file 'btcpp_ros2_interfaces.egg-info/SOURCES.txt'
[2.228s] [ 23%] Built target ament_cmake_python_build_btcpp_ros2_interfaces_egg
[2.305s] [ 32%] Built target btcpp_ros2_interfaces__rosidl_typesupport_c
[2.375s] [ 42%] Built target btcpp_ros2_interfaces__rosidl_typesupport_introspection_c
[2.461s] [ 51%] Built target btcpp_ros2_interfaces__rosidl_typesupport_fastrtps_c
[2.536s] [ 53%] Built target btcpp_ros2_interfaces__cpp
[2.622s] [ 62%] Built target btcpp_ros2_interfaces__rosidl_typesupport_cpp
[2.670s] [ 71%] Built target btcpp_ros2_interfaces__rosidl_typesupport_introspection_cpp
[2.734s] [ 81%] Built target btcpp_ros2_interfaces__rosidl_typesupport_fastrtps_cpp
[2.811s] [ 81%] Built target btcpp_ros2_interfaces
[2.881s] [ 82%] Built target btcpp_ros2_interfaces__py
[2.979s] [ 90%] Built target btcpp_ros2_interfaces__rosidl_generator_py
[3.049s] [ 93%] Built target btcpp_ros2_interfaces_s__rosidl_typesupport_fastrtps_c
[3.143s] [ 96%] Built target btcpp_ros2_interfaces_s__rosidl_typesupport_c
[3.227s] [100%] Built target btcpp_ros2_interfaces_s__rosidl_typesupport_introspection_c
[3.254s] Invoked command in '/Bt/build/btcpp_ros2_interfaces' returned '0': CMAKE_PREFIX_PATH=${CMAKE_PREFIX_PATH}:/opt/ros/jazzy:/Bt/install/yolo_ros:/Bt/install/ros2_aruco:/Bt/install/launch_pal:/Bt/install/grab2_curobo_planner /usr/bin/cmake --build /Bt/build/btcpp_ros2_interfaces -- -j8 -l8
[3.258s] Invoking command in '/Bt/build/btcpp_ros2_interfaces': CMAKE_PREFIX_PATH=${CMAKE_PREFIX_PATH}:/opt/ros/jazzy:/Bt/install/yolo_ros:/Bt/install/ros2_aruco:/Bt/install/launch_pal:/Bt/install/grab2_curobo_planner /usr/bin/cmake --install /Bt/build/btcpp_ros2_interfaces
[3.292s] -- Install configuration: ""
[3.292s] -- Up-to-date: /Bt/install/btcpp_ros2_interfaces/share/ament_index/resource_index/rosidl_interfaces/btcpp_ros2_interfaces
[3.292s] -- Up-to-date: /Bt/install/btcpp_ros2_interfaces/share/btcpp_ros2_interfaces/msg/NodeStatus.json
[3.292s] -- Up-to-date: /Bt/install/btcpp_ros2_interfaces/share/btcpp_ros2_interfaces/srv/GetTrees.json
[3.293s] -- Up-to-date: /Bt/install/btcpp_ros2_interfaces/share/btcpp_ros2_interfaces/action/ExecuteTree.json
[3.293s] -- Up-to-date: /Bt/install/btcpp_ros2_interfaces/share/btcpp_ros2_interfaces/action/Sleep.json
[3.293s] -- Up-to-date: /Bt/install/btcpp_ros2_interfaces/include/btcpp_ros2_interfaces/btcpp_ros2_interfaces
[3.293s] -- Up-to-date: /Bt/install/btcpp_ros2_interfaces/include/btcpp_ros2_interfaces/btcpp_ros2_interfaces/action
[3.312s] -- Up-to-date: /Bt/install/btcpp_ros2_interfaces/include/btcpp_ros2_interfaces/btcpp_ros2_interfaces/action/execute_tree.h
[3.313s] -- Up-to-date: /Bt/install/btcpp_ros2_interfaces/include/btcpp_ros2_interfaces/btcpp_ros2_interfaces/action/sleep.h
[3.313s] -- Up-to-date: /Bt/install/btcpp_ros2_interfaces/include/btcpp_ros2_interfaces/btcpp_ros2_interfaces/action/detail
[3.314s] -- Installing: /Bt/install/btcpp_ros2_interfaces/include/btcpp_ros2_interfaces/btcpp_ros2_interfaces/action/detail/sleep__type_support.c
[3.320s] -- Up-to-date: /Bt/install/btcpp_ros2_interfaces/include/btcpp_ros2_interfaces/btcpp_ros2_interfaces/action/detail/execute_tree__functions.c
[3.320s] -- Up-to-date: /Bt/install/btcpp_ros2_interfaces/include/btcpp_ros2_interfaces/btcpp_ros2_interfaces/action/detail/sleep__functions.c
[3.320s] -- Up-to-date: /Bt/install/btcpp_ros2_interfaces/include/btcpp_ros2_interfaces/btcpp_ros2_interfaces/action/detail/sleep__struct.h
[3.320s] -- Up-to-date: /Bt/install/btcpp_ros2_interfaces/include/btcpp_ros2_interfaces/btcpp_ros2_interfaces/action/detail/execute_tree__type_support.h
[3.320s] -- Up-to-date: /Bt/install/btcpp_ros2_interfaces/include/btcpp_ros2_interfaces/btcpp_ros2_interfaces/action/detail/execute_tree__struct.h
[3.320s] -- Up-to-date: /Bt/install/btcpp_ros2_interfaces/include/btcpp_ros2_interfaces/btcpp_ros2_interfaces/action/detail/sleep__type_support.h
[3.321s] -- Up-to-date: /Bt/install/btcpp_ros2_interfaces/include/btcpp_ros2_interfaces/btcpp_ros2_interfaces/action/detail/execute_tree__functions.h
[3.321s] -- Up-to-date: /Bt/install/btcpp_ros2_interfaces/include/btcpp_ros2_interfaces/btcpp_ros2_interfaces/action/detail/sleep__description.c
[3.321s] -- Up-to-date: /Bt/install/btcpp_ros2_interfaces/include/btcpp_ros2_interfaces/btcpp_ros2_interfaces/action/detail/execute_tree__description.c
[3.321s] -- Up-to-date: /Bt/install/btcpp_ros2_interfaces/include/btcpp_ros2_interfaces/btcpp_ros2_interfaces/action/detail/sleep__functions.h
[3.321s] -- Installing: /Bt/install/btcpp_ros2_interfaces/include/btcpp_ros2_interfaces/btcpp_ros2_interfaces/action/detail/execute_tree__type_support.c
[3.342s] -- Up-to-date: /Bt/install/btcpp_ros2_interfaces/include/btcpp_ros2_interfaces/btcpp_ros2_interfaces/msg
[3.342s] -- Up-to-date: /Bt/install/btcpp_ros2_interfaces/include/btcpp_ros2_interfaces/btcpp_ros2_interfaces/msg/rosidl_generator_c__visibility_control.h
[3.342s] -- Up-to-date: /Bt/install/btcpp_ros2_interfaces/include/btcpp_ros2_interfaces/btcpp_ros2_interfaces/msg/node_status.h
[3.342s] -- Up-to-date: /Bt/install/btcpp_ros2_interfaces/include/btcpp_ros2_interfaces/btcpp_ros2_interfaces/msg/detail
[3.342s] -- Up-to-date: /Bt/install/btcpp_ros2_interfaces/include/btcpp_ros2_interfaces/btcpp_ros2_interfaces/msg/detail/node_status__struct.h
[3.343s] -- Installing: /Bt/install/btcpp_ros2_interfaces/include/btcpp_ros2_interfaces/btcpp_ros2_interfaces/msg/detail/node_status__type_support.c
[3.373s] -- Up-to-date: /Bt/install/btcpp_ros2_interfaces/include/btcpp_ros2_interfaces/btcpp_ros2_interfaces/msg/detail/node_status__functions.h
[3.374s] -- Up-to-date: /Bt/install/btcpp_ros2_interfaces/include/btcpp_ros2_interfaces/btcpp_ros2_interfaces/msg/detail/node_status__type_support.h
[3.374s] -- Up-to-date: /Bt/install/btcpp_ros2_interfaces/include/btcpp_ros2_interfaces/btcpp_ros2_interfaces/msg/detail/node_status__description.c
[3.374s] -- Up-to-date: /Bt/install/btcpp_ros2_interfaces/include/btcpp_ros2_interfaces/btcpp_ros2_interfaces/msg/detail/node_status__functions.c
[3.377s] -- Up-to-date: /Bt/install/btcpp_ros2_interfaces/include/btcpp_ros2_interfaces/btcpp_ros2_interfaces/srv
[3.377s] -- Up-to-date: /Bt/install/btcpp_ros2_interfaces/include/btcpp_ros2_interfaces/btcpp_ros2_interfaces/srv/get_trees.h
[3.378s] -- Up-to-date: /Bt/install/btcpp_ros2_interfaces/include/btcpp_ros2_interfaces/btcpp_ros2_interfaces/srv/detail
[3.378s] -- Up-to-date: /Bt/install/btcpp_ros2_interfaces/include/btcpp_ros2_interfaces/btcpp_ros2_interfaces/srv/detail/get_trees__functions.h
[3.378s] -- Up-to-date: /Bt/install/btcpp_ros2_interfaces/include/btcpp_ros2_interfaces/btcpp_ros2_interfaces/srv/detail/get_trees__functions.c
[3.378s] -- Up-to-date: /Bt/install/btcpp_ros2_interfaces/include/btcpp_ros2_interfaces/btcpp_ros2_interfaces/srv/detail/get_trees__struct.h
[3.378s] -- Installing: /Bt/install/btcpp_ros2_interfaces/include/btcpp_ros2_interfaces/btcpp_ros2_interfaces/srv/detail/get_trees__type_support.c
[3.379s] -- Up-to-date: /Bt/install/btcpp_ros2_interfaces/include/btcpp_ros2_interfaces/btcpp_ros2_interfaces/srv/detail/get_trees__type_support.h
[3.379s] -- Up-to-date: /Bt/install/btcpp_ros2_interfaces/include/btcpp_ros2_interfaces/btcpp_ros2_interfaces/srv/detail/get_trees__description.c
[3.380s] -- Up-to-date: /Bt/install/btcpp_ros2_interfaces/share/btcpp_ros2_interfaces/environment/library_path.sh
[3.380s] -- Up-to-date: /Bt/install/btcpp_ros2_interfaces/share/btcpp_ros2_interfaces/environment/library_path.dsv
[3.380s] -- Up-to-date: /Bt/install/btcpp_ros2_interfaces/lib/libbtcpp_ros2_interfaces__rosidl_generator_c.so
[3.380s] -- Up-to-date: /Bt/install/btcpp_ros2_interfaces/include/btcpp_ros2_interfaces/btcpp_ros2_interfaces
[3.380s] -- Up-to-date: /Bt/install/btcpp_ros2_interfaces/include/btcpp_ros2_interfaces/btcpp_ros2_interfaces/action
[3.384s] -- Up-to-date: /Bt/install/btcpp_ros2_interfaces/include/btcpp_ros2_interfaces/btcpp_ros2_interfaces/action/detail
[3.384s] -- Up-to-date: /Bt/install/btcpp_ros2_interfaces/include/btcpp_ros2_interfaces/btcpp_ros2_interfaces/action/detail/execute_tree__rosidl_typesupport_fastrtps_c.h
[3.384s] -- Up-to-date: /Bt/install/btcpp_ros2_interfaces/include/btcpp_ros2_interfaces/btcpp_ros2_interfaces/action/detail/sleep__rosidl_typesupport_fastrtps_c.h
[3.384s] -- Up-to-date: /Bt/install/btcpp_ros2_interfaces/include/btcpp_ros2_interfaces/btcpp_ros2_interfaces/msg
[3.385s] -- Up-to-date: /Bt/install/btcpp_ros2_interfaces/include/btcpp_ros2_interfaces/btcpp_ros2_interfaces/msg/detail
[3.388s] -- Up-to-date: /Bt/install/btcpp_ros2_interfaces/include/btcpp_ros2_interfaces/btcpp_ros2_interfaces/msg/detail/node_status__rosidl_typesupport_fastrtps_c.h
[3.388s] -- Up-to-date: /Bt/install/btcpp_ros2_interfaces/include/btcpp_ros2_interfaces/btcpp_ros2_interfaces/msg/rosidl_typesupport_fastrtps_c__visibility_control.h
[3.388s] -- Up-to-date: /Bt/install/btcpp_ros2_interfaces/include/btcpp_ros2_interfaces/btcpp_ros2_interfaces/srv
[3.388s] -- Up-to-date: /Bt/install/btcpp_ros2_interfaces/include/btcpp_ros2_interfaces/btcpp_ros2_interfaces/srv/detail
[3.391s] -- Up-to-date: /Bt/install/btcpp_ros2_interfaces/include/btcpp_ros2_interfaces/btcpp_ros2_interfaces/srv/detail/get_trees__rosidl_typesupport_fastrtps_c.h
[3.392s] -- Up-to-date: /Bt/install/btcpp_ros2_interfaces/lib/libbtcpp_ros2_interfaces__rosidl_typesupport_fastrtps_c.so
[3.392s] -- Up-to-date: /Bt/install/btcpp_ros2_interfaces/include/btcpp_ros2_interfaces/btcpp_ros2_interfaces
[3.392s] -- Up-to-date: /Bt/install/btcpp_ros2_interfaces/include/btcpp_ros2_interfaces/btcpp_ros2_interfaces/action
[3.393s] -- Up-to-date: /Bt/install/btcpp_ros2_interfaces/include/btcpp_ros2_interfaces/btcpp_ros2_interfaces/action/detail
[3.393s] -- Up-to-date: /Bt/install/btcpp_ros2_interfaces/include/btcpp_ros2_interfaces/btcpp_ros2_interfaces/action/detail/execute_tree__rosidl_typesupport_introspection_c.h
[3.393s] -- Installing: /Bt/install/btcpp_ros2_interfaces/include/btcpp_ros2_interfaces/btcpp_ros2_interfaces/action/detail/sleep__type_support.c
[3.403s] -- Up-to-date: /Bt/install/btcpp_ros2_interfaces/include/btcpp_ros2_interfaces/btcpp_ros2_interfaces/action/detail/sleep__rosidl_typesupport_introspection_c.h
[3.405s] -- Installing: /Bt/install/btcpp_ros2_interfaces/include/btcpp_ros2_interfaces/btcpp_ros2_interfaces/action/detail/execute_tree__type_support.c
[3.406s] -- Up-to-date: /Bt/install/btcpp_ros2_interfaces/include/btcpp_ros2_interfaces/btcpp_ros2_interfaces/msg
[3.406s] -- Up-to-date: /Bt/install/btcpp_ros2_interfaces/include/btcpp_ros2_interfaces/btcpp_ros2_interfaces/msg/rosidl_typesupport_introspection_c__visibility_control.h
[3.406s] -- Up-to-date: /Bt/install/btcpp_ros2_interfaces/include/btcpp_ros2_interfaces/btcpp_ros2_interfaces/msg/detail
[3.406s] -- Installing: /Bt/install/btcpp_ros2_interfaces/include/btcpp_ros2_interfaces/btcpp_ros2_interfaces/msg/detail/node_status__type_support.c
[3.406s] -- Up-to-date: /Bt/install/btcpp_ros2_interfaces/include/btcpp_ros2_interfaces/btcpp_ros2_interfaces/msg/detail/node_status__rosidl_typesupport_introspection_c.h
[3.407s] -- Up-to-date: /Bt/install/btcpp_ros2_interfaces/include/btcpp_ros2_interfaces/btcpp_ros2_interfaces/srv
[3.407s] -- Up-to-date: /Bt/install/btcpp_ros2_interfaces/include/btcpp_ros2_interfaces/btcpp_ros2_interfaces/srv/detail
[3.407s] -- Up-to-date: /Bt/install/btcpp_ros2_interfaces/include/btcpp_ros2_interfaces/btcpp_ros2_interfaces/srv/detail/get_trees__rosidl_typesupport_introspection_c.h
[3.408s] -- Installing: /Bt/install/btcpp_ros2_interfaces/include/btcpp_ros2_interfaces/btcpp_ros2_interfaces/srv/detail/get_trees__type_support.c
[3.408s] -- Up-to-date: /Bt/install/btcpp_ros2_interfaces/lib/libbtcpp_ros2_interfaces__rosidl_typesupport_introspection_c.so
[3.408s] -- Up-to-date: /Bt/install/btcpp_ros2_interfaces/lib/libbtcpp_ros2_interfaces__rosidl_typesupport_c.so
[3.408s] -- Up-to-date: /Bt/install/btcpp_ros2_interfaces/include/btcpp_ros2_interfaces/btcpp_ros2_interfaces
[3.415s] -- Up-to-date: /Bt/install/btcpp_ros2_interfaces/include/btcpp_ros2_interfaces/btcpp_ros2_interfaces/action
[3.415s] -- Up-to-date: /Bt/install/btcpp_ros2_interfaces/include/btcpp_ros2_interfaces/btcpp_ros2_interfaces/action/sleep.hpp
[3.416s] -- Up-to-date: /Bt/install/btcpp_ros2_interfaces/include/btcpp_ros2_interfaces/btcpp_ros2_interfaces/action/execute_tree.hpp
[3.416s] -- Up-to-date: /Bt/install/btcpp_ros2_interfaces/include/btcpp_ros2_interfaces/btcpp_ros2_interfaces/action/detail
[3.422s] -- Up-to-date: /Bt/install/btcpp_ros2_interfaces/include/btcpp_ros2_interfaces/btcpp_ros2_interfaces/action/detail/execute_tree__traits.hpp
[3.422s] -- Up-to-date: /Bt/install/btcpp_ros2_interfaces/include/btcpp_ros2_interfaces/btcpp_ros2_interfaces/action/detail/execute_tree__struct.hpp
[3.422s] -- Up-to-date: /Bt/install/btcpp_ros2_interfaces/include/btcpp_ros2_interfaces/btcpp_ros2_interfaces/action/detail/sleep__builder.hpp
[3.422s] -- Up-to-date: /Bt/install/btcpp_ros2_interfaces/include/btcpp_ros2_interfaces/btcpp_ros2_interfaces/action/detail/sleep__traits.hpp
[3.422s] -- Up-to-date: /Bt/install/btcpp_ros2_interfaces/include/btcpp_ros2_interfaces/btcpp_ros2_interfaces/action/detail/sleep__struct.hpp
[3.424s] -- Up-to-date: /Bt/install/btcpp_ros2_interfaces/include/btcpp_ros2_interfaces/btcpp_ros2_interfaces/action/detail/execute_tree__type_support.hpp
[3.425s] -- Up-to-date: /Bt/install/btcpp_ros2_interfaces/include/btcpp_ros2_interfaces/btcpp_ros2_interfaces/action/detail/sleep__type_support.hpp
[3.425s] -- Up-to-date: /Bt/install/btcpp_ros2_interfaces/include/btcpp_ros2_interfaces/btcpp_ros2_interfaces/action/detail/execute_tree__builder.hpp
[3.425s] -- Up-to-date: /Bt/install/btcpp_ros2_interfaces/include/btcpp_ros2_interfaces/btcpp_ros2_interfaces/msg
[3.425s] -- Up-to-date: /Bt/install/btcpp_ros2_interfaces/include/btcpp_ros2_interfaces/btcpp_ros2_interfaces/msg/node_status.hpp
[3.425s] -- Up-to-date: /Bt/install/btcpp_ros2_interfaces/include/btcpp_ros2_interfaces/btcpp_ros2_interfaces/msg/detail
[3.425s] -- Up-to-date: /Bt/install/btcpp_ros2_interfaces/include/btcpp_ros2_interfaces/btcpp_ros2_interfaces/msg/detail/node_status__builder.hpp
[3.425s] -- Up-to-date: /Bt/install/btcpp_ros2_interfaces/include/btcpp_ros2_interfaces/btcpp_ros2_interfaces/msg/detail/node_status__type_support.hpp
[3.426s] -- Up-to-date: /Bt/install/btcpp_ros2_interfaces/include/btcpp_ros2_interfaces/btcpp_ros2_interfaces/msg/detail/node_status__traits.hpp
[3.426s] -- Up-to-date: /Bt/install/btcpp_ros2_interfaces/include/btcpp_ros2_interfaces/btcpp_ros2_interfaces/msg/detail/node_status__struct.hpp
[3.426s] -- Up-to-date: /Bt/install/btcpp_ros2_interfaces/include/btcpp_ros2_interfaces/btcpp_ros2_interfaces/msg/rosidl_generator_cpp__visibility_control.hpp
[3.426s] -- Up-to-date: /Bt/install/btcpp_ros2_interfaces/include/btcpp_ros2_interfaces/btcpp_ros2_interfaces/srv
[3.426s] -- Up-to-date: /Bt/install/btcpp_ros2_interfaces/include/btcpp_ros2_interfaces/btcpp_ros2_interfaces/srv/get_trees.hpp
[3.426s] -- Up-to-date: /Bt/install/btcpp_ros2_interfaces/include/btcpp_ros2_interfaces/btcpp_ros2_interfaces/srv/detail
[3.598s] -- Up-to-date: /Bt/install/btcpp_ros2_interfaces/include/btcpp_ros2_interfaces/btcpp_ros2_interfaces/srv/detail/get_trees__traits.hpp
[3.598s] -- Up-to-date: /Bt/install/btcpp_ros2_interfaces/include/btcpp_ros2_interfaces/btcpp_ros2_interfaces/srv/detail/get_trees__builder.hpp
[3.599s] -- Up-to-date: /Bt/install/btcpp_ros2_interfaces/include/btcpp_ros2_interfaces/btcpp_ros2_interfaces/srv/detail/get_trees__type_support.hpp
[3.599s] -- Up-to-date: /Bt/install/btcpp_ros2_interfaces/include/btcpp_ros2_interfaces/btcpp_ros2_interfaces/srv/detail/get_trees__struct.hpp
[3.599s] -- Up-to-date: /Bt/install/btcpp_ros2_interfaces/include/btcpp_ros2_interfaces/btcpp_ros2_interfaces
[3.599s] -- Up-to-date: /Bt/install/btcpp_ros2_interfaces/include/btcpp_ros2_interfaces/btcpp_ros2_interfaces/action
[3.599s] -- Up-to-date: /Bt/install/btcpp_ros2_interfaces/include/btcpp_ros2_interfaces/btcpp_ros2_interfaces/action/detail
[3.599s] -- Up-to-date: /Bt/install/btcpp_ros2_interfaces/include/btcpp_ros2_interfaces/btcpp_ros2_interfaces/action/detail/execute_tree__rosidl_typesupport_fastrtps_cpp.hpp
[3.599s] -- Up-to-date: /Bt/install/btcpp_ros2_interfaces/include/btcpp_ros2_interfaces/btcpp_ros2_interfaces/action/detail/dds_fastrtps
[3.599s] -- Up-to-date: /Bt/install/btcpp_ros2_interfaces/include/btcpp_ros2_interfaces/btcpp_ros2_interfaces/action/detail/sleep__rosidl_typesupport_fastrtps_cpp.hpp
[3.600s] -- Up-to-date: /Bt/install/btcpp_ros2_interfaces/include/btcpp_ros2_interfaces/btcpp_ros2_interfaces/msg
[3.600s] -- Up-to-date: /Bt/install/btcpp_ros2_interfaces/include/btcpp_ros2_interfaces/btcpp_ros2_interfaces/msg/detail
[3.600s] -- Up-to-date: /Bt/install/btcpp_ros2_interfaces/include/btcpp_ros2_interfaces/btcpp_ros2_interfaces/msg/detail/node_status__rosidl_typesupport_fastrtps_cpp.hpp
[3.600s] -- Up-to-date: /Bt/install/btcpp_ros2_interfaces/include/btcpp_ros2_interfaces/btcpp_ros2_interfaces/msg/detail/dds_fastrtps
[3.600s] -- Up-to-date: /Bt/install/btcpp_ros2_interfaces/include/btcpp_ros2_interfaces/btcpp_ros2_interfaces/msg/rosidl_typesupport_fastrtps_cpp__visibility_control.h
[3.600s] -- Up-to-date: /Bt/install/btcpp_ros2_interfaces/include/btcpp_ros2_interfaces/btcpp_ros2_interfaces/srv
[3.600s] -- Up-to-date: /Bt/install/btcpp_ros2_interfaces/include/btcpp_ros2_interfaces/btcpp_ros2_interfaces/srv/detail
[3.600s] -- Up-to-date: /Bt/install/btcpp_ros2_interfaces/include/btcpp_ros2_interfaces/btcpp_ros2_interfaces/srv/detail/get_trees__rosidl_typesupport_fastrtps_cpp.hpp
[3.601s] -- Up-to-date: /Bt/install/btcpp_ros2_interfaces/include/btcpp_ros2_interfaces/btcpp_ros2_interfaces/srv/detail/dds_fastrtps
[3.601s] -- Up-to-date: /Bt/install/btcpp_ros2_interfaces/lib/libbtcpp_ros2_interfaces__rosidl_typesupport_fastrtps_cpp.so
[3.601s] -- Up-to-date: /Bt/install/btcpp_ros2_interfaces/include/btcpp_ros2_interfaces/btcpp_ros2_interfaces
[3.601s] -- Up-to-date: /Bt/install/btcpp_ros2_interfaces/include/btcpp_ros2_interfaces/btcpp_ros2_interfaces/action
[3.601s] -- Up-to-date: /Bt/install/btcpp_ros2_interfaces/include/btcpp_ros2_interfaces/btcpp_ros2_interfaces/action/detail
[3.601s] -- Up-to-date: /Bt/install/btcpp_ros2_interfaces/include/btcpp_ros2_interfaces/btcpp_ros2_interfaces/action/detail/execute_tree__rosidl_typesupport_introspection_cpp.hpp
[3.601s] -- Up-to-date: /Bt/install/btcpp_ros2_interfaces/include/btcpp_ros2_interfaces/btcpp_ros2_interfaces/action/detail/sleep__rosidl_typesupport_introspection_cpp.hpp
[3.601s] -- Up-to-date: /Bt/install/btcpp_ros2_interfaces/include/btcpp_ros2_interfaces/btcpp_ros2_interfaces/action/detail/sleep__type_support.cpp
[3.603s] -- Up-to-date: /Bt/install/btcpp_ros2_interfaces/include/btcpp_ros2_interfaces/btcpp_ros2_interfaces/action/detail/execute_tree__type_support.cpp
[3.603s] -- Up-to-date: /Bt/install/btcpp_ros2_interfaces/include/btcpp_ros2_interfaces/btcpp_ros2_interfaces/msg
[3.604s] -- Up-to-date: /Bt/install/btcpp_ros2_interfaces/include/btcpp_ros2_interfaces/btcpp_ros2_interfaces/msg/detail
[3.604s] -- Up-to-date: /Bt/install/btcpp_ros2_interfaces/include/btcpp_ros2_interfaces/btcpp_ros2_interfaces/msg/detail/node_status__type_support.cpp
[3.604s] -- Up-to-date: /Bt/install/btcpp_ros2_interfaces/include/btcpp_ros2_interfaces/btcpp_ros2_interfaces/msg/detail/node_status__rosidl_typesupport_introspection_cpp.hpp
[3.604s] -- Up-to-date: /Bt/install/btcpp_ros2_interfaces/include/btcpp_ros2_interfaces/btcpp_ros2_interfaces/srv
[3.605s] -- Up-to-date: /Bt/install/btcpp_ros2_interfaces/include/btcpp_ros2_interfaces/btcpp_ros2_interfaces/srv/detail
[3.633s] -- Up-to-date: /Bt/install/btcpp_ros2_interfaces/include/btcpp_ros2_interfaces/btcpp_ros2_interfaces/srv/detail/get_trees__rosidl_typesupport_introspection_cpp.hpp
[3.633s] -- Up-to-date: /Bt/install/btcpp_ros2_interfaces/include/btcpp_ros2_interfaces/btcpp_ros2_interfaces/srv/detail/get_trees__type_support.cpp
[3.633s] -- Up-to-date: /Bt/install/btcpp_ros2_interfaces/lib/libbtcpp_ros2_interfaces__rosidl_typesupport_introspection_cpp.so
[3.633s] -- Up-to-date: /Bt/install/btcpp_ros2_interfaces/lib/libbtcpp_ros2_interfaces__rosidl_typesupport_cpp.so
[3.633s] -- Up-to-date: /Bt/install/btcpp_ros2_interfaces/share/btcpp_ros2_interfaces/environment/pythonpath.sh
[3.633s] -- Up-to-date: /Bt/install/btcpp_ros2_interfaces/share/btcpp_ros2_interfaces/environment/pythonpath.dsv
[3.633s] -- Up-to-date: /Bt/install/btcpp_ros2_interfaces/lib/python3.12/site-packages/btcpp_ros2_interfaces-0.3.0-py3.12.egg-info
[3.633s] -- Installing: /Bt/install/btcpp_ros2_interfaces/lib/python3.12/site-packages/btcpp_ros2_interfaces-0.3.0-py3.12.egg-info/top_level.txt
[3.634s] -- Installing: /Bt/install/btcpp_ros2_interfaces/lib/python3.12/site-packages/btcpp_ros2_interfaces-0.3.0-py3.12.egg-info/PKG-INFO
[3.634s] -- Installing: /Bt/install/btcpp_ros2_interfaces/lib/python3.12/site-packages/btcpp_ros2_interfaces-0.3.0-py3.12.egg-info/SOURCES.txt
[3.634s] -- Installing: /Bt/install/btcpp_ros2_interfaces/lib/python3.12/site-packages/btcpp_ros2_interfaces-0.3.0-py3.12.egg-info/dependency_links.txt
[3.634s] -- Up-to-date: /Bt/install/btcpp_ros2_interfaces/lib/python3.12/site-packages/btcpp_ros2_interfaces
[3.634s] -- Up-to-date: /Bt/install/btcpp_ros2_interfaces/lib/python3.12/site-packages/btcpp_ros2_interfaces/_btcpp_ros2_interfaces_s.ep.rosidl_typesupport_introspection_c.c
[3.634s] -- Up-to-date: /Bt/install/btcpp_ros2_interfaces/lib/python3.12/site-packages/btcpp_ros2_interfaces/_btcpp_ros2_interfaces_s.ep.rosidl_typesupport_c.c
[3.634s] -- Up-to-date: /Bt/install/btcpp_ros2_interfaces/lib/python3.12/site-packages/btcpp_ros2_interfaces/_btcpp_ros2_interfaces_s.ep.rosidl_typesupport_fastrtps_c.c
[3.641s] -- Up-to-date: /Bt/install/btcpp_ros2_interfaces/lib/python3.12/site-packages/btcpp_ros2_interfaces/__init__.py
[3.641s] -- Up-to-date: /Bt/install/btcpp_ros2_interfaces/lib/python3.12/site-packages/btcpp_ros2_interfaces/btcpp_ros2_interfaces_s__rosidl_typesupport_introspection_c.so
[3.645s] -- Up-to-date: /Bt/install/btcpp_ros2_interfaces/lib/python3.12/site-packages/btcpp_ros2_interfaces/btcpp_ros2_interfaces_s__rosidl_typesupport_c.so
[3.645s] -- Up-to-date: /Bt/install/btcpp_ros2_interfaces/lib/python3.12/site-packages/btcpp_ros2_interfaces/action
[3.646s] -- Up-to-date: /Bt/install/btcpp_ros2_interfaces/lib/python3.12/site-packages/btcpp_ros2_interfaces/action/__init__.py
[3.646s] -- Up-to-date: /Bt/install/btcpp_ros2_interfaces/lib/python3.12/site-packages/btcpp_ros2_interfaces/action/_execute_tree.py
[3.646s] -- Up-to-date: /Bt/install/btcpp_ros2_interfaces/lib/python3.12/site-packages/btcpp_ros2_interfaces/action/_sleep_s.c
[3.647s] -- Up-to-date: /Bt/install/btcpp_ros2_interfaces/lib/python3.12/site-packages/btcpp_ros2_interfaces/action/_execute_tree_s.c
[3.647s] -- Up-to-date: /Bt/install/btcpp_ros2_interfaces/lib/python3.12/site-packages/btcpp_ros2_interfaces/action/_sleep.py
[3.648s] -- Up-to-date: /Bt/install/btcpp_ros2_interfaces/lib/python3.12/site-packages/btcpp_ros2_interfaces/msg
[3.648s] -- Up-to-date: /Bt/install/btcpp_ros2_interfaces/lib/python3.12/site-packages/btcpp_ros2_interfaces/msg/_node_status.py
[3.648s] -- Up-to-date: /Bt/install/btcpp_ros2_interfaces/lib/python3.12/site-packages/btcpp_ros2_interfaces/msg/__init__.py
[3.648s] -- Up-to-date: /Bt/install/btcpp_ros2_interfaces/lib/python3.12/site-packages/btcpp_ros2_interfaces/msg/_node_status_s.c
[3.648s] -- Up-to-date: /Bt/install/btcpp_ros2_interfaces/lib/python3.12/site-packages/btcpp_ros2_interfaces/srv
[3.648s] -- Up-to-date: /Bt/install/btcpp_ros2_interfaces/lib/python3.12/site-packages/btcpp_ros2_interfaces/srv/_get_trees_s.c
[3.649s] -- Up-to-date: /Bt/install/btcpp_ros2_interfaces/lib/python3.12/site-packages/btcpp_ros2_interfaces/srv/__init__.py
[3.649s] -- Up-to-date: /Bt/install/btcpp_ros2_interfaces/lib/python3.12/site-packages/btcpp_ros2_interfaces/srv/_get_trees.py
[3.649s] -- Up-to-date: /Bt/install/btcpp_ros2_interfaces/lib/python3.12/site-packages/btcpp_ros2_interfaces/btcpp_ros2_interfaces_s__rosidl_typesupport_fastrtps_c.so
[3.664s] Listing '/Bt/install/btcpp_ros2_interfaces/lib/python3.12/site-packages/btcpp_ros2_interfaces'...
[3.664s] Listing '/Bt/install/btcpp_ros2_interfaces/lib/python3.12/site-packages/btcpp_ros2_interfaces/action'...
[3.664s] Listing '/Bt/install/btcpp_ros2_interfaces/lib/python3.12/site-packages/btcpp_ros2_interfaces/msg'...
[3.665s] Listing '/Bt/install/btcpp_ros2_interfaces/lib/python3.12/site-packages/btcpp_ros2_interfaces/srv'...
[3.665s] -- Up-to-date: /Bt/install/btcpp_ros2_interfaces/lib/python3.12/site-packages/btcpp_ros2_interfaces/btcpp_ros2_interfaces_s__rosidl_typesupport_fastrtps_c.so
[3.665s] -- Up-to-date: /Bt/install/btcpp_ros2_interfaces/lib/python3.12/site-packages/btcpp_ros2_interfaces/btcpp_ros2_interfaces_s__rosidl_typesupport_introspection_c.so
[3.665s] -- Up-to-date: /Bt/install/btcpp_ros2_interfaces/lib/python3.12/site-packages/btcpp_ros2_interfaces/btcpp_ros2_interfaces_s__rosidl_typesupport_c.so
[3.665s] -- Up-to-date: /Bt/install/btcpp_ros2_interfaces/lib/libbtcpp_ros2_interfaces__rosidl_generator_py.so
[3.665s] -- Up-to-date: /Bt/install/btcpp_ros2_interfaces/share/btcpp_ros2_interfaces/msg/NodeStatus.idl
[3.665s] -- Up-to-date: /Bt/install/btcpp_ros2_interfaces/share/btcpp_ros2_interfaces/srv/GetTrees.idl
[3.665s] -- Up-to-date: /Bt/install/btcpp_ros2_interfaces/share/btcpp_ros2_interfaces/action/ExecuteTree.idl
[3.666s] -- Up-to-date: /Bt/install/btcpp_ros2_interfaces/share/btcpp_ros2_interfaces/action/Sleep.idl
[3.666s] -- Up-to-date: /Bt/install/btcpp_ros2_interfaces/share/btcpp_ros2_interfaces/msg/NodeStatus.msg
[3.666s] -- Up-to-date: /Bt/install/btcpp_ros2_interfaces/share/btcpp_ros2_interfaces/srv/GetTrees.srv
[3.666s] -- Up-to-date: /Bt/install/btcpp_ros2_interfaces/share/btcpp_ros2_interfaces/action/ExecuteTree.action
[3.666s] -- Up-to-date: /Bt/install/btcpp_ros2_interfaces/share/btcpp_ros2_interfaces/action/Sleep.action
[3.666s] -- Up-to-date: /Bt/install/btcpp_ros2_interfaces/share/ament_index/resource_index/package_run_dependencies/btcpp_ros2_interfaces
[3.666s] -- Up-to-date: /Bt/install/btcpp_ros2_interfaces/share/ament_index/resource_index/parent_prefix_path/btcpp_ros2_interfaces
[3.667s] -- Up-to-date: /Bt/install/btcpp_ros2_interfaces/share/btcpp_ros2_interfaces/environment/ament_prefix_path.sh
[3.667s] -- Up-to-date: /Bt/install/btcpp_ros2_interfaces/share/btcpp_ros2_interfaces/environment/ament_prefix_path.dsv
[3.667s] -- Up-to-date: /Bt/install/btcpp_ros2_interfaces/share/btcpp_ros2_interfaces/environment/path.sh
[3.667s] -- Up-to-date: /Bt/install/btcpp_ros2_interfaces/share/btcpp_ros2_interfaces/environment/path.dsv
[3.667s] -- Up-to-date: /Bt/install/btcpp_ros2_interfaces/share/btcpp_ros2_interfaces/local_setup.bash
[3.667s] -- Up-to-date: /Bt/install/btcpp_ros2_interfaces/share/btcpp_ros2_interfaces/local_setup.sh
[3.667s] -- Up-to-date: /Bt/install/btcpp_ros2_interfaces/share/btcpp_ros2_interfaces/local_setup.zsh
[3.667s] -- Up-to-date: /Bt/install/btcpp_ros2_interfaces/share/btcpp_ros2_interfaces/local_setup.dsv
[3.668s] -- Installing: /Bt/install/btcpp_ros2_interfaces/share/btcpp_ros2_interfaces/package.dsv
[3.668s] -- Up-to-date: /Bt/install/btcpp_ros2_interfaces/share/ament_index/resource_index/packages/btcpp_ros2_interfaces
[3.668s] -- Up-to-date: /Bt/install/btcpp_ros2_interfaces/share/btcpp_ros2_interfaces/cmake/export_btcpp_ros2_interfaces__rosidl_generator_cExport.cmake
[3.668s] -- Up-to-date: /Bt/install/btcpp_ros2_interfaces/share/btcpp_ros2_interfaces/cmake/export_btcpp_ros2_interfaces__rosidl_generator_cExport-noconfig.cmake
[3.668s] -- Up-to-date: /Bt/install/btcpp_ros2_interfaces/share/btcpp_ros2_interfaces/cmake/export_btcpp_ros2_interfaces__rosidl_typesupport_fastrtps_cExport.cmake
[3.670s] -- Up-to-date: /Bt/install/btcpp_ros2_interfaces/share/btcpp_ros2_interfaces/cmake/export_btcpp_ros2_interfaces__rosidl_typesupport_fastrtps_cExport-noconfig.cmake
[3.674s] -- Up-to-date: /Bt/install/btcpp_ros2_interfaces/share/btcpp_ros2_interfaces/cmake/btcpp_ros2_interfaces__rosidl_typesupport_introspection_cExport.cmake
[3.677s] -- Up-to-date: /Bt/install/btcpp_ros2_interfaces/share/btcpp_ros2_interfaces/cmake/btcpp_ros2_interfaces__rosidl_typesupport_introspection_cExport-noconfig.cmake
[3.678s] -- Up-to-date: /Bt/install/btcpp_ros2_interfaces/share/btcpp_ros2_interfaces/cmake/btcpp_ros2_interfaces__rosidl_typesupport_cExport.cmake
[3.678s] -- Up-to-date: /Bt/install/btcpp_ros2_interfaces/share/btcpp_ros2_interfaces/cmake/btcpp_ros2_interfaces__rosidl_typesupport_cExport-noconfig.cmake
[3.678s] -- Up-to-date: /Bt/install/btcpp_ros2_interfaces/share/btcpp_ros2_interfaces/cmake/export_btcpp_ros2_interfaces__rosidl_generator_cppExport.cmake
[3.679s] -- Up-to-date: /Bt/install/btcpp_ros2_interfaces/share/btcpp_ros2_interfaces/cmake/export_btcpp_ros2_interfaces__rosidl_typesupport_fastrtps_cppExport.cmake
[3.680s] -- Up-to-date: /Bt/install/btcpp_ros2_interfaces/share/btcpp_ros2_interfaces/cmake/export_btcpp_ros2_interfaces__rosidl_typesupport_fastrtps_cppExport-noconfig.cmake
[3.680s] -- Up-to-date: /Bt/install/btcpp_ros2_interfaces/share/btcpp_ros2_interfaces/cmake/btcpp_ros2_interfaces__rosidl_typesupport_introspection_cppExport.cmake
[3.680s] -- Up-to-date: /Bt/install/btcpp_ros2_interfaces/share/btcpp_ros2_interfaces/cmake/btcpp_ros2_interfaces__rosidl_typesupport_introspection_cppExport-noconfig.cmake
[3.680s] -- Up-to-date: /Bt/install/btcpp_ros2_interfaces/share/btcpp_ros2_interfaces/cmake/btcpp_ros2_interfaces__rosidl_typesupport_cppExport.cmake
[3.680s] -- Up-to-date: /Bt/install/btcpp_ros2_interfaces/share/btcpp_ros2_interfaces/cmake/btcpp_ros2_interfaces__rosidl_typesupport_cppExport-noconfig.cmake
[3.680s] -- Up-to-date: /Bt/install/btcpp_ros2_interfaces/share/btcpp_ros2_interfaces/cmake/export_btcpp_ros2_interfaces__rosidl_generator_pyExport.cmake
[3.680s] -- Up-to-date: /Bt/install/btcpp_ros2_interfaces/share/btcpp_ros2_interfaces/cmake/export_btcpp_ros2_interfaces__rosidl_generator_pyExport-noconfig.cmake
[3.681s] -- Up-to-date: /Bt/install/btcpp_ros2_interfaces/share/btcpp_ros2_interfaces/cmake/rosidl_cmake-extras.cmake
[3.681s] -- Up-to-date: /Bt/install/btcpp_ros2_interfaces/share/btcpp_ros2_interfaces/cmake/ament_cmake_export_dependencies-extras.cmake
[3.681s] -- Up-to-date: /Bt/install/btcpp_ros2_interfaces/share/btcpp_ros2_interfaces/cmake/ament_cmake_export_include_directories-extras.cmake
[3.681s] -- Up-to-date: /Bt/install/btcpp_ros2_interfaces/share/btcpp_ros2_interfaces/cmake/ament_cmake_export_libraries-extras.cmake
[3.681s] -- Up-to-date: /Bt/install/btcpp_ros2_interfaces/share/btcpp_ros2_interfaces/cmake/ament_cmake_export_targets-extras.cmake
[3.681s] -- Up-to-date: /Bt/install/btcpp_ros2_interfaces/share/btcpp_ros2_interfaces/cmake/rosidl_cmake_export_typesupport_targets-extras.cmake
[3.681s] -- Up-to-date: /Bt/install/btcpp_ros2_interfaces/share/btcpp_ros2_interfaces/cmake/rosidl_cmake_export_typesupport_libraries-extras.cmake
[3.682s] -- Up-to-date: /Bt/install/btcpp_ros2_interfaces/share/btcpp_ros2_interfaces/cmake/btcpp_ros2_interfacesConfig.cmake
[3.682s] -- Up-to-date: /Bt/install/btcpp_ros2_interfaces/share/btcpp_ros2_interfaces/cmake/btcpp_ros2_interfacesConfig-version.cmake
[3.682s] -- Up-to-date: /Bt/install/btcpp_ros2_interfaces/share/btcpp_ros2_interfaces/package.xml
[3.692s] Invoked command in '/Bt/build/btcpp_ros2_interfaces' returned '0': CMAKE_PREFIX_PATH=${CMAKE_PREFIX_PATH}:/opt/ros/jazzy:/Bt/install/yolo_ros:/Bt/install/ros2_aruco:/Bt/install/launch_pal:/Bt/install/grab2_curobo_planner /usr/bin/cmake --install /Bt/build/btcpp_ros2_interfaces
