[ 50%] Built target reach_object
[100%] Built target bt_engine
-- Install configuration: ""
-- Up-to-date: /Bt/install/grab2_bt_grabber/lib/libreach_object.a
-- Up-to-date: /Bt/install/grab2_bt_grabber/lib/grab2_bt_grabber/bt_engine
-- Up-to-date: /Bt/install/grab2_bt_grabber/include/grab2_bt_grabber
-- Up-to-date: /Bt/install/grab2_bt_grabber/include/grab2_bt_grabber/grab2_bt_grabber
-- Up-to-date: /Bt/install/grab2_bt_grabber/include/grab2_bt_grabber/grab2_bt_grabber/grabbers
-- Up-to-date: /Bt/install/grab2_bt_grabber/include/grab2_bt_grabber/grab2_bt_grabber/grabbers/reach_object.hpp
-- Up-to-date: /Bt/install/grab2_bt_grabber/share/grab2_bt_grabber/launch
-- Up-to-date: /Bt/install/grab2_bt_grabber/share/grab2_bt_grabber/launch/reach_object_server.launch.py
-- Up-to-date: /Bt/install/grab2_bt_grabber/share/grab2_bt_grabber/config
-- Up-to-date: /Bt/install/grab2_bt_grabber/share/grab2_bt_grabber/config/reach_object.yaml
-- Up-to-date: /Bt/install/grab2_bt_grabber/share/grab2_bt_grabber/behavior_trees
-- Up-to-date: /Bt/install/grab2_bt_grabber/share/grab2_bt_grabber/behavior_trees/reach_object.xml
-- Up-to-date: /Bt/install/grab2_bt_grabber/share/grab2_bt_grabber/environment/library_path.sh
-- Up-to-date: /Bt/install/grab2_bt_grabber/share/grab2_bt_grabber/environment/library_path.dsv
-- Up-to-date: /Bt/install/grab2_bt_grabber/share/ament_index/resource_index/package_run_dependencies/grab2_bt_grabber
-- Up-to-date: /Bt/install/grab2_bt_grabber/share/ament_index/resource_index/parent_prefix_path/grab2_bt_grabber
-- Up-to-date: /Bt/install/grab2_bt_grabber/share/grab2_bt_grabber/environment/ament_prefix_path.sh
-- Up-to-date: /Bt/install/grab2_bt_grabber/share/grab2_bt_grabber/environment/ament_prefix_path.dsv
-- Up-to-date: /Bt/install/grab2_bt_grabber/share/grab2_bt_grabber/environment/path.sh
-- Up-to-date: /Bt/install/grab2_bt_grabber/share/grab2_bt_grabber/environment/path.dsv
-- Up-to-date: /Bt/install/grab2_bt_grabber/share/grab2_bt_grabber/local_setup.bash
-- Up-to-date: /Bt/install/grab2_bt_grabber/share/grab2_bt_grabber/local_setup.sh
-- Up-to-date: /Bt/install/grab2_bt_grabber/share/grab2_bt_grabber/local_setup.zsh
-- Up-to-date: /Bt/install/grab2_bt_grabber/share/grab2_bt_grabber/local_setup.dsv
-- Installing: /Bt/install/grab2_bt_grabber/share/grab2_bt_grabber/package.dsv
-- Up-to-date: /Bt/install/grab2_bt_grabber/share/ament_index/resource_index/packages/grab2_bt_grabber
-- Up-to-date: /Bt/install/grab2_bt_grabber/share/grab2_bt_grabber/cmake/export_grab2_bt_grabberExport.cmake
-- Up-to-date: /Bt/install/grab2_bt_grabber/share/grab2_bt_grabber/cmake/export_grab2_bt_grabberExport-noconfig.cmake
-- Up-to-date: /Bt/install/grab2_bt_grabber/share/grab2_bt_grabber/cmake/ament_cmake_export_include_directories-extras.cmake
-- Up-to-date: /Bt/install/grab2_bt_grabber/share/grab2_bt_grabber/cmake/ament_cmake_export_libraries-extras.cmake
-- Up-to-date: /Bt/install/grab2_bt_grabber/share/grab2_bt_grabber/cmake/ament_cmake_export_dependencies-extras.cmake
-- Up-to-date: /Bt/install/grab2_bt_grabber/share/grab2_bt_grabber/cmake/ament_cmake_export_targets-extras.cmake
-- Up-to-date: /Bt/install/grab2_bt_grabber/share/grab2_bt_grabber/cmake/grab2_bt_grabberConfig.cmake
-- Up-to-date: /Bt/install/grab2_bt_grabber/share/grab2_bt_grabber/cmake/grab2_bt_grabberConfig-version.cmake
-- Up-to-date: /Bt/install/grab2_bt_grabber/share/grab2_bt_grabber/package.xml
