[0.033s] Invoking command in '/Bt/build/pmb2_laser_sensors': CMAKE_PREFIX_PATH=${CMAKE_PREFIX_PATH}:/Bt/install/yolo_ros:/Bt/install/ros2_aruco:/Bt/install/launch_pal:/Bt/install/grab2_curobo_planner:/opt/ros/jazzy /usr/bin/cmake --build /Bt/build/pmb2_laser_sensors -- -j8 -l8
[0.202s] Invoked command in '/Bt/build/pmb2_laser_sensors' returned '0': CMAKE_PREFIX_PATH=${CMAKE_PREFIX_PATH}:/Bt/install/yolo_ros:/Bt/install/ros2_aruco:/Bt/install/launch_pal:/Bt/install/grab2_curobo_planner:/opt/ros/jazzy /usr/bin/cmake --build /Bt/build/pmb2_laser_sensors -- -j8 -l8
[0.203s] Invoking command in '/Bt/build/pmb2_laser_sensors': CMAKE_PREFIX_PATH=${CMAKE_PREFIX_PATH}:/Bt/install/yolo_ros:/Bt/install/ros2_aruco:/Bt/install/launch_pal:/Bt/install/grab2_curobo_planner:/opt/ros/jazzy /usr/bin/cmake --install /Bt/build/pmb2_laser_sensors
[0.225s] -- Install configuration: ""
[0.225s] -- Up-to-date: /Bt/install/pmb2_laser_sensors/share/pmb2_laser_sensors/config
[0.239s] -- Up-to-date: /Bt/install/pmb2_laser_sensors/share/pmb2_laser_sensors/config/laser_analyzers.yaml
[0.239s] -- Up-to-date: /Bt/install/pmb2_laser_sensors/share/pmb2_laser_sensors/launch
[0.249s] -- Up-to-date: /Bt/install/pmb2_laser_sensors/share/pmb2_laser_sensors/launch/laser_hokuyo.launch.py
[0.249s] -- Up-to-date: /Bt/install/pmb2_laser_sensors/share/pmb2_laser_sensors/launch/laser_sim.launch.py
[0.249s] -- Up-to-date: /Bt/install/pmb2_laser_sensors/share/pmb2_laser_sensors/launch/laser_sick-561.launch.py
[0.250s] -- Up-to-date: /Bt/install/pmb2_laser_sensors/share/pmb2_laser_sensors/launch/laser_sick-571.launch.py
[0.250s] -- Up-to-date: /Bt/install/pmb2_laser_sensors/share/ament_index/resource_index/package_run_dependencies/pmb2_laser_sensors
[0.250s] -- Up-to-date: /Bt/install/pmb2_laser_sensors/share/ament_index/resource_index/parent_prefix_path/pmb2_laser_sensors
[0.252s] -- Up-to-date: /Bt/install/pmb2_laser_sensors/share/pmb2_laser_sensors/environment/ament_prefix_path.sh
[0.252s] -- Up-to-date: /Bt/install/pmb2_laser_sensors/share/pmb2_laser_sensors/environment/ament_prefix_path.dsv
[0.252s] -- Up-to-date: /Bt/install/pmb2_laser_sensors/share/pmb2_laser_sensors/environment/path.sh
[0.252s] -- Up-to-date: /Bt/install/pmb2_laser_sensors/share/pmb2_laser_sensors/environment/path.dsv
[0.252s] -- Up-to-date: /Bt/install/pmb2_laser_sensors/share/pmb2_laser_sensors/local_setup.bash
[0.253s] -- Up-to-date: /Bt/install/pmb2_laser_sensors/share/pmb2_laser_sensors/local_setup.sh
[0.253s] -- Up-to-date: /Bt/install/pmb2_laser_sensors/share/pmb2_laser_sensors/local_setup.zsh
[0.253s] -- Up-to-date: /Bt/install/pmb2_laser_sensors/share/pmb2_laser_sensors/local_setup.dsv
[0.253s] -- Installing: /Bt/install/pmb2_laser_sensors/share/pmb2_laser_sensors/package.dsv
[0.253s] -- Up-to-date: /Bt/install/pmb2_laser_sensors/share/ament_index/resource_index/packages/pmb2_laser_sensors
[0.253s] -- Up-to-date: /Bt/install/pmb2_laser_sensors/share/pmb2_laser_sensors/cmake/pmb2_laser_sensorsConfig.cmake
[0.254s] -- Up-to-date: /Bt/install/pmb2_laser_sensors/share/pmb2_laser_sensors/cmake/pmb2_laser_sensorsConfig-version.cmake
[0.254s] -- Up-to-date: /Bt/install/pmb2_laser_sensors/share/pmb2_laser_sensors/package.xml
[0.257s] Invoked command in '/Bt/build/pmb2_laser_sensors' returned '0': CMAKE_PREFIX_PATH=${CMAKE_PREFIX_PATH}:/Bt/install/yolo_ros:/Bt/install/ros2_aruco:/Bt/install/launch_pal:/Bt/install/grab2_curobo_planner:/opt/ros/jazzy /usr/bin/cmake --install /Bt/build/pmb2_laser_sensors
