[0.139s] Invoking command in '/Bt/build/grab2_bt_grabber': AMENT_PREFIX_PATH=/Bt/install/grab2_ros_common:/Bt/install/grab2_msgs:/Bt/install/behaviortree_ros2:/Bt/install/btcpp_ros2_interfaces:${AMENT_PREFIX_PATH} CMAKE_PREFIX_PATH=/Bt/install/grab2_ros_common:/Bt/install/grab2_msgs:/Bt/install/behaviortree_ros2:/Bt/install/btcpp_ros2_interfaces:/opt/ros/jazzy/opt/gz_sim_vendor:/opt/ros/jazzy/opt/gz_sensors_vendor:/opt/ros/jazzy/opt/gz_physics_vendor:/opt/ros/jazzy/opt/sdformat_vendor:/opt/ros/jazzy/opt/gz_gui_vendor:/opt/ros/jazzy/opt/gz_transport_vendor:/opt/ros/jazzy/opt/gz_rendering_vendor:/opt/ros/jazzy/opt/gz_plugin_vendor:/opt/ros/jazzy/opt/gz_fuel_tools_vendor:/opt/ros/jazzy/opt/gz_msgs_vendor:/opt/ros/jazzy/opt/gz_common_vendor:/opt/ros/jazzy/opt/gz_math_vendor:/opt/ros/jazzy/opt/gz_utils_vendor:/opt/ros/jazzy/opt/gz_tools_vendor:/opt/ros/jazzy/opt/gz_ogre_next_vendor:/opt/ros/jazzy/opt/gz_dartsim_vendor:/opt/ros/jazzy/opt/gz_cmake_vendor:/opt/ros/jazzy LD_LIBRARY_PATH=/Bt/install/grab2_msgs/lib:/Bt/install/behaviortree_ros2/lib:/Bt/install/btcpp_ros2_interfaces/lib:${LD_LIBRARY_PATH} PYTHONPATH=/Bt/install/grab2_msgs/lib/python3.12/site-packages:/Bt/install/btcpp_ros2_interfaces/lib/python3.12/site-packages:${PYTHONPATH} /usr/bin/cmake --build /Bt/build/grab2_bt_grabber -- -j8 -l8
[0.706s] [ 50%] Built target reach_object
[0.874s] [100%] Built target bt_engine
[1.285s] Invoked command in '/Bt/build/grab2_bt_grabber' returned '0': AMENT_PREFIX_PATH=/Bt/install/grab2_ros_common:/Bt/install/grab2_msgs:/Bt/install/behaviortree_ros2:/Bt/install/btcpp_ros2_interfaces:${AMENT_PREFIX_PATH} CMAKE_PREFIX_PATH=/Bt/install/grab2_ros_common:/Bt/install/grab2_msgs:/Bt/install/behaviortree_ros2:/Bt/install/btcpp_ros2_interfaces:/opt/ros/jazzy/opt/gz_sim_vendor:/opt/ros/jazzy/opt/gz_sensors_vendor:/opt/ros/jazzy/opt/gz_physics_vendor:/opt/ros/jazzy/opt/sdformat_vendor:/opt/ros/jazzy/opt/gz_gui_vendor:/opt/ros/jazzy/opt/gz_transport_vendor:/opt/ros/jazzy/opt/gz_rendering_vendor:/opt/ros/jazzy/opt/gz_plugin_vendor:/opt/ros/jazzy/opt/gz_fuel_tools_vendor:/opt/ros/jazzy/opt/gz_msgs_vendor:/opt/ros/jazzy/opt/gz_common_vendor:/opt/ros/jazzy/opt/gz_math_vendor:/opt/ros/jazzy/opt/gz_utils_vendor:/opt/ros/jazzy/opt/gz_tools_vendor:/opt/ros/jazzy/opt/gz_ogre_next_vendor:/opt/ros/jazzy/opt/gz_dartsim_vendor:/opt/ros/jazzy/opt/gz_cmake_vendor:/opt/ros/jazzy LD_LIBRARY_PATH=/Bt/install/grab2_msgs/lib:/Bt/install/behaviortree_ros2/lib:/Bt/install/btcpp_ros2_interfaces/lib:${LD_LIBRARY_PATH} PYTHONPATH=/Bt/install/grab2_msgs/lib/python3.12/site-packages:/Bt/install/btcpp_ros2_interfaces/lib/python3.12/site-packages:${PYTHONPATH} /usr/bin/cmake --build /Bt/build/grab2_bt_grabber -- -j8 -l8
[1.298s] Invoking command in '/Bt/build/grab2_bt_grabber': AMENT_PREFIX_PATH=/Bt/install/grab2_ros_common:/Bt/install/grab2_msgs:/Bt/install/behaviortree_ros2:/Bt/install/btcpp_ros2_interfaces:${AMENT_PREFIX_PATH} CMAKE_PREFIX_PATH=/Bt/install/grab2_ros_common:/Bt/install/grab2_msgs:/Bt/install/behaviortree_ros2:/Bt/install/btcpp_ros2_interfaces:/opt/ros/jazzy/opt/gz_sim_vendor:/opt/ros/jazzy/opt/gz_sensors_vendor:/opt/ros/jazzy/opt/gz_physics_vendor:/opt/ros/jazzy/opt/sdformat_vendor:/opt/ros/jazzy/opt/gz_gui_vendor:/opt/ros/jazzy/opt/gz_transport_vendor:/opt/ros/jazzy/opt/gz_rendering_vendor:/opt/ros/jazzy/opt/gz_plugin_vendor:/opt/ros/jazzy/opt/gz_fuel_tools_vendor:/opt/ros/jazzy/opt/gz_msgs_vendor:/opt/ros/jazzy/opt/gz_common_vendor:/opt/ros/jazzy/opt/gz_math_vendor:/opt/ros/jazzy/opt/gz_utils_vendor:/opt/ros/jazzy/opt/gz_tools_vendor:/opt/ros/jazzy/opt/gz_ogre_next_vendor:/opt/ros/jazzy/opt/gz_dartsim_vendor:/opt/ros/jazzy/opt/gz_cmake_vendor:/opt/ros/jazzy LD_LIBRARY_PATH=/Bt/install/grab2_msgs/lib:/Bt/install/behaviortree_ros2/lib:/Bt/install/btcpp_ros2_interfaces/lib:${LD_LIBRARY_PATH} PYTHONPATH=/Bt/install/grab2_msgs/lib/python3.12/site-packages:/Bt/install/btcpp_ros2_interfaces/lib/python3.12/site-packages:${PYTHONPATH} /usr/bin/cmake --install /Bt/build/grab2_bt_grabber
[1.313s] -- Install configuration: ""
[1.313s] -- Up-to-date: /Bt/install/grab2_bt_grabber/lib/libreach_object.a
[1.378s] -- Up-to-date: /Bt/install/grab2_bt_grabber/lib/grab2_bt_grabber/bt_engine
[1.378s] -- Up-to-date: /Bt/install/grab2_bt_grabber/include/grab2_bt_grabber
[1.378s] -- Up-to-date: /Bt/install/grab2_bt_grabber/include/grab2_bt_grabber/grab2_bt_grabber
[1.378s] -- Up-to-date: /Bt/install/grab2_bt_grabber/include/grab2_bt_grabber/grab2_bt_grabber/grabbers
[1.378s] -- Up-to-date: /Bt/install/grab2_bt_grabber/include/grab2_bt_grabber/grab2_bt_grabber/grabbers/reach_object.hpp
[1.378s] -- Up-to-date: /Bt/install/grab2_bt_grabber/share/grab2_bt_grabber/launch
[1.380s] -- Up-to-date: /Bt/install/grab2_bt_grabber/share/grab2_bt_grabber/launch/reach_object_server.launch.py
[1.380s] -- Up-to-date: /Bt/install/grab2_bt_grabber/share/grab2_bt_grabber/config
[1.386s] -- Up-to-date: /Bt/install/grab2_bt_grabber/share/grab2_bt_grabber/config/reach_object.yaml
[1.387s] -- Up-to-date: /Bt/install/grab2_bt_grabber/share/grab2_bt_grabber/behavior_trees
[1.402s] -- Up-to-date: /Bt/install/grab2_bt_grabber/share/grab2_bt_grabber/behavior_trees/reach_object.xml
[1.403s] -- Up-to-date: /Bt/install/grab2_bt_grabber/share/grab2_bt_grabber/environment/library_path.sh
[1.403s] -- Up-to-date: /Bt/install/grab2_bt_grabber/share/grab2_bt_grabber/environment/library_path.dsv
[1.404s] -- Up-to-date: /Bt/install/grab2_bt_grabber/share/ament_index/resource_index/package_run_dependencies/grab2_bt_grabber
[1.404s] -- Up-to-date: /Bt/install/grab2_bt_grabber/share/ament_index/resource_index/parent_prefix_path/grab2_bt_grabber
[1.404s] -- Up-to-date: /Bt/install/grab2_bt_grabber/share/grab2_bt_grabber/environment/ament_prefix_path.sh
[1.404s] -- Up-to-date: /Bt/install/grab2_bt_grabber/share/grab2_bt_grabber/environment/ament_prefix_path.dsv
[1.405s] -- Up-to-date: /Bt/install/grab2_bt_grabber/share/grab2_bt_grabber/environment/path.sh
[1.405s] -- Up-to-date: /Bt/install/grab2_bt_grabber/share/grab2_bt_grabber/environment/path.dsv
[1.405s] -- Up-to-date: /Bt/install/grab2_bt_grabber/share/grab2_bt_grabber/local_setup.bash
[1.405s] -- Up-to-date: /Bt/install/grab2_bt_grabber/share/grab2_bt_grabber/local_setup.sh
[1.405s] -- Up-to-date: /Bt/install/grab2_bt_grabber/share/grab2_bt_grabber/local_setup.zsh
[1.405s] -- Up-to-date: /Bt/install/grab2_bt_grabber/share/grab2_bt_grabber/local_setup.dsv
[1.406s] -- Installing: /Bt/install/grab2_bt_grabber/share/grab2_bt_grabber/package.dsv
[1.412s] -- Up-to-date: /Bt/install/grab2_bt_grabber/share/ament_index/resource_index/packages/grab2_bt_grabber
[1.531s] -- Up-to-date: /Bt/install/grab2_bt_grabber/share/grab2_bt_grabber/cmake/export_grab2_bt_grabberExport.cmake
[1.532s] -- Up-to-date: /Bt/install/grab2_bt_grabber/share/grab2_bt_grabber/cmake/export_grab2_bt_grabberExport-noconfig.cmake
[1.532s] -- Up-to-date: /Bt/install/grab2_bt_grabber/share/grab2_bt_grabber/cmake/ament_cmake_export_include_directories-extras.cmake
[1.532s] -- Up-to-date: /Bt/install/grab2_bt_grabber/share/grab2_bt_grabber/cmake/ament_cmake_export_libraries-extras.cmake
[1.532s] -- Up-to-date: /Bt/install/grab2_bt_grabber/share/grab2_bt_grabber/cmake/ament_cmake_export_dependencies-extras.cmake
[1.532s] -- Up-to-date: /Bt/install/grab2_bt_grabber/share/grab2_bt_grabber/cmake/ament_cmake_export_targets-extras.cmake
[1.532s] -- Up-to-date: /Bt/install/grab2_bt_grabber/share/grab2_bt_grabber/cmake/grab2_bt_grabberConfig.cmake
[1.532s] -- Up-to-date: /Bt/install/grab2_bt_grabber/share/grab2_bt_grabber/cmake/grab2_bt_grabberConfig-version.cmake
[1.532s] -- Up-to-date: /Bt/install/grab2_bt_grabber/share/grab2_bt_grabber/package.xml
[1.534s] Invoked command in '/Bt/build/grab2_bt_grabber' returned '0': AMENT_PREFIX_PATH=/Bt/install/grab2_ros_common:/Bt/install/grab2_msgs:/Bt/install/behaviortree_ros2:/Bt/install/btcpp_ros2_interfaces:${AMENT_PREFIX_PATH} CMAKE_PREFIX_PATH=/Bt/install/grab2_ros_common:/Bt/install/grab2_msgs:/Bt/install/behaviortree_ros2:/Bt/install/btcpp_ros2_interfaces:/opt/ros/jazzy/opt/gz_sim_vendor:/opt/ros/jazzy/opt/gz_sensors_vendor:/opt/ros/jazzy/opt/gz_physics_vendor:/opt/ros/jazzy/opt/sdformat_vendor:/opt/ros/jazzy/opt/gz_gui_vendor:/opt/ros/jazzy/opt/gz_transport_vendor:/opt/ros/jazzy/opt/gz_rendering_vendor:/opt/ros/jazzy/opt/gz_plugin_vendor:/opt/ros/jazzy/opt/gz_fuel_tools_vendor:/opt/ros/jazzy/opt/gz_msgs_vendor:/opt/ros/jazzy/opt/gz_common_vendor:/opt/ros/jazzy/opt/gz_math_vendor:/opt/ros/jazzy/opt/gz_utils_vendor:/opt/ros/jazzy/opt/gz_tools_vendor:/opt/ros/jazzy/opt/gz_ogre_next_vendor:/opt/ros/jazzy/opt/gz_dartsim_vendor:/opt/ros/jazzy/opt/gz_cmake_vendor:/opt/ros/jazzy LD_LIBRARY_PATH=/Bt/install/grab2_msgs/lib:/Bt/install/behaviortree_ros2/lib:/Bt/install/btcpp_ros2_interfaces/lib:${LD_LIBRARY_PATH} PYTHONPATH=/Bt/install/grab2_msgs/lib/python3.12/site-packages:/Bt/install/btcpp_ros2_interfaces/lib/python3.12/site-packages:${PYTHONPATH} /usr/bin/cmake --install /Bt/build/grab2_bt_grabber
