[2.773s] Invoking command in '/Bt/ThirdParty/ros2_aruco/ros2_aruco': PYTHONPATH=/Bt/build/ros2_aruco/prefix_override:/usr/lib/python3/dist-packages/colcon_core/task/python/colcon_distutils_commands:/Bt/install/ros2_aruco/lib/python3.12/site-packages:${PYTHONPATH} /usr/bin/python3 -W ignore:setup.py install is deprecated -W ignore:easy_install command is deprecated setup.py egg_info --egg-base ../../../build/ros2_aruco build --build-base /Bt/build/ros2_aruco/build install --record /Bt/build/ros2_aruco/install.log --single-version-externally-managed install_data
[3.625s] running egg_info
[3.698s] writing ../../../build/ros2_aruco/ros2_aruco.egg-info/PKG-INFO
[3.698s] writing dependency_links to ../../../build/ros2_aruco/ros2_aruco.egg-info/dependency_links.txt
[3.701s] writing entry points to ../../../build/ros2_aruco/ros2_aruco.egg-info/entry_points.txt
[3.705s] writing requirements to ../../../build/ros2_aruco/ros2_aruco.egg-info/requires.txt
[3.705s] writing top-level names to ../../../build/ros2_aruco/ros2_aruco.egg-info/top_level.txt
[3.858s] reading manifest file '../../../build/ros2_aruco/ros2_aruco.egg-info/SOURCES.txt'
[3.860s] writing manifest file '../../../build/ros2_aruco/ros2_aruco.egg-info/SOURCES.txt'
[3.862s] running build
[3.864s] running build_py
[3.866s] running install
[3.876s] running install_lib
[3.953s] running install_data
[3.954s] running install_egg_info
[4.045s] removing '/Bt/install/ros2_aruco/lib/python3.12/site-packages/ros2_aruco-0.1.0-py3.12.egg-info' (and everything under it)
[4.047s] Copying ../../../build/ros2_aruco/ros2_aruco.egg-info to /Bt/install/ros2_aruco/lib/python3.12/site-packages/ros2_aruco-0.1.0-py3.12.egg-info
[4.047s] running install_scripts
[4.423s] Installing aruco_generate_marker script to /Bt/install/ros2_aruco/lib/ros2_aruco
[4.424s] Installing aruco_node script to /Bt/install/ros2_aruco/lib/ros2_aruco
[4.424s] writing list of installed files to '/Bt/build/ros2_aruco/install.log'
[4.876s] Invoked command in '/Bt/ThirdParty/ros2_aruco/ros2_aruco' returned '0': PYTHONPATH=/Bt/build/ros2_aruco/prefix_override:/usr/lib/python3/dist-packages/colcon_core/task/python/colcon_distutils_commands:/Bt/install/ros2_aruco/lib/python3.12/site-packages:${PYTHONPATH} /usr/bin/python3 -W ignore:setup.py install is deprecated -W ignore:easy_install command is deprecated setup.py egg_info --egg-base ../../../build/ros2_aruco build --build-base /Bt/build/ros2_aruco/build install --record /Bt/build/ros2_aruco/install.log --single-version-externally-managed install_data
