[0.081s] Invoking command in '/Bt/build/pal_robotiq_controller_configuration': CMAKE_PREFIX_PATH=${CMAKE_PREFIX_PATH}:/opt/ros/jazzy:/Bt/install/yolo_ros:/Bt/install/ros2_aruco:/Bt/install/launch_pal:/Bt/install/grab2_curobo_planner /usr/bin/cmake --build /Bt/build/pal_robotiq_controller_configuration -- -j8 -l8
[0.158s] Invoked command in '/Bt/build/pal_robotiq_controller_configuration' returned '0': CMAKE_PREFIX_PATH=${CMAKE_PREFIX_PATH}:/opt/ros/jazzy:/Bt/install/yolo_ros:/Bt/install/ros2_aruco:/Bt/install/launch_pal:/Bt/install/grab2_curobo_planner /usr/bin/cmake --build /Bt/build/pal_robotiq_controller_configuration -- -j8 -l8
[0.159s] Invoking command in '/Bt/build/pal_robotiq_controller_configuration': CMAKE_PREFIX_PATH=${CMAKE_PREFIX_PATH}:/opt/ros/jazzy:/Bt/install/yolo_ros:/Bt/install/ros2_aruco:/Bt/install/launch_pal:/Bt/install/grab2_curobo_planner /usr/bin/cmake --install /Bt/build/pal_robotiq_controller_configuration
[0.187s] -- Install configuration: ""
[0.191s] -- Up-to-date: /Bt/install/pal_robotiq_controller_configuration/share/pal_robotiq_controller_configuration/config
[0.191s] -- Up-to-date: /Bt/install/pal_robotiq_controller_configuration/share/pal_robotiq_controller_configuration/config/robotiq_gripper_controller.yaml
[0.191s] -- Up-to-date: /Bt/install/pal_robotiq_controller_configuration/share/pal_robotiq_controller_configuration/launch
[0.192s] -- Up-to-date: /Bt/install/pal_robotiq_controller_configuration/share/pal_robotiq_controller_configuration/launch/robotiq_gripper_controller.launch.py
[0.192s] -- Up-to-date: /Bt/install/pal_robotiq_controller_configuration/share/ament_index/resource_index/package_run_dependencies/pal_robotiq_controller_configuration
[0.192s] -- Up-to-date: /Bt/install/pal_robotiq_controller_configuration/share/ament_index/resource_index/parent_prefix_path/pal_robotiq_controller_configuration
[0.192s] -- Up-to-date: /Bt/install/pal_robotiq_controller_configuration/share/pal_robotiq_controller_configuration/environment/ament_prefix_path.sh
[0.192s] -- Up-to-date: /Bt/install/pal_robotiq_controller_configuration/share/pal_robotiq_controller_configuration/environment/ament_prefix_path.dsv
[0.192s] -- Up-to-date: /Bt/install/pal_robotiq_controller_configuration/share/pal_robotiq_controller_configuration/environment/path.sh
[0.192s] -- Up-to-date: /Bt/install/pal_robotiq_controller_configuration/share/pal_robotiq_controller_configuration/environment/path.dsv
[0.192s] -- Up-to-date: /Bt/install/pal_robotiq_controller_configuration/share/pal_robotiq_controller_configuration/local_setup.bash
[0.193s] -- Up-to-date: /Bt/install/pal_robotiq_controller_configuration/share/pal_robotiq_controller_configuration/local_setup.sh
[0.193s] -- Up-to-date: /Bt/install/pal_robotiq_controller_configuration/share/pal_robotiq_controller_configuration/local_setup.zsh
[0.193s] -- Up-to-date: /Bt/install/pal_robotiq_controller_configuration/share/pal_robotiq_controller_configuration/local_setup.dsv
[0.193s] -- Installing: /Bt/install/pal_robotiq_controller_configuration/share/pal_robotiq_controller_configuration/package.dsv
[0.229s] -- Up-to-date: /Bt/install/pal_robotiq_controller_configuration/share/ament_index/resource_index/packages/pal_robotiq_controller_configuration
[0.229s] -- Up-to-date: /Bt/install/pal_robotiq_controller_configuration/share/pal_robotiq_controller_configuration/cmake/pal_robotiq_controller_configurationConfig.cmake
[0.229s] -- Up-to-date: /Bt/install/pal_robotiq_controller_configuration/share/pal_robotiq_controller_configuration/cmake/pal_robotiq_controller_configurationConfig-version.cmake
[0.229s] -- Up-to-date: /Bt/install/pal_robotiq_controller_configuration/share/pal_robotiq_controller_configuration/package.xml
[0.357s] Invoked command in '/Bt/build/pal_robotiq_controller_configuration' returned '0': CMAKE_PREFIX_PATH=${CMAKE_PREFIX_PATH}:/opt/ros/jazzy:/Bt/install/yolo_ros:/Bt/install/ros2_aruco:/Bt/install/launch_pal:/Bt/install/grab2_curobo_planner /usr/bin/cmake --install /Bt/build/pal_robotiq_controller_configuration
