[0.020s] Invoking command in '/Bt/build/tiago_behavior_tree': AMENT_PREFIX_PATH=/Bt/install/behaviortree_ros2:/Bt/install/btcpp_ros2_interfaces:${AMENT_PREFIX_PATH} CMAKE_PREFIX_PATH=/Bt/install/behaviortree_ros2:/Bt/install/btcpp_ros2_interfaces:/opt/ros/jazzy/opt/gz_sim_vendor:/opt/ros/jazzy/opt/gz_sensors_vendor:/opt/ros/jazzy/opt/gz_physics_vendor:/opt/ros/jazzy/opt/sdformat_vendor:/opt/ros/jazzy/opt/gz_gui_vendor:/opt/ros/jazzy/opt/gz_transport_vendor:/opt/ros/jazzy/opt/gz_rendering_vendor:/opt/ros/jazzy/opt/gz_plugin_vendor:/opt/ros/jazzy/opt/gz_fuel_tools_vendor:/opt/ros/jazzy/opt/gz_msgs_vendor:/opt/ros/jazzy/opt/gz_common_vendor:/opt/ros/jazzy/opt/gz_math_vendor:/opt/ros/jazzy/opt/gz_utils_vendor:/opt/ros/jazzy/opt/gz_tools_vendor:/opt/ros/jazzy/opt/gz_ogre_next_vendor:/opt/ros/jazzy/opt/gz_dartsim_vendor:/opt/ros/jazzy/opt/gz_cmake_vendor:/opt/ros/jazzy LD_LIBRARY_PATH=/Bt/install/behaviortree_ros2/lib:/Bt/install/btcpp_ros2_interfaces/lib:${LD_LIBRARY_PATH} PYTHONPATH=/Bt/install/btcpp_ros2_interfaces/lib/python3.12/site-packages:${PYTHONPATH} /usr/bin/cmake --build /Bt/build/tiago_behavior_tree -- -j8 -l8
[0.110s] [100%] Built target tiago_set_target_using_transform_bt_node
[0.110s] [100%] Built target tiago_set_target_using_aruco_marker_bt_node
[0.137s] Invoked command in '/Bt/build/tiago_behavior_tree' returned '0': AMENT_PREFIX_PATH=/Bt/install/behaviortree_ros2:/Bt/install/btcpp_ros2_interfaces:${AMENT_PREFIX_PATH} CMAKE_PREFIX_PATH=/Bt/install/behaviortree_ros2:/Bt/install/btcpp_ros2_interfaces:/opt/ros/jazzy/opt/gz_sim_vendor:/opt/ros/jazzy/opt/gz_sensors_vendor:/opt/ros/jazzy/opt/gz_physics_vendor:/opt/ros/jazzy/opt/sdformat_vendor:/opt/ros/jazzy/opt/gz_gui_vendor:/opt/ros/jazzy/opt/gz_transport_vendor:/opt/ros/jazzy/opt/gz_rendering_vendor:/opt/ros/jazzy/opt/gz_plugin_vendor:/opt/ros/jazzy/opt/gz_fuel_tools_vendor:/opt/ros/jazzy/opt/gz_msgs_vendor:/opt/ros/jazzy/opt/gz_common_vendor:/opt/ros/jazzy/opt/gz_math_vendor:/opt/ros/jazzy/opt/gz_utils_vendor:/opt/ros/jazzy/opt/gz_tools_vendor:/opt/ros/jazzy/opt/gz_ogre_next_vendor:/opt/ros/jazzy/opt/gz_dartsim_vendor:/opt/ros/jazzy/opt/gz_cmake_vendor:/opt/ros/jazzy LD_LIBRARY_PATH=/Bt/install/behaviortree_ros2/lib:/Bt/install/btcpp_ros2_interfaces/lib:${LD_LIBRARY_PATH} PYTHONPATH=/Bt/install/btcpp_ros2_interfaces/lib/python3.12/site-packages:${PYTHONPATH} /usr/bin/cmake --build /Bt/build/tiago_behavior_tree -- -j8 -l8
[0.138s] Invoking command in '/Bt/build/tiago_behavior_tree': AMENT_PREFIX_PATH=/Bt/install/behaviortree_ros2:/Bt/install/btcpp_ros2_interfaces:${AMENT_PREFIX_PATH} CMAKE_PREFIX_PATH=/Bt/install/behaviortree_ros2:/Bt/install/btcpp_ros2_interfaces:/opt/ros/jazzy/opt/gz_sim_vendor:/opt/ros/jazzy/opt/gz_sensors_vendor:/opt/ros/jazzy/opt/gz_physics_vendor:/opt/ros/jazzy/opt/sdformat_vendor:/opt/ros/jazzy/opt/gz_gui_vendor:/opt/ros/jazzy/opt/gz_transport_vendor:/opt/ros/jazzy/opt/gz_rendering_vendor:/opt/ros/jazzy/opt/gz_plugin_vendor:/opt/ros/jazzy/opt/gz_fuel_tools_vendor:/opt/ros/jazzy/opt/gz_msgs_vendor:/opt/ros/jazzy/opt/gz_common_vendor:/opt/ros/jazzy/opt/gz_math_vendor:/opt/ros/jazzy/opt/gz_utils_vendor:/opt/ros/jazzy/opt/gz_tools_vendor:/opt/ros/jazzy/opt/gz_ogre_next_vendor:/opt/ros/jazzy/opt/gz_dartsim_vendor:/opt/ros/jazzy/opt/gz_cmake_vendor:/opt/ros/jazzy LD_LIBRARY_PATH=/Bt/install/behaviortree_ros2/lib:/Bt/install/btcpp_ros2_interfaces/lib:${LD_LIBRARY_PATH} PYTHONPATH=/Bt/install/btcpp_ros2_interfaces/lib/python3.12/site-packages:${PYTHONPATH} /usr/bin/cmake --install /Bt/build/tiago_behavior_tree
[0.157s] -- Install configuration: ""
[0.157s] -- Up-to-date: /Bt/install/tiago_behavior_tree/include/tiago_behavior_tree
[0.158s] -- Up-to-date: /Bt/install/tiago_behavior_tree/include/tiago_behavior_tree/tiago_behavior_tree
[0.158s] -- Up-to-date: /Bt/install/tiago_behavior_tree/include/tiago_behavior_tree/tiago_behavior_tree/set_target_using_transform.hpp
[0.158s] -- Up-to-date: /Bt/install/tiago_behavior_tree/include/tiago_behavior_tree/tiago_behavior_tree/set_target_using_aruco_marker_bt_node.hpp
[0.158s] -- Up-to-date: /Bt/install/tiago_behavior_tree/lib/libtiago_set_target_using_aruco_marker_bt_node.so
[0.158s] -- Up-to-date: /Bt/install/tiago_behavior_tree/lib/libtiago_set_target_using_transform_bt_node.so
[0.159s] -- Up-to-date: /Bt/install/tiago_behavior_tree/share/tiago_behavior_tree/bt_plugins/libtiago_set_target_using_aruco_marker_bt_node.so
[0.159s] -- Up-to-date: /Bt/install/tiago_behavior_tree/share/tiago_behavior_tree/bt_plugins/libtiago_set_target_using_transform_bt_node.so
[0.159s] -- Up-to-date: /Bt/install/tiago_behavior_tree/share/ament_index/resource_index/package_run_dependencies/tiago_behavior_tree
[0.159s] -- Up-to-date: /Bt/install/tiago_behavior_tree/share/ament_index/resource_index/parent_prefix_path/tiago_behavior_tree
[0.159s] -- Up-to-date: /Bt/install/tiago_behavior_tree/share/tiago_behavior_tree/environment/ament_prefix_path.sh
[0.159s] -- Up-to-date: /Bt/install/tiago_behavior_tree/share/tiago_behavior_tree/environment/ament_prefix_path.dsv
[0.160s] -- Up-to-date: /Bt/install/tiago_behavior_tree/share/tiago_behavior_tree/environment/path.sh
[0.160s] -- Up-to-date: /Bt/install/tiago_behavior_tree/share/tiago_behavior_tree/environment/path.dsv
[0.160s] -- Up-to-date: /Bt/install/tiago_behavior_tree/share/tiago_behavior_tree/local_setup.bash
[0.160s] -- Up-to-date: /Bt/install/tiago_behavior_tree/share/tiago_behavior_tree/local_setup.sh
[0.160s] -- Up-to-date: /Bt/install/tiago_behavior_tree/share/tiago_behavior_tree/local_setup.zsh
[0.160s] -- Up-to-date: /Bt/install/tiago_behavior_tree/share/tiago_behavior_tree/local_setup.dsv
[0.161s] -- Installing: /Bt/install/tiago_behavior_tree/share/tiago_behavior_tree/package.dsv
[0.161s] -- Up-to-date: /Bt/install/tiago_behavior_tree/share/ament_index/resource_index/packages/tiago_behavior_tree
[0.161s] -- Up-to-date: /Bt/install/tiago_behavior_tree/share/tiago_behavior_tree/cmake/export_tiago_behavior_treeExport.cmake
[0.161s] -- Up-to-date: /Bt/install/tiago_behavior_tree/share/tiago_behavior_tree/cmake/export_tiago_behavior_treeExport-noconfig.cmake
[0.162s] -- Up-to-date: /Bt/install/tiago_behavior_tree/share/tiago_behavior_tree/cmake/ament_cmake_export_include_directories-extras.cmake
[0.162s] -- Up-to-date: /Bt/install/tiago_behavior_tree/share/tiago_behavior_tree/cmake/ament_cmake_export_targets-extras.cmake
[0.162s] -- Up-to-date: /Bt/install/tiago_behavior_tree/share/tiago_behavior_tree/cmake/tiago_behavior_treeConfig.cmake
[0.162s] -- Up-to-date: /Bt/install/tiago_behavior_tree/share/tiago_behavior_tree/cmake/tiago_behavior_treeConfig-version.cmake
[0.162s] -- Up-to-date: /Bt/install/tiago_behavior_tree/share/tiago_behavior_tree/package.xml
[0.162s] Invoked command in '/Bt/build/tiago_behavior_tree' returned '0': AMENT_PREFIX_PATH=/Bt/install/behaviortree_ros2:/Bt/install/btcpp_ros2_interfaces:${AMENT_PREFIX_PATH} CMAKE_PREFIX_PATH=/Bt/install/behaviortree_ros2:/Bt/install/btcpp_ros2_interfaces:/opt/ros/jazzy/opt/gz_sim_vendor:/opt/ros/jazzy/opt/gz_sensors_vendor:/opt/ros/jazzy/opt/gz_physics_vendor:/opt/ros/jazzy/opt/sdformat_vendor:/opt/ros/jazzy/opt/gz_gui_vendor:/opt/ros/jazzy/opt/gz_transport_vendor:/opt/ros/jazzy/opt/gz_rendering_vendor:/opt/ros/jazzy/opt/gz_plugin_vendor:/opt/ros/jazzy/opt/gz_fuel_tools_vendor:/opt/ros/jazzy/opt/gz_msgs_vendor:/opt/ros/jazzy/opt/gz_common_vendor:/opt/ros/jazzy/opt/gz_math_vendor:/opt/ros/jazzy/opt/gz_utils_vendor:/opt/ros/jazzy/opt/gz_tools_vendor:/opt/ros/jazzy/opt/gz_ogre_next_vendor:/opt/ros/jazzy/opt/gz_dartsim_vendor:/opt/ros/jazzy/opt/gz_cmake_vendor:/opt/ros/jazzy LD_LIBRARY_PATH=/Bt/install/behaviortree_ros2/lib:/Bt/install/btcpp_ros2_interfaces/lib:${LD_LIBRARY_PATH} PYTHONPATH=/Bt/install/btcpp_ros2_interfaces/lib/python3.12/site-packages:${PYTHONPATH} /usr/bin/cmake --install /Bt/build/tiago_behavior_tree
