[0.766s] Invoking command in '/Bt/build/pal_robotiq_description': CMAKE_PREFIX_PATH=${CMAKE_PREFIX_PATH}:/Bt/install/yolo_ros:/Bt/install/ros2_aruco:/Bt/install/launch_pal:/Bt/install/grab2_curobo_planner:/opt/ros/jazzy /usr/bin/cmake --build /Bt/build/pal_robotiq_description -- -j8 -l8
[1.065s] Invoked command in '/Bt/build/pal_robotiq_description' returned '0': CMAKE_PREFIX_PATH=${CMAKE_PREFIX_PATH}:/Bt/install/yolo_ros:/Bt/install/ros2_aruco:/Bt/install/launch_pal:/Bt/install/grab2_curobo_planner:/opt/ros/jazzy /usr/bin/cmake --build /Bt/build/pal_robotiq_description -- -j8 -l8
[1.066s] Invoking command in '/Bt/build/pal_robotiq_description': CMAKE_PREFIX_PATH=${CMAKE_PREFIX_PATH}:/Bt/install/yolo_ros:/Bt/install/ros2_aruco:/Bt/install/launch_pal:/Bt/install/grab2_curobo_planner:/opt/ros/jazzy /usr/bin/cmake --install /Bt/build/pal_robotiq_description
[1.127s] -- Install configuration: ""
[1.127s] -- Up-to-date: /Bt/install/pal_robotiq_description/share/pal_robotiq_description/meshes
[1.128s] -- Up-to-date: /Bt/install/pal_robotiq_description/share/pal_robotiq_description/meshes/visual
[1.128s] -- Up-to-date: /Bt/install/pal_robotiq_description/share/pal_robotiq_description/meshes/visual/robotiq_coupling.stl
[1.128s] -- Up-to-date: /Bt/install/pal_robotiq_description/share/pal_robotiq_description/meshes/visual/robotiq_85_outer_knuckle.dae
[1.128s] -- Up-to-date: /Bt/install/pal_robotiq_description/share/pal_robotiq_description/meshes/visual/robotiq_base_link.stl
[1.129s] -- Up-to-date: /Bt/install/pal_robotiq_description/share/pal_robotiq_description/meshes/visual/robotiq_140_inner_knuckle.stl
[1.129s] -- Up-to-date: /Bt/install/pal_robotiq_description/share/pal_robotiq_description/meshes/visual/robotiq_85_pad.dae
[1.132s] -- Up-to-date: /Bt/install/pal_robotiq_description/share/pal_robotiq_description/meshes/visual/robotiq_140_inner_finger.stl
[1.132s] -- Up-to-date: /Bt/install/pal_robotiq_description/share/pal_robotiq_description/meshes/visual/robotiq_140_outer_knuckle.stl
[1.133s] -- Up-to-date: /Bt/install/pal_robotiq_description/share/pal_robotiq_description/meshes/visual/robotiq_85_outer_finger.dae
[1.133s] -- Up-to-date: /Bt/install/pal_robotiq_description/share/pal_robotiq_description/meshes/visual/pal_robotiq_coupling.stl
[1.137s] -- Up-to-date: /Bt/install/pal_robotiq_description/share/pal_robotiq_description/meshes/visual/robotiq_85_inner_finger.dae
[1.137s] -- Up-to-date: /Bt/install/pal_robotiq_description/share/pal_robotiq_description/meshes/visual/robotiq_85_inner_knuckle.dae
[1.137s] -- Up-to-date: /Bt/install/pal_robotiq_description/share/pal_robotiq_description/meshes/visual/robotiq_140_outer_finger.stl
[1.138s] -- Up-to-date: /Bt/install/pal_robotiq_description/share/pal_robotiq_description/meshes/collision
[1.138s] -- Up-to-date: /Bt/install/pal_robotiq_description/share/pal_robotiq_description/meshes/collision/robotiq_coupling.stl
[1.138s] -- Up-to-date: /Bt/install/pal_robotiq_description/share/pal_robotiq_description/meshes/collision/robotiq_85_outer_knuckle.dae
[1.138s] -- Up-to-date: /Bt/install/pal_robotiq_description/share/pal_robotiq_description/meshes/collision/robotiq_base_link.stl
[1.138s] -- Up-to-date: /Bt/install/pal_robotiq_description/share/pal_robotiq_description/meshes/collision/robotiq_140_inner_knuckle.stl
[1.138s] -- Up-to-date: /Bt/install/pal_robotiq_description/share/pal_robotiq_description/meshes/collision/robotiq_140_inner_finger.stl
[1.138s] -- Up-to-date: /Bt/install/pal_robotiq_description/share/pal_robotiq_description/meshes/collision/robotiq_140_outer_knuckle.stl
[1.138s] -- Up-to-date: /Bt/install/pal_robotiq_description/share/pal_robotiq_description/meshes/collision/robotiq_85_outer_finger.dae
[1.139s] -- Up-to-date: /Bt/install/pal_robotiq_description/share/pal_robotiq_description/meshes/collision/robotiq_85_inner_finger.dae
[1.139s] -- Up-to-date: /Bt/install/pal_robotiq_description/share/pal_robotiq_description/meshes/collision/robotiq_85_base_link.stl
[1.139s] -- Up-to-date: /Bt/install/pal_robotiq_description/share/pal_robotiq_description/meshes/collision/robotiq_85_inner_knuckle.dae
[1.139s] -- Up-to-date: /Bt/install/pal_robotiq_description/share/pal_robotiq_description/meshes/collision/robotiq_140_outer_finger.stl
[1.139s] -- Up-to-date: /Bt/install/pal_robotiq_description/share/pal_robotiq_description/robots
[1.139s] -- Up-to-date: /Bt/install/pal_robotiq_description/share/pal_robotiq_description/robots/pal_robotiq_2f_140_gripper.urdf.xacro
[1.139s] -- Up-to-date: /Bt/install/pal_robotiq_description/share/pal_robotiq_description/robots/pal_robotiq_epick_gripper.urdf.xacro
[1.140s] -- Up-to-date: /Bt/install/pal_robotiq_description/share/pal_robotiq_description/robots/pal_robotiq_2f_85_gripper.urdf.xacro
[1.140s] -- Up-to-date: /Bt/install/pal_robotiq_description/share/pal_robotiq_description/urdf
[1.140s] -- Up-to-date: /Bt/install/pal_robotiq_description/share/pal_robotiq_description/urdf/robotiq.transmission.xacro
[1.140s] -- Up-to-date: /Bt/install/pal_robotiq_description/share/pal_robotiq_description/urdf/robotiq.ros2_control.xacro
[1.140s] -- Up-to-date: /Bt/install/pal_robotiq_description/share/pal_robotiq_description/urdf/robotiq_85_gripper.urdf.xacro
[1.140s] -- Up-to-date: /Bt/install/pal_robotiq_description/share/pal_robotiq_description/urdf/robotiq_140_gripper.urdf.xacro
[1.140s] -- Up-to-date: /Bt/install/pal_robotiq_description/share/pal_robotiq_description/urdf/grasping_frames.xacro
[1.144s] -- Up-to-date: /Bt/install/pal_robotiq_description/share/pal_robotiq_description/launch
[1.144s] -- Up-to-date: /Bt/install/pal_robotiq_description/share/pal_robotiq_description/launch/robot_state_publisher.launch.py
[1.144s] -- Up-to-date: /Bt/install/pal_robotiq_description/share/pal_robotiq_description/launch/show.launch.py
[1.144s] -- Up-to-date: /Bt/install/pal_robotiq_description/share/pal_robotiq_description/config
[1.145s] -- Up-to-date: /Bt/install/pal_robotiq_description/share/pal_robotiq_description/config/pal_robotiq_urdf.rviz
[1.145s] -- Up-to-date: /Bt/install/pal_robotiq_description/share/ament_index/resource_index/package_run_dependencies/pal_robotiq_description
[1.145s] -- Up-to-date: /Bt/install/pal_robotiq_description/share/ament_index/resource_index/parent_prefix_path/pal_robotiq_description
[1.145s] -- Up-to-date: /Bt/install/pal_robotiq_description/share/pal_robotiq_description/environment/ament_prefix_path.sh
[1.145s] -- Up-to-date: /Bt/install/pal_robotiq_description/share/pal_robotiq_description/environment/ament_prefix_path.dsv
[1.145s] -- Up-to-date: /Bt/install/pal_robotiq_description/share/pal_robotiq_description/environment/path.sh
[1.145s] -- Up-to-date: /Bt/install/pal_robotiq_description/share/pal_robotiq_description/environment/path.dsv
[1.146s] -- Up-to-date: /Bt/install/pal_robotiq_description/share/pal_robotiq_description/local_setup.bash
[1.146s] -- Up-to-date: /Bt/install/pal_robotiq_description/share/pal_robotiq_description/local_setup.sh
[1.146s] -- Up-to-date: /Bt/install/pal_robotiq_description/share/pal_robotiq_description/local_setup.zsh
[1.146s] -- Up-to-date: /Bt/install/pal_robotiq_description/share/pal_robotiq_description/local_setup.dsv
[1.147s] -- Installing: /Bt/install/pal_robotiq_description/share/pal_robotiq_description/package.dsv
[1.147s] -- Up-to-date: /Bt/install/pal_robotiq_description/share/ament_index/resource_index/packages/pal_robotiq_description
[1.147s] -- Up-to-date: /Bt/install/pal_robotiq_description/share/pal_robotiq_description/cmake/pal_robotiq_descriptionConfig.cmake
[1.147s] -- Up-to-date: /Bt/install/pal_robotiq_description/share/pal_robotiq_description/cmake/pal_robotiq_descriptionConfig-version.cmake
[1.147s] -- Up-to-date: /Bt/install/pal_robotiq_description/share/pal_robotiq_description/package.xml
[1.208s] Invoked command in '/Bt/build/pal_robotiq_description' returned '0': CMAKE_PREFIX_PATH=${CMAKE_PREFIX_PATH}:/Bt/install/yolo_ros:/Bt/install/ros2_aruco:/Bt/install/launch_pal:/Bt/install/grab2_curobo_planner:/opt/ros/jazzy /usr/bin/cmake --install /Bt/build/pal_robotiq_description
