[1.261s] Invoking command in '/Bt/ThirdParty/grab2/grab2_curobo_planner': AMENT_PREFIX_PATH=/Bt/install/grab2_msgs:/Bt/install/btcpp_ros2_interfaces:${AMENT_PREFIX_PATH} CMAKE_PREFIX_PATH=/Bt/install/grab2_msgs:/Bt/install/btcpp_ros2_interfaces:${CMAKE_PREFIX_PATH} LD_LIBRARY_PATH=/Bt/install/grab2_msgs/lib:/Bt/install/btcpp_ros2_interfaces/lib:${LD_LIBRARY_PATH} PYTHONPATH=/Bt/build/grab2_curobo_planner/prefix_override:/usr/lib/python3/dist-packages/colcon_core/task/python/colcon_distutils_commands:/Bt/install/grab2_curobo_planner/lib/python3.12/site-packages:/Bt/install/grab2_msgs/lib/python3.12/site-packages:/Bt/install/btcpp_ros2_interfaces/lib/python3.12/site-packages:${PYTHONPATH} /usr/bin/python3 -W ignore:setup.py install is deprecated -W ignore:easy_install command is deprecated setup.py egg_info --egg-base ../../../build/grab2_curobo_planner build --build-base /Bt/build/grab2_curobo_planner/build install --record /Bt/build/grab2_curobo_planner/install.log --single-version-externally-managed install_data
[1.633s] running egg_info
[1.658s] writing ../../../build/grab2_curobo_planner/grab2_curobo_planner.egg-info/PKG-INFO
[1.658s] writing dependency_links to ../../../build/grab2_curobo_planner/grab2_curobo_planner.egg-info/dependency_links.txt
[1.658s] writing entry points to ../../../build/grab2_curobo_planner/grab2_curobo_planner.egg-info/entry_points.txt
[1.658s] writing requirements to ../../../build/grab2_curobo_planner/grab2_curobo_planner.egg-info/requires.txt
[1.658s] writing top-level names to ../../../build/grab2_curobo_planner/grab2_curobo_planner.egg-info/top_level.txt
[1.710s] reading manifest file '../../../build/grab2_curobo_planner/grab2_curobo_planner.egg-info/SOURCES.txt'
[1.711s] writing manifest file '../../../build/grab2_curobo_planner/grab2_curobo_planner.egg-info/SOURCES.txt'
[1.711s] running build
[1.711s] running build_py
[1.711s] running install
[1.718s] running install_lib
[1.743s] running install_data
[1.743s] running install_egg_info
[1.768s] removing '/Bt/install/grab2_curobo_planner/lib/python3.12/site-packages/grab2_curobo_planner-0.0.0-py3.12.egg-info' (and everything under it)
[1.769s] Copying ../../../build/grab2_curobo_planner/grab2_curobo_planner.egg-info to /Bt/install/grab2_curobo_planner/lib/python3.12/site-packages/grab2_curobo_planner-0.0.0-py3.12.egg-info
[1.770s] running install_scripts
[1.919s] Installing planning_server script to /Bt/install/grab2_curobo_planner/lib/grab2_curobo_planner
[1.919s] writing list of installed files to '/Bt/build/grab2_curobo_planner/install.log'
[1.945s] Invoked command in '/Bt/ThirdParty/grab2/grab2_curobo_planner' returned '0': AMENT_PREFIX_PATH=/Bt/install/grab2_msgs:/Bt/install/btcpp_ros2_interfaces:${AMENT_PREFIX_PATH} CMAKE_PREFIX_PATH=/Bt/install/grab2_msgs:/Bt/install/btcpp_ros2_interfaces:${CMAKE_PREFIX_PATH} LD_LIBRARY_PATH=/Bt/install/grab2_msgs/lib:/Bt/install/btcpp_ros2_interfaces/lib:${LD_LIBRARY_PATH} PYTHONPATH=/Bt/build/grab2_curobo_planner/prefix_override:/usr/lib/python3/dist-packages/colcon_core/task/python/colcon_distutils_commands:/Bt/install/grab2_curobo_planner/lib/python3.12/site-packages:/Bt/install/grab2_msgs/lib/python3.12/site-packages:/Bt/install/btcpp_ros2_interfaces/lib/python3.12/site-packages:${PYTHONPATH} /usr/bin/python3 -W ignore:setup.py install is deprecated -W ignore:easy_install command is deprecated setup.py egg_info --egg-base ../../../build/grab2_curobo_planner build --build-base /Bt/build/grab2_curobo_planner/build install --record /Bt/build/grab2_curobo_planner/install.log --single-version-externally-managed install_data
