[0.077s] Invoking command in '/Bt/build/tiago_nav': CMAKE_PREFIX_PATH=${CMAKE_PREFIX_PATH}:/opt/ros/jazzy /usr/bin/cmake --build /Bt/build/tiago_nav -- -j8 -l8
[0.161s] Invoked command in '/Bt/build/tiago_nav' returned '0': CMAKE_PREFIX_PATH=${CMAKE_PREFIX_PATH}:/opt/ros/jazzy /usr/bin/cmake --build /Bt/build/tiago_nav -- -j8 -l8
[0.162s] Invoking command in '/Bt/build/tiago_nav': CMAKE_PREFIX_PATH=${CMAKE_PREFIX_PATH}:/opt/ros/jazzy /usr/bin/cmake --install /Bt/build/tiago_nav
[0.184s] -- Install configuration: ""
[0.189s] -- Up-to-date: /Bt/install/tiago_nav/share/tiago_nav/launch
[0.189s] -- Up-to-date: /Bt/install/tiago_nav/share/tiago_nav/launch/tiago_nav2.launch.py
[0.189s] -- Up-to-date: /Bt/install/tiago_nav/share/tiago_nav/config
[0.189s] -- Up-to-date: /Bt/install/tiago_nav/share/tiago_nav/config/bt_navigator.yaml
[0.189s] -- Up-to-date: /Bt/install/tiago_nav/share/tiago_nav/config/nova_carter_docking.yaml
[0.189s] -- Up-to-date: /Bt/install/tiago_nav/share/tiago_nav/config/recovery.yaml
[0.190s] -- Up-to-date: /Bt/install/tiago_nav/share/tiago_nav/config/tiago_amcl.yaml
[0.190s] -- Up-to-date: /Bt/install/tiago_nav/share/tiago_nav/config/controller.yaml
[0.190s] -- Up-to-date: /Bt/install/tiago_nav/share/tiago_nav/config/planner_server.yaml
[0.190s] -- Up-to-date: /Bt/install/tiago_nav/share/tiago_nav/config/dock_database.yaml
[0.190s] -- Up-to-date: /Bt/install/tiago_nav/share/tiago_nav/maps
[0.190s] -- Up-to-date: /Bt/install/tiago_nav/share/tiago_nav/maps/draft_map
[0.190s] -- Up-to-date: /Bt/install/tiago_nav/share/tiago_nav/maps/draft_map/map.yaml
[0.191s] -- Up-to-date: /Bt/install/tiago_nav/share/tiago_nav/maps/draft_map/map.pgm
[0.191s] -- Up-to-date: /Bt/install/tiago_nav/share/tiago_nav/maps/map.yaml
[0.191s] -- Up-to-date: /Bt/install/tiago_nav/share/tiago_nav/maps/map.pgm
[0.191s] -- Up-to-date: /Bt/install/tiago_nav/share/tiago_nav/rviz
[0.191s] -- Up-to-date: /Bt/install/tiago_nav/share/tiago_nav/rviz/tiago_nav.rviz
[0.191s] -- Up-to-date: /Bt/install/tiago_nav/share/ament_index/resource_index/package_run_dependencies/tiago_nav
[0.191s] -- Up-to-date: /Bt/install/tiago_nav/share/ament_index/resource_index/parent_prefix_path/tiago_nav
[0.191s] -- Up-to-date: /Bt/install/tiago_nav/share/tiago_nav/environment/ament_prefix_path.sh
[0.192s] -- Up-to-date: /Bt/install/tiago_nav/share/tiago_nav/environment/ament_prefix_path.dsv
[0.192s] -- Up-to-date: /Bt/install/tiago_nav/share/tiago_nav/environment/path.sh
[0.192s] -- Up-to-date: /Bt/install/tiago_nav/share/tiago_nav/environment/path.dsv
[0.192s] -- Up-to-date: /Bt/install/tiago_nav/share/tiago_nav/local_setup.bash
[0.192s] -- Up-to-date: /Bt/install/tiago_nav/share/tiago_nav/local_setup.sh
[0.192s] -- Up-to-date: /Bt/install/tiago_nav/share/tiago_nav/local_setup.zsh
[0.192s] -- Up-to-date: /Bt/install/tiago_nav/share/tiago_nav/local_setup.dsv
[0.193s] -- Installing: /Bt/install/tiago_nav/share/tiago_nav/package.dsv
[0.200s] -- Up-to-date: /Bt/install/tiago_nav/share/ament_index/resource_index/packages/tiago_nav
[0.200s] -- Up-to-date: /Bt/install/tiago_nav/share/tiago_nav/cmake/tiago_navConfig.cmake
[0.200s] -- Up-to-date: /Bt/install/tiago_nav/share/tiago_nav/cmake/tiago_navConfig-version.cmake
[0.200s] -- Up-to-date: /Bt/install/tiago_nav/share/tiago_nav/package.xml
[0.201s] Invoked command in '/Bt/build/tiago_nav' returned '0': CMAKE_PREFIX_PATH=${CMAKE_PREFIX_PATH}:/opt/ros/jazzy /usr/bin/cmake --install /Bt/build/tiago_nav
