[0.023s] Invoking command in '/Bt/build/grab2_bt_grabber': AMENT_PREFIX_PATH=/Bt/install/grab2_ros_common:/Bt/install/grab2_msgs:/Bt/install/behaviortree_ros2:/Bt/install/btcpp_ros2_interfaces:${AMENT_PREFIX_PATH} CMAKE_PREFIX_PATH=/Bt/install/grab2_ros_common:/Bt/install/grab2_msgs:/Bt/install/behaviortree_ros2:/Bt/install/btcpp_ros2_interfaces:/opt/ros/jazzy/opt/gz_sim_vendor:/opt/ros/jazzy/opt/gz_sensors_vendor:/opt/ros/jazzy/opt/gz_physics_vendor:/opt/ros/jazzy/opt/sdformat_vendor:/opt/ros/jazzy/opt/gz_gui_vendor:/opt/ros/jazzy/opt/gz_transport_vendor:/opt/ros/jazzy/opt/gz_rendering_vendor:/opt/ros/jazzy/opt/gz_plugin_vendor:/opt/ros/jazzy/opt/gz_fuel_tools_vendor:/opt/ros/jazzy/opt/gz_msgs_vendor:/opt/ros/jazzy/opt/gz_common_vendor:/opt/ros/jazzy/opt/gz_math_vendor:/opt/ros/jazzy/opt/gz_utils_vendor:/opt/ros/jazzy/opt/gz_tools_vendor:/opt/ros/jazzy/opt/gz_ogre_next_vendor:/opt/ros/jazzy/opt/gz_dartsim_vendor:/opt/ros/jazzy/opt/gz_cmake_vendor:/opt/ros/jazzy LD_LIBRARY_PATH=/Bt/install/grab2_msgs/lib:/Bt/install/behaviortree_ros2/lib:/Bt/install/btcpp_ros2_interfaces/lib:${LD_LIBRARY_PATH} PYTHONPATH=/Bt/install/grab2_msgs/lib/python3.12/site-packages:/Bt/install/btcpp_ros2_interfaces/lib/python3.12/site-packages:${PYTHONPATH} /usr/bin/cmake --build /Bt/build/grab2_bt_grabber -- -j8 -l8
[0.126s] [ 50%] Built target reach_object
[0.159s] [100%] Built target bt_engine
[0.204s] Invoked command in '/Bt/build/grab2_bt_grabber' returned '0': AMENT_PREFIX_PATH=/Bt/install/grab2_ros_common:/Bt/install/grab2_msgs:/Bt/install/behaviortree_ros2:/Bt/install/btcpp_ros2_interfaces:${AMENT_PREFIX_PATH} CMAKE_PREFIX_PATH=/Bt/install/grab2_ros_common:/Bt/install/grab2_msgs:/Bt/install/behaviortree_ros2:/Bt/install/btcpp_ros2_interfaces:/opt/ros/jazzy/opt/gz_sim_vendor:/opt/ros/jazzy/opt/gz_sensors_vendor:/opt/ros/jazzy/opt/gz_physics_vendor:/opt/ros/jazzy/opt/sdformat_vendor:/opt/ros/jazzy/opt/gz_gui_vendor:/opt/ros/jazzy/opt/gz_transport_vendor:/opt/ros/jazzy/opt/gz_rendering_vendor:/opt/ros/jazzy/opt/gz_plugin_vendor:/opt/ros/jazzy/opt/gz_fuel_tools_vendor:/opt/ros/jazzy/opt/gz_msgs_vendor:/opt/ros/jazzy/opt/gz_common_vendor:/opt/ros/jazzy/opt/gz_math_vendor:/opt/ros/jazzy/opt/gz_utils_vendor:/opt/ros/jazzy/opt/gz_tools_vendor:/opt/ros/jazzy/opt/gz_ogre_next_vendor:/opt/ros/jazzy/opt/gz_dartsim_vendor:/opt/ros/jazzy/opt/gz_cmake_vendor:/opt/ros/jazzy LD_LIBRARY_PATH=/Bt/install/grab2_msgs/lib:/Bt/install/behaviortree_ros2/lib:/Bt/install/btcpp_ros2_interfaces/lib:${LD_LIBRARY_PATH} PYTHONPATH=/Bt/install/grab2_msgs/lib/python3.12/site-packages:/Bt/install/btcpp_ros2_interfaces/lib/python3.12/site-packages:${PYTHONPATH} /usr/bin/cmake --build /Bt/build/grab2_bt_grabber -- -j8 -l8
[0.205s] Invoking command in '/Bt/build/grab2_bt_grabber': AMENT_PREFIX_PATH=/Bt/install/grab2_ros_common:/Bt/install/grab2_msgs:/Bt/install/behaviortree_ros2:/Bt/install/btcpp_ros2_interfaces:${AMENT_PREFIX_PATH} CMAKE_PREFIX_PATH=/Bt/install/grab2_ros_common:/Bt/install/grab2_msgs:/Bt/install/behaviortree_ros2:/Bt/install/btcpp_ros2_interfaces:/opt/ros/jazzy/opt/gz_sim_vendor:/opt/ros/jazzy/opt/gz_sensors_vendor:/opt/ros/jazzy/opt/gz_physics_vendor:/opt/ros/jazzy/opt/sdformat_vendor:/opt/ros/jazzy/opt/gz_gui_vendor:/opt/ros/jazzy/opt/gz_transport_vendor:/opt/ros/jazzy/opt/gz_rendering_vendor:/opt/ros/jazzy/opt/gz_plugin_vendor:/opt/ros/jazzy/opt/gz_fuel_tools_vendor:/opt/ros/jazzy/opt/gz_msgs_vendor:/opt/ros/jazzy/opt/gz_common_vendor:/opt/ros/jazzy/opt/gz_math_vendor:/opt/ros/jazzy/opt/gz_utils_vendor:/opt/ros/jazzy/opt/gz_tools_vendor:/opt/ros/jazzy/opt/gz_ogre_next_vendor:/opt/ros/jazzy/opt/gz_dartsim_vendor:/opt/ros/jazzy/opt/gz_cmake_vendor:/opt/ros/jazzy LD_LIBRARY_PATH=/Bt/install/grab2_msgs/lib:/Bt/install/behaviortree_ros2/lib:/Bt/install/btcpp_ros2_interfaces/lib:${LD_LIBRARY_PATH} PYTHONPATH=/Bt/install/grab2_msgs/lib/python3.12/site-packages:/Bt/install/btcpp_ros2_interfaces/lib/python3.12/site-packages:${PYTHONPATH} /usr/bin/cmake --install /Bt/build/grab2_bt_grabber
[0.219s] -- Install configuration: ""
[0.219s] -- Up-to-date: /Bt/install/grab2_bt_grabber/lib/libreach_object.a
[0.219s] -- Up-to-date: /Bt/install/grab2_bt_grabber/lib/grab2_bt_grabber/bt_engine
[0.219s] -- Up-to-date: /Bt/install/grab2_bt_grabber/include/grab2_bt_grabber
[0.219s] -- Up-to-date: /Bt/install/grab2_bt_grabber/include/grab2_bt_grabber/grab2_bt_grabber
[0.220s] -- Up-to-date: /Bt/install/grab2_bt_grabber/include/grab2_bt_grabber/grab2_bt_grabber/grabbers
[0.220s] -- Up-to-date: /Bt/install/grab2_bt_grabber/include/grab2_bt_grabber/grab2_bt_grabber/grabbers/reach_object.hpp
[0.220s] -- Up-to-date: /Bt/install/grab2_bt_grabber/share/grab2_bt_grabber/launch
[0.220s] -- Up-to-date: /Bt/install/grab2_bt_grabber/share/grab2_bt_grabber/launch/reach_object_server.launch.py
[0.221s] -- Up-to-date: /Bt/install/grab2_bt_grabber/share/grab2_bt_grabber/config
[0.221s] -- Up-to-date: /Bt/install/grab2_bt_grabber/share/grab2_bt_grabber/config/reach_object.yaml
[0.221s] -- Up-to-date: /Bt/install/grab2_bt_grabber/share/grab2_bt_grabber/behavior_trees
[0.221s] -- Up-to-date: /Bt/install/grab2_bt_grabber/share/grab2_bt_grabber/behavior_trees/reach_object.xml
[0.221s] -- Up-to-date: /Bt/install/grab2_bt_grabber/share/grab2_bt_grabber/environment/library_path.sh
[0.221s] -- Up-to-date: /Bt/install/grab2_bt_grabber/share/grab2_bt_grabber/environment/library_path.dsv
[0.221s] -- Up-to-date: /Bt/install/grab2_bt_grabber/share/ament_index/resource_index/package_run_dependencies/grab2_bt_grabber
[0.221s] -- Up-to-date: /Bt/install/grab2_bt_grabber/share/ament_index/resource_index/parent_prefix_path/grab2_bt_grabber
[0.222s] -- Up-to-date: /Bt/install/grab2_bt_grabber/share/grab2_bt_grabber/environment/ament_prefix_path.sh
[0.222s] -- Up-to-date: /Bt/install/grab2_bt_grabber/share/grab2_bt_grabber/environment/ament_prefix_path.dsv
[0.222s] -- Up-to-date: /Bt/install/grab2_bt_grabber/share/grab2_bt_grabber/environment/path.sh
[0.222s] -- Up-to-date: /Bt/install/grab2_bt_grabber/share/grab2_bt_grabber/environment/path.dsv
[0.222s] -- Up-to-date: /Bt/install/grab2_bt_grabber/share/grab2_bt_grabber/local_setup.bash
[0.222s] -- Up-to-date: /Bt/install/grab2_bt_grabber/share/grab2_bt_grabber/local_setup.sh
[0.222s] -- Up-to-date: /Bt/install/grab2_bt_grabber/share/grab2_bt_grabber/local_setup.zsh
[0.222s] -- Up-to-date: /Bt/install/grab2_bt_grabber/share/grab2_bt_grabber/local_setup.dsv
[0.222s] -- Installing: /Bt/install/grab2_bt_grabber/share/grab2_bt_grabber/package.dsv
[0.223s] -- Up-to-date: /Bt/install/grab2_bt_grabber/share/ament_index/resource_index/packages/grab2_bt_grabber
[0.223s] -- Up-to-date: /Bt/install/grab2_bt_grabber/share/grab2_bt_grabber/cmake/export_grab2_bt_grabberExport.cmake
[0.223s] -- Up-to-date: /Bt/install/grab2_bt_grabber/share/grab2_bt_grabber/cmake/export_grab2_bt_grabberExport-noconfig.cmake
[0.223s] -- Up-to-date: /Bt/install/grab2_bt_grabber/share/grab2_bt_grabber/cmake/ament_cmake_export_include_directories-extras.cmake
[0.223s] -- Up-to-date: /Bt/install/grab2_bt_grabber/share/grab2_bt_grabber/cmake/ament_cmake_export_libraries-extras.cmake
[0.223s] -- Up-to-date: /Bt/install/grab2_bt_grabber/share/grab2_bt_grabber/cmake/ament_cmake_export_dependencies-extras.cmake
[0.223s] -- Up-to-date: /Bt/install/grab2_bt_grabber/share/grab2_bt_grabber/cmake/ament_cmake_export_targets-extras.cmake
[0.223s] -- Up-to-date: /Bt/install/grab2_bt_grabber/share/grab2_bt_grabber/cmake/grab2_bt_grabberConfig.cmake
[0.223s] -- Up-to-date: /Bt/install/grab2_bt_grabber/share/grab2_bt_grabber/cmake/grab2_bt_grabberConfig-version.cmake
[0.224s] -- Up-to-date: /Bt/install/grab2_bt_grabber/share/grab2_bt_grabber/package.xml
[0.229s] Invoked command in '/Bt/build/grab2_bt_grabber' returned '0': AMENT_PREFIX_PATH=/Bt/install/grab2_ros_common:/Bt/install/grab2_msgs:/Bt/install/behaviortree_ros2:/Bt/install/btcpp_ros2_interfaces:${AMENT_PREFIX_PATH} CMAKE_PREFIX_PATH=/Bt/install/grab2_ros_common:/Bt/install/grab2_msgs:/Bt/install/behaviortree_ros2:/Bt/install/btcpp_ros2_interfaces:/opt/ros/jazzy/opt/gz_sim_vendor:/opt/ros/jazzy/opt/gz_sensors_vendor:/opt/ros/jazzy/opt/gz_physics_vendor:/opt/ros/jazzy/opt/sdformat_vendor:/opt/ros/jazzy/opt/gz_gui_vendor:/opt/ros/jazzy/opt/gz_transport_vendor:/opt/ros/jazzy/opt/gz_rendering_vendor:/opt/ros/jazzy/opt/gz_plugin_vendor:/opt/ros/jazzy/opt/gz_fuel_tools_vendor:/opt/ros/jazzy/opt/gz_msgs_vendor:/opt/ros/jazzy/opt/gz_common_vendor:/opt/ros/jazzy/opt/gz_math_vendor:/opt/ros/jazzy/opt/gz_utils_vendor:/opt/ros/jazzy/opt/gz_tools_vendor:/opt/ros/jazzy/opt/gz_ogre_next_vendor:/opt/ros/jazzy/opt/gz_dartsim_vendor:/opt/ros/jazzy/opt/gz_cmake_vendor:/opt/ros/jazzy LD_LIBRARY_PATH=/Bt/install/grab2_msgs/lib:/Bt/install/behaviortree_ros2/lib:/Bt/install/btcpp_ros2_interfaces/lib:${LD_LIBRARY_PATH} PYTHONPATH=/Bt/install/grab2_msgs/lib/python3.12/site-packages:/Bt/install/btcpp_ros2_interfaces/lib/python3.12/site-packages:${PYTHONPATH} /usr/bin/cmake --install /Bt/build/grab2_bt_grabber
