[0.554s] Invoking command in '/Bt/build/omni_base_controller_configuration': CMAKE_PREFIX_PATH=${CMAKE_PREFIX_PATH}:/opt/ros/jazzy:/Bt/install/yolo_ros:/Bt/install/ros2_aruco:/Bt/install/launch_pal:/Bt/install/grab2_curobo_planner /usr/bin/cmake --build /Bt/build/omni_base_controller_configuration -- -j8 -l8
[1.168s] Invoked command in '/Bt/build/omni_base_controller_configuration' returned '0': CMAKE_PREFIX_PATH=${CMAKE_PREFIX_PATH}:/opt/ros/jazzy:/Bt/install/yolo_ros:/Bt/install/ros2_aruco:/Bt/install/launch_pal:/Bt/install/grab2_curobo_planner /usr/bin/cmake --build /Bt/build/omni_base_controller_configuration -- -j8 -l8
[1.169s] Invoking command in '/Bt/build/omni_base_controller_configuration': CMAKE_PREFIX_PATH=${CMAKE_PREFIX_PATH}:/opt/ros/jazzy:/Bt/install/yolo_ros:/Bt/install/ros2_aruco:/Bt/install/launch_pal:/Bt/install/grab2_curobo_planner /usr/bin/cmake --install /Bt/build/omni_base_controller_configuration
[1.186s] -- Install configuration: ""
[1.186s] -- Up-to-date: /Bt/install/omni_base_controller_configuration/share/omni_base_controller_configuration/config
[1.186s] -- Up-to-date: /Bt/install/omni_base_controller_configuration/share/omni_base_controller_configuration/config/imu_sensor_broadcaster.yaml
[1.186s] -- Up-to-date: /Bt/install/omni_base_controller_configuration/share/omni_base_controller_configuration/config/mobile_base_controller.yaml
[1.186s] -- Up-to-date: /Bt/install/omni_base_controller_configuration/share/omni_base_controller_configuration/config/joint_state_broadcaster.yaml
[1.186s] -- Up-to-date: /Bt/install/omni_base_controller_configuration/share/omni_base_controller_configuration/launch
[1.187s] -- Up-to-date: /Bt/install/omni_base_controller_configuration/share/omni_base_controller_configuration/launch/default_controllers.launch.py
[1.187s] -- Up-to-date: /Bt/install/omni_base_controller_configuration/share/ament_index/resource_index/package_run_dependencies/omni_base_controller_configuration
[1.187s] -- Up-to-date: /Bt/install/omni_base_controller_configuration/share/ament_index/resource_index/parent_prefix_path/omni_base_controller_configuration
[1.187s] -- Up-to-date: /Bt/install/omni_base_controller_configuration/share/omni_base_controller_configuration/environment/ament_prefix_path.sh
[1.188s] -- Up-to-date: /Bt/install/omni_base_controller_configuration/share/omni_base_controller_configuration/environment/ament_prefix_path.dsv
[1.188s] -- Up-to-date: /Bt/install/omni_base_controller_configuration/share/omni_base_controller_configuration/environment/path.sh
[1.188s] -- Up-to-date: /Bt/install/omni_base_controller_configuration/share/omni_base_controller_configuration/environment/path.dsv
[1.189s] -- Up-to-date: /Bt/install/omni_base_controller_configuration/share/omni_base_controller_configuration/local_setup.bash
[1.189s] -- Up-to-date: /Bt/install/omni_base_controller_configuration/share/omni_base_controller_configuration/local_setup.sh
[1.190s] -- Up-to-date: /Bt/install/omni_base_controller_configuration/share/omni_base_controller_configuration/local_setup.zsh
[1.193s] -- Up-to-date: /Bt/install/omni_base_controller_configuration/share/omni_base_controller_configuration/local_setup.dsv
[1.193s] -- Installing: /Bt/install/omni_base_controller_configuration/share/omni_base_controller_configuration/package.dsv
[1.194s] -- Up-to-date: /Bt/install/omni_base_controller_configuration/share/ament_index/resource_index/packages/omni_base_controller_configuration
[1.194s] -- Up-to-date: /Bt/install/omni_base_controller_configuration/share/omni_base_controller_configuration/cmake/omni_base_controller_configurationConfig.cmake
[1.196s] -- Up-to-date: /Bt/install/omni_base_controller_configuration/share/omni_base_controller_configuration/cmake/omni_base_controller_configurationConfig-version.cmake
[1.196s] -- Up-to-date: /Bt/install/omni_base_controller_configuration/share/omni_base_controller_configuration/package.xml
[1.263s] Invoked command in '/Bt/build/omni_base_controller_configuration' returned '0': CMAKE_PREFIX_PATH=${CMAKE_PREFIX_PATH}:/opt/ros/jazzy:/Bt/install/yolo_ros:/Bt/install/ros2_aruco:/Bt/install/launch_pal:/Bt/install/grab2_curobo_planner /usr/bin/cmake --install /Bt/build/omni_base_controller_configuration
