[0.058s] Invoking command in '/Bt/build/pal_gripper': AMENT_PREFIX_PATH=/Bt/install/pal_gripper_description:/Bt/install/pal_urdf_utils:/Bt/install/pal_gripper_controller_configuration:${AMENT_PREFIX_PATH} CMAKE_PREFIX_PATH=/Bt/install/pal_gripper_description:/Bt/install/pal_urdf_utils:/Bt/install/pal_gripper_controller_configuration:/opt/ros/jazzy/opt/gz_sim_vendor:/opt/ros/jazzy/opt/gz_sensors_vendor:/opt/ros/jazzy/opt/gz_physics_vendor:/opt/ros/jazzy/opt/sdformat_vendor:/opt/ros/jazzy/opt/gz_gui_vendor:/opt/ros/jazzy/opt/gz_transport_vendor:/opt/ros/jazzy/opt/gz_rendering_vendor:/opt/ros/jazzy/opt/gz_plugin_vendor:/opt/ros/jazzy/opt/gz_fuel_tools_vendor:/opt/ros/jazzy/opt/gz_msgs_vendor:/opt/ros/jazzy/opt/gz_common_vendor:/opt/ros/jazzy/opt/gz_math_vendor:/opt/ros/jazzy/opt/gz_utils_vendor:/opt/ros/jazzy/opt/gz_tools_vendor:/opt/ros/jazzy/opt/gz_ogre_next_vendor:/opt/ros/jazzy/opt/gz_dartsim_vendor:/opt/ros/jazzy/opt/gz_cmake_vendor:/opt/ros/jazzy /usr/bin/cmake --build /Bt/build/pal_gripper -- -j8 -l8
[0.116s] Invoked command in '/Bt/build/pal_gripper' returned '0': AMENT_PREFIX_PATH=/Bt/install/pal_gripper_description:/Bt/install/pal_urdf_utils:/Bt/install/pal_gripper_controller_configuration:${AMENT_PREFIX_PATH} CMAKE_PREFIX_PATH=/Bt/install/pal_gripper_description:/Bt/install/pal_urdf_utils:/Bt/install/pal_gripper_controller_configuration:/opt/ros/jazzy/opt/gz_sim_vendor:/opt/ros/jazzy/opt/gz_sensors_vendor:/opt/ros/jazzy/opt/gz_physics_vendor:/opt/ros/jazzy/opt/sdformat_vendor:/opt/ros/jazzy/opt/gz_gui_vendor:/opt/ros/jazzy/opt/gz_transport_vendor:/opt/ros/jazzy/opt/gz_rendering_vendor:/opt/ros/jazzy/opt/gz_plugin_vendor:/opt/ros/jazzy/opt/gz_fuel_tools_vendor:/opt/ros/jazzy/opt/gz_msgs_vendor:/opt/ros/jazzy/opt/gz_common_vendor:/opt/ros/jazzy/opt/gz_math_vendor:/opt/ros/jazzy/opt/gz_utils_vendor:/opt/ros/jazzy/opt/gz_tools_vendor:/opt/ros/jazzy/opt/gz_ogre_next_vendor:/opt/ros/jazzy/opt/gz_dartsim_vendor:/opt/ros/jazzy/opt/gz_cmake_vendor:/opt/ros/jazzy /usr/bin/cmake --build /Bt/build/pal_gripper -- -j8 -l8
[0.118s] Invoking command in '/Bt/build/pal_gripper': AMENT_PREFIX_PATH=/Bt/install/pal_gripper_description:/Bt/install/pal_urdf_utils:/Bt/install/pal_gripper_controller_configuration:${AMENT_PREFIX_PATH} CMAKE_PREFIX_PATH=/Bt/install/pal_gripper_description:/Bt/install/pal_urdf_utils:/Bt/install/pal_gripper_controller_configuration:/opt/ros/jazzy/opt/gz_sim_vendor:/opt/ros/jazzy/opt/gz_sensors_vendor:/opt/ros/jazzy/opt/gz_physics_vendor:/opt/ros/jazzy/opt/sdformat_vendor:/opt/ros/jazzy/opt/gz_gui_vendor:/opt/ros/jazzy/opt/gz_transport_vendor:/opt/ros/jazzy/opt/gz_rendering_vendor:/opt/ros/jazzy/opt/gz_plugin_vendor:/opt/ros/jazzy/opt/gz_fuel_tools_vendor:/opt/ros/jazzy/opt/gz_msgs_vendor:/opt/ros/jazzy/opt/gz_common_vendor:/opt/ros/jazzy/opt/gz_math_vendor:/opt/ros/jazzy/opt/gz_utils_vendor:/opt/ros/jazzy/opt/gz_tools_vendor:/opt/ros/jazzy/opt/gz_ogre_next_vendor:/opt/ros/jazzy/opt/gz_dartsim_vendor:/opt/ros/jazzy/opt/gz_cmake_vendor:/opt/ros/jazzy /usr/bin/cmake --install /Bt/build/pal_gripper
[0.134s] -- Install configuration: ""
[0.138s] -- Up-to-date: /Bt/install/pal_gripper/share/ament_index/resource_index/package_run_dependencies/pal_gripper
[0.139s] -- Up-to-date: /Bt/install/pal_gripper/share/ament_index/resource_index/parent_prefix_path/pal_gripper
[0.139s] -- Up-to-date: /Bt/install/pal_gripper/share/pal_gripper/environment/ament_prefix_path.sh
[0.139s] -- Up-to-date: /Bt/install/pal_gripper/share/pal_gripper/environment/ament_prefix_path.dsv
[0.140s] -- Up-to-date: /Bt/install/pal_gripper/share/pal_gripper/environment/path.sh
[0.140s] -- Up-to-date: /Bt/install/pal_gripper/share/pal_gripper/environment/path.dsv
[0.140s] -- Up-to-date: /Bt/install/pal_gripper/share/pal_gripper/local_setup.bash
[0.140s] -- Up-to-date: /Bt/install/pal_gripper/share/pal_gripper/local_setup.sh
[0.140s] -- Up-to-date: /Bt/install/pal_gripper/share/pal_gripper/local_setup.zsh
[0.140s] -- Up-to-date: /Bt/install/pal_gripper/share/pal_gripper/local_setup.dsv
[0.140s] -- Installing: /Bt/install/pal_gripper/share/pal_gripper/package.dsv
[0.141s] -- Up-to-date: /Bt/install/pal_gripper/share/ament_index/resource_index/packages/pal_gripper
[0.141s] -- Up-to-date: /Bt/install/pal_gripper/share/pal_gripper/cmake/pal_gripperConfig.cmake
[0.141s] -- Up-to-date: /Bt/install/pal_gripper/share/pal_gripper/cmake/pal_gripperConfig-version.cmake
[0.141s] -- Up-to-date: /Bt/install/pal_gripper/share/pal_gripper/package.xml
[0.141s] Invoked command in '/Bt/build/pal_gripper' returned '0': AMENT_PREFIX_PATH=/Bt/install/pal_gripper_description:/Bt/install/pal_urdf_utils:/Bt/install/pal_gripper_controller_configuration:${AMENT_PREFIX_PATH} CMAKE_PREFIX_PATH=/Bt/install/pal_gripper_description:/Bt/install/pal_urdf_utils:/Bt/install/pal_gripper_controller_configuration:/opt/ros/jazzy/opt/gz_sim_vendor:/opt/ros/jazzy/opt/gz_sensors_vendor:/opt/ros/jazzy/opt/gz_physics_vendor:/opt/ros/jazzy/opt/sdformat_vendor:/opt/ros/jazzy/opt/gz_gui_vendor:/opt/ros/jazzy/opt/gz_transport_vendor:/opt/ros/jazzy/opt/gz_rendering_vendor:/opt/ros/jazzy/opt/gz_plugin_vendor:/opt/ros/jazzy/opt/gz_fuel_tools_vendor:/opt/ros/jazzy/opt/gz_msgs_vendor:/opt/ros/jazzy/opt/gz_common_vendor:/opt/ros/jazzy/opt/gz_math_vendor:/opt/ros/jazzy/opt/gz_utils_vendor:/opt/ros/jazzy/opt/gz_tools_vendor:/opt/ros/jazzy/opt/gz_ogre_next_vendor:/opt/ros/jazzy/opt/gz_dartsim_vendor:/opt/ros/jazzy/opt/gz_cmake_vendor:/opt/ros/jazzy /usr/bin/cmake --install /Bt/build/pal_gripper
