[0.092s] Invoking command in '/Bt/build/yolo_msgs': CMAKE_PREFIX_PATH=${CMAKE_PREFIX_PATH}:/Bt/install/yolo_ros:/Bt/install/ros2_aruco:/Bt/install/launch_pal:/Bt/install/grab2_curobo_planner:/opt/ros/jazzy /usr/bin/cmake --build /Bt/build/yolo_msgs -- -j8 -l8
[0.371s] [  0%] Built target yolo_msgs__rosidl_generator_type_description
[0.504s] [  0%] Built target ament_cmake_python_copy_yolo_msgs
[0.748s] [ 26%] Built target yolo_msgs__rosidl_generator_c
[1.593s] running egg_info
[1.660s] writing yolo_msgs.egg-info/PKG-INFO
[1.660s] writing dependency_links to yolo_msgs.egg-info/dependency_links.txt
[1.660s] writing top-level names to yolo_msgs.egg-info/top_level.txt
[1.952s] reading manifest file 'yolo_msgs.egg-info/SOURCES.txt'
[2.025s] writing manifest file 'yolo_msgs.egg-info/SOURCES.txt'
[2.209s] [ 26%] Built target ament_cmake_python_build_yolo_msgs_egg
[2.209s] [ 36%] Built target yolo_msgs__rosidl_typesupport_c
[2.227s] [ 46%] Built target yolo_msgs__rosidl_typesupport_introspection_c
[2.356s] [ 55%] Built target yolo_msgs__rosidl_typesupport_fastrtps_c
[2.474s] [ 55%] Built target yolo_msgs__cpp
[2.555s] [ 65%] Built target yolo_msgs__rosidl_typesupport_cpp
[2.626s] [ 75%] Built target yolo_msgs__rosidl_typesupport_introspection_cpp
[2.756s] [ 85%] Built target yolo_msgs__rosidl_typesupport_fastrtps_cpp
[2.842s] [ 85%] Built target yolo_msgs
[2.941s] [ 86%] Built target yolo_msgs__py
[3.069s] [ 96%] Built target yolo_msgs__rosidl_generator_py
[3.158s] [ 97%] Built target yolo_msgs_s__rosidl_typesupport_fastrtps_c
[3.218s] [ 98%] Built target yolo_msgs_s__rosidl_typesupport_c
[3.310s] [100%] Built target yolo_msgs_s__rosidl_typesupport_introspection_c
[3.390s] Invoked command in '/Bt/build/yolo_msgs' returned '0': CMAKE_PREFIX_PATH=${CMAKE_PREFIX_PATH}:/Bt/install/yolo_ros:/Bt/install/ros2_aruco:/Bt/install/launch_pal:/Bt/install/grab2_curobo_planner:/opt/ros/jazzy /usr/bin/cmake --build /Bt/build/yolo_msgs -- -j8 -l8
[3.391s] Invoking command in '/Bt/build/yolo_msgs': CMAKE_PREFIX_PATH=${CMAKE_PREFIX_PATH}:/Bt/install/yolo_ros:/Bt/install/ros2_aruco:/Bt/install/launch_pal:/Bt/install/grab2_curobo_planner:/opt/ros/jazzy /usr/bin/cmake --install /Bt/build/yolo_msgs
[3.465s] -- Install configuration: ""
[3.466s] -- Up-to-date: /Bt/install/yolo_msgs/share/ament_index/resource_index/rosidl_interfaces/yolo_msgs
[3.466s] -- Up-to-date: /Bt/install/yolo_msgs/share/yolo_msgs/msg/Point2D.json
[3.466s] -- Up-to-date: /Bt/install/yolo_msgs/share/yolo_msgs/msg/Vector2.json
[3.466s] -- Up-to-date: /Bt/install/yolo_msgs/share/yolo_msgs/msg/Pose2D.json
[3.466s] -- Up-to-date: /Bt/install/yolo_msgs/share/yolo_msgs/msg/BoundingBox2D.json
[3.466s] -- Up-to-date: /Bt/install/yolo_msgs/share/yolo_msgs/msg/BoundingBox3D.json
[3.466s] -- Up-to-date: /Bt/install/yolo_msgs/share/yolo_msgs/msg/Mask.json
[3.467s] -- Up-to-date: /Bt/install/yolo_msgs/share/yolo_msgs/msg/KeyPoint2D.json
[3.467s] -- Up-to-date: /Bt/install/yolo_msgs/share/yolo_msgs/msg/KeyPoint2DArray.json
[3.467s] -- Up-to-date: /Bt/install/yolo_msgs/share/yolo_msgs/msg/KeyPoint3D.json
[3.468s] -- Up-to-date: /Bt/install/yolo_msgs/share/yolo_msgs/msg/KeyPoint3DArray.json
[3.468s] -- Up-to-date: /Bt/install/yolo_msgs/share/yolo_msgs/msg/Detection.json
[3.468s] -- Up-to-date: /Bt/install/yolo_msgs/share/yolo_msgs/msg/DetectionArray.json
[3.468s] -- Up-to-date: /Bt/install/yolo_msgs/share/yolo_msgs/srv/SetClasses.json
[3.473s] -- Up-to-date: /Bt/install/yolo_msgs/include/yolo_msgs/yolo_msgs
[3.473s] -- Up-to-date: /Bt/install/yolo_msgs/include/yolo_msgs/yolo_msgs/msg
[3.474s] -- Up-to-date: /Bt/install/yolo_msgs/include/yolo_msgs/yolo_msgs/msg/detection.h
[3.474s] -- Up-to-date: /Bt/install/yolo_msgs/include/yolo_msgs/yolo_msgs/msg/point2_d.h
[3.475s] -- Up-to-date: /Bt/install/yolo_msgs/include/yolo_msgs/yolo_msgs/msg/bounding_box2_d.h
[3.475s] -- Up-to-date: /Bt/install/yolo_msgs/include/yolo_msgs/yolo_msgs/msg/key_point2_d.h
[3.475s] -- Up-to-date: /Bt/install/yolo_msgs/include/yolo_msgs/yolo_msgs/msg/mask.h
[3.475s] -- Up-to-date: /Bt/install/yolo_msgs/include/yolo_msgs/yolo_msgs/msg/rosidl_generator_c__visibility_control.h
[3.476s] -- Up-to-date: /Bt/install/yolo_msgs/include/yolo_msgs/yolo_msgs/msg/vector2.h
[3.476s] -- Up-to-date: /Bt/install/yolo_msgs/include/yolo_msgs/yolo_msgs/msg/pose2_d.h
[3.476s] -- Up-to-date: /Bt/install/yolo_msgs/include/yolo_msgs/yolo_msgs/msg/detail
[3.476s] -- Installing: /Bt/install/yolo_msgs/include/yolo_msgs/yolo_msgs/msg/detail/detection__type_support.c
[3.479s] -- Up-to-date: /Bt/install/yolo_msgs/include/yolo_msgs/yolo_msgs/msg/detail/key_point2_d_array__type_support.h
[3.479s] -- Up-to-date: /Bt/install/yolo_msgs/include/yolo_msgs/yolo_msgs/msg/detail/bounding_box3_d__type_support.h
[3.479s] -- Installing: /Bt/install/yolo_msgs/include/yolo_msgs/yolo_msgs/msg/detail/bounding_box3_d__type_support.c
[3.479s] -- Installing: /Bt/install/yolo_msgs/include/yolo_msgs/yolo_msgs/msg/detail/detection_array__type_support.c
[3.479s] -- Up-to-date: /Bt/install/yolo_msgs/include/yolo_msgs/yolo_msgs/msg/detail/pose2_d__struct.h
[3.481s] -- Installing: /Bt/install/yolo_msgs/include/yolo_msgs/yolo_msgs/msg/detail/key_point2_d__type_support.c
[3.484s] -- Up-to-date: /Bt/install/yolo_msgs/include/yolo_msgs/yolo_msgs/msg/detail/detection__type_support.h
[3.488s] -- Up-to-date: /Bt/install/yolo_msgs/include/yolo_msgs/yolo_msgs/msg/detail/bounding_box3_d__description.c
[3.488s] -- Up-to-date: /Bt/install/yolo_msgs/include/yolo_msgs/yolo_msgs/msg/detail/point2_d__struct.h
[3.489s] -- Up-to-date: /Bt/install/yolo_msgs/include/yolo_msgs/yolo_msgs/msg/detail/key_point2_d__functions.c
[3.492s] -- Up-to-date: /Bt/install/yolo_msgs/include/yolo_msgs/yolo_msgs/msg/detail/mask__description.c
[3.492s] -- Up-to-date: /Bt/install/yolo_msgs/include/yolo_msgs/yolo_msgs/msg/detail/vector2__functions.h
[3.492s] -- Up-to-date: /Bt/install/yolo_msgs/include/yolo_msgs/yolo_msgs/msg/detail/detection_array__struct.h
[3.492s] -- Up-to-date: /Bt/install/yolo_msgs/include/yolo_msgs/yolo_msgs/msg/detail/key_point3_d__functions.c
[3.492s] -- Up-to-date: /Bt/install/yolo_msgs/include/yolo_msgs/yolo_msgs/msg/detail/point2_d__type_support.h
[3.492s] -- Up-to-date: /Bt/install/yolo_msgs/include/yolo_msgs/yolo_msgs/msg/detail/detection__description.c
[3.497s] -- Up-to-date: /Bt/install/yolo_msgs/include/yolo_msgs/yolo_msgs/msg/detail/key_point2_d__functions.h
[3.498s] -- Up-to-date: /Bt/install/yolo_msgs/include/yolo_msgs/yolo_msgs/msg/detail/key_point2_d_array__functions.c
[3.499s] -- Up-to-date: /Bt/install/yolo_msgs/include/yolo_msgs/yolo_msgs/msg/detail/bounding_box2_d__functions.h
[3.499s] -- Up-to-date: /Bt/install/yolo_msgs/include/yolo_msgs/yolo_msgs/msg/detail/point2_d__functions.h
[3.499s] -- Up-to-date: /Bt/install/yolo_msgs/include/yolo_msgs/yolo_msgs/msg/detail/vector2__functions.c
[3.499s] -- Up-to-date: /Bt/install/yolo_msgs/include/yolo_msgs/yolo_msgs/msg/detail/pose2_d__functions.h
[3.499s] -- Up-to-date: /Bt/install/yolo_msgs/include/yolo_msgs/yolo_msgs/msg/detail/key_point3_d_array__type_support.h
[3.499s] -- Up-to-date: /Bt/install/yolo_msgs/include/yolo_msgs/yolo_msgs/msg/detail/mask__functions.h
[3.500s] -- Up-to-date: /Bt/install/yolo_msgs/include/yolo_msgs/yolo_msgs/msg/detail/vector2__struct.h
[3.500s] -- Up-to-date: /Bt/install/yolo_msgs/include/yolo_msgs/yolo_msgs/msg/detail/detection_array__description.c
[3.500s] -- Up-to-date: /Bt/install/yolo_msgs/include/yolo_msgs/yolo_msgs/msg/detail/key_point3_d_array__functions.c
[3.500s] -- Up-to-date: /Bt/install/yolo_msgs/include/yolo_msgs/yolo_msgs/msg/detail/detection_array__functions.h
[3.500s] -- Up-to-date: /Bt/install/yolo_msgs/include/yolo_msgs/yolo_msgs/msg/detail/key_point2_d__struct.h
[3.500s] -- Up-to-date: /Bt/install/yolo_msgs/include/yolo_msgs/yolo_msgs/msg/detail/key_point2_d__description.c
[3.500s] -- Up-to-date: /Bt/install/yolo_msgs/include/yolo_msgs/yolo_msgs/msg/detail/key_point2_d_array__functions.h
[3.501s] -- Up-to-date: /Bt/install/yolo_msgs/include/yolo_msgs/yolo_msgs/msg/detail/detection__functions.c
[3.501s] -- Up-to-date: /Bt/install/yolo_msgs/include/yolo_msgs/yolo_msgs/msg/detail/mask__struct.h
[3.502s] -- Up-to-date: /Bt/install/yolo_msgs/include/yolo_msgs/yolo_msgs/msg/detail/key_point3_d_array__description.c
[3.502s] -- Installing: /Bt/install/yolo_msgs/include/yolo_msgs/yolo_msgs/msg/detail/bounding_box2_d__type_support.c
[3.503s] -- Up-to-date: /Bt/install/yolo_msgs/include/yolo_msgs/yolo_msgs/msg/detail/key_point3_d__functions.h
[3.503s] -- Up-to-date: /Bt/install/yolo_msgs/include/yolo_msgs/yolo_msgs/msg/detail/vector2__description.c
[3.503s] -- Up-to-date: /Bt/install/yolo_msgs/include/yolo_msgs/yolo_msgs/msg/detail/key_point3_d__type_support.h
[3.503s] -- Up-to-date: /Bt/install/yolo_msgs/include/yolo_msgs/yolo_msgs/msg/detail/bounding_box2_d__description.c
[3.503s] -- Installing: /Bt/install/yolo_msgs/include/yolo_msgs/yolo_msgs/msg/detail/key_point2_d_array__type_support.c
[3.504s] -- Up-to-date: /Bt/install/yolo_msgs/include/yolo_msgs/yolo_msgs/msg/detail/bounding_box2_d__functions.c
[3.504s] -- Up-to-date: /Bt/install/yolo_msgs/include/yolo_msgs/yolo_msgs/msg/detail/key_point3_d__description.c
[3.504s] -- Up-to-date: /Bt/install/yolo_msgs/include/yolo_msgs/yolo_msgs/msg/detail/detection_array__functions.c
[3.504s] -- Up-to-date: /Bt/install/yolo_msgs/include/yolo_msgs/yolo_msgs/msg/detail/bounding_box2_d__struct.h
[3.504s] -- Up-to-date: /Bt/install/yolo_msgs/include/yolo_msgs/yolo_msgs/msg/detail/key_point3_d_array__functions.h
[3.504s] -- Up-to-date: /Bt/install/yolo_msgs/include/yolo_msgs/yolo_msgs/msg/detail/point2_d__functions.c
[3.504s] -- Up-to-date: /Bt/install/yolo_msgs/include/yolo_msgs/yolo_msgs/msg/detail/pose2_d__description.c
[3.505s] -- Up-to-date: /Bt/install/yolo_msgs/include/yolo_msgs/yolo_msgs/msg/detail/key_point2_d__type_support.h
[3.505s] -- Installing: /Bt/install/yolo_msgs/include/yolo_msgs/yolo_msgs/msg/detail/key_point3_d__type_support.c
[3.505s] -- Installing: /Bt/install/yolo_msgs/include/yolo_msgs/yolo_msgs/msg/detail/pose2_d__type_support.c
[3.505s] -- Installing: /Bt/install/yolo_msgs/include/yolo_msgs/yolo_msgs/msg/detail/point2_d__type_support.c
[3.505s] -- Up-to-date: /Bt/install/yolo_msgs/include/yolo_msgs/yolo_msgs/msg/detail/mask__functions.c
[3.505s] -- Up-to-date: /Bt/install/yolo_msgs/include/yolo_msgs/yolo_msgs/msg/detail/bounding_box2_d__type_support.h
[3.505s] -- Up-to-date: /Bt/install/yolo_msgs/include/yolo_msgs/yolo_msgs/msg/detail/bounding_box3_d__struct.h
[3.510s] -- Up-to-date: /Bt/install/yolo_msgs/include/yolo_msgs/yolo_msgs/msg/detail/bounding_box3_d__functions.h
[3.510s] -- Up-to-date: /Bt/install/yolo_msgs/include/yolo_msgs/yolo_msgs/msg/detail/key_point3_d_array__struct.h
[3.511s] -- Up-to-date: /Bt/install/yolo_msgs/include/yolo_msgs/yolo_msgs/msg/detail/detection_array__type_support.h
[3.511s] -- Up-to-date: /Bt/install/yolo_msgs/include/yolo_msgs/yolo_msgs/msg/detail/detection__struct.h
[3.511s] -- Up-to-date: /Bt/install/yolo_msgs/include/yolo_msgs/yolo_msgs/msg/detail/pose2_d__functions.c
[3.511s] -- Up-to-date: /Bt/install/yolo_msgs/include/yolo_msgs/yolo_msgs/msg/detail/vector2__type_support.h
[3.511s] -- Installing: /Bt/install/yolo_msgs/include/yolo_msgs/yolo_msgs/msg/detail/mask__type_support.c
[3.511s] -- Up-to-date: /Bt/install/yolo_msgs/include/yolo_msgs/yolo_msgs/msg/detail/detection__functions.h
[3.512s] -- Installing: /Bt/install/yolo_msgs/include/yolo_msgs/yolo_msgs/msg/detail/key_point3_d_array__type_support.c
[3.512s] -- Up-to-date: /Bt/install/yolo_msgs/include/yolo_msgs/yolo_msgs/msg/detail/mask__type_support.h
[3.512s] -- Installing: /Bt/install/yolo_msgs/include/yolo_msgs/yolo_msgs/msg/detail/vector2__type_support.c
[3.512s] -- Up-to-date: /Bt/install/yolo_msgs/include/yolo_msgs/yolo_msgs/msg/detail/key_point3_d__struct.h
[3.512s] -- Up-to-date: /Bt/install/yolo_msgs/include/yolo_msgs/yolo_msgs/msg/detail/bounding_box3_d__functions.c
[3.512s] -- Up-to-date: /Bt/install/yolo_msgs/include/yolo_msgs/yolo_msgs/msg/detail/pose2_d__type_support.h
[3.513s] -- Up-to-date: /Bt/install/yolo_msgs/include/yolo_msgs/yolo_msgs/msg/detail/point2_d__description.c
[3.513s] -- Up-to-date: /Bt/install/yolo_msgs/include/yolo_msgs/yolo_msgs/msg/detail/key_point2_d_array__description.c
[3.513s] -- Up-to-date: /Bt/install/yolo_msgs/include/yolo_msgs/yolo_msgs/msg/detail/key_point2_d_array__struct.h
[3.513s] -- Up-to-date: /Bt/install/yolo_msgs/include/yolo_msgs/yolo_msgs/msg/key_point2_d_array.h
[3.513s] -- Up-to-date: /Bt/install/yolo_msgs/include/yolo_msgs/yolo_msgs/msg/key_point3_d.h
[3.518s] -- Up-to-date: /Bt/install/yolo_msgs/include/yolo_msgs/yolo_msgs/msg/detection_array.h
[3.518s] -- Up-to-date: /Bt/install/yolo_msgs/include/yolo_msgs/yolo_msgs/msg/bounding_box3_d.h
[3.518s] -- Up-to-date: /Bt/install/yolo_msgs/include/yolo_msgs/yolo_msgs/msg/key_point3_d_array.h
[3.518s] -- Up-to-date: /Bt/install/yolo_msgs/include/yolo_msgs/yolo_msgs/srv
[3.518s] -- Up-to-date: /Bt/install/yolo_msgs/include/yolo_msgs/yolo_msgs/srv/set_classes.h
[3.519s] -- Up-to-date: /Bt/install/yolo_msgs/include/yolo_msgs/yolo_msgs/srv/detail
[3.519s] -- Up-to-date: /Bt/install/yolo_msgs/include/yolo_msgs/yolo_msgs/srv/detail/set_classes__type_support.h
[3.519s] -- Installing: /Bt/install/yolo_msgs/include/yolo_msgs/yolo_msgs/srv/detail/set_classes__type_support.c
[3.519s] -- Up-to-date: /Bt/install/yolo_msgs/include/yolo_msgs/yolo_msgs/srv/detail/set_classes__description.c
[3.519s] -- Up-to-date: /Bt/install/yolo_msgs/include/yolo_msgs/yolo_msgs/srv/detail/set_classes__functions.c
[3.519s] -- Up-to-date: /Bt/install/yolo_msgs/include/yolo_msgs/yolo_msgs/srv/detail/set_classes__struct.h
[3.520s] -- Up-to-date: /Bt/install/yolo_msgs/include/yolo_msgs/yolo_msgs/srv/detail/set_classes__functions.h
[3.520s] -- Up-to-date: /Bt/install/yolo_msgs/share/yolo_msgs/environment/library_path.sh
[3.520s] -- Up-to-date: /Bt/install/yolo_msgs/share/yolo_msgs/environment/library_path.dsv
[3.520s] -- Up-to-date: /Bt/install/yolo_msgs/lib/libyolo_msgs__rosidl_generator_c.so
[3.520s] -- Up-to-date: /Bt/install/yolo_msgs/include/yolo_msgs/yolo_msgs
[3.520s] -- Up-to-date: /Bt/install/yolo_msgs/include/yolo_msgs/yolo_msgs/msg
[3.520s] -- Up-to-date: /Bt/install/yolo_msgs/include/yolo_msgs/yolo_msgs/msg/detail
[3.520s] -- Up-to-date: /Bt/install/yolo_msgs/include/yolo_msgs/yolo_msgs/msg/detail/bounding_box3_d__rosidl_typesupport_fastrtps_c.h
[3.522s] -- Up-to-date: /Bt/install/yolo_msgs/include/yolo_msgs/yolo_msgs/msg/detail/detection__rosidl_typesupport_fastrtps_c.h
[3.522s] -- Up-to-date: /Bt/install/yolo_msgs/include/yolo_msgs/yolo_msgs/msg/detail/key_point2_d_array__rosidl_typesupport_fastrtps_c.h
[3.522s] -- Up-to-date: /Bt/install/yolo_msgs/include/yolo_msgs/yolo_msgs/msg/detail/key_point2_d__rosidl_typesupport_fastrtps_c.h
[3.522s] -- Up-to-date: /Bt/install/yolo_msgs/include/yolo_msgs/yolo_msgs/msg/detail/key_point3_d_array__rosidl_typesupport_fastrtps_c.h
[3.522s] -- Up-to-date: /Bt/install/yolo_msgs/include/yolo_msgs/yolo_msgs/msg/detail/point2_d__rosidl_typesupport_fastrtps_c.h
[3.523s] -- Up-to-date: /Bt/install/yolo_msgs/include/yolo_msgs/yolo_msgs/msg/detail/mask__rosidl_typesupport_fastrtps_c.h
[3.523s] -- Up-to-date: /Bt/install/yolo_msgs/include/yolo_msgs/yolo_msgs/msg/detail/bounding_box2_d__rosidl_typesupport_fastrtps_c.h
[3.523s] -- Up-to-date: /Bt/install/yolo_msgs/include/yolo_msgs/yolo_msgs/msg/detail/vector2__rosidl_typesupport_fastrtps_c.h
[3.524s] -- Up-to-date: /Bt/install/yolo_msgs/include/yolo_msgs/yolo_msgs/msg/detail/pose2_d__rosidl_typesupport_fastrtps_c.h
[3.529s] -- Up-to-date: /Bt/install/yolo_msgs/include/yolo_msgs/yolo_msgs/msg/detail/key_point3_d__rosidl_typesupport_fastrtps_c.h
[3.529s] -- Up-to-date: /Bt/install/yolo_msgs/include/yolo_msgs/yolo_msgs/msg/detail/detection_array__rosidl_typesupport_fastrtps_c.h
[3.529s] -- Up-to-date: /Bt/install/yolo_msgs/include/yolo_msgs/yolo_msgs/msg/rosidl_typesupport_fastrtps_c__visibility_control.h
[3.529s] -- Up-to-date: /Bt/install/yolo_msgs/include/yolo_msgs/yolo_msgs/srv
[3.530s] -- Up-to-date: /Bt/install/yolo_msgs/include/yolo_msgs/yolo_msgs/srv/detail
[3.535s] -- Up-to-date: /Bt/install/yolo_msgs/include/yolo_msgs/yolo_msgs/srv/detail/set_classes__rosidl_typesupport_fastrtps_c.h
[3.535s] -- Up-to-date: /Bt/install/yolo_msgs/lib/libyolo_msgs__rosidl_typesupport_fastrtps_c.so
[3.539s] -- Up-to-date: /Bt/install/yolo_msgs/include/yolo_msgs/yolo_msgs
[3.542s] -- Up-to-date: /Bt/install/yolo_msgs/include/yolo_msgs/yolo_msgs/msg
[3.542s] -- Up-to-date: /Bt/install/yolo_msgs/include/yolo_msgs/yolo_msgs/msg/rosidl_typesupport_introspection_c__visibility_control.h
[3.542s] -- Up-to-date: /Bt/install/yolo_msgs/include/yolo_msgs/yolo_msgs/msg/detail
[3.542s] -- Installing: /Bt/install/yolo_msgs/include/yolo_msgs/yolo_msgs/msg/detail/detection__type_support.c
[3.543s] -- Up-to-date: /Bt/install/yolo_msgs/include/yolo_msgs/yolo_msgs/msg/detail/key_point2_d_array__rosidl_typesupport_introspection_c.h
[3.543s] -- Up-to-date: /Bt/install/yolo_msgs/include/yolo_msgs/yolo_msgs/msg/detail/bounding_box2_d__rosidl_typesupport_introspection_c.h
[3.544s] -- Installing: /Bt/install/yolo_msgs/include/yolo_msgs/yolo_msgs/msg/detail/bounding_box3_d__type_support.c
[3.546s] -- Up-to-date: /Bt/install/yolo_msgs/include/yolo_msgs/yolo_msgs/msg/detail/vector2__rosidl_typesupport_introspection_c.h
[3.548s] -- Installing: /Bt/install/yolo_msgs/include/yolo_msgs/yolo_msgs/msg/detail/detection_array__type_support.c
[3.548s] -- Installing: /Bt/install/yolo_msgs/include/yolo_msgs/yolo_msgs/msg/detail/key_point2_d__type_support.c
[3.548s] -- Up-to-date: /Bt/install/yolo_msgs/include/yolo_msgs/yolo_msgs/msg/detail/point2_d__rosidl_typesupport_introspection_c.h
[3.548s] -- Up-to-date: /Bt/install/yolo_msgs/include/yolo_msgs/yolo_msgs/msg/detail/key_point2_d__rosidl_typesupport_introspection_c.h
[3.548s] -- Up-to-date: /Bt/install/yolo_msgs/include/yolo_msgs/yolo_msgs/msg/detail/mask__rosidl_typesupport_introspection_c.h
[3.549s] -- Installing: /Bt/install/yolo_msgs/include/yolo_msgs/yolo_msgs/msg/detail/bounding_box2_d__type_support.c
[3.549s] -- Up-to-date: /Bt/install/yolo_msgs/include/yolo_msgs/yolo_msgs/msg/detail/key_point3_d__rosidl_typesupport_introspection_c.h
[3.549s] -- Installing: /Bt/install/yolo_msgs/include/yolo_msgs/yolo_msgs/msg/detail/key_point2_d_array__type_support.c
[3.549s] -- Installing: /Bt/install/yolo_msgs/include/yolo_msgs/yolo_msgs/msg/detail/key_point3_d__type_support.c
[3.555s] -- Installing: /Bt/install/yolo_msgs/include/yolo_msgs/yolo_msgs/msg/detail/pose2_d__type_support.c
[3.555s] -- Installing: /Bt/install/yolo_msgs/include/yolo_msgs/yolo_msgs/msg/detail/point2_d__type_support.c
[3.555s] -- Up-to-date: /Bt/install/yolo_msgs/include/yolo_msgs/yolo_msgs/msg/detail/key_point3_d_array__rosidl_typesupport_introspection_c.h
[3.555s] -- Up-to-date: /Bt/install/yolo_msgs/include/yolo_msgs/yolo_msgs/msg/detail/pose2_d__rosidl_typesupport_introspection_c.h
[3.555s] -- Installing: /Bt/install/yolo_msgs/include/yolo_msgs/yolo_msgs/msg/detail/mask__type_support.c
[3.555s] -- Installing: /Bt/install/yolo_msgs/include/yolo_msgs/yolo_msgs/msg/detail/key_point3_d_array__type_support.c
[3.556s] -- Installing: /Bt/install/yolo_msgs/include/yolo_msgs/yolo_msgs/msg/detail/vector2__type_support.c
[3.556s] -- Up-to-date: /Bt/install/yolo_msgs/include/yolo_msgs/yolo_msgs/msg/detail/detection__rosidl_typesupport_introspection_c.h
[3.556s] -- Up-to-date: /Bt/install/yolo_msgs/include/yolo_msgs/yolo_msgs/msg/detail/detection_array__rosidl_typesupport_introspection_c.h
[3.556s] -- Up-to-date: /Bt/install/yolo_msgs/include/yolo_msgs/yolo_msgs/msg/detail/bounding_box3_d__rosidl_typesupport_introspection_c.h
[3.556s] -- Up-to-date: /Bt/install/yolo_msgs/include/yolo_msgs/yolo_msgs/srv
[3.556s] -- Up-to-date: /Bt/install/yolo_msgs/include/yolo_msgs/yolo_msgs/srv/detail
[3.556s] -- Installing: /Bt/install/yolo_msgs/include/yolo_msgs/yolo_msgs/srv/detail/set_classes__type_support.c
[3.557s] -- Up-to-date: /Bt/install/yolo_msgs/include/yolo_msgs/yolo_msgs/srv/detail/set_classes__rosidl_typesupport_introspection_c.h
[3.557s] -- Up-to-date: /Bt/install/yolo_msgs/lib/libyolo_msgs__rosidl_typesupport_introspection_c.so
[3.560s] -- Up-to-date: /Bt/install/yolo_msgs/lib/libyolo_msgs__rosidl_typesupport_c.so
[3.561s] -- Up-to-date: /Bt/install/yolo_msgs/include/yolo_msgs/yolo_msgs
[3.561s] -- Up-to-date: /Bt/install/yolo_msgs/include/yolo_msgs/yolo_msgs/msg
[3.561s] -- Up-to-date: /Bt/install/yolo_msgs/include/yolo_msgs/yolo_msgs/msg/detection_array.hpp
[3.561s] -- Up-to-date: /Bt/install/yolo_msgs/include/yolo_msgs/yolo_msgs/msg/key_point3_d.hpp
[3.561s] -- Up-to-date: /Bt/install/yolo_msgs/include/yolo_msgs/yolo_msgs/msg/point2_d.hpp
[3.561s] -- Up-to-date: /Bt/install/yolo_msgs/include/yolo_msgs/yolo_msgs/msg/pose2_d.hpp
[3.564s] -- Up-to-date: /Bt/install/yolo_msgs/include/yolo_msgs/yolo_msgs/msg/key_point2_d.hpp
[3.564s] -- Up-to-date: /Bt/install/yolo_msgs/include/yolo_msgs/yolo_msgs/msg/key_point2_d_array.hpp
[3.565s] -- Up-to-date: /Bt/install/yolo_msgs/include/yolo_msgs/yolo_msgs/msg/vector2.hpp
[3.565s] -- Up-to-date: /Bt/install/yolo_msgs/include/yolo_msgs/yolo_msgs/msg/detail
[3.565s] -- Up-to-date: /Bt/install/yolo_msgs/include/yolo_msgs/yolo_msgs/msg/detail/vector2__struct.hpp
[3.565s] -- Up-to-date: /Bt/install/yolo_msgs/include/yolo_msgs/yolo_msgs/msg/detail/key_point2_d_array__type_support.hpp
[3.565s] -- Up-to-date: /Bt/install/yolo_msgs/include/yolo_msgs/yolo_msgs/msg/detail/key_point3_d__builder.hpp
[3.565s] -- Up-to-date: /Bt/install/yolo_msgs/include/yolo_msgs/yolo_msgs/msg/detail/key_point2_d__struct.hpp
[3.566s] -- Up-to-date: /Bt/install/yolo_msgs/include/yolo_msgs/yolo_msgs/msg/detail/detection_array__type_support.hpp
[3.566s] -- Up-to-date: /Bt/install/yolo_msgs/include/yolo_msgs/yolo_msgs/msg/detail/bounding_box2_d__struct.hpp
[3.566s] -- Up-to-date: /Bt/install/yolo_msgs/include/yolo_msgs/yolo_msgs/msg/detail/key_point3_d_array__traits.hpp
[3.566s] -- Up-to-date: /Bt/install/yolo_msgs/include/yolo_msgs/yolo_msgs/msg/detail/mask__builder.hpp
[3.566s] -- Up-to-date: /Bt/install/yolo_msgs/include/yolo_msgs/yolo_msgs/msg/detail/detection__type_support.hpp
[3.566s] -- Up-to-date: /Bt/install/yolo_msgs/include/yolo_msgs/yolo_msgs/msg/detail/key_point3_d_array__builder.hpp
[3.566s] -- Up-to-date: /Bt/install/yolo_msgs/include/yolo_msgs/yolo_msgs/msg/detail/bounding_box2_d__type_support.hpp
[3.602s] -- Up-to-date: /Bt/install/yolo_msgs/include/yolo_msgs/yolo_msgs/msg/detail/point2_d__struct.hpp
[3.602s] -- Up-to-date: /Bt/install/yolo_msgs/include/yolo_msgs/yolo_msgs/msg/detail/detection__traits.hpp
[3.603s] -- Up-to-date: /Bt/install/yolo_msgs/include/yolo_msgs/yolo_msgs/msg/detail/bounding_box3_d__struct.hpp
[3.603s] -- Up-to-date: /Bt/install/yolo_msgs/include/yolo_msgs/yolo_msgs/msg/detail/key_point2_d_array__builder.hpp
[3.603s] -- Up-to-date: /Bt/install/yolo_msgs/include/yolo_msgs/yolo_msgs/msg/detail/point2_d__type_support.hpp
[3.603s] -- Up-to-date: /Bt/install/yolo_msgs/include/yolo_msgs/yolo_msgs/msg/detail/pose2_d__traits.hpp
[3.603s] -- Up-to-date: /Bt/install/yolo_msgs/include/yolo_msgs/yolo_msgs/msg/detail/vector2__type_support.hpp
[3.603s] -- Up-to-date: /Bt/install/yolo_msgs/include/yolo_msgs/yolo_msgs/msg/detail/bounding_box3_d__builder.hpp
[3.603s] -- Up-to-date: /Bt/install/yolo_msgs/include/yolo_msgs/yolo_msgs/msg/detail/key_point3_d__traits.hpp
[3.603s] -- Up-to-date: /Bt/install/yolo_msgs/include/yolo_msgs/yolo_msgs/msg/detail/detection__struct.hpp
[3.604s] -- Up-to-date: /Bt/install/yolo_msgs/include/yolo_msgs/yolo_msgs/msg/detail/key_point2_d__type_support.hpp
[3.604s] -- Up-to-date: /Bt/install/yolo_msgs/include/yolo_msgs/yolo_msgs/msg/detail/pose2_d__struct.hpp
[3.604s] -- Up-to-date: /Bt/install/yolo_msgs/include/yolo_msgs/yolo_msgs/msg/detail/mask__struct.hpp
[3.604s] -- Up-to-date: /Bt/install/yolo_msgs/include/yolo_msgs/yolo_msgs/msg/detail/detection_array__struct.hpp
[3.604s] -- Up-to-date: /Bt/install/yolo_msgs/include/yolo_msgs/yolo_msgs/msg/detail/point2_d__traits.hpp
[3.604s] -- Up-to-date: /Bt/install/yolo_msgs/include/yolo_msgs/yolo_msgs/msg/detail/mask__type_support.hpp
[3.604s] -- Up-to-date: /Bt/install/yolo_msgs/include/yolo_msgs/yolo_msgs/msg/detail/bounding_box3_d__traits.hpp
[3.604s] -- Up-to-date: /Bt/install/yolo_msgs/include/yolo_msgs/yolo_msgs/msg/detail/bounding_box2_d__builder.hpp
[3.605s] -- Up-to-date: /Bt/install/yolo_msgs/include/yolo_msgs/yolo_msgs/msg/detail/vector2__traits.hpp
[3.605s] -- Up-to-date: /Bt/install/yolo_msgs/include/yolo_msgs/yolo_msgs/msg/detail/pose2_d__type_support.hpp
[3.605s] -- Up-to-date: /Bt/install/yolo_msgs/include/yolo_msgs/yolo_msgs/msg/detail/key_point2_d__traits.hpp
[3.605s] -- Up-to-date: /Bt/install/yolo_msgs/include/yolo_msgs/yolo_msgs/msg/detail/mask__traits.hpp
[3.605s] -- Up-to-date: /Bt/install/yolo_msgs/include/yolo_msgs/yolo_msgs/msg/detail/pose2_d__builder.hpp
[3.605s] -- Up-to-date: /Bt/install/yolo_msgs/include/yolo_msgs/yolo_msgs/msg/detail/key_point2_d_array__struct.hpp
[3.605s] -- Up-to-date: /Bt/install/yolo_msgs/include/yolo_msgs/yolo_msgs/msg/detail/key_point3_d_array__struct.hpp
[3.619s] -- Up-to-date: /Bt/install/yolo_msgs/include/yolo_msgs/yolo_msgs/msg/detail/key_point3_d__struct.hpp
[3.619s] -- Up-to-date: /Bt/install/yolo_msgs/include/yolo_msgs/yolo_msgs/msg/detail/detection__builder.hpp
[3.619s] -- Up-to-date: /Bt/install/yolo_msgs/include/yolo_msgs/yolo_msgs/msg/detail/bounding_box3_d__type_support.hpp
[3.619s] -- Up-to-date: /Bt/install/yolo_msgs/include/yolo_msgs/yolo_msgs/msg/detail/key_point2_d__builder.hpp
[3.619s] -- Up-to-date: /Bt/install/yolo_msgs/include/yolo_msgs/yolo_msgs/msg/detail/detection_array__builder.hpp
[3.620s] -- Up-to-date: /Bt/install/yolo_msgs/include/yolo_msgs/yolo_msgs/msg/detail/point2_d__builder.hpp
[3.620s] -- Up-to-date: /Bt/install/yolo_msgs/include/yolo_msgs/yolo_msgs/msg/detail/key_point3_d_array__type_support.hpp
[3.620s] -- Up-to-date: /Bt/install/yolo_msgs/include/yolo_msgs/yolo_msgs/msg/detail/vector2__builder.hpp
[3.620s] -- Up-to-date: /Bt/install/yolo_msgs/include/yolo_msgs/yolo_msgs/msg/detail/bounding_box2_d__traits.hpp
[3.620s] -- Up-to-date: /Bt/install/yolo_msgs/include/yolo_msgs/yolo_msgs/msg/detail/detection_array__traits.hpp
[3.620s] -- Up-to-date: /Bt/install/yolo_msgs/include/yolo_msgs/yolo_msgs/msg/detail/key_point3_d__type_support.hpp
[3.620s] -- Up-to-date: /Bt/install/yolo_msgs/include/yolo_msgs/yolo_msgs/msg/detail/key_point2_d_array__traits.hpp
[3.621s] -- Up-to-date: /Bt/install/yolo_msgs/include/yolo_msgs/yolo_msgs/msg/bounding_box3_d.hpp
[3.621s] -- Up-to-date: /Bt/install/yolo_msgs/include/yolo_msgs/yolo_msgs/msg/key_point3_d_array.hpp
[3.621s] -- Up-to-date: /Bt/install/yolo_msgs/include/yolo_msgs/yolo_msgs/msg/detection.hpp
[3.621s] -- Up-to-date: /Bt/install/yolo_msgs/include/yolo_msgs/yolo_msgs/msg/bounding_box2_d.hpp
[3.621s] -- Up-to-date: /Bt/install/yolo_msgs/include/yolo_msgs/yolo_msgs/msg/mask.hpp
[3.621s] -- Up-to-date: /Bt/install/yolo_msgs/include/yolo_msgs/yolo_msgs/msg/rosidl_generator_cpp__visibility_control.hpp
[3.625s] -- Up-to-date: /Bt/install/yolo_msgs/include/yolo_msgs/yolo_msgs/srv
[3.626s] -- Up-to-date: /Bt/install/yolo_msgs/include/yolo_msgs/yolo_msgs/srv/set_classes.hpp
[3.631s] -- Up-to-date: /Bt/install/yolo_msgs/include/yolo_msgs/yolo_msgs/srv/detail
[3.632s] -- Up-to-date: /Bt/install/yolo_msgs/include/yolo_msgs/yolo_msgs/srv/detail/set_classes__builder.hpp
[3.633s] -- Up-to-date: /Bt/install/yolo_msgs/include/yolo_msgs/yolo_msgs/srv/detail/set_classes__struct.hpp
[3.633s] -- Up-to-date: /Bt/install/yolo_msgs/include/yolo_msgs/yolo_msgs/srv/detail/set_classes__type_support.hpp
[3.633s] -- Up-to-date: /Bt/install/yolo_msgs/include/yolo_msgs/yolo_msgs/srv/detail/set_classes__traits.hpp
[3.634s] -- Up-to-date: /Bt/install/yolo_msgs/include/yolo_msgs/yolo_msgs
[3.634s] -- Up-to-date: /Bt/install/yolo_msgs/include/yolo_msgs/yolo_msgs/msg
[3.634s] -- Up-to-date: /Bt/install/yolo_msgs/include/yolo_msgs/yolo_msgs/msg/detail
[3.634s] -- Up-to-date: /Bt/install/yolo_msgs/include/yolo_msgs/yolo_msgs/msg/detail/key_point2_d_array__rosidl_typesupport_fastrtps_cpp.hpp
[3.635s] -- Up-to-date: /Bt/install/yolo_msgs/include/yolo_msgs/yolo_msgs/msg/detail/mask__rosidl_typesupport_fastrtps_cpp.hpp
[3.635s] -- Up-to-date: /Bt/install/yolo_msgs/include/yolo_msgs/yolo_msgs/msg/detail/key_point3_d_array__rosidl_typesupport_fastrtps_cpp.hpp
[3.635s] -- Up-to-date: /Bt/install/yolo_msgs/include/yolo_msgs/yolo_msgs/msg/detail/point2_d__rosidl_typesupport_fastrtps_cpp.hpp
[3.641s] -- Up-to-date: /Bt/install/yolo_msgs/include/yolo_msgs/yolo_msgs/msg/detail/key_point3_d__rosidl_typesupport_fastrtps_cpp.hpp
[3.641s] -- Up-to-date: /Bt/install/yolo_msgs/include/yolo_msgs/yolo_msgs/msg/detail/bounding_box3_d__rosidl_typesupport_fastrtps_cpp.hpp
[3.643s] -- Up-to-date: /Bt/install/yolo_msgs/include/yolo_msgs/yolo_msgs/msg/detail/detection_array__rosidl_typesupport_fastrtps_cpp.hpp
[3.643s] -- Up-to-date: /Bt/install/yolo_msgs/include/yolo_msgs/yolo_msgs/msg/detail/key_point2_d__rosidl_typesupport_fastrtps_cpp.hpp
[3.643s] -- Up-to-date: /Bt/install/yolo_msgs/include/yolo_msgs/yolo_msgs/msg/detail/detection__rosidl_typesupport_fastrtps_cpp.hpp
[3.643s] -- Up-to-date: /Bt/install/yolo_msgs/include/yolo_msgs/yolo_msgs/msg/detail/vector2__rosidl_typesupport_fastrtps_cpp.hpp
[3.644s] -- Up-to-date: /Bt/install/yolo_msgs/include/yolo_msgs/yolo_msgs/msg/detail/dds_fastrtps
[3.644s] -- Up-to-date: /Bt/install/yolo_msgs/include/yolo_msgs/yolo_msgs/msg/detail/pose2_d__rosidl_typesupport_fastrtps_cpp.hpp
[3.644s] -- Up-to-date: /Bt/install/yolo_msgs/include/yolo_msgs/yolo_msgs/msg/detail/bounding_box2_d__rosidl_typesupport_fastrtps_cpp.hpp
[3.644s] -- Up-to-date: /Bt/install/yolo_msgs/include/yolo_msgs/yolo_msgs/msg/rosidl_typesupport_fastrtps_cpp__visibility_control.h
[3.644s] -- Up-to-date: /Bt/install/yolo_msgs/include/yolo_msgs/yolo_msgs/srv
[3.644s] -- Up-to-date: /Bt/install/yolo_msgs/include/yolo_msgs/yolo_msgs/srv/detail
[3.644s] -- Up-to-date: /Bt/install/yolo_msgs/include/yolo_msgs/yolo_msgs/srv/detail/set_classes__rosidl_typesupport_fastrtps_cpp.hpp
[3.654s] -- Up-to-date: /Bt/install/yolo_msgs/include/yolo_msgs/yolo_msgs/srv/detail/dds_fastrtps
[3.654s] -- Up-to-date: /Bt/install/yolo_msgs/lib/libyolo_msgs__rosidl_typesupport_fastrtps_cpp.so
[3.655s] -- Up-to-date: /Bt/install/yolo_msgs/include/yolo_msgs/yolo_msgs
[3.655s] -- Up-to-date: /Bt/install/yolo_msgs/include/yolo_msgs/yolo_msgs/msg
[3.655s] -- Up-to-date: /Bt/install/yolo_msgs/include/yolo_msgs/yolo_msgs/msg/detail
[3.655s] -- Up-to-date: /Bt/install/yolo_msgs/include/yolo_msgs/yolo_msgs/msg/detail/key_point2_d__type_support.cpp
[3.655s] -- Up-to-date: /Bt/install/yolo_msgs/include/yolo_msgs/yolo_msgs/msg/detail/vector2__type_support.cpp
[3.655s] -- Up-to-date: /Bt/install/yolo_msgs/include/yolo_msgs/yolo_msgs/msg/detail/mask__type_support.cpp
[3.655s] -- Up-to-date: /Bt/install/yolo_msgs/include/yolo_msgs/yolo_msgs/msg/detail/detection__type_support.cpp
[3.656s] -- Up-to-date: /Bt/install/yolo_msgs/include/yolo_msgs/yolo_msgs/msg/detail/bounding_box2_d__type_support.cpp
[3.656s] -- Up-to-date: /Bt/install/yolo_msgs/include/yolo_msgs/yolo_msgs/msg/detail/key_point2_d__rosidl_typesupport_introspection_cpp.hpp
[3.656s] -- Up-to-date: /Bt/install/yolo_msgs/include/yolo_msgs/yolo_msgs/msg/detail/mask__rosidl_typesupport_introspection_cpp.hpp
[3.656s] -- Up-to-date: /Bt/install/yolo_msgs/include/yolo_msgs/yolo_msgs/msg/detail/bounding_box3_d__type_support.cpp
[3.656s] -- Up-to-date: /Bt/install/yolo_msgs/include/yolo_msgs/yolo_msgs/msg/detail/key_point3_d_array__rosidl_typesupport_introspection_cpp.hpp
[3.656s] -- Up-to-date: /Bt/install/yolo_msgs/include/yolo_msgs/yolo_msgs/msg/detail/bounding_box2_d__rosidl_typesupport_introspection_cpp.hpp
[3.656s] -- Up-to-date: /Bt/install/yolo_msgs/include/yolo_msgs/yolo_msgs/msg/detail/point2_d__rosidl_typesupport_introspection_cpp.hpp
[3.675s] -- Up-to-date: /Bt/install/yolo_msgs/include/yolo_msgs/yolo_msgs/msg/detail/key_point2_d_array__rosidl_typesupport_introspection_cpp.hpp
[3.675s] -- Up-to-date: /Bt/install/yolo_msgs/include/yolo_msgs/yolo_msgs/msg/detail/pose2_d__rosidl_typesupport_introspection_cpp.hpp
[3.675s] -- Up-to-date: /Bt/install/yolo_msgs/include/yolo_msgs/yolo_msgs/msg/detail/key_point3_d_array__type_support.cpp
[3.676s] -- Up-to-date: /Bt/install/yolo_msgs/include/yolo_msgs/yolo_msgs/msg/detail/vector2__rosidl_typesupport_introspection_cpp.hpp
[3.676s] -- Up-to-date: /Bt/install/yolo_msgs/include/yolo_msgs/yolo_msgs/msg/detail/point2_d__type_support.cpp
[3.676s] -- Up-to-date: /Bt/install/yolo_msgs/include/yolo_msgs/yolo_msgs/msg/detail/key_point3_d__type_support.cpp
[3.676s] -- Up-to-date: /Bt/install/yolo_msgs/include/yolo_msgs/yolo_msgs/msg/detail/key_point2_d_array__type_support.cpp
[3.676s] -- Up-to-date: /Bt/install/yolo_msgs/include/yolo_msgs/yolo_msgs/msg/detail/bounding_box3_d__rosidl_typesupport_introspection_cpp.hpp
[3.676s] -- Up-to-date: /Bt/install/yolo_msgs/include/yolo_msgs/yolo_msgs/msg/detail/detection_array__type_support.cpp
[3.676s] -- Up-to-date: /Bt/install/yolo_msgs/include/yolo_msgs/yolo_msgs/msg/detail/key_point3_d__rosidl_typesupport_introspection_cpp.hpp
[3.676s] -- Up-to-date: /Bt/install/yolo_msgs/include/yolo_msgs/yolo_msgs/msg/detail/pose2_d__type_support.cpp
[3.677s] -- Up-to-date: /Bt/install/yolo_msgs/include/yolo_msgs/yolo_msgs/msg/detail/detection__rosidl_typesupport_introspection_cpp.hpp
[3.677s] -- Up-to-date: /Bt/install/yolo_msgs/include/yolo_msgs/yolo_msgs/msg/detail/detection_array__rosidl_typesupport_introspection_cpp.hpp
[3.677s] -- Up-to-date: /Bt/install/yolo_msgs/include/yolo_msgs/yolo_msgs/srv
[3.677s] -- Up-to-date: /Bt/install/yolo_msgs/include/yolo_msgs/yolo_msgs/srv/detail
[3.677s] -- Up-to-date: /Bt/install/yolo_msgs/include/yolo_msgs/yolo_msgs/srv/detail/set_classes__type_support.cpp
[3.678s] -- Up-to-date: /Bt/install/yolo_msgs/include/yolo_msgs/yolo_msgs/srv/detail/set_classes__rosidl_typesupport_introspection_cpp.hpp
[3.679s] -- Up-to-date: /Bt/install/yolo_msgs/lib/libyolo_msgs__rosidl_typesupport_introspection_cpp.so
[3.679s] -- Up-to-date: /Bt/install/yolo_msgs/lib/libyolo_msgs__rosidl_typesupport_cpp.so
[3.680s] -- Up-to-date: /Bt/install/yolo_msgs/share/yolo_msgs/environment/pythonpath.sh
[3.680s] -- Up-to-date: /Bt/install/yolo_msgs/share/yolo_msgs/environment/pythonpath.dsv
[3.680s] -- Up-to-date: /Bt/install/yolo_msgs/lib/python3.12/site-packages/yolo_msgs-4.4.1-py3.12.egg-info
[3.680s] -- Installing: /Bt/install/yolo_msgs/lib/python3.12/site-packages/yolo_msgs-4.4.1-py3.12.egg-info/top_level.txt
[3.680s] -- Installing: /Bt/install/yolo_msgs/lib/python3.12/site-packages/yolo_msgs-4.4.1-py3.12.egg-info/PKG-INFO
[3.681s] -- Installing: /Bt/install/yolo_msgs/lib/python3.12/site-packages/yolo_msgs-4.4.1-py3.12.egg-info/SOURCES.txt
[3.681s] -- Installing: /Bt/install/yolo_msgs/lib/python3.12/site-packages/yolo_msgs-4.4.1-py3.12.egg-info/dependency_links.txt
[3.681s] -- Up-to-date: /Bt/install/yolo_msgs/lib/python3.12/site-packages/yolo_msgs
[3.681s] -- Up-to-date: /Bt/install/yolo_msgs/lib/python3.12/site-packages/yolo_msgs/_yolo_msgs_s.ep.rosidl_typesupport_c.c
[3.681s] -- Up-to-date: /Bt/install/yolo_msgs/lib/python3.12/site-packages/yolo_msgs/_yolo_msgs_s.ep.rosidl_typesupport_fastrtps_c.c
[3.681s] -- Up-to-date: /Bt/install/yolo_msgs/lib/python3.12/site-packages/yolo_msgs/yolo_msgs_s__rosidl_typesupport_fastrtps_c.so
[3.681s] -- Up-to-date: /Bt/install/yolo_msgs/lib/python3.12/site-packages/yolo_msgs/_yolo_msgs_s.ep.rosidl_typesupport_introspection_c.c
[3.682s] -- Up-to-date: /Bt/install/yolo_msgs/lib/python3.12/site-packages/yolo_msgs/__init__.py
[3.682s] -- Up-to-date: /Bt/install/yolo_msgs/lib/python3.12/site-packages/yolo_msgs/yolo_msgs_s__rosidl_typesupport_c.so
[3.684s] -- Up-to-date: /Bt/install/yolo_msgs/lib/python3.12/site-packages/yolo_msgs/msg
[3.684s] -- Up-to-date: /Bt/install/yolo_msgs/lib/python3.12/site-packages/yolo_msgs/msg/_bounding_box2_d.py
[3.684s] -- Up-to-date: /Bt/install/yolo_msgs/lib/python3.12/site-packages/yolo_msgs/msg/_mask_s.c
[3.684s] -- Up-to-date: /Bt/install/yolo_msgs/lib/python3.12/site-packages/yolo_msgs/msg/_bounding_box3_d_s.c
[3.684s] -- Up-to-date: /Bt/install/yolo_msgs/lib/python3.12/site-packages/yolo_msgs/msg/_key_point3_d.py
[3.684s] -- Up-to-date: /Bt/install/yolo_msgs/lib/python3.12/site-packages/yolo_msgs/msg/_vector2.py
[3.684s] -- Up-to-date: /Bt/install/yolo_msgs/lib/python3.12/site-packages/yolo_msgs/msg/_bounding_box2_d_s.c
[3.685s] -- Up-to-date: /Bt/install/yolo_msgs/lib/python3.12/site-packages/yolo_msgs/msg/_mask.py
[3.685s] -- Up-to-date: /Bt/install/yolo_msgs/lib/python3.12/site-packages/yolo_msgs/msg/__init__.py
[3.685s] -- Up-to-date: /Bt/install/yolo_msgs/lib/python3.12/site-packages/yolo_msgs/msg/_key_point3_d_array.py
[3.686s] -- Up-to-date: /Bt/install/yolo_msgs/lib/python3.12/site-packages/yolo_msgs/msg/_key_point2_d_array.py
[3.686s] -- Up-to-date: /Bt/install/yolo_msgs/lib/python3.12/site-packages/yolo_msgs/msg/_detection_array_s.c
[3.686s] -- Up-to-date: /Bt/install/yolo_msgs/lib/python3.12/site-packages/yolo_msgs/msg/_key_point2_d_s.c
[3.686s] -- Up-to-date: /Bt/install/yolo_msgs/lib/python3.12/site-packages/yolo_msgs/msg/_key_point3_d_array_s.c
[3.686s] -- Up-to-date: /Bt/install/yolo_msgs/lib/python3.12/site-packages/yolo_msgs/msg/_point2_d.py
[3.686s] -- Up-to-date: /Bt/install/yolo_msgs/lib/python3.12/site-packages/yolo_msgs/msg/_key_point3_d_s.c
[3.686s] -- Up-to-date: /Bt/install/yolo_msgs/lib/python3.12/site-packages/yolo_msgs/msg/_bounding_box3_d.py
[3.686s] -- Up-to-date: /Bt/install/yolo_msgs/lib/python3.12/site-packages/yolo_msgs/msg/_detection.py
[3.687s] -- Up-to-date: /Bt/install/yolo_msgs/lib/python3.12/site-packages/yolo_msgs/msg/_pose2_d_s.c
[3.687s] -- Up-to-date: /Bt/install/yolo_msgs/lib/python3.12/site-packages/yolo_msgs/msg/_key_point2_d.py
[3.687s] -- Up-to-date: /Bt/install/yolo_msgs/lib/python3.12/site-packages/yolo_msgs/msg/_pose2_d.py
[3.687s] -- Up-to-date: /Bt/install/yolo_msgs/lib/python3.12/site-packages/yolo_msgs/msg/_detection_s.c
[3.692s] -- Up-to-date: /Bt/install/yolo_msgs/lib/python3.12/site-packages/yolo_msgs/msg/_key_point2_d_array_s.c
[3.692s] -- Up-to-date: /Bt/install/yolo_msgs/lib/python3.12/site-packages/yolo_msgs/msg/_detection_array.py
[3.692s] -- Up-to-date: /Bt/install/yolo_msgs/lib/python3.12/site-packages/yolo_msgs/msg/_point2_d_s.c
[3.695s] -- Up-to-date: /Bt/install/yolo_msgs/lib/python3.12/site-packages/yolo_msgs/msg/_vector2_s.c
[3.695s] -- Up-to-date: /Bt/install/yolo_msgs/lib/python3.12/site-packages/yolo_msgs/srv
[3.697s] -- Up-to-date: /Bt/install/yolo_msgs/lib/python3.12/site-packages/yolo_msgs/srv/_set_classes_s.c
[3.697s] -- Up-to-date: /Bt/install/yolo_msgs/lib/python3.12/site-packages/yolo_msgs/srv/__init__.py
[3.697s] -- Up-to-date: /Bt/install/yolo_msgs/lib/python3.12/site-packages/yolo_msgs/srv/_set_classes.py
[3.697s] -- Up-to-date: /Bt/install/yolo_msgs/lib/python3.12/site-packages/yolo_msgs/yolo_msgs_s__rosidl_typesupport_introspection_c.so
[3.703s] Listing '/Bt/install/yolo_msgs/lib/python3.12/site-packages/yolo_msgs'...
[3.704s] Listing '/Bt/install/yolo_msgs/lib/python3.12/site-packages/yolo_msgs/msg'...
[3.706s] Listing '/Bt/install/yolo_msgs/lib/python3.12/site-packages/yolo_msgs/srv'...
[3.706s] -- Up-to-date: /Bt/install/yolo_msgs/lib/python3.12/site-packages/yolo_msgs/yolo_msgs_s__rosidl_typesupport_fastrtps_c.so
[3.707s] -- Up-to-date: /Bt/install/yolo_msgs/lib/python3.12/site-packages/yolo_msgs/yolo_msgs_s__rosidl_typesupport_introspection_c.so
[3.708s] -- Up-to-date: /Bt/install/yolo_msgs/lib/python3.12/site-packages/yolo_msgs/yolo_msgs_s__rosidl_typesupport_c.so
[3.708s] -- Up-to-date: /Bt/install/yolo_msgs/lib/libyolo_msgs__rosidl_generator_py.so
[3.711s] -- Up-to-date: /Bt/install/yolo_msgs/share/yolo_msgs/msg/Point2D.idl
[3.711s] -- Up-to-date: /Bt/install/yolo_msgs/share/yolo_msgs/msg/Vector2.idl
[3.712s] -- Up-to-date: /Bt/install/yolo_msgs/share/yolo_msgs/msg/Pose2D.idl
[3.712s] -- Up-to-date: /Bt/install/yolo_msgs/share/yolo_msgs/msg/BoundingBox2D.idl
[3.712s] -- Up-to-date: /Bt/install/yolo_msgs/share/yolo_msgs/msg/BoundingBox3D.idl
[3.712s] -- Up-to-date: /Bt/install/yolo_msgs/share/yolo_msgs/msg/Mask.idl
[3.715s] -- Up-to-date: /Bt/install/yolo_msgs/share/yolo_msgs/msg/KeyPoint2D.idl
[3.716s] -- Up-to-date: /Bt/install/yolo_msgs/share/yolo_msgs/msg/KeyPoint2DArray.idl
[3.716s] -- Up-to-date: /Bt/install/yolo_msgs/share/yolo_msgs/msg/KeyPoint3D.idl
[3.716s] -- Up-to-date: /Bt/install/yolo_msgs/share/yolo_msgs/msg/KeyPoint3DArray.idl
[3.716s] -- Up-to-date: /Bt/install/yolo_msgs/share/yolo_msgs/msg/Detection.idl
[3.717s] -- Up-to-date: /Bt/install/yolo_msgs/share/yolo_msgs/msg/DetectionArray.idl
[3.717s] -- Up-to-date: /Bt/install/yolo_msgs/share/yolo_msgs/srv/SetClasses.idl
[3.717s] -- Up-to-date: /Bt/install/yolo_msgs/share/yolo_msgs/msg/Point2D.msg
[3.717s] -- Up-to-date: /Bt/install/yolo_msgs/share/yolo_msgs/msg/Vector2.msg
[3.717s] -- Up-to-date: /Bt/install/yolo_msgs/share/yolo_msgs/msg/Pose2D.msg
[3.718s] -- Up-to-date: /Bt/install/yolo_msgs/share/yolo_msgs/msg/BoundingBox2D.msg
[3.718s] -- Up-to-date: /Bt/install/yolo_msgs/share/yolo_msgs/msg/BoundingBox3D.msg
[3.718s] -- Up-to-date: /Bt/install/yolo_msgs/share/yolo_msgs/msg/Mask.msg
[3.723s] -- Up-to-date: /Bt/install/yolo_msgs/share/yolo_msgs/msg/KeyPoint2D.msg
[3.723s] -- Up-to-date: /Bt/install/yolo_msgs/share/yolo_msgs/msg/KeyPoint2DArray.msg
[3.723s] -- Up-to-date: /Bt/install/yolo_msgs/share/yolo_msgs/msg/KeyPoint3D.msg
[3.724s] -- Up-to-date: /Bt/install/yolo_msgs/share/yolo_msgs/msg/KeyPoint3DArray.msg
[3.724s] -- Up-to-date: /Bt/install/yolo_msgs/share/yolo_msgs/msg/Detection.msg
[3.724s] -- Up-to-date: /Bt/install/yolo_msgs/share/yolo_msgs/msg/DetectionArray.msg
[3.724s] -- Up-to-date: /Bt/install/yolo_msgs/share/yolo_msgs/srv/SetClasses.srv
[3.724s] -- Up-to-date: /Bt/install/yolo_msgs/share/ament_index/resource_index/package_run_dependencies/yolo_msgs
[3.724s] -- Up-to-date: /Bt/install/yolo_msgs/share/ament_index/resource_index/parent_prefix_path/yolo_msgs
[3.724s] -- Up-to-date: /Bt/install/yolo_msgs/share/yolo_msgs/environment/ament_prefix_path.sh
[3.725s] -- Up-to-date: /Bt/install/yolo_msgs/share/yolo_msgs/environment/ament_prefix_path.dsv
[3.725s] -- Up-to-date: /Bt/install/yolo_msgs/share/yolo_msgs/environment/path.sh
[3.725s] -- Up-to-date: /Bt/install/yolo_msgs/share/yolo_msgs/environment/path.dsv
[3.725s] -- Up-to-date: /Bt/install/yolo_msgs/share/yolo_msgs/local_setup.bash
[3.730s] -- Up-to-date: /Bt/install/yolo_msgs/share/yolo_msgs/local_setup.sh
[3.730s] -- Up-to-date: /Bt/install/yolo_msgs/share/yolo_msgs/local_setup.zsh
[3.730s] -- Up-to-date: /Bt/install/yolo_msgs/share/yolo_msgs/local_setup.dsv
[3.732s] -- Installing: /Bt/install/yolo_msgs/share/yolo_msgs/package.dsv
[3.732s] -- Up-to-date: /Bt/install/yolo_msgs/share/ament_index/resource_index/packages/yolo_msgs
[3.732s] -- Up-to-date: /Bt/install/yolo_msgs/share/yolo_msgs/cmake/export_yolo_msgs__rosidl_generator_cExport.cmake
[3.732s] -- Up-to-date: /Bt/install/yolo_msgs/share/yolo_msgs/cmake/export_yolo_msgs__rosidl_generator_cExport-noconfig.cmake
[3.732s] -- Up-to-date: /Bt/install/yolo_msgs/share/yolo_msgs/cmake/export_yolo_msgs__rosidl_typesupport_fastrtps_cExport.cmake
[3.733s] -- Up-to-date: /Bt/install/yolo_msgs/share/yolo_msgs/cmake/export_yolo_msgs__rosidl_typesupport_fastrtps_cExport-noconfig.cmake
[3.733s] -- Up-to-date: /Bt/install/yolo_msgs/share/yolo_msgs/cmake/yolo_msgs__rosidl_typesupport_introspection_cExport.cmake
[3.733s] -- Up-to-date: /Bt/install/yolo_msgs/share/yolo_msgs/cmake/yolo_msgs__rosidl_typesupport_introspection_cExport-noconfig.cmake
[3.733s] -- Up-to-date: /Bt/install/yolo_msgs/share/yolo_msgs/cmake/yolo_msgs__rosidl_typesupport_cExport.cmake
[3.733s] -- Up-to-date: /Bt/install/yolo_msgs/share/yolo_msgs/cmake/yolo_msgs__rosidl_typesupport_cExport-noconfig.cmake
[3.733s] -- Up-to-date: /Bt/install/yolo_msgs/share/yolo_msgs/cmake/export_yolo_msgs__rosidl_generator_cppExport.cmake
[3.733s] -- Up-to-date: /Bt/install/yolo_msgs/share/yolo_msgs/cmake/export_yolo_msgs__rosidl_typesupport_fastrtps_cppExport.cmake
[3.735s] -- Up-to-date: /Bt/install/yolo_msgs/share/yolo_msgs/cmake/export_yolo_msgs__rosidl_typesupport_fastrtps_cppExport-noconfig.cmake
[3.736s] -- Up-to-date: /Bt/install/yolo_msgs/share/yolo_msgs/cmake/yolo_msgs__rosidl_typesupport_introspection_cppExport.cmake
[3.736s] -- Up-to-date: /Bt/install/yolo_msgs/share/yolo_msgs/cmake/yolo_msgs__rosidl_typesupport_introspection_cppExport-noconfig.cmake
[3.736s] -- Up-to-date: /Bt/install/yolo_msgs/share/yolo_msgs/cmake/yolo_msgs__rosidl_typesupport_cppExport.cmake
[3.736s] -- Up-to-date: /Bt/install/yolo_msgs/share/yolo_msgs/cmake/yolo_msgs__rosidl_typesupport_cppExport-noconfig.cmake
[3.736s] -- Up-to-date: /Bt/install/yolo_msgs/share/yolo_msgs/cmake/export_yolo_msgs__rosidl_generator_pyExport.cmake
[3.736s] -- Up-to-date: /Bt/install/yolo_msgs/share/yolo_msgs/cmake/export_yolo_msgs__rosidl_generator_pyExport-noconfig.cmake
[3.736s] -- Up-to-date: /Bt/install/yolo_msgs/share/yolo_msgs/cmake/rosidl_cmake-extras.cmake
[3.736s] -- Up-to-date: /Bt/install/yolo_msgs/share/yolo_msgs/cmake/ament_cmake_export_dependencies-extras.cmake
[3.743s] -- Up-to-date: /Bt/install/yolo_msgs/share/yolo_msgs/cmake/ament_cmake_export_include_directories-extras.cmake
[3.743s] -- Up-to-date: /Bt/install/yolo_msgs/share/yolo_msgs/cmake/ament_cmake_export_libraries-extras.cmake
[3.743s] -- Up-to-date: /Bt/install/yolo_msgs/share/yolo_msgs/cmake/ament_cmake_export_targets-extras.cmake
[3.743s] -- Up-to-date: /Bt/install/yolo_msgs/share/yolo_msgs/cmake/rosidl_cmake_export_typesupport_targets-extras.cmake
[3.743s] -- Up-to-date: /Bt/install/yolo_msgs/share/yolo_msgs/cmake/rosidl_cmake_export_typesupport_libraries-extras.cmake
[3.744s] -- Up-to-date: /Bt/install/yolo_msgs/share/yolo_msgs/cmake/yolo_msgsConfig.cmake
[3.744s] -- Up-to-date: /Bt/install/yolo_msgs/share/yolo_msgs/cmake/yolo_msgsConfig-version.cmake
[3.744s] -- Up-to-date: /Bt/install/yolo_msgs/share/yolo_msgs/package.xml
[3.763s] Invoked command in '/Bt/build/yolo_msgs' returned '0': CMAKE_PREFIX_PATH=${CMAKE_PREFIX_PATH}:/Bt/install/yolo_ros:/Bt/install/ros2_aruco:/Bt/install/launch_pal:/Bt/install/grab2_curobo_planner:/opt/ros/jazzy /usr/bin/cmake --install /Bt/build/yolo_msgs
