[0.538s] Invoking command in '/Bt/build/pal_gripper_controller_configuration': CMAKE_PREFIX_PATH=${CMAKE_PREFIX_PATH}:/opt/ros/jazzy:/Bt/install/yolo_ros:/Bt/install/ros2_aruco:/Bt/install/launch_pal:/Bt/install/grab2_curobo_planner /usr/bin/cmake --build /Bt/build/pal_gripper_controller_configuration -- -j8 -l8
[1.129s] Invoked command in '/Bt/build/pal_gripper_controller_configuration' returned '0': CMAKE_PREFIX_PATH=${CMAKE_PREFIX_PATH}:/opt/ros/jazzy:/Bt/install/yolo_ros:/Bt/install/ros2_aruco:/Bt/install/launch_pal:/Bt/install/grab2_curobo_planner /usr/bin/cmake --build /Bt/build/pal_gripper_controller_configuration -- -j8 -l8
[1.129s] Invoking command in '/Bt/build/pal_gripper_controller_configuration': CMAKE_PREFIX_PATH=${CMAKE_PREFIX_PATH}:/opt/ros/jazzy:/Bt/install/yolo_ros:/Bt/install/ros2_aruco:/Bt/install/launch_pal:/Bt/install/grab2_curobo_planner /usr/bin/cmake --install /Bt/build/pal_gripper_controller_configuration
[1.169s] -- Install configuration: ""
[1.169s] -- Up-to-date: /Bt/install/pal_gripper_controller_configuration/share/pal_gripper_controller_configuration/config
[1.169s] -- Up-to-date: /Bt/install/pal_gripper_controller_configuration/share/pal_gripper_controller_configuration/config/gripper_controller.yaml
[1.169s] -- Up-to-date: /Bt/install/pal_gripper_controller_configuration/share/pal_gripper_controller_configuration/config/current_limit_controllers_left.yaml
[1.171s] -- Up-to-date: /Bt/install/pal_gripper_controller_configuration/share/pal_gripper_controller_configuration/config/gazebo_controller_manager_cfg.yaml
[1.172s] -- Up-to-date: /Bt/install/pal_gripper_controller_configuration/share/pal_gripper_controller_configuration/config/current_limit_controllers_right.yaml
[1.172s] -- Up-to-date: /Bt/install/pal_gripper_controller_configuration/share/pal_gripper_controller_configuration/config/joint_trajectory_controllers.yaml
[1.172s] -- Up-to-date: /Bt/install/pal_gripper_controller_configuration/share/pal_gripper_controller_configuration/config/joint_state_broadcaster.yaml
[1.172s] -- Up-to-date: /Bt/install/pal_gripper_controller_configuration/share/pal_gripper_controller_configuration/config/pids.yaml
[1.172s] -- Up-to-date: /Bt/install/pal_gripper_controller_configuration/share/pal_gripper_controller_configuration/config/current_limit_controllers.yaml
[1.172s] -- Up-to-date: /Bt/install/pal_gripper_controller_configuration/share/pal_gripper_controller_configuration/launch
[1.172s] -- Up-to-date: /Bt/install/pal_gripper_controller_configuration/share/pal_gripper_controller_configuration/launch/pal_gripper_controller.launch.py
[1.172s] -- Up-to-date: /Bt/install/pal_gripper_controller_configuration/share/pal_gripper_controller_configuration/launch/joint_state_broadcaster.launch.py
[1.173s] -- Up-to-date: /Bt/install/pal_gripper_controller_configuration/share/pal_gripper_controller_configuration/launch/gripper_controller.launch
[1.173s] -- Up-to-date: /Bt/install/pal_gripper_controller_configuration/share/pal_gripper_controller_configuration/launch/current_limit_controllers.launch
[1.173s] -- Up-to-date: /Bt/install/pal_gripper_controller_configuration/share/ament_index/resource_index/package_run_dependencies/pal_gripper_controller_configuration
[1.174s] -- Up-to-date: /Bt/install/pal_gripper_controller_configuration/share/ament_index/resource_index/parent_prefix_path/pal_gripper_controller_configuration
[1.174s] -- Up-to-date: /Bt/install/pal_gripper_controller_configuration/share/pal_gripper_controller_configuration/environment/ament_prefix_path.sh
[1.174s] -- Up-to-date: /Bt/install/pal_gripper_controller_configuration/share/pal_gripper_controller_configuration/environment/ament_prefix_path.dsv
[1.174s] -- Up-to-date: /Bt/install/pal_gripper_controller_configuration/share/pal_gripper_controller_configuration/environment/path.sh
[1.174s] -- Up-to-date: /Bt/install/pal_gripper_controller_configuration/share/pal_gripper_controller_configuration/environment/path.dsv
[1.175s] -- Up-to-date: /Bt/install/pal_gripper_controller_configuration/share/pal_gripper_controller_configuration/local_setup.bash
[1.175s] -- Up-to-date: /Bt/install/pal_gripper_controller_configuration/share/pal_gripper_controller_configuration/local_setup.sh
[1.175s] -- Up-to-date: /Bt/install/pal_gripper_controller_configuration/share/pal_gripper_controller_configuration/local_setup.zsh
[1.175s] -- Up-to-date: /Bt/install/pal_gripper_controller_configuration/share/pal_gripper_controller_configuration/local_setup.dsv
[1.175s] -- Installing: /Bt/install/pal_gripper_controller_configuration/share/pal_gripper_controller_configuration/package.dsv
[1.175s] -- Up-to-date: /Bt/install/pal_gripper_controller_configuration/share/ament_index/resource_index/packages/pal_gripper_controller_configuration
[1.176s] -- Up-to-date: /Bt/install/pal_gripper_controller_configuration/share/pal_gripper_controller_configuration/cmake/pal_gripper_controller_configurationConfig.cmake
[1.176s] -- Up-to-date: /Bt/install/pal_gripper_controller_configuration/share/pal_gripper_controller_configuration/cmake/pal_gripper_controller_configurationConfig-version.cmake
[1.176s] -- Up-to-date: /Bt/install/pal_gripper_controller_configuration/share/pal_gripper_controller_configuration/package.xml
[1.313s] Invoked command in '/Bt/build/pal_gripper_controller_configuration' returned '0': CMAKE_PREFIX_PATH=${CMAKE_PREFIX_PATH}:/opt/ros/jazzy:/Bt/install/yolo_ros:/Bt/install/ros2_aruco:/Bt/install/launch_pal:/Bt/install/grab2_curobo_planner /usr/bin/cmake --install /Bt/build/pal_gripper_controller_configuration
