-- Install configuration: ""
-- Up-to-date: /Bt/install/tiago_grab/share/tiago_grab/launch
-- Up-to-date: /Bt/install/tiago_grab/share/tiago_grab/launch/tiago_moveit2.launch.py
-- Up-to-date: /Bt/install/tiago_grab/share/tiago_grab/launch/grab2_grabbers.launch.py
-- Up-to-date: /Bt/install/tiago_grab/share/tiago_grab/config
-- Installing: /Bt/install/tiago_grab/share/tiago_grab/config/tiago_positions.yaml
-- Up-to-date: /Bt/install/tiago_grab/share/tiago_grab/config/grabbers_config.yaml
-- Up-to-date: /Bt/install/tiago_grab/share/tiago_grab/behavior_trees
-- Up-to-date: /Bt/install/tiago_grab/share/tiago_grab/behavior_trees/pick_object_bt.xml
-- Up-to-date: /Bt/install/tiago_grab/share/ament_index/resource_index/package_run_dependencies/tiago_grab
-- Up-to-date: /Bt/install/tiago_grab/share/ament_index/resource_index/parent_prefix_path/tiago_grab
-- Up-to-date: /Bt/install/tiago_grab/share/tiago_grab/environment/ament_prefix_path.sh
-- Up-to-date: /Bt/install/tiago_grab/share/tiago_grab/environment/ament_prefix_path.dsv
-- Up-to-date: /Bt/install/tiago_grab/share/tiago_grab/environment/path.sh
-- Up-to-date: /Bt/install/tiago_grab/share/tiago_grab/environment/path.dsv
-- Up-to-date: /Bt/install/tiago_grab/share/tiago_grab/local_setup.bash
-- Up-to-date: /Bt/install/tiago_grab/share/tiago_grab/local_setup.sh
-- Up-to-date: /Bt/install/tiago_grab/share/tiago_grab/local_setup.zsh
-- Up-to-date: /Bt/install/tiago_grab/share/tiago_grab/local_setup.dsv
-- Installing: /Bt/install/tiago_grab/share/tiago_grab/package.dsv
-- Up-to-date: /Bt/install/tiago_grab/share/ament_index/resource_index/packages/tiago_grab
-- Up-to-date: /Bt/install/tiago_grab/share/tiago_grab/cmake/tiago_grabConfig.cmake
-- Up-to-date: /Bt/install/tiago_grab/share/tiago_grab/cmake/tiago_grabConfig-version.cmake
-- Up-to-date: /Bt/install/tiago_grab/share/tiago_grab/package.xml
