[0.294s] Invoking command in '/Bt/build/pal_maps': CMAKE_PREFIX_PATH=${CMAKE_PREFIX_PATH}:/Bt/install/yolo_ros:/Bt/install/ros2_aruco:/Bt/install/launch_pal:/Bt/install/grab2_curobo_planner:/opt/ros/jazzy /usr/bin/cmake --build /Bt/build/pal_maps -- -j8 -l8
[0.423s] Invoked command in '/Bt/build/pal_maps' returned '0': CMAKE_PREFIX_PATH=${CMAKE_PREFIX_PATH}:/Bt/install/yolo_ros:/Bt/install/ros2_aruco:/Bt/install/launch_pal:/Bt/install/grab2_curobo_planner:/opt/ros/jazzy /usr/bin/cmake --build /Bt/build/pal_maps -- -j8 -l8
[0.423s] Invoking command in '/Bt/build/pal_maps': CMAKE_PREFIX_PATH=${CMAKE_PREFIX_PATH}:/Bt/install/yolo_ros:/Bt/install/ros2_aruco:/Bt/install/launch_pal:/Bt/install/grab2_curobo_planner:/opt/ros/jazzy /usr/bin/cmake --install /Bt/build/pal_maps
[0.448s] -- Install configuration: ""
[0.448s] -- Up-to-date: /Bt/install/pal_maps/share/pal_maps/maps
[0.449s] -- Up-to-date: /Bt/install/pal_maps/share/pal_maps/maps/obstacle_avoidance_world
[0.449s] -- Up-to-date: /Bt/install/pal_maps/share/pal_maps/maps/obstacle_avoidance_world/map.yaml
[0.449s] -- Up-to-date: /Bt/install/pal_maps/share/pal_maps/maps/obstacle_avoidance_world/map.pgm
[0.449s] -- Up-to-date: /Bt/install/pal_maps/share/pal_maps/maps/pal_office_7th_floor
[0.449s] -- Up-to-date: /Bt/install/pal_maps/share/pal_maps/maps/pal_office_7th_floor/map.yaml
[0.449s] -- Up-to-date: /Bt/install/pal_maps/share/pal_maps/maps/pal_office_7th_floor/map.pgm
[0.450s] -- Up-to-date: /Bt/install/pal_maps/share/pal_maps/maps/corridor_85cm
[0.450s] -- Up-to-date: /Bt/install/pal_maps/share/pal_maps/maps/corridor_85cm/map.yaml
[0.450s] -- Up-to-date: /Bt/install/pal_maps/share/pal_maps/maps/corridor_85cm/map.pgm
[0.450s] -- Up-to-date: /Bt/install/pal_maps/share/pal_maps/maps/home
[0.450s] -- Up-to-date: /Bt/install/pal_maps/share/pal_maps/maps/home/map.yaml
[0.450s] -- Up-to-date: /Bt/install/pal_maps/share/pal_maps/maps/home/map.pgm
[0.450s] -- Up-to-date: /Bt/install/pal_maps/share/pal_maps/maps/pal_office
[0.451s] -- Up-to-date: /Bt/install/pal_maps/share/pal_maps/maps/pal_office/map.yaml
[0.451s] -- Up-to-date: /Bt/install/pal_maps/share/pal_maps/maps/pal_office/map.pgm
[0.451s] -- Up-to-date: /Bt/install/pal_maps/share/pal_maps/maps/corridor_95cm
[0.451s] -- Up-to-date: /Bt/install/pal_maps/share/pal_maps/maps/corridor_95cm/map.yaml
[0.451s] -- Up-to-date: /Bt/install/pal_maps/share/pal_maps/maps/corridor_95cm/map.pgm
[0.451s] -- Up-to-date: /Bt/install/pal_maps/share/pal_maps/maps/hospital_with_aruco
[0.451s] -- Up-to-date: /Bt/install/pal_maps/share/pal_maps/maps/hospital_with_aruco/map.yaml
[0.452s] -- Up-to-date: /Bt/install/pal_maps/share/pal_maps/maps/hospital_with_aruco/map.pgm
[0.452s] -- Up-to-date: /Bt/install/pal_maps/share/pal_maps/maps/small_warehouse
[0.488s] -- Up-to-date: /Bt/install/pal_maps/share/pal_maps/maps/small_warehouse/map.yaml
[0.488s] -- Up-to-date: /Bt/install/pal_maps/share/pal_maps/maps/small_warehouse/map.pgm
[0.488s] -- Up-to-date: /Bt/install/pal_maps/share/pal_maps/maps/corridor_110cm
[0.488s] -- Up-to-date: /Bt/install/pal_maps/share/pal_maps/maps/corridor_110cm/map.yaml
[0.488s] -- Up-to-date: /Bt/install/pal_maps/share/pal_maps/maps/corridor_110cm/map.pgm
[0.488s] -- Up-to-date: /Bt/install/pal_maps/share/pal_maps/maps/hospital
[0.489s] -- Up-to-date: /Bt/install/pal_maps/share/pal_maps/maps/hospital/map.yaml
[0.489s] -- Up-to-date: /Bt/install/pal_maps/share/pal_maps/maps/hospital/map.pgm
[0.489s] -- Up-to-date: /Bt/install/pal_maps/share/pal_maps/maps/dynamic_obstacle_avoidance_world
[0.489s] -- Up-to-date: /Bt/install/pal_maps/share/pal_maps/maps/dynamic_obstacle_avoidance_world/map.yaml
[0.489s] -- Up-to-date: /Bt/install/pal_maps/share/pal_maps/maps/dynamic_obstacle_avoidance_world/map.pgm
[0.489s] -- Up-to-date: /Bt/install/pal_maps/share/pal_maps/maps/roscon_es_25
[0.490s] -- Up-to-date: /Bt/install/pal_maps/share/pal_maps/maps/roscon_es_25/map.yaml
[0.490s] -- Up-to-date: /Bt/install/pal_maps/share/pal_maps/maps/roscon_es_25/map.pgm
[0.493s] -- Up-to-date: /Bt/install/pal_maps/share/pal_maps/maps/willow_garage
[0.493s] -- Up-to-date: /Bt/install/pal_maps/share/pal_maps/maps/willow_garage/map.yaml
[0.493s] -- Up-to-date: /Bt/install/pal_maps/share/pal_maps/maps/willow_garage/map.pgm
[0.500s] -- Up-to-date: /Bt/install/pal_maps/share/pal_maps/maps/small_office
[0.504s] -- Up-to-date: /Bt/install/pal_maps/share/pal_maps/maps/small_office/map.yaml
[0.504s] -- Up-to-date: /Bt/install/pal_maps/share/pal_maps/maps/small_office/map.pgm
[0.504s] -- Up-to-date: /Bt/install/pal_maps/share/pal_maps/maps/small_house
[0.504s] -- Up-to-date: /Bt/install/pal_maps/share/pal_maps/maps/small_house/map.yaml
[0.504s] -- Up-to-date: /Bt/install/pal_maps/share/pal_maps/maps/small_house/map.pgm
[0.504s] -- Up-to-date: /Bt/install/pal_maps/share/ament_index/resource_index/package_run_dependencies/pal_maps
[0.505s] -- Up-to-date: /Bt/install/pal_maps/share/ament_index/resource_index/parent_prefix_path/pal_maps
[0.505s] -- Up-to-date: /Bt/install/pal_maps/share/pal_maps/environment/ament_prefix_path.sh
[0.505s] -- Up-to-date: /Bt/install/pal_maps/share/pal_maps/environment/ament_prefix_path.dsv
[0.505s] -- Up-to-date: /Bt/install/pal_maps/share/pal_maps/environment/path.sh
[0.505s] -- Up-to-date: /Bt/install/pal_maps/share/pal_maps/environment/path.dsv
[0.505s] -- Up-to-date: /Bt/install/pal_maps/share/pal_maps/local_setup.bash
[0.505s] -- Up-to-date: /Bt/install/pal_maps/share/pal_maps/local_setup.sh
[0.506s] -- Up-to-date: /Bt/install/pal_maps/share/pal_maps/local_setup.zsh
[0.506s] -- Up-to-date: /Bt/install/pal_maps/share/pal_maps/local_setup.dsv
[0.506s] -- Installing: /Bt/install/pal_maps/share/pal_maps/package.dsv
[0.506s] -- Up-to-date: /Bt/install/pal_maps/share/ament_index/resource_index/packages/pal_maps
[0.506s] -- Up-to-date: /Bt/install/pal_maps/share/pal_maps/cmake/pal_mapsConfig.cmake
[0.506s] -- Up-to-date: /Bt/install/pal_maps/share/pal_maps/cmake/pal_mapsConfig-version.cmake
[0.506s] -- Up-to-date: /Bt/install/pal_maps/share/pal_maps/package.xml
[0.622s] Invoked command in '/Bt/build/pal_maps' returned '0': CMAKE_PREFIX_PATH=${CMAKE_PREFIX_PATH}:/Bt/install/yolo_ros:/Bt/install/ros2_aruco:/Bt/install/launch_pal:/Bt/install/grab2_curobo_planner:/opt/ros/jazzy /usr/bin/cmake --install /Bt/build/pal_maps
