[0.087s] Invoking command in '/Bt/build/yolo_msgs': CMAKE_PREFIX_PATH=${CMAKE_PREFIX_PATH}:/Bt/install/yolo_ros:/Bt/install/ros2_aruco:/Bt/install/launch_pal:/Bt/install/grab2_curobo_planner:/opt/ros/jazzy /usr/bin/cmake --build /Bt/build/yolo_msgs -- -j8 -l8
[0.264s] [  0%] Built target yolo_msgs__rosidl_generator_type_description
[0.360s] [  0%] Built target ament_cmake_python_copy_yolo_msgs
[0.428s] [ 26%] Built target yolo_msgs__rosidl_generator_c
[1.074s] running egg_info
[1.136s] writing yolo_msgs.egg-info/PKG-INFO
[1.144s] writing dependency_links to yolo_msgs.egg-info/dependency_links.txt
[1.145s] writing top-level names to yolo_msgs.egg-info/top_level.txt
[1.314s] reading manifest file 'yolo_msgs.egg-info/SOURCES.txt'
[1.315s] writing manifest file 'yolo_msgs.egg-info/SOURCES.txt'
[1.415s] [ 26%] Built target ament_cmake_python_build_yolo_msgs_egg
[1.509s] [ 36%] Built target yolo_msgs__rosidl_typesupport_c
[1.648s] [ 46%] Built target yolo_msgs__rosidl_typesupport_introspection_c
[1.855s] [ 55%] Built target yolo_msgs__rosidl_typesupport_fastrtps_c
[2.062s] [ 55%] Built target yolo_msgs__cpp
[2.122s] [ 65%] Built target yolo_msgs__rosidl_typesupport_cpp
[2.122s] [ 75%] Built target yolo_msgs__rosidl_typesupport_introspection_cpp
[2.139s] [ 85%] Built target yolo_msgs__rosidl_typesupport_fastrtps_cpp
[2.139s] [ 85%] Built target yolo_msgs
[2.244s] [ 86%] Built target yolo_msgs__py
[2.399s] [ 96%] Built target yolo_msgs__rosidl_generator_py
[2.461s] [ 97%] Built target yolo_msgs_s__rosidl_typesupport_fastrtps_c
[2.515s] [ 98%] Built target yolo_msgs_s__rosidl_typesupport_c
[2.662s] [100%] Built target yolo_msgs_s__rosidl_typesupport_introspection_c
[2.678s] Invoked command in '/Bt/build/yolo_msgs' returned '0': CMAKE_PREFIX_PATH=${CMAKE_PREFIX_PATH}:/Bt/install/yolo_ros:/Bt/install/ros2_aruco:/Bt/install/launch_pal:/Bt/install/grab2_curobo_planner:/opt/ros/jazzy /usr/bin/cmake --build /Bt/build/yolo_msgs -- -j8 -l8
[2.679s] Invoking command in '/Bt/build/yolo_msgs': CMAKE_PREFIX_PATH=${CMAKE_PREFIX_PATH}:/Bt/install/yolo_ros:/Bt/install/ros2_aruco:/Bt/install/launch_pal:/Bt/install/grab2_curobo_planner:/opt/ros/jazzy /usr/bin/cmake --install /Bt/build/yolo_msgs
[2.715s] -- Install configuration: ""
[2.715s] -- Up-to-date: /Bt/install/yolo_msgs/share/ament_index/resource_index/rosidl_interfaces/yolo_msgs
[2.715s] -- Up-to-date: /Bt/install/yolo_msgs/share/yolo_msgs/msg/Point2D.json
[2.716s] -- Up-to-date: /Bt/install/yolo_msgs/share/yolo_msgs/msg/Vector2.json
[2.716s] -- Up-to-date: /Bt/install/yolo_msgs/share/yolo_msgs/msg/Pose2D.json
[2.716s] -- Up-to-date: /Bt/install/yolo_msgs/share/yolo_msgs/msg/BoundingBox2D.json
[2.716s] -- Up-to-date: /Bt/install/yolo_msgs/share/yolo_msgs/msg/BoundingBox3D.json
[2.716s] -- Up-to-date: /Bt/install/yolo_msgs/share/yolo_msgs/msg/Mask.json
[2.716s] -- Up-to-date: /Bt/install/yolo_msgs/share/yolo_msgs/msg/KeyPoint2D.json
[2.716s] -- Up-to-date: /Bt/install/yolo_msgs/share/yolo_msgs/msg/KeyPoint2DArray.json
[2.717s] -- Up-to-date: /Bt/install/yolo_msgs/share/yolo_msgs/msg/KeyPoint3D.json
[2.717s] -- Up-to-date: /Bt/install/yolo_msgs/share/yolo_msgs/msg/KeyPoint3DArray.json
[2.717s] -- Up-to-date: /Bt/install/yolo_msgs/share/yolo_msgs/msg/Detection.json
[2.717s] -- Up-to-date: /Bt/install/yolo_msgs/share/yolo_msgs/msg/DetectionArray.json
[2.717s] -- Up-to-date: /Bt/install/yolo_msgs/share/yolo_msgs/srv/SetClasses.json
[2.717s] -- Up-to-date: /Bt/install/yolo_msgs/include/yolo_msgs/yolo_msgs
[2.717s] -- Up-to-date: /Bt/install/yolo_msgs/include/yolo_msgs/yolo_msgs/msg
[2.717s] -- Up-to-date: /Bt/install/yolo_msgs/include/yolo_msgs/yolo_msgs/msg/detection.h
[2.718s] -- Up-to-date: /Bt/install/yolo_msgs/include/yolo_msgs/yolo_msgs/msg/point2_d.h
[2.718s] -- Up-to-date: /Bt/install/yolo_msgs/include/yolo_msgs/yolo_msgs/msg/bounding_box2_d.h
[2.725s] -- Up-to-date: /Bt/install/yolo_msgs/include/yolo_msgs/yolo_msgs/msg/key_point2_d.h
[2.726s] -- Up-to-date: /Bt/install/yolo_msgs/include/yolo_msgs/yolo_msgs/msg/mask.h
[2.726s] -- Up-to-date: /Bt/install/yolo_msgs/include/yolo_msgs/yolo_msgs/msg/rosidl_generator_c__visibility_control.h
[2.726s] -- Up-to-date: /Bt/install/yolo_msgs/include/yolo_msgs/yolo_msgs/msg/vector2.h
[2.730s] -- Up-to-date: /Bt/install/yolo_msgs/include/yolo_msgs/yolo_msgs/msg/pose2_d.h
[2.731s] -- Up-to-date: /Bt/install/yolo_msgs/include/yolo_msgs/yolo_msgs/msg/detail
[2.731s] -- Installing: /Bt/install/yolo_msgs/include/yolo_msgs/yolo_msgs/msg/detail/detection__type_support.c
[2.731s] -- Up-to-date: /Bt/install/yolo_msgs/include/yolo_msgs/yolo_msgs/msg/detail/key_point2_d_array__type_support.h
[2.732s] -- Up-to-date: /Bt/install/yolo_msgs/include/yolo_msgs/yolo_msgs/msg/detail/bounding_box3_d__type_support.h
[2.732s] -- Installing: /Bt/install/yolo_msgs/include/yolo_msgs/yolo_msgs/msg/detail/bounding_box3_d__type_support.c
[2.732s] -- Installing: /Bt/install/yolo_msgs/include/yolo_msgs/yolo_msgs/msg/detail/detection_array__type_support.c
[2.732s] -- Up-to-date: /Bt/install/yolo_msgs/include/yolo_msgs/yolo_msgs/msg/detail/pose2_d__struct.h
[2.732s] -- Installing: /Bt/install/yolo_msgs/include/yolo_msgs/yolo_msgs/msg/detail/key_point2_d__type_support.c
[2.732s] -- Up-to-date: /Bt/install/yolo_msgs/include/yolo_msgs/yolo_msgs/msg/detail/detection__type_support.h
[2.733s] -- Up-to-date: /Bt/install/yolo_msgs/include/yolo_msgs/yolo_msgs/msg/detail/bounding_box3_d__description.c
[2.733s] -- Up-to-date: /Bt/install/yolo_msgs/include/yolo_msgs/yolo_msgs/msg/detail/point2_d__struct.h
[2.742s] -- Up-to-date: /Bt/install/yolo_msgs/include/yolo_msgs/yolo_msgs/msg/detail/key_point2_d__functions.c
[2.742s] -- Up-to-date: /Bt/install/yolo_msgs/include/yolo_msgs/yolo_msgs/msg/detail/mask__description.c
[2.742s] -- Up-to-date: /Bt/install/yolo_msgs/include/yolo_msgs/yolo_msgs/msg/detail/vector2__functions.h
[2.742s] -- Up-to-date: /Bt/install/yolo_msgs/include/yolo_msgs/yolo_msgs/msg/detail/detection_array__struct.h
[2.742s] -- Up-to-date: /Bt/install/yolo_msgs/include/yolo_msgs/yolo_msgs/msg/detail/key_point3_d__functions.c
[2.748s] -- Up-to-date: /Bt/install/yolo_msgs/include/yolo_msgs/yolo_msgs/msg/detail/point2_d__type_support.h
[2.748s] -- Up-to-date: /Bt/install/yolo_msgs/include/yolo_msgs/yolo_msgs/msg/detail/detection__description.c
[2.748s] -- Up-to-date: /Bt/install/yolo_msgs/include/yolo_msgs/yolo_msgs/msg/detail/key_point2_d__functions.h
[2.748s] -- Up-to-date: /Bt/install/yolo_msgs/include/yolo_msgs/yolo_msgs/msg/detail/key_point2_d_array__functions.c
[2.748s] -- Up-to-date: /Bt/install/yolo_msgs/include/yolo_msgs/yolo_msgs/msg/detail/bounding_box2_d__functions.h
[2.748s] -- Up-to-date: /Bt/install/yolo_msgs/include/yolo_msgs/yolo_msgs/msg/detail/point2_d__functions.h
[2.749s] -- Up-to-date: /Bt/install/yolo_msgs/include/yolo_msgs/yolo_msgs/msg/detail/vector2__functions.c
[2.772s] -- Up-to-date: /Bt/install/yolo_msgs/include/yolo_msgs/yolo_msgs/msg/detail/pose2_d__functions.h
[2.772s] -- Up-to-date: /Bt/install/yolo_msgs/include/yolo_msgs/yolo_msgs/msg/detail/key_point3_d_array__type_support.h
[2.772s] -- Up-to-date: /Bt/install/yolo_msgs/include/yolo_msgs/yolo_msgs/msg/detail/mask__functions.h
[2.772s] -- Up-to-date: /Bt/install/yolo_msgs/include/yolo_msgs/yolo_msgs/msg/detail/vector2__struct.h
[2.773s] -- Up-to-date: /Bt/install/yolo_msgs/include/yolo_msgs/yolo_msgs/msg/detail/detection_array__description.c
[2.773s] -- Up-to-date: /Bt/install/yolo_msgs/include/yolo_msgs/yolo_msgs/msg/detail/key_point3_d_array__functions.c
[2.773s] -- Up-to-date: /Bt/install/yolo_msgs/include/yolo_msgs/yolo_msgs/msg/detail/detection_array__functions.h
[2.773s] -- Up-to-date: /Bt/install/yolo_msgs/include/yolo_msgs/yolo_msgs/msg/detail/key_point2_d__struct.h
[2.773s] -- Up-to-date: /Bt/install/yolo_msgs/include/yolo_msgs/yolo_msgs/msg/detail/key_point2_d__description.c
[2.773s] -- Up-to-date: /Bt/install/yolo_msgs/include/yolo_msgs/yolo_msgs/msg/detail/key_point2_d_array__functions.h
[2.773s] -- Up-to-date: /Bt/install/yolo_msgs/include/yolo_msgs/yolo_msgs/msg/detail/detection__functions.c
[2.774s] -- Up-to-date: /Bt/install/yolo_msgs/include/yolo_msgs/yolo_msgs/msg/detail/mask__struct.h
[2.776s] -- Up-to-date: /Bt/install/yolo_msgs/include/yolo_msgs/yolo_msgs/msg/detail/key_point3_d_array__description.c
[2.776s] -- Installing: /Bt/install/yolo_msgs/include/yolo_msgs/yolo_msgs/msg/detail/bounding_box2_d__type_support.c
[2.776s] -- Up-to-date: /Bt/install/yolo_msgs/include/yolo_msgs/yolo_msgs/msg/detail/key_point3_d__functions.h
[2.776s] -- Up-to-date: /Bt/install/yolo_msgs/include/yolo_msgs/yolo_msgs/msg/detail/vector2__description.c
[2.776s] -- Up-to-date: /Bt/install/yolo_msgs/include/yolo_msgs/yolo_msgs/msg/detail/key_point3_d__type_support.h
[2.776s] -- Up-to-date: /Bt/install/yolo_msgs/include/yolo_msgs/yolo_msgs/msg/detail/bounding_box2_d__description.c
[2.777s] -- Installing: /Bt/install/yolo_msgs/include/yolo_msgs/yolo_msgs/msg/detail/key_point2_d_array__type_support.c
[2.777s] -- Up-to-date: /Bt/install/yolo_msgs/include/yolo_msgs/yolo_msgs/msg/detail/bounding_box2_d__functions.c
[2.792s] -- Up-to-date: /Bt/install/yolo_msgs/include/yolo_msgs/yolo_msgs/msg/detail/key_point3_d__description.c
[2.792s] -- Up-to-date: /Bt/install/yolo_msgs/include/yolo_msgs/yolo_msgs/msg/detail/detection_array__functions.c
[2.792s] -- Up-to-date: /Bt/install/yolo_msgs/include/yolo_msgs/yolo_msgs/msg/detail/bounding_box2_d__struct.h
[2.792s] -- Up-to-date: /Bt/install/yolo_msgs/include/yolo_msgs/yolo_msgs/msg/detail/key_point3_d_array__functions.h
[2.793s] -- Up-to-date: /Bt/install/yolo_msgs/include/yolo_msgs/yolo_msgs/msg/detail/point2_d__functions.c
[2.793s] -- Up-to-date: /Bt/install/yolo_msgs/include/yolo_msgs/yolo_msgs/msg/detail/pose2_d__description.c
[2.793s] -- Up-to-date: /Bt/install/yolo_msgs/include/yolo_msgs/yolo_msgs/msg/detail/key_point2_d__type_support.h
[2.793s] -- Installing: /Bt/install/yolo_msgs/include/yolo_msgs/yolo_msgs/msg/detail/key_point3_d__type_support.c
[2.793s] -- Installing: /Bt/install/yolo_msgs/include/yolo_msgs/yolo_msgs/msg/detail/pose2_d__type_support.c
[2.793s] -- Installing: /Bt/install/yolo_msgs/include/yolo_msgs/yolo_msgs/msg/detail/point2_d__type_support.c
[2.793s] -- Up-to-date: /Bt/install/yolo_msgs/include/yolo_msgs/yolo_msgs/msg/detail/mask__functions.c
[2.793s] -- Up-to-date: /Bt/install/yolo_msgs/include/yolo_msgs/yolo_msgs/msg/detail/bounding_box2_d__type_support.h
[2.793s] -- Up-to-date: /Bt/install/yolo_msgs/include/yolo_msgs/yolo_msgs/msg/detail/bounding_box3_d__struct.h
[2.794s] -- Up-to-date: /Bt/install/yolo_msgs/include/yolo_msgs/yolo_msgs/msg/detail/bounding_box3_d__functions.h
[2.794s] -- Up-to-date: /Bt/install/yolo_msgs/include/yolo_msgs/yolo_msgs/msg/detail/key_point3_d_array__struct.h
[2.794s] -- Up-to-date: /Bt/install/yolo_msgs/include/yolo_msgs/yolo_msgs/msg/detail/detection_array__type_support.h
[2.794s] -- Up-to-date: /Bt/install/yolo_msgs/include/yolo_msgs/yolo_msgs/msg/detail/detection__struct.h
[2.794s] -- Up-to-date: /Bt/install/yolo_msgs/include/yolo_msgs/yolo_msgs/msg/detail/pose2_d__functions.c
[2.794s] -- Up-to-date: /Bt/install/yolo_msgs/include/yolo_msgs/yolo_msgs/msg/detail/vector2__type_support.h
[2.794s] -- Installing: /Bt/install/yolo_msgs/include/yolo_msgs/yolo_msgs/msg/detail/mask__type_support.c
[2.803s] -- Up-to-date: /Bt/install/yolo_msgs/include/yolo_msgs/yolo_msgs/msg/detail/detection__functions.h
[2.804s] -- Installing: /Bt/install/yolo_msgs/include/yolo_msgs/yolo_msgs/msg/detail/key_point3_d_array__type_support.c
[2.805s] -- Up-to-date: /Bt/install/yolo_msgs/include/yolo_msgs/yolo_msgs/msg/detail/mask__type_support.h
[2.805s] -- Installing: /Bt/install/yolo_msgs/include/yolo_msgs/yolo_msgs/msg/detail/vector2__type_support.c
[2.805s] -- Up-to-date: /Bt/install/yolo_msgs/include/yolo_msgs/yolo_msgs/msg/detail/key_point3_d__struct.h
[2.805s] -- Up-to-date: /Bt/install/yolo_msgs/include/yolo_msgs/yolo_msgs/msg/detail/bounding_box3_d__functions.c
[2.805s] -- Up-to-date: /Bt/install/yolo_msgs/include/yolo_msgs/yolo_msgs/msg/detail/pose2_d__type_support.h
[2.806s] -- Up-to-date: /Bt/install/yolo_msgs/include/yolo_msgs/yolo_msgs/msg/detail/point2_d__description.c
[2.806s] -- Up-to-date: /Bt/install/yolo_msgs/include/yolo_msgs/yolo_msgs/msg/detail/key_point2_d_array__description.c
[2.806s] -- Up-to-date: /Bt/install/yolo_msgs/include/yolo_msgs/yolo_msgs/msg/detail/key_point2_d_array__struct.h
[2.806s] -- Up-to-date: /Bt/install/yolo_msgs/include/yolo_msgs/yolo_msgs/msg/key_point2_d_array.h
[2.806s] -- Up-to-date: /Bt/install/yolo_msgs/include/yolo_msgs/yolo_msgs/msg/key_point3_d.h
[2.807s] -- Up-to-date: /Bt/install/yolo_msgs/include/yolo_msgs/yolo_msgs/msg/detection_array.h
[2.807s] -- Up-to-date: /Bt/install/yolo_msgs/include/yolo_msgs/yolo_msgs/msg/bounding_box3_d.h
[2.811s] -- Up-to-date: /Bt/install/yolo_msgs/include/yolo_msgs/yolo_msgs/msg/key_point3_d_array.h
[2.814s] -- Up-to-date: /Bt/install/yolo_msgs/include/yolo_msgs/yolo_msgs/srv
[2.814s] -- Up-to-date: /Bt/install/yolo_msgs/include/yolo_msgs/yolo_msgs/srv/set_classes.h
[2.814s] -- Up-to-date: /Bt/install/yolo_msgs/include/yolo_msgs/yolo_msgs/srv/detail
[2.814s] -- Up-to-date: /Bt/install/yolo_msgs/include/yolo_msgs/yolo_msgs/srv/detail/set_classes__type_support.h
[2.814s] -- Installing: /Bt/install/yolo_msgs/include/yolo_msgs/yolo_msgs/srv/detail/set_classes__type_support.c
[2.814s] -- Up-to-date: /Bt/install/yolo_msgs/include/yolo_msgs/yolo_msgs/srv/detail/set_classes__description.c
[2.815s] -- Up-to-date: /Bt/install/yolo_msgs/include/yolo_msgs/yolo_msgs/srv/detail/set_classes__functions.c
[2.815s] -- Up-to-date: /Bt/install/yolo_msgs/include/yolo_msgs/yolo_msgs/srv/detail/set_classes__struct.h
[2.815s] -- Up-to-date: /Bt/install/yolo_msgs/include/yolo_msgs/yolo_msgs/srv/detail/set_classes__functions.h
[2.816s] -- Up-to-date: /Bt/install/yolo_msgs/share/yolo_msgs/environment/library_path.sh
[2.817s] -- Up-to-date: /Bt/install/yolo_msgs/share/yolo_msgs/environment/library_path.dsv
[2.819s] -- Up-to-date: /Bt/install/yolo_msgs/lib/libyolo_msgs__rosidl_generator_c.so
[2.819s] -- Up-to-date: /Bt/install/yolo_msgs/include/yolo_msgs/yolo_msgs
[2.819s] -- Up-to-date: /Bt/install/yolo_msgs/include/yolo_msgs/yolo_msgs/msg
[2.824s] -- Up-to-date: /Bt/install/yolo_msgs/include/yolo_msgs/yolo_msgs/msg/detail
[2.824s] -- Up-to-date: /Bt/install/yolo_msgs/include/yolo_msgs/yolo_msgs/msg/detail/bounding_box3_d__rosidl_typesupport_fastrtps_c.h
[2.824s] -- Up-to-date: /Bt/install/yolo_msgs/include/yolo_msgs/yolo_msgs/msg/detail/detection__rosidl_typesupport_fastrtps_c.h
[2.824s] -- Up-to-date: /Bt/install/yolo_msgs/include/yolo_msgs/yolo_msgs/msg/detail/key_point2_d_array__rosidl_typesupport_fastrtps_c.h
[2.824s] -- Up-to-date: /Bt/install/yolo_msgs/include/yolo_msgs/yolo_msgs/msg/detail/key_point2_d__rosidl_typesupport_fastrtps_c.h
[2.825s] -- Up-to-date: /Bt/install/yolo_msgs/include/yolo_msgs/yolo_msgs/msg/detail/key_point3_d_array__rosidl_typesupport_fastrtps_c.h
[2.825s] -- Up-to-date: /Bt/install/yolo_msgs/include/yolo_msgs/yolo_msgs/msg/detail/point2_d__rosidl_typesupport_fastrtps_c.h
[2.825s] -- Up-to-date: /Bt/install/yolo_msgs/include/yolo_msgs/yolo_msgs/msg/detail/mask__rosidl_typesupport_fastrtps_c.h
[2.825s] -- Up-to-date: /Bt/install/yolo_msgs/include/yolo_msgs/yolo_msgs/msg/detail/bounding_box2_d__rosidl_typesupport_fastrtps_c.h
[2.825s] -- Up-to-date: /Bt/install/yolo_msgs/include/yolo_msgs/yolo_msgs/msg/detail/vector2__rosidl_typesupport_fastrtps_c.h
[2.825s] -- Up-to-date: /Bt/install/yolo_msgs/include/yolo_msgs/yolo_msgs/msg/detail/pose2_d__rosidl_typesupport_fastrtps_c.h
[2.825s] -- Up-to-date: /Bt/install/yolo_msgs/include/yolo_msgs/yolo_msgs/msg/detail/key_point3_d__rosidl_typesupport_fastrtps_c.h
[2.831s] -- Up-to-date: /Bt/install/yolo_msgs/include/yolo_msgs/yolo_msgs/msg/detail/detection_array__rosidl_typesupport_fastrtps_c.h
[2.831s] -- Up-to-date: /Bt/install/yolo_msgs/include/yolo_msgs/yolo_msgs/msg/rosidl_typesupport_fastrtps_c__visibility_control.h
[2.831s] -- Up-to-date: /Bt/install/yolo_msgs/include/yolo_msgs/yolo_msgs/srv
[2.831s] -- Up-to-date: /Bt/install/yolo_msgs/include/yolo_msgs/yolo_msgs/srv/detail
[2.831s] -- Up-to-date: /Bt/install/yolo_msgs/include/yolo_msgs/yolo_msgs/srv/detail/set_classes__rosidl_typesupport_fastrtps_c.h
[2.832s] -- Up-to-date: /Bt/install/yolo_msgs/lib/libyolo_msgs__rosidl_typesupport_fastrtps_c.so
[2.832s] -- Up-to-date: /Bt/install/yolo_msgs/include/yolo_msgs/yolo_msgs
[2.832s] -- Up-to-date: /Bt/install/yolo_msgs/include/yolo_msgs/yolo_msgs/msg
[2.832s] -- Up-to-date: /Bt/install/yolo_msgs/include/yolo_msgs/yolo_msgs/msg/rosidl_typesupport_introspection_c__visibility_control.h
[2.832s] -- Up-to-date: /Bt/install/yolo_msgs/include/yolo_msgs/yolo_msgs/msg/detail
[2.832s] -- Installing: /Bt/install/yolo_msgs/include/yolo_msgs/yolo_msgs/msg/detail/detection__type_support.c
[2.832s] -- Up-to-date: /Bt/install/yolo_msgs/include/yolo_msgs/yolo_msgs/msg/detail/key_point2_d_array__rosidl_typesupport_introspection_c.h
[2.832s] -- Up-to-date: /Bt/install/yolo_msgs/include/yolo_msgs/yolo_msgs/msg/detail/bounding_box2_d__rosidl_typesupport_introspection_c.h
[2.833s] -- Installing: /Bt/install/yolo_msgs/include/yolo_msgs/yolo_msgs/msg/detail/bounding_box3_d__type_support.c
[2.833s] -- Up-to-date: /Bt/install/yolo_msgs/include/yolo_msgs/yolo_msgs/msg/detail/vector2__rosidl_typesupport_introspection_c.h
[2.833s] -- Installing: /Bt/install/yolo_msgs/include/yolo_msgs/yolo_msgs/msg/detail/detection_array__type_support.c
[2.833s] -- Installing: /Bt/install/yolo_msgs/include/yolo_msgs/yolo_msgs/msg/detail/key_point2_d__type_support.c
[2.833s] -- Up-to-date: /Bt/install/yolo_msgs/include/yolo_msgs/yolo_msgs/msg/detail/point2_d__rosidl_typesupport_introspection_c.h
[2.833s] -- Up-to-date: /Bt/install/yolo_msgs/include/yolo_msgs/yolo_msgs/msg/detail/key_point2_d__rosidl_typesupport_introspection_c.h
[2.833s] -- Up-to-date: /Bt/install/yolo_msgs/include/yolo_msgs/yolo_msgs/msg/detail/mask__rosidl_typesupport_introspection_c.h
[2.834s] -- Installing: /Bt/install/yolo_msgs/include/yolo_msgs/yolo_msgs/msg/detail/bounding_box2_d__type_support.c
[2.834s] -- Up-to-date: /Bt/install/yolo_msgs/include/yolo_msgs/yolo_msgs/msg/detail/key_point3_d__rosidl_typesupport_introspection_c.h
[2.835s] -- Installing: /Bt/install/yolo_msgs/include/yolo_msgs/yolo_msgs/msg/detail/key_point2_d_array__type_support.c
[2.836s] -- Installing: /Bt/install/yolo_msgs/include/yolo_msgs/yolo_msgs/msg/detail/key_point3_d__type_support.c
[2.836s] -- Installing: /Bt/install/yolo_msgs/include/yolo_msgs/yolo_msgs/msg/detail/pose2_d__type_support.c
[2.836s] -- Installing: /Bt/install/yolo_msgs/include/yolo_msgs/yolo_msgs/msg/detail/point2_d__type_support.c
[2.836s] -- Up-to-date: /Bt/install/yolo_msgs/include/yolo_msgs/yolo_msgs/msg/detail/key_point3_d_array__rosidl_typesupport_introspection_c.h
[2.836s] -- Up-to-date: /Bt/install/yolo_msgs/include/yolo_msgs/yolo_msgs/msg/detail/pose2_d__rosidl_typesupport_introspection_c.h
[2.836s] -- Installing: /Bt/install/yolo_msgs/include/yolo_msgs/yolo_msgs/msg/detail/mask__type_support.c
[2.836s] -- Installing: /Bt/install/yolo_msgs/include/yolo_msgs/yolo_msgs/msg/detail/key_point3_d_array__type_support.c
[2.841s] -- Installing: /Bt/install/yolo_msgs/include/yolo_msgs/yolo_msgs/msg/detail/vector2__type_support.c
[2.841s] -- Up-to-date: /Bt/install/yolo_msgs/include/yolo_msgs/yolo_msgs/msg/detail/detection__rosidl_typesupport_introspection_c.h
[2.841s] -- Up-to-date: /Bt/install/yolo_msgs/include/yolo_msgs/yolo_msgs/msg/detail/detection_array__rosidl_typesupport_introspection_c.h
[2.841s] -- Up-to-date: /Bt/install/yolo_msgs/include/yolo_msgs/yolo_msgs/msg/detail/bounding_box3_d__rosidl_typesupport_introspection_c.h
[2.841s] -- Up-to-date: /Bt/install/yolo_msgs/include/yolo_msgs/yolo_msgs/srv
[2.842s] -- Up-to-date: /Bt/install/yolo_msgs/include/yolo_msgs/yolo_msgs/srv/detail
[2.842s] -- Installing: /Bt/install/yolo_msgs/include/yolo_msgs/yolo_msgs/srv/detail/set_classes__type_support.c
[2.842s] -- Up-to-date: /Bt/install/yolo_msgs/include/yolo_msgs/yolo_msgs/srv/detail/set_classes__rosidl_typesupport_introspection_c.h
[2.842s] -- Up-to-date: /Bt/install/yolo_msgs/lib/libyolo_msgs__rosidl_typesupport_introspection_c.so
[2.842s] -- Up-to-date: /Bt/install/yolo_msgs/lib/libyolo_msgs__rosidl_typesupport_c.so
[2.842s] -- Up-to-date: /Bt/install/yolo_msgs/include/yolo_msgs/yolo_msgs
[2.842s] -- Up-to-date: /Bt/install/yolo_msgs/include/yolo_msgs/yolo_msgs/msg
[2.843s] -- Up-to-date: /Bt/install/yolo_msgs/include/yolo_msgs/yolo_msgs/msg/detection_array.hpp
[2.843s] -- Up-to-date: /Bt/install/yolo_msgs/include/yolo_msgs/yolo_msgs/msg/key_point3_d.hpp
[2.843s] -- Up-to-date: /Bt/install/yolo_msgs/include/yolo_msgs/yolo_msgs/msg/point2_d.hpp
[2.843s] -- Up-to-date: /Bt/install/yolo_msgs/include/yolo_msgs/yolo_msgs/msg/pose2_d.hpp
[2.843s] -- Up-to-date: /Bt/install/yolo_msgs/include/yolo_msgs/yolo_msgs/msg/key_point2_d.hpp
[2.843s] -- Up-to-date: /Bt/install/yolo_msgs/include/yolo_msgs/yolo_msgs/msg/key_point2_d_array.hpp
[2.843s] -- Up-to-date: /Bt/install/yolo_msgs/include/yolo_msgs/yolo_msgs/msg/vector2.hpp
[2.843s] -- Up-to-date: /Bt/install/yolo_msgs/include/yolo_msgs/yolo_msgs/msg/detail
[2.844s] -- Up-to-date: /Bt/install/yolo_msgs/include/yolo_msgs/yolo_msgs/msg/detail/vector2__struct.hpp
[2.844s] -- Up-to-date: /Bt/install/yolo_msgs/include/yolo_msgs/yolo_msgs/msg/detail/key_point2_d_array__type_support.hpp
[2.844s] -- Up-to-date: /Bt/install/yolo_msgs/include/yolo_msgs/yolo_msgs/msg/detail/key_point3_d__builder.hpp
[2.844s] -- Up-to-date: /Bt/install/yolo_msgs/include/yolo_msgs/yolo_msgs/msg/detail/key_point2_d__struct.hpp
[2.844s] -- Up-to-date: /Bt/install/yolo_msgs/include/yolo_msgs/yolo_msgs/msg/detail/detection_array__type_support.hpp
[2.844s] -- Up-to-date: /Bt/install/yolo_msgs/include/yolo_msgs/yolo_msgs/msg/detail/bounding_box2_d__struct.hpp
[2.844s] -- Up-to-date: /Bt/install/yolo_msgs/include/yolo_msgs/yolo_msgs/msg/detail/key_point3_d_array__traits.hpp
[2.845s] -- Up-to-date: /Bt/install/yolo_msgs/include/yolo_msgs/yolo_msgs/msg/detail/mask__builder.hpp
[2.845s] -- Up-to-date: /Bt/install/yolo_msgs/include/yolo_msgs/yolo_msgs/msg/detail/detection__type_support.hpp
[2.849s] -- Up-to-date: /Bt/install/yolo_msgs/include/yolo_msgs/yolo_msgs/msg/detail/key_point3_d_array__builder.hpp
[2.850s] -- Up-to-date: /Bt/install/yolo_msgs/include/yolo_msgs/yolo_msgs/msg/detail/bounding_box2_d__type_support.hpp
[2.850s] -- Up-to-date: /Bt/install/yolo_msgs/include/yolo_msgs/yolo_msgs/msg/detail/point2_d__struct.hpp
[2.850s] -- Up-to-date: /Bt/install/yolo_msgs/include/yolo_msgs/yolo_msgs/msg/detail/detection__traits.hpp
[2.850s] -- Up-to-date: /Bt/install/yolo_msgs/include/yolo_msgs/yolo_msgs/msg/detail/bounding_box3_d__struct.hpp
[2.850s] -- Up-to-date: /Bt/install/yolo_msgs/include/yolo_msgs/yolo_msgs/msg/detail/key_point2_d_array__builder.hpp
[2.850s] -- Up-to-date: /Bt/install/yolo_msgs/include/yolo_msgs/yolo_msgs/msg/detail/point2_d__type_support.hpp
[2.850s] -- Up-to-date: /Bt/install/yolo_msgs/include/yolo_msgs/yolo_msgs/msg/detail/pose2_d__traits.hpp
[2.851s] -- Up-to-date: /Bt/install/yolo_msgs/include/yolo_msgs/yolo_msgs/msg/detail/vector2__type_support.hpp
[2.851s] -- Up-to-date: /Bt/install/yolo_msgs/include/yolo_msgs/yolo_msgs/msg/detail/bounding_box3_d__builder.hpp
[2.851s] -- Up-to-date: /Bt/install/yolo_msgs/include/yolo_msgs/yolo_msgs/msg/detail/key_point3_d__traits.hpp
[2.851s] -- Up-to-date: /Bt/install/yolo_msgs/include/yolo_msgs/yolo_msgs/msg/detail/detection__struct.hpp
[2.851s] -- Up-to-date: /Bt/install/yolo_msgs/include/yolo_msgs/yolo_msgs/msg/detail/key_point2_d__type_support.hpp
[2.851s] -- Up-to-date: /Bt/install/yolo_msgs/include/yolo_msgs/yolo_msgs/msg/detail/pose2_d__struct.hpp
[2.851s] -- Up-to-date: /Bt/install/yolo_msgs/include/yolo_msgs/yolo_msgs/msg/detail/mask__struct.hpp
[2.852s] -- Up-to-date: /Bt/install/yolo_msgs/include/yolo_msgs/yolo_msgs/msg/detail/detection_array__struct.hpp
[2.852s] -- Up-to-date: /Bt/install/yolo_msgs/include/yolo_msgs/yolo_msgs/msg/detail/point2_d__traits.hpp
[2.852s] -- Up-to-date: /Bt/install/yolo_msgs/include/yolo_msgs/yolo_msgs/msg/detail/mask__type_support.hpp
[2.852s] -- Up-to-date: /Bt/install/yolo_msgs/include/yolo_msgs/yolo_msgs/msg/detail/bounding_box3_d__traits.hpp
[2.852s] -- Up-to-date: /Bt/install/yolo_msgs/include/yolo_msgs/yolo_msgs/msg/detail/bounding_box2_d__builder.hpp
[2.852s] -- Up-to-date: /Bt/install/yolo_msgs/include/yolo_msgs/yolo_msgs/msg/detail/vector2__traits.hpp
[2.852s] -- Up-to-date: /Bt/install/yolo_msgs/include/yolo_msgs/yolo_msgs/msg/detail/pose2_d__type_support.hpp
[2.855s] -- Up-to-date: /Bt/install/yolo_msgs/include/yolo_msgs/yolo_msgs/msg/detail/key_point2_d__traits.hpp
[2.855s] -- Up-to-date: /Bt/install/yolo_msgs/include/yolo_msgs/yolo_msgs/msg/detail/mask__traits.hpp
[2.855s] -- Up-to-date: /Bt/install/yolo_msgs/include/yolo_msgs/yolo_msgs/msg/detail/pose2_d__builder.hpp
[2.855s] -- Up-to-date: /Bt/install/yolo_msgs/include/yolo_msgs/yolo_msgs/msg/detail/key_point2_d_array__struct.hpp
[2.855s] -- Up-to-date: /Bt/install/yolo_msgs/include/yolo_msgs/yolo_msgs/msg/detail/key_point3_d_array__struct.hpp
[2.856s] -- Up-to-date: /Bt/install/yolo_msgs/include/yolo_msgs/yolo_msgs/msg/detail/key_point3_d__struct.hpp
[2.856s] -- Up-to-date: /Bt/install/yolo_msgs/include/yolo_msgs/yolo_msgs/msg/detail/detection__builder.hpp
[2.856s] -- Up-to-date: /Bt/install/yolo_msgs/include/yolo_msgs/yolo_msgs/msg/detail/bounding_box3_d__type_support.hpp
[2.856s] -- Up-to-date: /Bt/install/yolo_msgs/include/yolo_msgs/yolo_msgs/msg/detail/key_point2_d__builder.hpp
[2.856s] -- Up-to-date: /Bt/install/yolo_msgs/include/yolo_msgs/yolo_msgs/msg/detail/detection_array__builder.hpp
[2.856s] -- Up-to-date: /Bt/install/yolo_msgs/include/yolo_msgs/yolo_msgs/msg/detail/point2_d__builder.hpp
[2.856s] -- Up-to-date: /Bt/install/yolo_msgs/include/yolo_msgs/yolo_msgs/msg/detail/key_point3_d_array__type_support.hpp
[2.856s] -- Up-to-date: /Bt/install/yolo_msgs/include/yolo_msgs/yolo_msgs/msg/detail/vector2__builder.hpp
[2.857s] -- Up-to-date: /Bt/install/yolo_msgs/include/yolo_msgs/yolo_msgs/msg/detail/bounding_box2_d__traits.hpp
[2.857s] -- Up-to-date: /Bt/install/yolo_msgs/include/yolo_msgs/yolo_msgs/msg/detail/detection_array__traits.hpp
[2.857s] -- Up-to-date: /Bt/install/yolo_msgs/include/yolo_msgs/yolo_msgs/msg/detail/key_point3_d__type_support.hpp
[2.857s] -- Up-to-date: /Bt/install/yolo_msgs/include/yolo_msgs/yolo_msgs/msg/detail/key_point2_d_array__traits.hpp
[2.857s] -- Up-to-date: /Bt/install/yolo_msgs/include/yolo_msgs/yolo_msgs/msg/bounding_box3_d.hpp
[2.857s] -- Up-to-date: /Bt/install/yolo_msgs/include/yolo_msgs/yolo_msgs/msg/key_point3_d_array.hpp
[2.857s] -- Up-to-date: /Bt/install/yolo_msgs/include/yolo_msgs/yolo_msgs/msg/detection.hpp
[2.858s] -- Up-to-date: /Bt/install/yolo_msgs/include/yolo_msgs/yolo_msgs/msg/bounding_box2_d.hpp
[2.858s] -- Up-to-date: /Bt/install/yolo_msgs/include/yolo_msgs/yolo_msgs/msg/mask.hpp
[2.860s] -- Up-to-date: /Bt/install/yolo_msgs/include/yolo_msgs/yolo_msgs/msg/rosidl_generator_cpp__visibility_control.hpp
[2.860s] -- Up-to-date: /Bt/install/yolo_msgs/include/yolo_msgs/yolo_msgs/srv
[2.860s] -- Up-to-date: /Bt/install/yolo_msgs/include/yolo_msgs/yolo_msgs/srv/set_classes.hpp
[2.860s] -- Up-to-date: /Bt/install/yolo_msgs/include/yolo_msgs/yolo_msgs/srv/detail
[2.860s] -- Up-to-date: /Bt/install/yolo_msgs/include/yolo_msgs/yolo_msgs/srv/detail/set_classes__builder.hpp
[2.861s] -- Up-to-date: /Bt/install/yolo_msgs/include/yolo_msgs/yolo_msgs/srv/detail/set_classes__struct.hpp
[2.861s] -- Up-to-date: /Bt/install/yolo_msgs/include/yolo_msgs/yolo_msgs/srv/detail/set_classes__type_support.hpp
[2.862s] -- Up-to-date: /Bt/install/yolo_msgs/include/yolo_msgs/yolo_msgs/srv/detail/set_classes__traits.hpp
[2.862s] -- Up-to-date: /Bt/install/yolo_msgs/include/yolo_msgs/yolo_msgs
[2.862s] -- Up-to-date: /Bt/install/yolo_msgs/include/yolo_msgs/yolo_msgs/msg
[2.862s] -- Up-to-date: /Bt/install/yolo_msgs/include/yolo_msgs/yolo_msgs/msg/detail
[2.862s] -- Up-to-date: /Bt/install/yolo_msgs/include/yolo_msgs/yolo_msgs/msg/detail/key_point2_d_array__rosidl_typesupport_fastrtps_cpp.hpp
[2.862s] -- Up-to-date: /Bt/install/yolo_msgs/include/yolo_msgs/yolo_msgs/msg/detail/mask__rosidl_typesupport_fastrtps_cpp.hpp
[2.862s] -- Up-to-date: /Bt/install/yolo_msgs/include/yolo_msgs/yolo_msgs/msg/detail/key_point3_d_array__rosidl_typesupport_fastrtps_cpp.hpp
[2.862s] -- Up-to-date: /Bt/install/yolo_msgs/include/yolo_msgs/yolo_msgs/msg/detail/point2_d__rosidl_typesupport_fastrtps_cpp.hpp
[2.863s] -- Up-to-date: /Bt/install/yolo_msgs/include/yolo_msgs/yolo_msgs/msg/detail/key_point3_d__rosidl_typesupport_fastrtps_cpp.hpp
[2.863s] -- Up-to-date: /Bt/install/yolo_msgs/include/yolo_msgs/yolo_msgs/msg/detail/bounding_box3_d__rosidl_typesupport_fastrtps_cpp.hpp
[2.863s] -- Up-to-date: /Bt/install/yolo_msgs/include/yolo_msgs/yolo_msgs/msg/detail/detection_array__rosidl_typesupport_fastrtps_cpp.hpp
[2.863s] -- Up-to-date: /Bt/install/yolo_msgs/include/yolo_msgs/yolo_msgs/msg/detail/key_point2_d__rosidl_typesupport_fastrtps_cpp.hpp
[2.863s] -- Up-to-date: /Bt/install/yolo_msgs/include/yolo_msgs/yolo_msgs/msg/detail/detection__rosidl_typesupport_fastrtps_cpp.hpp
[2.863s] -- Up-to-date: /Bt/install/yolo_msgs/include/yolo_msgs/yolo_msgs/msg/detail/vector2__rosidl_typesupport_fastrtps_cpp.hpp
[2.863s] -- Up-to-date: /Bt/install/yolo_msgs/include/yolo_msgs/yolo_msgs/msg/detail/dds_fastrtps
[2.863s] -- Up-to-date: /Bt/install/yolo_msgs/include/yolo_msgs/yolo_msgs/msg/detail/pose2_d__rosidl_typesupport_fastrtps_cpp.hpp
[2.864s] -- Up-to-date: /Bt/install/yolo_msgs/include/yolo_msgs/yolo_msgs/msg/detail/bounding_box2_d__rosidl_typesupport_fastrtps_cpp.hpp
[2.864s] -- Up-to-date: /Bt/install/yolo_msgs/include/yolo_msgs/yolo_msgs/msg/rosidl_typesupport_fastrtps_cpp__visibility_control.h
[2.864s] -- Up-to-date: /Bt/install/yolo_msgs/include/yolo_msgs/yolo_msgs/srv
[2.864s] -- Up-to-date: /Bt/install/yolo_msgs/include/yolo_msgs/yolo_msgs/srv/detail
[2.864s] -- Up-to-date: /Bt/install/yolo_msgs/include/yolo_msgs/yolo_msgs/srv/detail/set_classes__rosidl_typesupport_fastrtps_cpp.hpp
[2.865s] -- Up-to-date: /Bt/install/yolo_msgs/include/yolo_msgs/yolo_msgs/srv/detail/dds_fastrtps
[2.865s] -- Up-to-date: /Bt/install/yolo_msgs/lib/libyolo_msgs__rosidl_typesupport_fastrtps_cpp.so
[2.865s] -- Up-to-date: /Bt/install/yolo_msgs/include/yolo_msgs/yolo_msgs
[2.865s] -- Up-to-date: /Bt/install/yolo_msgs/include/yolo_msgs/yolo_msgs/msg
[2.865s] -- Up-to-date: /Bt/install/yolo_msgs/include/yolo_msgs/yolo_msgs/msg/detail
[2.865s] -- Up-to-date: /Bt/install/yolo_msgs/include/yolo_msgs/yolo_msgs/msg/detail/key_point2_d__type_support.cpp
[2.866s] -- Up-to-date: /Bt/install/yolo_msgs/include/yolo_msgs/yolo_msgs/msg/detail/vector2__type_support.cpp
[2.866s] -- Up-to-date: /Bt/install/yolo_msgs/include/yolo_msgs/yolo_msgs/msg/detail/mask__type_support.cpp
[2.866s] -- Up-to-date: /Bt/install/yolo_msgs/include/yolo_msgs/yolo_msgs/msg/detail/detection__type_support.cpp
[2.867s] -- Up-to-date: /Bt/install/yolo_msgs/include/yolo_msgs/yolo_msgs/msg/detail/bounding_box2_d__type_support.cpp
[2.867s] -- Up-to-date: /Bt/install/yolo_msgs/include/yolo_msgs/yolo_msgs/msg/detail/key_point2_d__rosidl_typesupport_introspection_cpp.hpp
[2.867s] -- Up-to-date: /Bt/install/yolo_msgs/include/yolo_msgs/yolo_msgs/msg/detail/mask__rosidl_typesupport_introspection_cpp.hpp
[2.867s] -- Up-to-date: /Bt/install/yolo_msgs/include/yolo_msgs/yolo_msgs/msg/detail/bounding_box3_d__type_support.cpp
[2.867s] -- Up-to-date: /Bt/install/yolo_msgs/include/yolo_msgs/yolo_msgs/msg/detail/key_point3_d_array__rosidl_typesupport_introspection_cpp.hpp
[2.867s] -- Up-to-date: /Bt/install/yolo_msgs/include/yolo_msgs/yolo_msgs/msg/detail/bounding_box2_d__rosidl_typesupport_introspection_cpp.hpp
[2.868s] -- Up-to-date: /Bt/install/yolo_msgs/include/yolo_msgs/yolo_msgs/msg/detail/point2_d__rosidl_typesupport_introspection_cpp.hpp
[2.869s] -- Up-to-date: /Bt/install/yolo_msgs/include/yolo_msgs/yolo_msgs/msg/detail/key_point2_d_array__rosidl_typesupport_introspection_cpp.hpp
[2.869s] -- Up-to-date: /Bt/install/yolo_msgs/include/yolo_msgs/yolo_msgs/msg/detail/pose2_d__rosidl_typesupport_introspection_cpp.hpp
[2.869s] -- Up-to-date: /Bt/install/yolo_msgs/include/yolo_msgs/yolo_msgs/msg/detail/key_point3_d_array__type_support.cpp
[2.872s] -- Up-to-date: /Bt/install/yolo_msgs/include/yolo_msgs/yolo_msgs/msg/detail/vector2__rosidl_typesupport_introspection_cpp.hpp
[2.872s] -- Up-to-date: /Bt/install/yolo_msgs/include/yolo_msgs/yolo_msgs/msg/detail/point2_d__type_support.cpp
[2.872s] -- Up-to-date: /Bt/install/yolo_msgs/include/yolo_msgs/yolo_msgs/msg/detail/key_point3_d__type_support.cpp
[2.873s] -- Up-to-date: /Bt/install/yolo_msgs/include/yolo_msgs/yolo_msgs/msg/detail/key_point2_d_array__type_support.cpp
[2.873s] -- Up-to-date: /Bt/install/yolo_msgs/include/yolo_msgs/yolo_msgs/msg/detail/bounding_box3_d__rosidl_typesupport_introspection_cpp.hpp
[2.873s] -- Up-to-date: /Bt/install/yolo_msgs/include/yolo_msgs/yolo_msgs/msg/detail/detection_array__type_support.cpp
[2.873s] -- Up-to-date: /Bt/install/yolo_msgs/include/yolo_msgs/yolo_msgs/msg/detail/key_point3_d__rosidl_typesupport_introspection_cpp.hpp
[2.873s] -- Up-to-date: /Bt/install/yolo_msgs/include/yolo_msgs/yolo_msgs/msg/detail/pose2_d__type_support.cpp
[2.873s] -- Up-to-date: /Bt/install/yolo_msgs/include/yolo_msgs/yolo_msgs/msg/detail/detection__rosidl_typesupport_introspection_cpp.hpp
[2.874s] -- Up-to-date: /Bt/install/yolo_msgs/include/yolo_msgs/yolo_msgs/msg/detail/detection_array__rosidl_typesupport_introspection_cpp.hpp
[2.874s] -- Up-to-date: /Bt/install/yolo_msgs/include/yolo_msgs/yolo_msgs/srv
[2.874s] -- Up-to-date: /Bt/install/yolo_msgs/include/yolo_msgs/yolo_msgs/srv/detail
[2.874s] -- Up-to-date: /Bt/install/yolo_msgs/include/yolo_msgs/yolo_msgs/srv/detail/set_classes__type_support.cpp
[2.874s] -- Up-to-date: /Bt/install/yolo_msgs/include/yolo_msgs/yolo_msgs/srv/detail/set_classes__rosidl_typesupport_introspection_cpp.hpp
[2.874s] -- Up-to-date: /Bt/install/yolo_msgs/lib/libyolo_msgs__rosidl_typesupport_introspection_cpp.so
[2.874s] -- Up-to-date: /Bt/install/yolo_msgs/lib/libyolo_msgs__rosidl_typesupport_cpp.so
[2.875s] -- Up-to-date: /Bt/install/yolo_msgs/share/yolo_msgs/environment/pythonpath.sh
[2.878s] -- Up-to-date: /Bt/install/yolo_msgs/share/yolo_msgs/environment/pythonpath.dsv
[2.878s] -- Up-to-date: /Bt/install/yolo_msgs/lib/python3.12/site-packages/yolo_msgs-4.4.1-py3.12.egg-info
[2.879s] -- Installing: /Bt/install/yolo_msgs/lib/python3.12/site-packages/yolo_msgs-4.4.1-py3.12.egg-info/top_level.txt
[2.879s] -- Installing: /Bt/install/yolo_msgs/lib/python3.12/site-packages/yolo_msgs-4.4.1-py3.12.egg-info/PKG-INFO
[2.879s] -- Installing: /Bt/install/yolo_msgs/lib/python3.12/site-packages/yolo_msgs-4.4.1-py3.12.egg-info/SOURCES.txt
[2.879s] -- Installing: /Bt/install/yolo_msgs/lib/python3.12/site-packages/yolo_msgs-4.4.1-py3.12.egg-info/dependency_links.txt
[2.879s] -- Up-to-date: /Bt/install/yolo_msgs/lib/python3.12/site-packages/yolo_msgs
[2.880s] -- Up-to-date: /Bt/install/yolo_msgs/lib/python3.12/site-packages/yolo_msgs/_yolo_msgs_s.ep.rosidl_typesupport_c.c
[2.880s] -- Up-to-date: /Bt/install/yolo_msgs/lib/python3.12/site-packages/yolo_msgs/_yolo_msgs_s.ep.rosidl_typesupport_fastrtps_c.c
[2.880s] -- Up-to-date: /Bt/install/yolo_msgs/lib/python3.12/site-packages/yolo_msgs/yolo_msgs_s__rosidl_typesupport_fastrtps_c.so
[2.881s] -- Up-to-date: /Bt/install/yolo_msgs/lib/python3.12/site-packages/yolo_msgs/_yolo_msgs_s.ep.rosidl_typesupport_introspection_c.c
[2.881s] -- Up-to-date: /Bt/install/yolo_msgs/lib/python3.12/site-packages/yolo_msgs/__init__.py
[2.881s] -- Up-to-date: /Bt/install/yolo_msgs/lib/python3.12/site-packages/yolo_msgs/yolo_msgs_s__rosidl_typesupport_c.so
[2.881s] -- Up-to-date: /Bt/install/yolo_msgs/lib/python3.12/site-packages/yolo_msgs/msg
[2.881s] -- Up-to-date: /Bt/install/yolo_msgs/lib/python3.12/site-packages/yolo_msgs/msg/_bounding_box2_d.py
[2.881s] -- Up-to-date: /Bt/install/yolo_msgs/lib/python3.12/site-packages/yolo_msgs/msg/_mask_s.c
[2.882s] -- Up-to-date: /Bt/install/yolo_msgs/lib/python3.12/site-packages/yolo_msgs/msg/_bounding_box3_d_s.c
[2.882s] -- Up-to-date: /Bt/install/yolo_msgs/lib/python3.12/site-packages/yolo_msgs/msg/_key_point3_d.py
[2.882s] -- Up-to-date: /Bt/install/yolo_msgs/lib/python3.12/site-packages/yolo_msgs/msg/_vector2.py
[2.882s] -- Up-to-date: /Bt/install/yolo_msgs/lib/python3.12/site-packages/yolo_msgs/msg/_bounding_box2_d_s.c
[2.882s] -- Up-to-date: /Bt/install/yolo_msgs/lib/python3.12/site-packages/yolo_msgs/msg/_mask.py
[2.882s] -- Up-to-date: /Bt/install/yolo_msgs/lib/python3.12/site-packages/yolo_msgs/msg/__init__.py
[2.882s] -- Up-to-date: /Bt/install/yolo_msgs/lib/python3.12/site-packages/yolo_msgs/msg/_key_point3_d_array.py
[2.883s] -- Up-to-date: /Bt/install/yolo_msgs/lib/python3.12/site-packages/yolo_msgs/msg/_key_point2_d_array.py
[2.883s] -- Up-to-date: /Bt/install/yolo_msgs/lib/python3.12/site-packages/yolo_msgs/msg/_detection_array_s.c
[2.883s] -- Up-to-date: /Bt/install/yolo_msgs/lib/python3.12/site-packages/yolo_msgs/msg/_key_point2_d_s.c
[2.883s] -- Up-to-date: /Bt/install/yolo_msgs/lib/python3.12/site-packages/yolo_msgs/msg/_key_point3_d_array_s.c
[2.883s] -- Up-to-date: /Bt/install/yolo_msgs/lib/python3.12/site-packages/yolo_msgs/msg/_point2_d.py
[2.883s] -- Up-to-date: /Bt/install/yolo_msgs/lib/python3.12/site-packages/yolo_msgs/msg/_key_point3_d_s.c
[2.883s] -- Up-to-date: /Bt/install/yolo_msgs/lib/python3.12/site-packages/yolo_msgs/msg/_bounding_box3_d.py
[2.884s] -- Up-to-date: /Bt/install/yolo_msgs/lib/python3.12/site-packages/yolo_msgs/msg/_detection.py
[2.884s] -- Up-to-date: /Bt/install/yolo_msgs/lib/python3.12/site-packages/yolo_msgs/msg/_pose2_d_s.c
[2.888s] -- Up-to-date: /Bt/install/yolo_msgs/lib/python3.12/site-packages/yolo_msgs/msg/_key_point2_d.py
[2.888s] -- Up-to-date: /Bt/install/yolo_msgs/lib/python3.12/site-packages/yolo_msgs/msg/_pose2_d.py
[2.889s] -- Up-to-date: /Bt/install/yolo_msgs/lib/python3.12/site-packages/yolo_msgs/msg/_detection_s.c
[2.889s] -- Up-to-date: /Bt/install/yolo_msgs/lib/python3.12/site-packages/yolo_msgs/msg/_key_point2_d_array_s.c
[2.889s] -- Up-to-date: /Bt/install/yolo_msgs/lib/python3.12/site-packages/yolo_msgs/msg/_detection_array.py
[2.889s] -- Up-to-date: /Bt/install/yolo_msgs/lib/python3.12/site-packages/yolo_msgs/msg/_point2_d_s.c
[2.889s] -- Up-to-date: /Bt/install/yolo_msgs/lib/python3.12/site-packages/yolo_msgs/msg/_vector2_s.c
[2.889s] -- Up-to-date: /Bt/install/yolo_msgs/lib/python3.12/site-packages/yolo_msgs/srv
[2.889s] -- Up-to-date: /Bt/install/yolo_msgs/lib/python3.12/site-packages/yolo_msgs/srv/_set_classes_s.c
[2.890s] -- Up-to-date: /Bt/install/yolo_msgs/lib/python3.12/site-packages/yolo_msgs/srv/__init__.py
[2.890s] -- Up-to-date: /Bt/install/yolo_msgs/lib/python3.12/site-packages/yolo_msgs/srv/_set_classes.py
[2.890s] -- Up-to-date: /Bt/install/yolo_msgs/lib/python3.12/site-packages/yolo_msgs/yolo_msgs_s__rosidl_typesupport_introspection_c.so
[2.919s] Listing '/Bt/install/yolo_msgs/lib/python3.12/site-packages/yolo_msgs'...
[2.919s] Listing '/Bt/install/yolo_msgs/lib/python3.12/site-packages/yolo_msgs/msg'...
[2.919s] Listing '/Bt/install/yolo_msgs/lib/python3.12/site-packages/yolo_msgs/srv'...
[2.930s] -- Up-to-date: /Bt/install/yolo_msgs/lib/python3.12/site-packages/yolo_msgs/yolo_msgs_s__rosidl_typesupport_fastrtps_c.so
[2.930s] -- Up-to-date: /Bt/install/yolo_msgs/lib/python3.12/site-packages/yolo_msgs/yolo_msgs_s__rosidl_typesupport_introspection_c.so
[2.932s] -- Up-to-date: /Bt/install/yolo_msgs/lib/python3.12/site-packages/yolo_msgs/yolo_msgs_s__rosidl_typesupport_c.so
[2.932s] -- Up-to-date: /Bt/install/yolo_msgs/lib/libyolo_msgs__rosidl_generator_py.so
[2.933s] -- Up-to-date: /Bt/install/yolo_msgs/share/yolo_msgs/msg/Point2D.idl
[2.933s] -- Up-to-date: /Bt/install/yolo_msgs/share/yolo_msgs/msg/Vector2.idl
[2.933s] -- Up-to-date: /Bt/install/yolo_msgs/share/yolo_msgs/msg/Pose2D.idl
[2.933s] -- Up-to-date: /Bt/install/yolo_msgs/share/yolo_msgs/msg/BoundingBox2D.idl
[2.933s] -- Up-to-date: /Bt/install/yolo_msgs/share/yolo_msgs/msg/BoundingBox3D.idl
[2.933s] -- Up-to-date: /Bt/install/yolo_msgs/share/yolo_msgs/msg/Mask.idl
[2.933s] -- Up-to-date: /Bt/install/yolo_msgs/share/yolo_msgs/msg/KeyPoint2D.idl
[2.934s] -- Up-to-date: /Bt/install/yolo_msgs/share/yolo_msgs/msg/KeyPoint2DArray.idl
[2.934s] -- Up-to-date: /Bt/install/yolo_msgs/share/yolo_msgs/msg/KeyPoint3D.idl
[2.942s] -- Up-to-date: /Bt/install/yolo_msgs/share/yolo_msgs/msg/KeyPoint3DArray.idl
[2.943s] -- Up-to-date: /Bt/install/yolo_msgs/share/yolo_msgs/msg/Detection.idl
[2.943s] -- Up-to-date: /Bt/install/yolo_msgs/share/yolo_msgs/msg/DetectionArray.idl
[2.943s] -- Up-to-date: /Bt/install/yolo_msgs/share/yolo_msgs/srv/SetClasses.idl
[2.943s] -- Up-to-date: /Bt/install/yolo_msgs/share/yolo_msgs/msg/Point2D.msg
[2.943s] -- Up-to-date: /Bt/install/yolo_msgs/share/yolo_msgs/msg/Vector2.msg
[2.943s] -- Up-to-date: /Bt/install/yolo_msgs/share/yolo_msgs/msg/Pose2D.msg
[2.944s] -- Up-to-date: /Bt/install/yolo_msgs/share/yolo_msgs/msg/BoundingBox2D.msg
[2.944s] -- Up-to-date: /Bt/install/yolo_msgs/share/yolo_msgs/msg/BoundingBox3D.msg
[2.944s] -- Up-to-date: /Bt/install/yolo_msgs/share/yolo_msgs/msg/Mask.msg
[2.944s] -- Up-to-date: /Bt/install/yolo_msgs/share/yolo_msgs/msg/KeyPoint2D.msg
[2.944s] -- Up-to-date: /Bt/install/yolo_msgs/share/yolo_msgs/msg/KeyPoint2DArray.msg
[2.944s] -- Up-to-date: /Bt/install/yolo_msgs/share/yolo_msgs/msg/KeyPoint3D.msg
[2.944s] -- Up-to-date: /Bt/install/yolo_msgs/share/yolo_msgs/msg/KeyPoint3DArray.msg
[2.945s] -- Up-to-date: /Bt/install/yolo_msgs/share/yolo_msgs/msg/Detection.msg
[2.945s] -- Up-to-date: /Bt/install/yolo_msgs/share/yolo_msgs/msg/DetectionArray.msg
[2.945s] -- Up-to-date: /Bt/install/yolo_msgs/share/yolo_msgs/srv/SetClasses.srv
[2.945s] -- Up-to-date: /Bt/install/yolo_msgs/share/ament_index/resource_index/package_run_dependencies/yolo_msgs
[2.945s] -- Up-to-date: /Bt/install/yolo_msgs/share/ament_index/resource_index/parent_prefix_path/yolo_msgs
[2.945s] -- Up-to-date: /Bt/install/yolo_msgs/share/yolo_msgs/environment/ament_prefix_path.sh
[2.945s] -- Up-to-date: /Bt/install/yolo_msgs/share/yolo_msgs/environment/ament_prefix_path.dsv
[2.946s] -- Up-to-date: /Bt/install/yolo_msgs/share/yolo_msgs/environment/path.sh
[2.946s] -- Up-to-date: /Bt/install/yolo_msgs/share/yolo_msgs/environment/path.dsv
[2.946s] -- Up-to-date: /Bt/install/yolo_msgs/share/yolo_msgs/local_setup.bash
[2.946s] -- Up-to-date: /Bt/install/yolo_msgs/share/yolo_msgs/local_setup.sh
[2.947s] -- Up-to-date: /Bt/install/yolo_msgs/share/yolo_msgs/local_setup.zsh
[2.947s] -- Up-to-date: /Bt/install/yolo_msgs/share/yolo_msgs/local_setup.dsv
[2.947s] -- Installing: /Bt/install/yolo_msgs/share/yolo_msgs/package.dsv
[2.948s] -- Up-to-date: /Bt/install/yolo_msgs/share/ament_index/resource_index/packages/yolo_msgs
[2.948s] -- Up-to-date: /Bt/install/yolo_msgs/share/yolo_msgs/cmake/export_yolo_msgs__rosidl_generator_cExport.cmake
[2.948s] -- Up-to-date: /Bt/install/yolo_msgs/share/yolo_msgs/cmake/export_yolo_msgs__rosidl_generator_cExport-noconfig.cmake
[2.948s] -- Up-to-date: /Bt/install/yolo_msgs/share/yolo_msgs/cmake/export_yolo_msgs__rosidl_typesupport_fastrtps_cExport.cmake
[2.948s] -- Up-to-date: /Bt/install/yolo_msgs/share/yolo_msgs/cmake/export_yolo_msgs__rosidl_typesupport_fastrtps_cExport-noconfig.cmake
[2.949s] -- Up-to-date: /Bt/install/yolo_msgs/share/yolo_msgs/cmake/yolo_msgs__rosidl_typesupport_introspection_cExport.cmake
[2.949s] -- Up-to-date: /Bt/install/yolo_msgs/share/yolo_msgs/cmake/yolo_msgs__rosidl_typesupport_introspection_cExport-noconfig.cmake
[2.949s] -- Up-to-date: /Bt/install/yolo_msgs/share/yolo_msgs/cmake/yolo_msgs__rosidl_typesupport_cExport.cmake
[2.951s] -- Up-to-date: /Bt/install/yolo_msgs/share/yolo_msgs/cmake/yolo_msgs__rosidl_typesupport_cExport-noconfig.cmake
[2.951s] -- Up-to-date: /Bt/install/yolo_msgs/share/yolo_msgs/cmake/export_yolo_msgs__rosidl_generator_cppExport.cmake
[2.951s] -- Up-to-date: /Bt/install/yolo_msgs/share/yolo_msgs/cmake/export_yolo_msgs__rosidl_typesupport_fastrtps_cppExport.cmake
[2.951s] -- Up-to-date: /Bt/install/yolo_msgs/share/yolo_msgs/cmake/export_yolo_msgs__rosidl_typesupport_fastrtps_cppExport-noconfig.cmake
[2.951s] -- Up-to-date: /Bt/install/yolo_msgs/share/yolo_msgs/cmake/yolo_msgs__rosidl_typesupport_introspection_cppExport.cmake
[2.952s] -- Up-to-date: /Bt/install/yolo_msgs/share/yolo_msgs/cmake/yolo_msgs__rosidl_typesupport_introspection_cppExport-noconfig.cmake
[2.952s] -- Up-to-date: /Bt/install/yolo_msgs/share/yolo_msgs/cmake/yolo_msgs__rosidl_typesupport_cppExport.cmake
[2.953s] -- Up-to-date: /Bt/install/yolo_msgs/share/yolo_msgs/cmake/yolo_msgs__rosidl_typesupport_cppExport-noconfig.cmake
[2.953s] -- Up-to-date: /Bt/install/yolo_msgs/share/yolo_msgs/cmake/export_yolo_msgs__rosidl_generator_pyExport.cmake
[2.953s] -- Up-to-date: /Bt/install/yolo_msgs/share/yolo_msgs/cmake/export_yolo_msgs__rosidl_generator_pyExport-noconfig.cmake
[2.953s] -- Up-to-date: /Bt/install/yolo_msgs/share/yolo_msgs/cmake/rosidl_cmake-extras.cmake
[2.953s] -- Up-to-date: /Bt/install/yolo_msgs/share/yolo_msgs/cmake/ament_cmake_export_dependencies-extras.cmake
[2.956s] -- Up-to-date: /Bt/install/yolo_msgs/share/yolo_msgs/cmake/ament_cmake_export_include_directories-extras.cmake
[2.956s] -- Up-to-date: /Bt/install/yolo_msgs/share/yolo_msgs/cmake/ament_cmake_export_libraries-extras.cmake
[2.956s] -- Up-to-date: /Bt/install/yolo_msgs/share/yolo_msgs/cmake/ament_cmake_export_targets-extras.cmake
[2.957s] -- Up-to-date: /Bt/install/yolo_msgs/share/yolo_msgs/cmake/rosidl_cmake_export_typesupport_targets-extras.cmake
[2.957s] -- Up-to-date: /Bt/install/yolo_msgs/share/yolo_msgs/cmake/rosidl_cmake_export_typesupport_libraries-extras.cmake
[2.957s] -- Up-to-date: /Bt/install/yolo_msgs/share/yolo_msgs/cmake/yolo_msgsConfig.cmake
[2.957s] -- Up-to-date: /Bt/install/yolo_msgs/share/yolo_msgs/cmake/yolo_msgsConfig-version.cmake
[2.957s] -- Up-to-date: /Bt/install/yolo_msgs/share/yolo_msgs/package.xml
[2.984s] Invoked command in '/Bt/build/yolo_msgs' returned '0': CMAKE_PREFIX_PATH=${CMAKE_PREFIX_PATH}:/Bt/install/yolo_ros:/Bt/install/ros2_aruco:/Bt/install/launch_pal:/Bt/install/grab2_curobo_planner:/opt/ros/jazzy /usr/bin/cmake --install /Bt/build/yolo_msgs
