[0.262s] Invoking command in '/Bt/build/pal_robotiq_description': CMAKE_PREFIX_PATH=${CMAKE_PREFIX_PATH}:/opt/ros/jazzy:/Bt/install/yolo_ros:/Bt/install/ros2_aruco:/Bt/install/launch_pal:/Bt/install/grab2_curobo_planner /usr/bin/cmake /Bt/ThirdParty/pal_robotiq_gripper/pal_robotiq_description -DCMAKE_INSTALL_PREFIX=/Bt/install/pal_robotiq_description
[0.417s] -- The C compiler identification is GNU 13.3.0
[0.522s] -- The CXX compiler identification is GNU 13.3.0
[0.552s] -- Detecting C compiler ABI info
[0.697s] -- Detecting C compiler ABI info - done
[0.718s] -- Check for working C compiler: /usr/bin/cc - skipped
[0.719s] -- Detecting C compile features
[0.720s] -- Detecting C compile features - done
[0.734s] -- Detecting CXX compiler ABI info
[0.886s] -- Detecting CXX compiler ABI info - done
[0.905s] -- Check for working CXX compiler: /usr/bin/c++ - skipped
[0.905s] -- Detecting CXX compile features
[0.906s] -- Detecting CXX compile features - done
[1.932s] -- Found ament_cmake_auto: 2.5.4 (/opt/ros/jazzy/share/ament_cmake_auto/cmake)
[2.637s] -- Found Python3: /usr/bin/python3 (found version "3.12.3") found components: Interpreter 
[3.354s] -- Found ament_lint_auto: 0.17.3 (/opt/ros/jazzy/share/ament_lint_auto/cmake)
[3.659s] -- Added test 'copyright' to check source files copyright and LICENSE
[3.686s] -- Added test 'flake8' to check Python code syntax and style conventions
[3.686s] -- Configured 'flake8' exclude dirs and/or files: 
[3.693s] -- Added test 'lint_cmake' to check CMake code style
[3.702s] -- Added test 'pep257' to check Python code against some of the docstring style conventions in PEP 257
[3.741s] -- Added test 'xmllint' to check XML markup files
[3.742s] -- Configuring done (3.4s)
[3.748s] -- Generating done (0.0s)
[3.750s] -- Build files have been written to: /Bt/build/pal_robotiq_description
[3.768s] Invoked command in '/Bt/build/pal_robotiq_description' returned '0': CMAKE_PREFIX_PATH=${CMAKE_PREFIX_PATH}:/opt/ros/jazzy:/Bt/install/yolo_ros:/Bt/install/ros2_aruco:/Bt/install/launch_pal:/Bt/install/grab2_curobo_planner /usr/bin/cmake /Bt/ThirdParty/pal_robotiq_gripper/pal_robotiq_description -DCMAKE_INSTALL_PREFIX=/Bt/install/pal_robotiq_description
[3.769s] Invoking command in '/Bt/build/pal_robotiq_description': CMAKE_PREFIX_PATH=${CMAKE_PREFIX_PATH}:/opt/ros/jazzy:/Bt/install/yolo_ros:/Bt/install/ros2_aruco:/Bt/install/launch_pal:/Bt/install/grab2_curobo_planner /usr/bin/cmake --build /Bt/build/pal_robotiq_description -- -j8 -l8
[3.821s] Invoked command in '/Bt/build/pal_robotiq_description' returned '0': CMAKE_PREFIX_PATH=${CMAKE_PREFIX_PATH}:/opt/ros/jazzy:/Bt/install/yolo_ros:/Bt/install/ros2_aruco:/Bt/install/launch_pal:/Bt/install/grab2_curobo_planner /usr/bin/cmake --build /Bt/build/pal_robotiq_description -- -j8 -l8
[3.822s] Invoking command in '/Bt/build/pal_robotiq_description': CMAKE_PREFIX_PATH=${CMAKE_PREFIX_PATH}:/opt/ros/jazzy:/Bt/install/yolo_ros:/Bt/install/ros2_aruco:/Bt/install/launch_pal:/Bt/install/grab2_curobo_planner /usr/bin/cmake --install /Bt/build/pal_robotiq_description
[3.848s] -- Install configuration: ""
[3.848s] -- Installing: /Bt/install/pal_robotiq_description/share/pal_robotiq_description/meshes
[3.849s] -- Installing: /Bt/install/pal_robotiq_description/share/pal_robotiq_description/meshes/visual
[3.849s] -- Installing: /Bt/install/pal_robotiq_description/share/pal_robotiq_description/meshes/visual/robotiq_coupling.stl
[3.853s] -- Installing: /Bt/install/pal_robotiq_description/share/pal_robotiq_description/meshes/visual/robotiq_85_outer_knuckle.dae
[3.879s] -- Installing: /Bt/install/pal_robotiq_description/share/pal_robotiq_description/meshes/visual/robotiq_base_link.stl
[3.960s] -- Installing: /Bt/install/pal_robotiq_description/share/pal_robotiq_description/meshes/visual/robotiq_140_inner_knuckle.stl
[3.986s] -- Installing: /Bt/install/pal_robotiq_description/share/pal_robotiq_description/meshes/visual/robotiq_85_pad.dae
[3.989s] -- Installing: /Bt/install/pal_robotiq_description/share/pal_robotiq_description/meshes/visual/robotiq_140_inner_finger.stl
[3.991s] -- Installing: /Bt/install/pal_robotiq_description/share/pal_robotiq_description/meshes/visual/robotiq_140_outer_knuckle.stl
[4.053s] -- Installing: /Bt/install/pal_robotiq_description/share/pal_robotiq_description/meshes/visual/robotiq_85_outer_finger.dae
[4.055s] -- Installing: /Bt/install/pal_robotiq_description/share/pal_robotiq_description/meshes/visual/pal_robotiq_coupling.stl
[4.375s] -- Installing: /Bt/install/pal_robotiq_description/share/pal_robotiq_description/meshes/visual/robotiq_85_inner_finger.dae
[4.564s] -- Installing: /Bt/install/pal_robotiq_description/share/pal_robotiq_description/meshes/visual/robotiq_85_inner_knuckle.dae
[4.601s] -- Installing: /Bt/install/pal_robotiq_description/share/pal_robotiq_description/meshes/visual/robotiq_140_outer_finger.stl
[4.610s] -- Installing: /Bt/install/pal_robotiq_description/share/pal_robotiq_description/meshes/collision
[4.611s] -- Installing: /Bt/install/pal_robotiq_description/share/pal_robotiq_description/meshes/collision/robotiq_coupling.stl
[4.614s] -- Installing: /Bt/install/pal_robotiq_description/share/pal_robotiq_description/meshes/collision/robotiq_85_outer_knuckle.dae
[4.621s] -- Installing: /Bt/install/pal_robotiq_description/share/pal_robotiq_description/meshes/collision/robotiq_base_link.stl
[4.623s] -- Installing: /Bt/install/pal_robotiq_description/share/pal_robotiq_description/meshes/collision/robotiq_140_inner_knuckle.stl
[4.624s] -- Installing: /Bt/install/pal_robotiq_description/share/pal_robotiq_description/meshes/collision/robotiq_140_inner_finger.stl
[4.624s] -- Installing: /Bt/install/pal_robotiq_description/share/pal_robotiq_description/meshes/collision/robotiq_140_outer_knuckle.stl
[4.626s] -- Installing: /Bt/install/pal_robotiq_description/share/pal_robotiq_description/meshes/collision/robotiq_85_outer_finger.dae
[4.626s] -- Installing: /Bt/install/pal_robotiq_description/share/pal_robotiq_description/meshes/collision/robotiq_85_inner_finger.dae
[4.627s] -- Installing: /Bt/install/pal_robotiq_description/share/pal_robotiq_description/meshes/collision/robotiq_85_base_link.stl
[4.691s] -- Installing: /Bt/install/pal_robotiq_description/share/pal_robotiq_description/meshes/collision/robotiq_85_inner_knuckle.dae
[4.692s] -- Installing: /Bt/install/pal_robotiq_description/share/pal_robotiq_description/meshes/collision/robotiq_140_outer_finger.stl
[4.705s] -- Installing: /Bt/install/pal_robotiq_description/share/pal_robotiq_description/robots
[4.705s] -- Installing: /Bt/install/pal_robotiq_description/share/pal_robotiq_description/robots/pal_robotiq_2f_140_gripper.urdf.xacro
[4.715s] -- Installing: /Bt/install/pal_robotiq_description/share/pal_robotiq_description/robots/pal_robotiq_epick_gripper.urdf.xacro
[4.731s] -- Installing: /Bt/install/pal_robotiq_description/share/pal_robotiq_description/robots/pal_robotiq_2f_85_gripper.urdf.xacro
[4.744s] -- Installing: /Bt/install/pal_robotiq_description/share/pal_robotiq_description/urdf
[4.744s] -- Installing: /Bt/install/pal_robotiq_description/share/pal_robotiq_description/urdf/robotiq.transmission.xacro
[4.745s] -- Installing: /Bt/install/pal_robotiq_description/share/pal_robotiq_description/urdf/robotiq.ros2_control.xacro
[4.758s] -- Installing: /Bt/install/pal_robotiq_description/share/pal_robotiq_description/urdf/robotiq_85_gripper.urdf.xacro
[4.762s] -- Installing: /Bt/install/pal_robotiq_description/share/pal_robotiq_description/urdf/robotiq_140_gripper.urdf.xacro
[4.763s] -- Installing: /Bt/install/pal_robotiq_description/share/pal_robotiq_description/urdf/grasping_frames.xacro
[4.764s] -- Installing: /Bt/install/pal_robotiq_description/share/pal_robotiq_description/launch
[4.764s] -- Installing: /Bt/install/pal_robotiq_description/share/pal_robotiq_description/launch/robot_state_publisher.launch.py
[4.764s] -- Installing: /Bt/install/pal_robotiq_description/share/pal_robotiq_description/launch/show.launch.py
[4.765s] -- Installing: /Bt/install/pal_robotiq_description/share/pal_robotiq_description/config
[4.765s] -- Installing: /Bt/install/pal_robotiq_description/share/pal_robotiq_description/config/pal_robotiq_urdf.rviz
[4.766s] -- Installing: /Bt/install/pal_robotiq_description/share/ament_index/resource_index/package_run_dependencies/pal_robotiq_description
[4.769s] -- Installing: /Bt/install/pal_robotiq_description/share/ament_index/resource_index/parent_prefix_path/pal_robotiq_description
[4.769s] -- Installing: /Bt/install/pal_robotiq_description/share/pal_robotiq_description/environment/ament_prefix_path.sh
[4.769s] -- Installing: /Bt/install/pal_robotiq_description/share/pal_robotiq_description/environment/ament_prefix_path.dsv
[4.769s] -- Installing: /Bt/install/pal_robotiq_description/share/pal_robotiq_description/environment/path.sh
[4.769s] -- Installing: /Bt/install/pal_robotiq_description/share/pal_robotiq_description/environment/path.dsv
[4.769s] -- Installing: /Bt/install/pal_robotiq_description/share/pal_robotiq_description/local_setup.bash
[4.770s] -- Installing: /Bt/install/pal_robotiq_description/share/pal_robotiq_description/local_setup.sh
[4.770s] -- Installing: /Bt/install/pal_robotiq_description/share/pal_robotiq_description/local_setup.zsh
[4.770s] -- Installing: /Bt/install/pal_robotiq_description/share/pal_robotiq_description/local_setup.dsv
[4.770s] -- Installing: /Bt/install/pal_robotiq_description/share/pal_robotiq_description/package.dsv
[4.770s] -- Installing: /Bt/install/pal_robotiq_description/share/ament_index/resource_index/packages/pal_robotiq_description
[4.770s] -- Installing: /Bt/install/pal_robotiq_description/share/pal_robotiq_description/cmake/pal_robotiq_descriptionConfig.cmake
[4.770s] -- Installing: /Bt/install/pal_robotiq_description/share/pal_robotiq_description/cmake/pal_robotiq_descriptionConfig-version.cmake
[4.770s] -- Installing: /Bt/install/pal_robotiq_description/share/pal_robotiq_description/package.xml
[4.772s] Invoked command in '/Bt/build/pal_robotiq_description' returned '0': CMAKE_PREFIX_PATH=${CMAKE_PREFIX_PATH}:/opt/ros/jazzy:/Bt/install/yolo_ros:/Bt/install/ros2_aruco:/Bt/install/launch_pal:/Bt/install/grab2_curobo_planner /usr/bin/cmake --install /Bt/build/pal_robotiq_description
