[0.015s] Invoking command in '/Bt/build/play_motion2': CMAKE_PREFIX_PATH=/Bt/install/play_motion2_msgs:/opt/ros/jazzy/opt/gz_sim_vendor:/opt/ros/jazzy/opt/gz_sensors_vendor:/opt/ros/jazzy/opt/gz_physics_vendor:/opt/ros/jazzy/opt/sdformat_vendor:/opt/ros/jazzy/opt/gz_gui_vendor:/opt/ros/jazzy/opt/gz_transport_vendor:/opt/ros/jazzy/opt/gz_rendering_vendor:/opt/ros/jazzy/opt/gz_plugin_vendor:/opt/ros/jazzy/opt/gz_fuel_tools_vendor:/opt/ros/jazzy/opt/gz_msgs_vendor:/opt/ros/jazzy/opt/gz_common_vendor:/opt/ros/jazzy/opt/gz_math_vendor:/opt/ros/jazzy/opt/gz_utils_vendor:/opt/ros/jazzy/opt/gz_tools_vendor:/opt/ros/jazzy/opt/gz_ogre_next_vendor:/opt/ros/jazzy/opt/gz_dartsim_vendor:/opt/ros/jazzy/opt/gz_cmake_vendor:/Bt/install/yolo_bringup:/Bt/install/yolo_msgs:/Bt/install/tiago_slam:/Bt/install/tiago_simulation:/Bt/install/tiago_sim:/Bt/install/tiago_robot:/Bt/install/tiago_navigation:/Bt/install/tiago_demos:/Bt/install/tiago_nav:/Bt/install/tiago_gazebo:/Bt/install/tiago_moveit_config:/Bt/install/tiago_2dnav:/Bt/install/tiago_laser_sensors:/Bt/install/tiago_grab:/Bt/install/tiago_bringup:/Bt/install/tiago_description:/Bt/install/tiago_controller_configuration:/Bt/install/tiago_behavior_tree:/Bt/install/tiago_aruco_broadcast:/Bt/install/ros2_aruco_interfaces:/Bt/install/pmb2_robot:/Bt/install/pmb2_rgbd_sensors:/Bt/install/pmb2_navigation:/Bt/install/pmb2_laser_sensors:/Bt/install/pmb2_bringup:/Bt/install/pmb2_description:/Bt/install/pmb2_controller_configuration:/Bt/install/pmb2_2dnav:/Bt/install/play_motion2:/Bt/install/pal_hey5:/Bt/install/pal_hey5_description:/Bt/install/pal_gripper_simulation:/Bt/install/pal_gripper:/Bt/install/pal_gripper_description:/Bt/install/omni_base_robot:/Bt/install/omni_base_bringup:/Bt/install/omni_base_description:/Bt/install/pal_urdf_utils:/Bt/install/pal_robotiq_gripper:/Bt/install/pal_robotiq_description:/Bt/install/pal_robotiq_controller_configuration:/Bt/install/pal_maps:/Bt/install/pal_hey5_controller_configuration:/Bt/install/pal_gripper_controller_configuration:/Bt/install/omni_base_controller_configuration:/Bt/install/grab2_planner:/Bt/install/grab2_grasp_generator:/Bt/install/grab2_bt_grabber:/Bt/install/grab2_ros_common:/Bt/install/grab2_behavior_tree:/Bt/install/grab2_msgs:/Bt/install/grab2_controller:/Bt/install/btcpp_ros2_samples:/Bt/install/behaviortree_ros2:/Bt/install/btcpp_ros2_interfaces:/opt/ros/jazzy:/Bt/install/yolo_ros:/Bt/install/ros2_aruco:/Bt/install/launch_pal:/Bt/install/grab2_curobo_planner LD_LIBRARY_PATH=/Bt/install/play_motion2_msgs/lib:/opt/ros/jazzy/opt/gz_sim_vendor/lib:/opt/ros/jazzy/opt/gz_sensors_vendor/lib:/opt/ros/jazzy/opt/gz_physics_vendor/lib:/opt/ros/jazzy/opt/sdformat_vendor/lib:/opt/ros/jazzy/opt/rviz_ogre_vendor/lib:/opt/ros/jazzy/lib/x86_64-linux-gnu:/opt/ros/jazzy/opt/gz_gui_vendor/lib:/opt/ros/jazzy/opt/gz_transport_vendor/lib:/opt/ros/jazzy/opt/gz_rendering_vendor/lib:/opt/ros/jazzy/opt/gz_plugin_vendor/lib:/opt/ros/jazzy/opt/gz_fuel_tools_vendor/lib:/opt/ros/jazzy/opt/gz_msgs_vendor/lib:/opt/ros/jazzy/opt/gz_common_vendor/lib:/opt/ros/jazzy/opt/gz_math_vendor/lib:/opt/ros/jazzy/opt/gz_utils_vendor/lib:/opt/ros/jazzy/opt/gz_tools_vendor/lib:/opt/ros/jazzy/opt/gz_ogre_next_vendor/lib:/opt/ros/jazzy/opt/gz_dartsim_vendor/lib:/opt/ros/jazzy/opt/gz_cmake_vendor/lib:/opt/ros/jazzy/lib:/Bt/install/yolo_msgs/lib:/Bt/install/tiago_behavior_tree/lib:/Bt/install/ros2_aruco_interfaces/lib:/Bt/install/play_motion2/lib:/Bt/install/grab2_planner/lib:/Bt/install/grab2_grasp_generator/lib:/Bt/install/grab2_bt_grabber/lib:/Bt/install/grab2_behavior_tree/lib:/Bt/install/grab2_msgs/lib:/Bt/install/behaviortree_ros2/lib:/Bt/install/btcpp_ros2_interfaces/lib PYTHONPATH=/Bt/install/play_motion2_msgs/lib/python3.12/site-packages:/opt/ros/jazzy/lib/python3.12/site-packages:/Bt/install/yolo_ros/lib/python3.12/site-packages:/Bt/install/yolo_msgs/lib/python3.12/site-packages:/Bt/install/tiago_description/lib/python3.12/site-packages:/Bt/install/ros2_aruco_interfaces/lib/python3.12/site-packages:/Bt/install/ros2_aruco/lib/python3.12/site-packages:/Bt/install/pmb2_description/lib/python3.12/site-packages:/Bt/install/omni_base_description/lib/python3.12/site-packages:/Bt/install/launch_pal/lib/python3.12/site-packages:/Bt/install/grab2_curobo_planner/lib/python3.12/site-packages:/Bt/install/grab2_msgs/lib/python3.12/site-packages:/Bt/install/btcpp_ros2_interfaces/lib/python3.12/site-packages /usr/bin/cmake /Bt/ThirdParty/play_motion2/play_motion2 -DCMAKE_INSTALL_PREFIX=/Bt/install/play_motion2
[0.078s] -- The C compiler identification is GNU 13.3.0
[0.137s] -- The CXX compiler identification is GNU 13.3.0
[0.157s] -- Detecting C compiler ABI info
[0.253s] -- Detecting C compiler ABI info - done
[0.265s] -- Check for working C compiler: /usr/bin/cc - skipped
[0.265s] -- Detecting C compile features
[0.266s] -- Detecting C compile features - done
[0.277s] -- Detecting CXX compiler ABI info
[0.380s] -- Detecting CXX compiler ABI info - done
[0.390s] -- Check for working CXX compiler: /usr/bin/c++ - skipped
[0.390s] -- Detecting CXX compile features
[0.391s] -- Detecting CXX compile features - done
[0.400s] -- Found ament_cmake_auto: 2.5.4 (/opt/ros/jazzy/share/ament_cmake_auto/cmake)
[0.677s] -- Found Python3: /usr/bin/python3 (found version "3.12.3") found components: Interpreter 
[1.222s] -- Found rosidl_generator_c: 4.6.6 (/opt/ros/jazzy/share/rosidl_generator_c/cmake)
[1.259s] -- Found rosidl_generator_cpp: 4.6.6 (/opt/ros/jazzy/share/rosidl_generator_cpp/cmake)
[1.302s] -- Using all available rosidl_typesupport_c: rosidl_typesupport_fastrtps_c;rosidl_typesupport_introspection_c
[1.348s] -- Using all available rosidl_typesupport_cpp: rosidl_typesupport_fastrtps_cpp;rosidl_typesupport_introspection_cpp
[2.346s] -- Found Boost: /usr/lib/x86_64-linux-gnu/cmake/Boost-1.83.0/BoostConfig.cmake (found version "1.83.0") found components: date_time filesystem program_options system thread 
[2.743s] -- Found Boost: /usr/lib/x86_64-linux-gnu/cmake/Boost-1.83.0/BoostConfig.cmake (found version "1.83.0") found components: chrono date_time filesystem iostreams program_options regex serialization system thread 
[3.217s] -- Found parameter_traits: 0.5.0 (/opt/ros/jazzy/share/parameter_traits/cmake)
[3.327s] -- Found rmw_implementation_cmake: 7.3.2 (/opt/ros/jazzy/share/rmw_implementation_cmake/cmake)
[3.339s] -- Found rmw_fastrtps_cpp: 8.4.3 (/opt/ros/jazzy/share/rmw_fastrtps_cpp/cmake)
[3.484s] -- Found OpenSSL: /usr/lib/x86_64-linux-gnu/libcrypto.so (found version "3.0.13")  
[3.507s] -- Found FastRTPS: /opt/ros/jazzy/include (Required is at least version "2.13") 
[3.547s] -- Using RMW implementation 'rmw_fastrtps_cpp' as default
[3.798s] -- Found rclcpp_lifecycle: 28.1.12 (/opt/ros/jazzy/share/rclcpp_lifecycle/cmake)
[3.896s] -- Found Boost: /usr/lib/x86_64-linux-gnu/cmake/Boost-1.83.0/BoostConfig.cmake (found version "1.83.0") found components: filesystem 
[4.209s] -- Found Eigen3: TRUE (found version "3.4.0") 
[4.209s] -- Ensuring Eigen3 include directory is part of orocos-kdl CMake target
[4.994s] -- Found Boost: /usr/lib/x86_64-linux-gnu/cmake/Boost-1.83.0/BoostConfig.cmake (found version "1.83.0") found components: system filesystem date_time program_options thread chrono 
[5.191s] -- Found Boost: /usr/lib/x86_64-linux-gnu/cmake/Boost-1.83.0/BoostConfig.cmake (found version "1.83.0") found components: thread system filesystem regex date_time program_options 
[5.312s] -- Found Boost: /usr/lib/x86_64-linux-gnu/cmake/Boost-1.83.0/BoostConfig.cmake (found version "1.83.0") found components: system filesystem date_time program_options thread 
[6.319s] -- Found python_cmake_module: 0.11.1 (/opt/ros/jazzy/share/python_cmake_module/cmake)
[6.498s] -- Found PythonExtra: /usr/bin/python3  
[6.725s] -- Found gtest sources under '/opt/ros/jazzy/src/gtest_vendor': C++ tests using 'Google Test' will be built
[6.811s] -- Found Threads: TRUE  
[6.846s] [0mIn this package, headers install destination is set to `include` by ament_auto_package. It is recommended to install `include/play_motion2` instead and will be the default behavior of ament_auto_package from ROS 2 Kilted Kaiju. On distributions before Kilted, ament_auto_package behaves the same way when you use USE_SCOPED_HEADER_INSTALL_DIR option.[0m
[6.868s] -- Added test 'copyright' to check source files copyright and LICENSE
[6.873s] -- Added test 'cppcheck' to perform static code analysis on C / C++ code
[6.875s] -- Configured cppcheck include dirs: /Bt/ThirdParty/play_motion2/play_motion2/include
[6.875s] -- Configured cppcheck exclude dirs and/or files: 
[6.879s] -- Added test 'cpplint' to check C / C++ code against the Google style
[6.880s] -- Configured cpplint exclude dirs and/or files: 
[6.882s] -- Added test 'flake8' to check Python code syntax and style conventions
[6.882s] -- Configured 'flake8' exclude dirs and/or files: 
[6.885s] -- Added test 'lint_cmake' to check CMake code style
[6.887s] -- Added test 'pep257' to check Python code against some of the docstring style conventions in PEP 257
[6.892s] -- Added test 'uncrustify' to check C / C++ code style
[6.892s] -- Configured uncrustify additional arguments: 
[6.895s] -- Added test 'xmllint' to check XML markup files
[6.902s] -- Configuring done (6.9s)
[7.876s] -- Generating done (0.9s)
[7.913s] -- Build files have been written to: /Bt/build/play_motion2
[7.934s] Invoked command in '/Bt/build/play_motion2' returned '0': CMAKE_PREFIX_PATH=/Bt/install/play_motion2_msgs:/opt/ros/jazzy/opt/gz_sim_vendor:/opt/ros/jazzy/opt/gz_sensors_vendor:/opt/ros/jazzy/opt/gz_physics_vendor:/opt/ros/jazzy/opt/sdformat_vendor:/opt/ros/jazzy/opt/gz_gui_vendor:/opt/ros/jazzy/opt/gz_transport_vendor:/opt/ros/jazzy/opt/gz_rendering_vendor:/opt/ros/jazzy/opt/gz_plugin_vendor:/opt/ros/jazzy/opt/gz_fuel_tools_vendor:/opt/ros/jazzy/opt/gz_msgs_vendor:/opt/ros/jazzy/opt/gz_common_vendor:/opt/ros/jazzy/opt/gz_math_vendor:/opt/ros/jazzy/opt/gz_utils_vendor:/opt/ros/jazzy/opt/gz_tools_vendor:/opt/ros/jazzy/opt/gz_ogre_next_vendor:/opt/ros/jazzy/opt/gz_dartsim_vendor:/opt/ros/jazzy/opt/gz_cmake_vendor:/Bt/install/yolo_bringup:/Bt/install/yolo_msgs:/Bt/install/tiago_slam:/Bt/install/tiago_simulation:/Bt/install/tiago_sim:/Bt/install/tiago_robot:/Bt/install/tiago_navigation:/Bt/install/tiago_demos:/Bt/install/tiago_nav:/Bt/install/tiago_gazebo:/Bt/install/tiago_moveit_config:/Bt/install/tiago_2dnav:/Bt/install/tiago_laser_sensors:/Bt/install/tiago_grab:/Bt/install/tiago_bringup:/Bt/install/tiago_description:/Bt/install/tiago_controller_configuration:/Bt/install/tiago_behavior_tree:/Bt/install/tiago_aruco_broadcast:/Bt/install/ros2_aruco_interfaces:/Bt/install/pmb2_robot:/Bt/install/pmb2_rgbd_sensors:/Bt/install/pmb2_navigation:/Bt/install/pmb2_laser_sensors:/Bt/install/pmb2_bringup:/Bt/install/pmb2_description:/Bt/install/pmb2_controller_configuration:/Bt/install/pmb2_2dnav:/Bt/install/play_motion2:/Bt/install/pal_hey5:/Bt/install/pal_hey5_description:/Bt/install/pal_gripper_simulation:/Bt/install/pal_gripper:/Bt/install/pal_gripper_description:/Bt/install/omni_base_robot:/Bt/install/omni_base_bringup:/Bt/install/omni_base_description:/Bt/install/pal_urdf_utils:/Bt/install/pal_robotiq_gripper:/Bt/install/pal_robotiq_description:/Bt/install/pal_robotiq_controller_configuration:/Bt/install/pal_maps:/Bt/install/pal_hey5_controller_configuration:/Bt/install/pal_gripper_controller_configuration:/Bt/install/omni_base_controller_configuration:/Bt/install/grab2_planner:/Bt/install/grab2_grasp_generator:/Bt/install/grab2_bt_grabber:/Bt/install/grab2_ros_common:/Bt/install/grab2_behavior_tree:/Bt/install/grab2_msgs:/Bt/install/grab2_controller:/Bt/install/btcpp_ros2_samples:/Bt/install/behaviortree_ros2:/Bt/install/btcpp_ros2_interfaces:/opt/ros/jazzy:/Bt/install/yolo_ros:/Bt/install/ros2_aruco:/Bt/install/launch_pal:/Bt/install/grab2_curobo_planner LD_LIBRARY_PATH=/Bt/install/play_motion2_msgs/lib:/opt/ros/jazzy/opt/gz_sim_vendor/lib:/opt/ros/jazzy/opt/gz_sensors_vendor/lib:/opt/ros/jazzy/opt/gz_physics_vendor/lib:/opt/ros/jazzy/opt/sdformat_vendor/lib:/opt/ros/jazzy/opt/rviz_ogre_vendor/lib:/opt/ros/jazzy/lib/x86_64-linux-gnu:/opt/ros/jazzy/opt/gz_gui_vendor/lib:/opt/ros/jazzy/opt/gz_transport_vendor/lib:/opt/ros/jazzy/opt/gz_rendering_vendor/lib:/opt/ros/jazzy/opt/gz_plugin_vendor/lib:/opt/ros/jazzy/opt/gz_fuel_tools_vendor/lib:/opt/ros/jazzy/opt/gz_msgs_vendor/lib:/opt/ros/jazzy/opt/gz_common_vendor/lib:/opt/ros/jazzy/opt/gz_math_vendor/lib:/opt/ros/jazzy/opt/gz_utils_vendor/lib:/opt/ros/jazzy/opt/gz_tools_vendor/lib:/opt/ros/jazzy/opt/gz_ogre_next_vendor/lib:/opt/ros/jazzy/opt/gz_dartsim_vendor/lib:/opt/ros/jazzy/opt/gz_cmake_vendor/lib:/opt/ros/jazzy/lib:/Bt/install/yolo_msgs/lib:/Bt/install/tiago_behavior_tree/lib:/Bt/install/ros2_aruco_interfaces/lib:/Bt/install/play_motion2/lib:/Bt/install/grab2_planner/lib:/Bt/install/grab2_grasp_generator/lib:/Bt/install/grab2_bt_grabber/lib:/Bt/install/grab2_behavior_tree/lib:/Bt/install/grab2_msgs/lib:/Bt/install/behaviortree_ros2/lib:/Bt/install/btcpp_ros2_interfaces/lib PYTHONPATH=/Bt/install/play_motion2_msgs/lib/python3.12/site-packages:/opt/ros/jazzy/lib/python3.12/site-packages:/Bt/install/yolo_ros/lib/python3.12/site-packages:/Bt/install/yolo_msgs/lib/python3.12/site-packages:/Bt/install/tiago_description/lib/python3.12/site-packages:/Bt/install/ros2_aruco_interfaces/lib/python3.12/site-packages:/Bt/install/ros2_aruco/lib/python3.12/site-packages:/Bt/install/pmb2_description/lib/python3.12/site-packages:/Bt/install/omni_base_description/lib/python3.12/site-packages:/Bt/install/launch_pal/lib/python3.12/site-packages:/Bt/install/grab2_curobo_planner/lib/python3.12/site-packages:/Bt/install/grab2_msgs/lib/python3.12/site-packages:/Bt/install/btcpp_ros2_interfaces/lib/python3.12/site-packages /usr/bin/cmake /Bt/ThirdParty/play_motion2/play_motion2 -DCMAKE_INSTALL_PREFIX=/Bt/install/play_motion2
[7.935s] Invoking command in '/Bt/build/play_motion2': CMAKE_PREFIX_PATH=/Bt/install/play_motion2_msgs:/opt/ros/jazzy/opt/gz_sim_vendor:/opt/ros/jazzy/opt/gz_sensors_vendor:/opt/ros/jazzy/opt/gz_physics_vendor:/opt/ros/jazzy/opt/sdformat_vendor:/opt/ros/jazzy/opt/gz_gui_vendor:/opt/ros/jazzy/opt/gz_transport_vendor:/opt/ros/jazzy/opt/gz_rendering_vendor:/opt/ros/jazzy/opt/gz_plugin_vendor:/opt/ros/jazzy/opt/gz_fuel_tools_vendor:/opt/ros/jazzy/opt/gz_msgs_vendor:/opt/ros/jazzy/opt/gz_common_vendor:/opt/ros/jazzy/opt/gz_math_vendor:/opt/ros/jazzy/opt/gz_utils_vendor:/opt/ros/jazzy/opt/gz_tools_vendor:/opt/ros/jazzy/opt/gz_ogre_next_vendor:/opt/ros/jazzy/opt/gz_dartsim_vendor:/opt/ros/jazzy/opt/gz_cmake_vendor:/Bt/install/yolo_bringup:/Bt/install/yolo_msgs:/Bt/install/tiago_slam:/Bt/install/tiago_simulation:/Bt/install/tiago_sim:/Bt/install/tiago_robot:/Bt/install/tiago_navigation:/Bt/install/tiago_demos:/Bt/install/tiago_nav:/Bt/install/tiago_gazebo:/Bt/install/tiago_moveit_config:/Bt/install/tiago_2dnav:/Bt/install/tiago_laser_sensors:/Bt/install/tiago_grab:/Bt/install/tiago_bringup:/Bt/install/tiago_description:/Bt/install/tiago_controller_configuration:/Bt/install/tiago_behavior_tree:/Bt/install/tiago_aruco_broadcast:/Bt/install/ros2_aruco_interfaces:/Bt/install/pmb2_robot:/Bt/install/pmb2_rgbd_sensors:/Bt/install/pmb2_navigation:/Bt/install/pmb2_laser_sensors:/Bt/install/pmb2_bringup:/Bt/install/pmb2_description:/Bt/install/pmb2_controller_configuration:/Bt/install/pmb2_2dnav:/Bt/install/play_motion2:/Bt/install/pal_hey5:/Bt/install/pal_hey5_description:/Bt/install/pal_gripper_simulation:/Bt/install/pal_gripper:/Bt/install/pal_gripper_description:/Bt/install/omni_base_robot:/Bt/install/omni_base_bringup:/Bt/install/omni_base_description:/Bt/install/pal_urdf_utils:/Bt/install/pal_robotiq_gripper:/Bt/install/pal_robotiq_description:/Bt/install/pal_robotiq_controller_configuration:/Bt/install/pal_maps:/Bt/install/pal_hey5_controller_configuration:/Bt/install/pal_gripper_controller_configuration:/Bt/install/omni_base_controller_configuration:/Bt/install/grab2_planner:/Bt/install/grab2_grasp_generator:/Bt/install/grab2_bt_grabber:/Bt/install/grab2_ros_common:/Bt/install/grab2_behavior_tree:/Bt/install/grab2_msgs:/Bt/install/grab2_controller:/Bt/install/btcpp_ros2_samples:/Bt/install/behaviortree_ros2:/Bt/install/btcpp_ros2_interfaces:/opt/ros/jazzy:/Bt/install/yolo_ros:/Bt/install/ros2_aruco:/Bt/install/launch_pal:/Bt/install/grab2_curobo_planner LD_LIBRARY_PATH=/Bt/install/play_motion2_msgs/lib:/opt/ros/jazzy/opt/gz_sim_vendor/lib:/opt/ros/jazzy/opt/gz_sensors_vendor/lib:/opt/ros/jazzy/opt/gz_physics_vendor/lib:/opt/ros/jazzy/opt/sdformat_vendor/lib:/opt/ros/jazzy/opt/rviz_ogre_vendor/lib:/opt/ros/jazzy/lib/x86_64-linux-gnu:/opt/ros/jazzy/opt/gz_gui_vendor/lib:/opt/ros/jazzy/opt/gz_transport_vendor/lib:/opt/ros/jazzy/opt/gz_rendering_vendor/lib:/opt/ros/jazzy/opt/gz_plugin_vendor/lib:/opt/ros/jazzy/opt/gz_fuel_tools_vendor/lib:/opt/ros/jazzy/opt/gz_msgs_vendor/lib:/opt/ros/jazzy/opt/gz_common_vendor/lib:/opt/ros/jazzy/opt/gz_math_vendor/lib:/opt/ros/jazzy/opt/gz_utils_vendor/lib:/opt/ros/jazzy/opt/gz_tools_vendor/lib:/opt/ros/jazzy/opt/gz_ogre_next_vendor/lib:/opt/ros/jazzy/opt/gz_dartsim_vendor/lib:/opt/ros/jazzy/opt/gz_cmake_vendor/lib:/opt/ros/jazzy/lib:/Bt/install/yolo_msgs/lib:/Bt/install/tiago_behavior_tree/lib:/Bt/install/ros2_aruco_interfaces/lib:/Bt/install/play_motion2/lib:/Bt/install/grab2_planner/lib:/Bt/install/grab2_grasp_generator/lib:/Bt/install/grab2_bt_grabber/lib:/Bt/install/grab2_behavior_tree/lib:/Bt/install/grab2_msgs/lib:/Bt/install/behaviortree_ros2/lib:/Bt/install/btcpp_ros2_interfaces/lib PYTHONPATH=/Bt/install/play_motion2_msgs/lib/python3.12/site-packages:/opt/ros/jazzy/lib/python3.12/site-packages:/Bt/install/yolo_ros/lib/python3.12/site-packages:/Bt/install/yolo_msgs/lib/python3.12/site-packages:/Bt/install/tiago_description/lib/python3.12/site-packages:/Bt/install/ros2_aruco_interfaces/lib/python3.12/site-packages:/Bt/install/ros2_aruco/lib/python3.12/site-packages:/Bt/install/pmb2_description/lib/python3.12/site-packages:/Bt/install/omni_base_description/lib/python3.12/site-packages:/Bt/install/launch_pal/lib/python3.12/site-packages:/Bt/install/grab2_curobo_planner/lib/python3.12/site-packages:/Bt/install/grab2_msgs/lib/python3.12/site-packages:/Bt/install/btcpp_ros2_interfaces/lib/python3.12/site-packages /usr/bin/cmake --build /Bt/build/play_motion2 -- -j8 -l8
[8.000s] [  3%] [32mBuilding CXX object CMakeFiles/play_motion2.dir/src/play_motion2/motion_loader.cpp.o[0m
[9.794s] [  7%] [32mBuilding CXX object CMakeFiles/play_motion2.dir/src/play_motion2/play_motion2.cpp.o[0m
[13.945s] In file included from [01m[K/Bt/ThirdParty/play_motion2/play_motion2/include/play_motion2/motion_planner.hpp:25[m[K,
[13.945s]                  from [01m[K/Bt/ThirdParty/play_motion2/play_motion2/src/play_motion2/play_motion2.cpp:18[m[K:
[13.945s] [01m[K/opt/ros/jazzy/include/moveit_ros_planning_interface/moveit/move_group_interface/move_group_interface.h:51:77:[m[K [01;36m[Knote: [m[K‘[01m[K#pragma message: .h header is obsolete. Please use the .hpp header instead.[m[K’
[13.945s]    51 | a message(".h header is obsolete. Please use the .hpp header instead."[01;36m[K)[m[K
[13.945s]       |                                                                       [01;36m[K^[m[K
[13.946s] 
[25.164s] [ 11%] [32mBuilding CXX object CMakeFiles/play_motion2.dir/src/play_motion2/motion_planner.cpp.o[0m
[26.435s] In file included from [01m[K/Bt/ThirdParty/play_motion2/play_motion2/include/play_motion2/motion_planner.hpp:25[m[K,
[26.435s]                  from [01m[K/Bt/ThirdParty/play_motion2/play_motion2/src/play_motion2/motion_planner.cpp:18[m[K:
[26.435s] [01m[K/opt/ros/jazzy/include/moveit_ros_planning_interface/moveit/move_group_interface/move_group_interface.h:51:77:[m[K [01;36m[Knote: [m[K‘[01m[K#pragma message: .h header is obsolete. Please use the .hpp header instead.[m[K’
[26.436s]    51 | a message(".h header is obsolete. Please use the .hpp header instead."[01;36m[K)[m[K
[26.436s]       |                                                                       [01;36m[K^[m[K
[26.436s] 
[31.339s] [01m[K/Bt/ThirdParty/play_motion2/play_motion2/src/play_motion2/motion_planner.cpp:[m[K In constructor ‘[01m[Kplay_motion2::MotionPlanner::[01;32m[KMotionPlanner[m[K(rclcpp_lifecycle::LifecycleNode::SharedPtr)[m[K’:
[31.339s] [01m[K/Bt/ThirdParty/play_motion2/play_motion2/src/play_motion2/motion_planner.cpp:78:67:[m[K [01;35m[Kwarning: [m[K‘[01m[Ktypename rclcpp::Client<ServiceT>::SharedPtr rclcpp_lifecycle::LifecycleNode::[01;32m[Kcreate_client[m[K(const std::string&, const rmw_qos_profile_t&, rclcpp::CallbackGroup::SharedPtr) [35m[K[with ServiceT = controller_manager_msgs::srv::ListControllers; typename rclcpp::Client<ServiceT>::SharedPtr = std::shared_ptr<rclcpp::Client<controller_manager_msgs::srv::ListControllers> >; std::string = std::__cxx11::basic_string<char>; rmw_qos_profile_t = rmw_qos_profile_s; rclcpp::CallbackGroup::SharedPtr = std::shared_ptr<rclcpp::CallbackGroup>][m[K[m[K’ is deprecated: use rclcpp::QoS instead of rmw_qos_profile_t [[01;35m[K-Wdeprecated-declarations[m[K]
[31.340s]    78 |   list_controllers_client_ = [01;35m[Knode_->create_client<ListControllers>([m[K
[31.340s]       |                              [01;35m[K~~~~~~~~~~~~~~~~~~~~~~~~~~~~~~~~~~~~~^[m[K
[31.340s]    79 | [01;35m[K    "/controller_manager/list_controllers", rmw_qos_profile_default, motion_planner_cb_group_)[m[K;
[31.340s]       |     [01;35m[K~~~~~~~~~~~~~~~~~~~~~~~~~~~~~~~~~~~~~~~~~~~~~~~~~~~~~~~~~~~~~~~~~~~~~~~~~~~~~~~~~~~~~~~~~~[m[K
[31.340s] In file included from [01m[K/opt/ros/jazzy/include/rclcpp_lifecycle/rclcpp_lifecycle/lifecycle_node.hpp:1126[m[K,
[31.340s]                  from [01m[K/Bt/ThirdParty/play_motion2/play_motion2/include/play_motion2/motion_planner.hpp:29[m[K:
[31.340s] [01m[K/opt/ros/jazzy/include/rclcpp_lifecycle/rclcpp_lifecycle/lifecycle_node_impl.hpp:125:1:[m[K [01;36m[Knote: [m[Kdeclared here
[31.341s]   125 | [01;36m[KLifecycleNode[m[K::create_client(
[31.342s]       | [01;36m[K^~~~~~~~~~~~~[m[K
[56.923s] [ 15%] [32m[1mLinking CXX shared library libplay_motion2.so[0m
[63.342s] [ 15%] Built target play_motion2
[63.409s] [ 19%] [32mBuilding CXX object gtest/CMakeFiles/gtest.dir/src/gtest-all.cc.o[0m
[68.860s] [ 23%] [32m[1mLinking CXX static library libgtest.a[0m
[68.973s] [ 23%] Built target gtest
[69.031s] [ 26%] [32mBuilding CXX object CMakeFiles/client.dir/src/play_motion2/client.cpp.o[0m
[79.984s] [ 30%] [32m[1mLinking CXX static library libclient.a[0m
[80.164s] [ 30%] Built target client
[80.253s] [ 42%] [32mBuilding CXX object gtest/CMakeFiles/gtest_main.dir/src/gtest_main.cc.o[0m
[80.253s] [ 42%] [32mBuilding CXX object CMakeFiles/play_motion2_node.dir/src/play_motion2_main.cpp.o[0m
[80.254s] [ 42%] [34m[1mRunning `/opt/ros/jazzy/bin/generate_parameter_library_cpp /Bt/build/play_motion2/include/play_motion2/passthrough_controller_parameters.hpp /Bt/ThirdParty/play_motion2/play_motion2/test/controllers/src/passthrough_controller_parameters.yaml `[0m
[81.814s] [ 46%] [32m[1mLinking CXX static library libgtest_main.a[0m
[81.948s] [ 46%] Built target gtest_main
[82.118s] [ 50%] [32mBuilding CXX object CMakeFiles/run_motion.dir/src/run_motion.cpp.o[0m
[82.150s] [ 53%] [32mBuilding CXX object CMakeFiles/rrbot_system.dir/test/rrbot/rrbot_system.cpp.o[0m
[82.435s] [ 57%] [34m[1mCreating deprecated header file /Bt/build/play_motion2/include/passthrough_controller_parameters.hpp[0m
[82.563s] [ 57%] Built target passthrough_controller_parameters
[82.788s] In file included from [01m[K/Bt/ThirdParty/play_motion2/play_motion2/include/play_motion2/motion_planner.hpp:25[m[K,
[82.788s]                  from [01m[K/Bt/ThirdParty/play_motion2/play_motion2/include/play_motion2/play_motion2.hpp:24[m[K,
[82.788s]                  from [01m[K/Bt/ThirdParty/play_motion2/play_motion2/src/play_motion2_main.cpp:16[m[K:
[82.789s] [01m[K/opt/ros/jazzy/include/moveit_ros_planning_interface/moveit/move_group_interface/move_group_interface.h:51:77:[m[K [01;36m[Knote: [m[K‘[01m[K#pragma message: .h header is obsolete. Please use the .hpp header instead.[m[K’
[82.789s]    51 | #pragma message(".h header is obsolete. Please use the .hpp header instead."[01;36m[K)[m[K
[82.789s]       |                                                                             [01;36m[K^[m[K
[87.057s] [ 61%] [32m[1mLinking CXX executable run_motion[0m
[89.125s] [ 61%] Built target run_motion
[91.369s] [ 65%] [32m[1mLinking CXX shared library librrbot_system.so[0m
[92.507s] [ 65%] Built target rrbot_system
[92.566s] [ 69%] [32mBuilding CXX object CMakeFiles/passthrough_controller.dir/test/controllers/src/passthrough_controller.cpp.o[0m
[93.198s] [ 73%] [32m[1mLinking CXX executable play_motion2_node[0m
[95.211s] [ 73%] Built target play_motion2_node
[95.264s] [ 76%] [32mBuilding CXX object CMakeFiles/play_motion2_test.dir/test/play_motion2_test.cpp.o[0m
[97.287s] In file included from [01m[K/Bt/ThirdParty/play_motion2/play_motion2/include/play_motion2/motion_planner.hpp:25[m[K,
[97.287s]                  from [01m[K/Bt/ThirdParty/play_motion2/play_motion2/include/play_motion2/play_motion2.hpp:24[m[K,
[97.287s]                  from [01m[K/Bt/ThirdParty/play_motion2/play_motion2/test/play_motion2_test.cpp:22[m[K:
[97.288s] [01m[K/opt/ros/jazzy/include/moveit_ros_planning_interface/moveit/move_group_interface/move_group_interface.h:51:77:[m[K [01;36m[Knote: [m[K‘[01m[K#pragma message: .h header is obsolete. Please use the .hpp header instead.[m[K’
[97.288s]    51 | #pragma message(".h header is obsolete. Please use the .hpp header instead."[01;36m[K)[m[K
[97.288s]       |                                                                             [01;36m[K^[m[K
[103.375s] [ 80%] [32m[1mLinking CXX shared library libpassthrough_controller.so[0m
[103.832s] [ 80%] Built target passthrough_controller
[103.880s] [ 84%] [32mBuilding CXX object CMakeFiles/play_motion2_node_test.dir/test/play_motion2_node_test.cpp.o[0m
[103.884s] [ 88%] [32mBuilding CXX object CMakeFiles/motion_loader_test.dir/test/motion_loader_test.cpp.o[0m
[104.782s] [ 92%] [32m[1mLinking CXX executable play_motion2_test[0m
[107.026s] [ 92%] Built target play_motion2_test
[108.488s] [ 96%] [32m[1mLinking CXX executable motion_loader_test[0m
[110.184s] [ 96%] Built target motion_loader_test
[118.770s] [100%] [32m[1mLinking CXX executable play_motion2_node_test[0m
[119.496s] [100%] Built target play_motion2_node_test
[119.536s] Invoked command in '/Bt/build/play_motion2' returned '0': CMAKE_PREFIX_PATH=/Bt/install/play_motion2_msgs:/opt/ros/jazzy/opt/gz_sim_vendor:/opt/ros/jazzy/opt/gz_sensors_vendor:/opt/ros/jazzy/opt/gz_physics_vendor:/opt/ros/jazzy/opt/sdformat_vendor:/opt/ros/jazzy/opt/gz_gui_vendor:/opt/ros/jazzy/opt/gz_transport_vendor:/opt/ros/jazzy/opt/gz_rendering_vendor:/opt/ros/jazzy/opt/gz_plugin_vendor:/opt/ros/jazzy/opt/gz_fuel_tools_vendor:/opt/ros/jazzy/opt/gz_msgs_vendor:/opt/ros/jazzy/opt/gz_common_vendor:/opt/ros/jazzy/opt/gz_math_vendor:/opt/ros/jazzy/opt/gz_utils_vendor:/opt/ros/jazzy/opt/gz_tools_vendor:/opt/ros/jazzy/opt/gz_ogre_next_vendor:/opt/ros/jazzy/opt/gz_dartsim_vendor:/opt/ros/jazzy/opt/gz_cmake_vendor:/Bt/install/yolo_bringup:/Bt/install/yolo_msgs:/Bt/install/tiago_slam:/Bt/install/tiago_simulation:/Bt/install/tiago_sim:/Bt/install/tiago_robot:/Bt/install/tiago_navigation:/Bt/install/tiago_demos:/Bt/install/tiago_nav:/Bt/install/tiago_gazebo:/Bt/install/tiago_moveit_config:/Bt/install/tiago_2dnav:/Bt/install/tiago_laser_sensors:/Bt/install/tiago_grab:/Bt/install/tiago_bringup:/Bt/install/tiago_description:/Bt/install/tiago_controller_configuration:/Bt/install/tiago_behavior_tree:/Bt/install/tiago_aruco_broadcast:/Bt/install/ros2_aruco_interfaces:/Bt/install/pmb2_robot:/Bt/install/pmb2_rgbd_sensors:/Bt/install/pmb2_navigation:/Bt/install/pmb2_laser_sensors:/Bt/install/pmb2_bringup:/Bt/install/pmb2_description:/Bt/install/pmb2_controller_configuration:/Bt/install/pmb2_2dnav:/Bt/install/play_motion2:/Bt/install/pal_hey5:/Bt/install/pal_hey5_description:/Bt/install/pal_gripper_simulation:/Bt/install/pal_gripper:/Bt/install/pal_gripper_description:/Bt/install/omni_base_robot:/Bt/install/omni_base_bringup:/Bt/install/omni_base_description:/Bt/install/pal_urdf_utils:/Bt/install/pal_robotiq_gripper:/Bt/install/pal_robotiq_description:/Bt/install/pal_robotiq_controller_configuration:/Bt/install/pal_maps:/Bt/install/pal_hey5_controller_configuration:/Bt/install/pal_gripper_controller_configuration:/Bt/install/omni_base_controller_configuration:/Bt/install/grab2_planner:/Bt/install/grab2_grasp_generator:/Bt/install/grab2_bt_grabber:/Bt/install/grab2_ros_common:/Bt/install/grab2_behavior_tree:/Bt/install/grab2_msgs:/Bt/install/grab2_controller:/Bt/install/btcpp_ros2_samples:/Bt/install/behaviortree_ros2:/Bt/install/btcpp_ros2_interfaces:/opt/ros/jazzy:/Bt/install/yolo_ros:/Bt/install/ros2_aruco:/Bt/install/launch_pal:/Bt/install/grab2_curobo_planner LD_LIBRARY_PATH=/Bt/install/play_motion2_msgs/lib:/opt/ros/jazzy/opt/gz_sim_vendor/lib:/opt/ros/jazzy/opt/gz_sensors_vendor/lib:/opt/ros/jazzy/opt/gz_physics_vendor/lib:/opt/ros/jazzy/opt/sdformat_vendor/lib:/opt/ros/jazzy/opt/rviz_ogre_vendor/lib:/opt/ros/jazzy/lib/x86_64-linux-gnu:/opt/ros/jazzy/opt/gz_gui_vendor/lib:/opt/ros/jazzy/opt/gz_transport_vendor/lib:/opt/ros/jazzy/opt/gz_rendering_vendor/lib:/opt/ros/jazzy/opt/gz_plugin_vendor/lib:/opt/ros/jazzy/opt/gz_fuel_tools_vendor/lib:/opt/ros/jazzy/opt/gz_msgs_vendor/lib:/opt/ros/jazzy/opt/gz_common_vendor/lib:/opt/ros/jazzy/opt/gz_math_vendor/lib:/opt/ros/jazzy/opt/gz_utils_vendor/lib:/opt/ros/jazzy/opt/gz_tools_vendor/lib:/opt/ros/jazzy/opt/gz_ogre_next_vendor/lib:/opt/ros/jazzy/opt/gz_dartsim_vendor/lib:/opt/ros/jazzy/opt/gz_cmake_vendor/lib:/opt/ros/jazzy/lib:/Bt/install/yolo_msgs/lib:/Bt/install/tiago_behavior_tree/lib:/Bt/install/ros2_aruco_interfaces/lib:/Bt/install/play_motion2/lib:/Bt/install/grab2_planner/lib:/Bt/install/grab2_grasp_generator/lib:/Bt/install/grab2_bt_grabber/lib:/Bt/install/grab2_behavior_tree/lib:/Bt/install/grab2_msgs/lib:/Bt/install/behaviortree_ros2/lib:/Bt/install/btcpp_ros2_interfaces/lib PYTHONPATH=/Bt/install/play_motion2_msgs/lib/python3.12/site-packages:/opt/ros/jazzy/lib/python3.12/site-packages:/Bt/install/yolo_ros/lib/python3.12/site-packages:/Bt/install/yolo_msgs/lib/python3.12/site-packages:/Bt/install/tiago_description/lib/python3.12/site-packages:/Bt/install/ros2_aruco_interfaces/lib/python3.12/site-packages:/Bt/install/ros2_aruco/lib/python3.12/site-packages:/Bt/install/pmb2_description/lib/python3.12/site-packages:/Bt/install/omni_base_description/lib/python3.12/site-packages:/Bt/install/launch_pal/lib/python3.12/site-packages:/Bt/install/grab2_curobo_planner/lib/python3.12/site-packages:/Bt/install/grab2_msgs/lib/python3.12/site-packages:/Bt/install/btcpp_ros2_interfaces/lib/python3.12/site-packages /usr/bin/cmake --build /Bt/build/play_motion2 -- -j8 -l8
[119.538s] Invoking command in '/Bt/build/play_motion2': CMAKE_PREFIX_PATH=/Bt/install/play_motion2_msgs:/opt/ros/jazzy/opt/gz_sim_vendor:/opt/ros/jazzy/opt/gz_sensors_vendor:/opt/ros/jazzy/opt/gz_physics_vendor:/opt/ros/jazzy/opt/sdformat_vendor:/opt/ros/jazzy/opt/gz_gui_vendor:/opt/ros/jazzy/opt/gz_transport_vendor:/opt/ros/jazzy/opt/gz_rendering_vendor:/opt/ros/jazzy/opt/gz_plugin_vendor:/opt/ros/jazzy/opt/gz_fuel_tools_vendor:/opt/ros/jazzy/opt/gz_msgs_vendor:/opt/ros/jazzy/opt/gz_common_vendor:/opt/ros/jazzy/opt/gz_math_vendor:/opt/ros/jazzy/opt/gz_utils_vendor:/opt/ros/jazzy/opt/gz_tools_vendor:/opt/ros/jazzy/opt/gz_ogre_next_vendor:/opt/ros/jazzy/opt/gz_dartsim_vendor:/opt/ros/jazzy/opt/gz_cmake_vendor:/Bt/install/yolo_bringup:/Bt/install/yolo_msgs:/Bt/install/tiago_slam:/Bt/install/tiago_simulation:/Bt/install/tiago_sim:/Bt/install/tiago_robot:/Bt/install/tiago_navigation:/Bt/install/tiago_demos:/Bt/install/tiago_nav:/Bt/install/tiago_gazebo:/Bt/install/tiago_moveit_config:/Bt/install/tiago_2dnav:/Bt/install/tiago_laser_sensors:/Bt/install/tiago_grab:/Bt/install/tiago_bringup:/Bt/install/tiago_description:/Bt/install/tiago_controller_configuration:/Bt/install/tiago_behavior_tree:/Bt/install/tiago_aruco_broadcast:/Bt/install/ros2_aruco_interfaces:/Bt/install/pmb2_robot:/Bt/install/pmb2_rgbd_sensors:/Bt/install/pmb2_navigation:/Bt/install/pmb2_laser_sensors:/Bt/install/pmb2_bringup:/Bt/install/pmb2_description:/Bt/install/pmb2_controller_configuration:/Bt/install/pmb2_2dnav:/Bt/install/play_motion2:/Bt/install/pal_hey5:/Bt/install/pal_hey5_description:/Bt/install/pal_gripper_simulation:/Bt/install/pal_gripper:/Bt/install/pal_gripper_description:/Bt/install/omni_base_robot:/Bt/install/omni_base_bringup:/Bt/install/omni_base_description:/Bt/install/pal_urdf_utils:/Bt/install/pal_robotiq_gripper:/Bt/install/pal_robotiq_description:/Bt/install/pal_robotiq_controller_configuration:/Bt/install/pal_maps:/Bt/install/pal_hey5_controller_configuration:/Bt/install/pal_gripper_controller_configuration:/Bt/install/omni_base_controller_configuration:/Bt/install/grab2_planner:/Bt/install/grab2_grasp_generator:/Bt/install/grab2_bt_grabber:/Bt/install/grab2_ros_common:/Bt/install/grab2_behavior_tree:/Bt/install/grab2_msgs:/Bt/install/grab2_controller:/Bt/install/btcpp_ros2_samples:/Bt/install/behaviortree_ros2:/Bt/install/btcpp_ros2_interfaces:/opt/ros/jazzy:/Bt/install/yolo_ros:/Bt/install/ros2_aruco:/Bt/install/launch_pal:/Bt/install/grab2_curobo_planner LD_LIBRARY_PATH=/Bt/install/play_motion2_msgs/lib:/opt/ros/jazzy/opt/gz_sim_vendor/lib:/opt/ros/jazzy/opt/gz_sensors_vendor/lib:/opt/ros/jazzy/opt/gz_physics_vendor/lib:/opt/ros/jazzy/opt/sdformat_vendor/lib:/opt/ros/jazzy/opt/rviz_ogre_vendor/lib:/opt/ros/jazzy/lib/x86_64-linux-gnu:/opt/ros/jazzy/opt/gz_gui_vendor/lib:/opt/ros/jazzy/opt/gz_transport_vendor/lib:/opt/ros/jazzy/opt/gz_rendering_vendor/lib:/opt/ros/jazzy/opt/gz_plugin_vendor/lib:/opt/ros/jazzy/opt/gz_fuel_tools_vendor/lib:/opt/ros/jazzy/opt/gz_msgs_vendor/lib:/opt/ros/jazzy/opt/gz_common_vendor/lib:/opt/ros/jazzy/opt/gz_math_vendor/lib:/opt/ros/jazzy/opt/gz_utils_vendor/lib:/opt/ros/jazzy/opt/gz_tools_vendor/lib:/opt/ros/jazzy/opt/gz_ogre_next_vendor/lib:/opt/ros/jazzy/opt/gz_dartsim_vendor/lib:/opt/ros/jazzy/opt/gz_cmake_vendor/lib:/opt/ros/jazzy/lib:/Bt/install/yolo_msgs/lib:/Bt/install/tiago_behavior_tree/lib:/Bt/install/ros2_aruco_interfaces/lib:/Bt/install/play_motion2/lib:/Bt/install/grab2_planner/lib:/Bt/install/grab2_grasp_generator/lib:/Bt/install/grab2_bt_grabber/lib:/Bt/install/grab2_behavior_tree/lib:/Bt/install/grab2_msgs/lib:/Bt/install/behaviortree_ros2/lib:/Bt/install/btcpp_ros2_interfaces/lib PYTHONPATH=/Bt/install/play_motion2_msgs/lib/python3.12/site-packages:/opt/ros/jazzy/lib/python3.12/site-packages:/Bt/install/yolo_ros/lib/python3.12/site-packages:/Bt/install/yolo_msgs/lib/python3.12/site-packages:/Bt/install/tiago_description/lib/python3.12/site-packages:/Bt/install/ros2_aruco_interfaces/lib/python3.12/site-packages:/Bt/install/ros2_aruco/lib/python3.12/site-packages:/Bt/install/pmb2_description/lib/python3.12/site-packages:/Bt/install/omni_base_description/lib/python3.12/site-packages:/Bt/install/launch_pal/lib/python3.12/site-packages:/Bt/install/grab2_curobo_planner/lib/python3.12/site-packages:/Bt/install/grab2_msgs/lib/python3.12/site-packages:/Bt/install/btcpp_ros2_interfaces/lib/python3.12/site-packages /usr/bin/cmake --install /Bt/build/play_motion2
[119.571s] -- Install configuration: ""
[119.571s] -- Installing: /Bt/install/play_motion2/share/play_motion2/test/rrbot/rrbot_system.xml
[119.584s] -- Installing: /Bt/install/play_motion2/include/play_motion2
[119.584s] -- Installing: /Bt/install/play_motion2/include/play_motion2/passthrough_controller_parameters.hpp
[119.584s] -- Installing: /Bt/install/play_motion2/share/play_motion2/test/controllers/passthrough_controller.xml
[119.596s] -- Installing: /Bt/install/play_motion2/lib/libpassthrough_controller.so
[119.603s] -- Set non-toolchain portion of runtime path of "/Bt/install/play_motion2/lib/libpassthrough_controller.so" to ""
[119.604s] -- Installing: /Bt/install/play_motion2/lib/play_motion2/play_motion2_node_test
[119.614s] -- Set non-toolchain portion of runtime path of "/Bt/install/play_motion2/lib/play_motion2/play_motion2_node_test" to ""
[119.614s] -- Up-to-date: /Bt/install/play_motion2/include
[119.614s] -- Up-to-date: /Bt/install/play_motion2/include/play_motion2
[119.622s] -- Installing: /Bt/install/play_motion2/include/play_motion2/motion_loader.hpp
[119.622s] -- Installing: /Bt/install/play_motion2/include/play_motion2/types.hpp
[119.622s] -- Installing: /Bt/install/play_motion2/include/play_motion2/motion_planner.hpp
[119.622s] -- Installing: /Bt/install/play_motion2/include/play_motion2/play_motion2.hpp
[119.622s] -- Installing: /Bt/install/play_motion2/include/play_motion2/client.hpp
[119.622s] -- Installing: /Bt/install/play_motion2/share/play_motion2/environment/library_path.sh
[119.622s] -- Installing: /Bt/install/play_motion2/share/play_motion2/environment/library_path.dsv
[119.632s] -- Installing: /Bt/install/play_motion2/lib/libplay_motion2.so
[119.642s] -- Set non-toolchain portion of runtime path of "/Bt/install/play_motion2/lib/libplay_motion2.so" to ""
[119.643s] -- Installing: /Bt/install/play_motion2/lib/libclient.a
[119.648s] -- Installing: /Bt/install/play_motion2/lib/librrbot_system.so
[119.649s] -- Set non-toolchain portion of runtime path of "/Bt/install/play_motion2/lib/librrbot_system.so" to ""
[119.649s] -- Installing: /Bt/install/play_motion2/lib/play_motion2/play_motion2_node
[119.650s] -- Set non-toolchain portion of runtime path of "/Bt/install/play_motion2/lib/play_motion2/play_motion2_node" to ""
[119.650s] -- Installing: /Bt/install/play_motion2/lib/play_motion2/run_motion
[119.653s] -- Set non-toolchain portion of runtime path of "/Bt/install/play_motion2/lib/play_motion2/run_motion" to ""
[119.653s] -- Installing: /Bt/install/play_motion2/share/play_motion2/config
[119.653s] -- Installing: /Bt/install/play_motion2/share/play_motion2/config/motion_planner_config.yaml
[119.665s] -- Installing: /Bt/install/play_motion2/share/play_motion2/launch
[119.666s] -- Installing: /Bt/install/play_motion2/share/play_motion2/launch/play_motion2.launch.py
[119.666s] -- Installing: /Bt/install/play_motion2/share/ament_index/resource_index/package_run_dependencies/play_motion2
[119.666s] -- Installing: /Bt/install/play_motion2/share/ament_index/resource_index/parent_prefix_path/play_motion2
[119.666s] -- Installing: /Bt/install/play_motion2/share/play_motion2/environment/ament_prefix_path.sh
[119.667s] -- Installing: /Bt/install/play_motion2/share/play_motion2/environment/ament_prefix_path.dsv
[119.667s] -- Installing: /Bt/install/play_motion2/share/play_motion2/environment/path.sh
[119.667s] -- Installing: /Bt/install/play_motion2/share/play_motion2/environment/path.dsv
[119.667s] -- Installing: /Bt/install/play_motion2/share/play_motion2/local_setup.bash
[119.667s] -- Installing: /Bt/install/play_motion2/share/play_motion2/local_setup.sh
[119.668s] -- Installing: /Bt/install/play_motion2/share/play_motion2/local_setup.zsh
[119.668s] -- Installing: /Bt/install/play_motion2/share/play_motion2/local_setup.dsv
[119.668s] -- Installing: /Bt/install/play_motion2/share/play_motion2/package.dsv
[119.669s] -- Installing: /Bt/install/play_motion2/share/ament_index/resource_index/packages/play_motion2
[119.669s] -- Installing: /Bt/install/play_motion2/share/ament_index/resource_index/hardware_interface__pluginlib__plugin/play_motion2
[119.669s] -- Installing: /Bt/install/play_motion2/share/ament_index/resource_index/controller_interface__pluginlib__plugin/play_motion2
[119.669s] -- Installing: /Bt/install/play_motion2/share/play_motion2/cmake/ament_cmake_export_dependencies-extras.cmake
[119.670s] -- Installing: /Bt/install/play_motion2/share/play_motion2/cmake/ament_cmake_export_include_directories-extras.cmake
[119.670s] -- Installing: /Bt/install/play_motion2/share/play_motion2/cmake/ament_cmake_export_libraries-extras.cmake
[119.670s] -- Installing: /Bt/install/play_motion2/share/play_motion2/cmake/play_motion2Config.cmake
[119.670s] -- Installing: /Bt/install/play_motion2/share/play_motion2/cmake/play_motion2Config-version.cmake
[119.671s] -- Installing: /Bt/install/play_motion2/share/play_motion2/package.xml
[119.673s] Invoked command in '/Bt/build/play_motion2' returned '0': CMAKE_PREFIX_PATH=/Bt/install/play_motion2_msgs:/opt/ros/jazzy/opt/gz_sim_vendor:/opt/ros/jazzy/opt/gz_sensors_vendor:/opt/ros/jazzy/opt/gz_physics_vendor:/opt/ros/jazzy/opt/sdformat_vendor:/opt/ros/jazzy/opt/gz_gui_vendor:/opt/ros/jazzy/opt/gz_transport_vendor:/opt/ros/jazzy/opt/gz_rendering_vendor:/opt/ros/jazzy/opt/gz_plugin_vendor:/opt/ros/jazzy/opt/gz_fuel_tools_vendor:/opt/ros/jazzy/opt/gz_msgs_vendor:/opt/ros/jazzy/opt/gz_common_vendor:/opt/ros/jazzy/opt/gz_math_vendor:/opt/ros/jazzy/opt/gz_utils_vendor:/opt/ros/jazzy/opt/gz_tools_vendor:/opt/ros/jazzy/opt/gz_ogre_next_vendor:/opt/ros/jazzy/opt/gz_dartsim_vendor:/opt/ros/jazzy/opt/gz_cmake_vendor:/Bt/install/yolo_bringup:/Bt/install/yolo_msgs:/Bt/install/tiago_slam:/Bt/install/tiago_simulation:/Bt/install/tiago_sim:/Bt/install/tiago_robot:/Bt/install/tiago_navigation:/Bt/install/tiago_demos:/Bt/install/tiago_nav:/Bt/install/tiago_gazebo:/Bt/install/tiago_moveit_config:/Bt/install/tiago_2dnav:/Bt/install/tiago_laser_sensors:/Bt/install/tiago_grab:/Bt/install/tiago_bringup:/Bt/install/tiago_description:/Bt/install/tiago_controller_configuration:/Bt/install/tiago_behavior_tree:/Bt/install/tiago_aruco_broadcast:/Bt/install/ros2_aruco_interfaces:/Bt/install/pmb2_robot:/Bt/install/pmb2_rgbd_sensors:/Bt/install/pmb2_navigation:/Bt/install/pmb2_laser_sensors:/Bt/install/pmb2_bringup:/Bt/install/pmb2_description:/Bt/install/pmb2_controller_configuration:/Bt/install/pmb2_2dnav:/Bt/install/play_motion2:/Bt/install/pal_hey5:/Bt/install/pal_hey5_description:/Bt/install/pal_gripper_simulation:/Bt/install/pal_gripper:/Bt/install/pal_gripper_description:/Bt/install/omni_base_robot:/Bt/install/omni_base_bringup:/Bt/install/omni_base_description:/Bt/install/pal_urdf_utils:/Bt/install/pal_robotiq_gripper:/Bt/install/pal_robotiq_description:/Bt/install/pal_robotiq_controller_configuration:/Bt/install/pal_maps:/Bt/install/pal_hey5_controller_configuration:/Bt/install/pal_gripper_controller_configuration:/Bt/install/omni_base_controller_configuration:/Bt/install/grab2_planner:/Bt/install/grab2_grasp_generator:/Bt/install/grab2_bt_grabber:/Bt/install/grab2_ros_common:/Bt/install/grab2_behavior_tree:/Bt/install/grab2_msgs:/Bt/install/grab2_controller:/Bt/install/btcpp_ros2_samples:/Bt/install/behaviortree_ros2:/Bt/install/btcpp_ros2_interfaces:/opt/ros/jazzy:/Bt/install/yolo_ros:/Bt/install/ros2_aruco:/Bt/install/launch_pal:/Bt/install/grab2_curobo_planner LD_LIBRARY_PATH=/Bt/install/play_motion2_msgs/lib:/opt/ros/jazzy/opt/gz_sim_vendor/lib:/opt/ros/jazzy/opt/gz_sensors_vendor/lib:/opt/ros/jazzy/opt/gz_physics_vendor/lib:/opt/ros/jazzy/opt/sdformat_vendor/lib:/opt/ros/jazzy/opt/rviz_ogre_vendor/lib:/opt/ros/jazzy/lib/x86_64-linux-gnu:/opt/ros/jazzy/opt/gz_gui_vendor/lib:/opt/ros/jazzy/opt/gz_transport_vendor/lib:/opt/ros/jazzy/opt/gz_rendering_vendor/lib:/opt/ros/jazzy/opt/gz_plugin_vendor/lib:/opt/ros/jazzy/opt/gz_fuel_tools_vendor/lib:/opt/ros/jazzy/opt/gz_msgs_vendor/lib:/opt/ros/jazzy/opt/gz_common_vendor/lib:/opt/ros/jazzy/opt/gz_math_vendor/lib:/opt/ros/jazzy/opt/gz_utils_vendor/lib:/opt/ros/jazzy/opt/gz_tools_vendor/lib:/opt/ros/jazzy/opt/gz_ogre_next_vendor/lib:/opt/ros/jazzy/opt/gz_dartsim_vendor/lib:/opt/ros/jazzy/opt/gz_cmake_vendor/lib:/opt/ros/jazzy/lib:/Bt/install/yolo_msgs/lib:/Bt/install/tiago_behavior_tree/lib:/Bt/install/ros2_aruco_interfaces/lib:/Bt/install/play_motion2/lib:/Bt/install/grab2_planner/lib:/Bt/install/grab2_grasp_generator/lib:/Bt/install/grab2_bt_grabber/lib:/Bt/install/grab2_behavior_tree/lib:/Bt/install/grab2_msgs/lib:/Bt/install/behaviortree_ros2/lib:/Bt/install/btcpp_ros2_interfaces/lib PYTHONPATH=/Bt/install/play_motion2_msgs/lib/python3.12/site-packages:/opt/ros/jazzy/lib/python3.12/site-packages:/Bt/install/yolo_ros/lib/python3.12/site-packages:/Bt/install/yolo_msgs/lib/python3.12/site-packages:/Bt/install/tiago_description/lib/python3.12/site-packages:/Bt/install/ros2_aruco_interfaces/lib/python3.12/site-packages:/Bt/install/ros2_aruco/lib/python3.12/site-packages:/Bt/install/pmb2_description/lib/python3.12/site-packages:/Bt/install/omni_base_description/lib/python3.12/site-packages:/Bt/install/launch_pal/lib/python3.12/site-packages:/Bt/install/grab2_curobo_planner/lib/python3.12/site-packages:/Bt/install/grab2_msgs/lib/python3.12/site-packages:/Bt/install/btcpp_ros2_interfaces/lib/python3.12/site-packages /usr/bin/cmake --install /Bt/build/play_motion2
