[0.600s] Invoking command in '/Bt/build/pal_hey5_description': AMENT_PREFIX_PATH=/Bt/install/pal_urdf_utils:${AMENT_PREFIX_PATH} CMAKE_PREFIX_PATH=/Bt/install/pal_urdf_utils:/opt/ros/jazzy/opt/gz_sim_vendor:/opt/ros/jazzy/opt/gz_sensors_vendor:/opt/ros/jazzy/opt/gz_physics_vendor:/opt/ros/jazzy/opt/sdformat_vendor:/opt/ros/jazzy/opt/gz_gui_vendor:/opt/ros/jazzy/opt/gz_transport_vendor:/opt/ros/jazzy/opt/gz_rendering_vendor:/opt/ros/jazzy/opt/gz_plugin_vendor:/opt/ros/jazzy/opt/gz_fuel_tools_vendor:/opt/ros/jazzy/opt/gz_msgs_vendor:/opt/ros/jazzy/opt/gz_common_vendor:/opt/ros/jazzy/opt/gz_math_vendor:/opt/ros/jazzy/opt/gz_utils_vendor:/opt/ros/jazzy/opt/gz_tools_vendor:/opt/ros/jazzy/opt/gz_ogre_next_vendor:/opt/ros/jazzy/opt/gz_dartsim_vendor:/opt/ros/jazzy/opt/gz_cmake_vendor:/opt/ros/jazzy /usr/bin/cmake --build /Bt/build/pal_hey5_description -- -j8 -l8
[0.870s] Invoked command in '/Bt/build/pal_hey5_description' returned '0': AMENT_PREFIX_PATH=/Bt/install/pal_urdf_utils:${AMENT_PREFIX_PATH} CMAKE_PREFIX_PATH=/Bt/install/pal_urdf_utils:/opt/ros/jazzy/opt/gz_sim_vendor:/opt/ros/jazzy/opt/gz_sensors_vendor:/opt/ros/jazzy/opt/gz_physics_vendor:/opt/ros/jazzy/opt/sdformat_vendor:/opt/ros/jazzy/opt/gz_gui_vendor:/opt/ros/jazzy/opt/gz_transport_vendor:/opt/ros/jazzy/opt/gz_rendering_vendor:/opt/ros/jazzy/opt/gz_plugin_vendor:/opt/ros/jazzy/opt/gz_fuel_tools_vendor:/opt/ros/jazzy/opt/gz_msgs_vendor:/opt/ros/jazzy/opt/gz_common_vendor:/opt/ros/jazzy/opt/gz_math_vendor:/opt/ros/jazzy/opt/gz_utils_vendor:/opt/ros/jazzy/opt/gz_tools_vendor:/opt/ros/jazzy/opt/gz_ogre_next_vendor:/opt/ros/jazzy/opt/gz_dartsim_vendor:/opt/ros/jazzy/opt/gz_cmake_vendor:/opt/ros/jazzy /usr/bin/cmake --build /Bt/build/pal_hey5_description -- -j8 -l8
[0.885s] Invoking command in '/Bt/build/pal_hey5_description': AMENT_PREFIX_PATH=/Bt/install/pal_urdf_utils:${AMENT_PREFIX_PATH} CMAKE_PREFIX_PATH=/Bt/install/pal_urdf_utils:/opt/ros/jazzy/opt/gz_sim_vendor:/opt/ros/jazzy/opt/gz_sensors_vendor:/opt/ros/jazzy/opt/gz_physics_vendor:/opt/ros/jazzy/opt/sdformat_vendor:/opt/ros/jazzy/opt/gz_gui_vendor:/opt/ros/jazzy/opt/gz_transport_vendor:/opt/ros/jazzy/opt/gz_rendering_vendor:/opt/ros/jazzy/opt/gz_plugin_vendor:/opt/ros/jazzy/opt/gz_fuel_tools_vendor:/opt/ros/jazzy/opt/gz_msgs_vendor:/opt/ros/jazzy/opt/gz_common_vendor:/opt/ros/jazzy/opt/gz_math_vendor:/opt/ros/jazzy/opt/gz_utils_vendor:/opt/ros/jazzy/opt/gz_tools_vendor:/opt/ros/jazzy/opt/gz_ogre_next_vendor:/opt/ros/jazzy/opt/gz_dartsim_vendor:/opt/ros/jazzy/opt/gz_cmake_vendor:/opt/ros/jazzy /usr/bin/cmake --install /Bt/build/pal_hey5_description
[0.947s] -- Install configuration: ""
[0.948s] -- Up-to-date: /Bt/install/pal_hey5_description/share/pal_hey5_description/config
[0.949s] -- Up-to-date: /Bt/install/pal_hey5_description/share/pal_hey5_description/config/two_hands.rviz
[0.949s] -- Up-to-date: /Bt/install/pal_hey5_description/share/pal_hey5_description/gazebo
[0.949s] -- Up-to-date: /Bt/install/pal_hey5_description/share/pal_hey5_description/gazebo/gazebo.urdf.xacro
[0.950s] -- Up-to-date: /Bt/install/pal_hey5_description/share/pal_hey5_description/launch
[0.950s] -- Up-to-date: /Bt/install/pal_hey5_description/share/pal_hey5_description/launch/pal_hey5_kinematics_test.launch
[0.951s] -- Up-to-date: /Bt/install/pal_hey5_description/share/pal_hey5_description/meshes
[0.951s] -- Up-to-date: /Bt/install/pal_hey5_description/share/pal_hey5_description/meshes/palm.stl
[0.951s] -- Up-to-date: /Bt/install/pal_hey5_description/share/pal_hey5_description/meshes/finger_abd_collision.stl
[0.952s] -- Up-to-date: /Bt/install/pal_hey5_description/share/pal_hey5_description/meshes/palm_collision.stl
[0.952s] -- Up-to-date: /Bt/install/pal_hey5_description/share/pal_hey5_description/meshes/finger_flex_tip_collision.stl
[0.952s] -- Up-to-date: /Bt/install/pal_hey5_description/share/pal_hey5_description/meshes/finger_flex_collision.stl
[0.953s] -- Up-to-date: /Bt/install/pal_hey5_description/share/pal_hey5_description/meshes/thumb_abd_collision.stl
[0.953s] -- Up-to-date: /Bt/install/pal_hey5_description/share/pal_hey5_description/robots
[0.954s] -- Up-to-date: /Bt/install/pal_hey5_description/share/pal_hey5_description/robots/pal_hey5_test.urdf.xacro
[0.954s] -- Up-to-date: /Bt/install/pal_hey5_description/share/pal_hey5_description/urdf
[0.956s] -- Up-to-date: /Bt/install/pal_hey5_description/share/pal_hey5_description/urdf/pal_hey5.ros2_control.xacro
[0.956s] -- Up-to-date: /Bt/install/pal_hey5_description/share/pal_hey5_description/urdf/transmissions.urdf.xacro
[0.956s] -- Up-to-date: /Bt/install/pal_hey5_description/share/pal_hey5_description/urdf/actuators.urdf.xacro
[0.956s] -- Up-to-date: /Bt/install/pal_hey5_description/share/pal_hey5_description/urdf/pal_hey5.transmission.xacro
[0.956s] -- Up-to-date: /Bt/install/pal_hey5_description/share/pal_hey5_description/urdf/pal_hey5_hand.urdf.xacro
[0.956s] -- Up-to-date: /Bt/install/pal_hey5_description/share/pal_hey5_description/urdf/palm.urdf.xacro
[0.956s] -- Up-to-date: /Bt/install/pal_hey5_description/share/pal_hey5_description/urdf/fingers.urdf.xacro
[0.957s] -- Up-to-date: /Bt/install/pal_hey5_description/share/ament_index/resource_index/package_run_dependencies/pal_hey5_description
[0.957s] -- Up-to-date: /Bt/install/pal_hey5_description/share/ament_index/resource_index/parent_prefix_path/pal_hey5_description
[0.957s] -- Up-to-date: /Bt/install/pal_hey5_description/share/pal_hey5_description/environment/ament_prefix_path.sh
[0.957s] -- Up-to-date: /Bt/install/pal_hey5_description/share/pal_hey5_description/environment/ament_prefix_path.dsv
[0.957s] -- Up-to-date: /Bt/install/pal_hey5_description/share/pal_hey5_description/environment/path.sh
[0.957s] -- Up-to-date: /Bt/install/pal_hey5_description/share/pal_hey5_description/environment/path.dsv
[0.957s] -- Up-to-date: /Bt/install/pal_hey5_description/share/pal_hey5_description/local_setup.bash
[0.957s] -- Up-to-date: /Bt/install/pal_hey5_description/share/pal_hey5_description/local_setup.sh
[0.957s] -- Up-to-date: /Bt/install/pal_hey5_description/share/pal_hey5_description/local_setup.zsh
[0.957s] -- Up-to-date: /Bt/install/pal_hey5_description/share/pal_hey5_description/local_setup.dsv
[0.957s] -- Installing: /Bt/install/pal_hey5_description/share/pal_hey5_description/package.dsv
[0.958s] -- Up-to-date: /Bt/install/pal_hey5_description/share/ament_index/resource_index/packages/pal_hey5_description
[0.959s] -- Up-to-date: /Bt/install/pal_hey5_description/share/pal_hey5_description/cmake/pal_hey5_descriptionConfig.cmake
[0.959s] -- Up-to-date: /Bt/install/pal_hey5_description/share/pal_hey5_description/cmake/pal_hey5_descriptionConfig-version.cmake
[0.959s] -- Up-to-date: /Bt/install/pal_hey5_description/share/pal_hey5_description/package.xml
[1.042s] Invoked command in '/Bt/build/pal_hey5_description' returned '0': AMENT_PREFIX_PATH=/Bt/install/pal_urdf_utils:${AMENT_PREFIX_PATH} CMAKE_PREFIX_PATH=/Bt/install/pal_urdf_utils:/opt/ros/jazzy/opt/gz_sim_vendor:/opt/ros/jazzy/opt/gz_sensors_vendor:/opt/ros/jazzy/opt/gz_physics_vendor:/opt/ros/jazzy/opt/sdformat_vendor:/opt/ros/jazzy/opt/gz_gui_vendor:/opt/ros/jazzy/opt/gz_transport_vendor:/opt/ros/jazzy/opt/gz_rendering_vendor:/opt/ros/jazzy/opt/gz_plugin_vendor:/opt/ros/jazzy/opt/gz_fuel_tools_vendor:/opt/ros/jazzy/opt/gz_msgs_vendor:/opt/ros/jazzy/opt/gz_common_vendor:/opt/ros/jazzy/opt/gz_math_vendor:/opt/ros/jazzy/opt/gz_utils_vendor:/opt/ros/jazzy/opt/gz_tools_vendor:/opt/ros/jazzy/opt/gz_ogre_next_vendor:/opt/ros/jazzy/opt/gz_dartsim_vendor:/opt/ros/jazzy/opt/gz_cmake_vendor:/opt/ros/jazzy /usr/bin/cmake --install /Bt/build/pal_hey5_description
