[0.116s] Invoking command in '/Bt/build/play_motion2_msgs': CMAKE_PREFIX_PATH=${CMAKE_PREFIX_PATH}:/opt/ros/jazzy:/Bt/install/yolo_ros:/Bt/install/ros2_aruco:/Bt/install/launch_pal:/Bt/install/grab2_curobo_planner /usr/bin/cmake --build /Bt/build/play_motion2_msgs -- -j8 -l8
[0.296s] [  1%] Built target play_motion2_msgs__rosidl_generator_type_description
[0.395s] [  1%] Built target ament_cmake_python_copy_play_motion2_msgs
[0.485s] [ 25%] Built target play_motion2_msgs__rosidl_generator_c
[1.000s] running egg_info
[1.044s] writing play_motion2_msgs.egg-info/PKG-INFO
[1.045s] writing dependency_links to play_motion2_msgs.egg-info/dependency_links.txt
[1.045s] writing top-level names to play_motion2_msgs.egg-info/top_level.txt
[1.180s] reading manifest file 'play_motion2_msgs.egg-info/SOURCES.txt'
[1.181s] writing manifest file 'play_motion2_msgs.egg-info/SOURCES.txt'
[1.252s] [ 25%] Built target ament_cmake_python_build_play_motion2_msgs_egg
[1.325s] [ 35%] Built target play_motion2_msgs__rosidl_typesupport_c
[1.397s] [ 44%] Built target play_motion2_msgs__rosidl_typesupport_introspection_c
[1.476s] [ 54%] Built target play_motion2_msgs__rosidl_typesupport_fastrtps_c
[1.543s] [ 55%] Built target play_motion2_msgs__cpp
[1.609s] [ 64%] Built target play_motion2_msgs__rosidl_typesupport_cpp
[1.704s] [ 74%] Built target play_motion2_msgs__rosidl_typesupport_introspection_cpp
[1.839s] [ 84%] Built target play_motion2_msgs__rosidl_typesupport_fastrtps_cpp
[1.895s] [ 84%] Built target play_motion2_msgs
[2.037s] [ 85%] Built target play_motion2_msgs__py
[2.038s] [ 93%] Built target play_motion2_msgs__rosidl_generator_py
[2.039s] [ 95%] Built target play_motion2_msgs_s__rosidl_typesupport_fastrtps_c
[2.074s] [ 97%] Built target play_motion2_msgs_s__rosidl_typesupport_c
[2.167s] [100%] Built target play_motion2_msgs_s__rosidl_typesupport_introspection_c
[2.220s] Invoked command in '/Bt/build/play_motion2_msgs' returned '0': CMAKE_PREFIX_PATH=${CMAKE_PREFIX_PATH}:/opt/ros/jazzy:/Bt/install/yolo_ros:/Bt/install/ros2_aruco:/Bt/install/launch_pal:/Bt/install/grab2_curobo_planner /usr/bin/cmake --build /Bt/build/play_motion2_msgs -- -j8 -l8
[2.220s] Invoking command in '/Bt/build/play_motion2_msgs': CMAKE_PREFIX_PATH=${CMAKE_PREFIX_PATH}:/opt/ros/jazzy:/Bt/install/yolo_ros:/Bt/install/ros2_aruco:/Bt/install/launch_pal:/Bt/install/grab2_curobo_planner /usr/bin/cmake --install /Bt/build/play_motion2_msgs
[2.290s] -- Install configuration: ""
[2.290s] -- Up-to-date: /Bt/install/play_motion2_msgs/share/ament_index/resource_index/rosidl_interfaces/play_motion2_msgs
[2.290s] -- Up-to-date: /Bt/install/play_motion2_msgs/share/play_motion2_msgs/action/PlayMotion2.json
[2.290s] -- Up-to-date: /Bt/install/play_motion2_msgs/share/play_motion2_msgs/msg/Motion.json
[2.290s] -- Up-to-date: /Bt/install/play_motion2_msgs/share/play_motion2_msgs/srv/AddMotion.json
[2.291s] -- Up-to-date: /Bt/install/play_motion2_msgs/share/play_motion2_msgs/srv/GetMotionInfo.json
[2.291s] -- Up-to-date: /Bt/install/play_motion2_msgs/share/play_motion2_msgs/srv/IsMotionReady.json
[2.291s] -- Up-to-date: /Bt/install/play_motion2_msgs/share/play_motion2_msgs/srv/ListMotions.json
[2.291s] -- Up-to-date: /Bt/install/play_motion2_msgs/share/play_motion2_msgs/srv/RemoveMotion.json
[2.291s] -- Up-to-date: /Bt/install/play_motion2_msgs/include/play_motion2_msgs/play_motion2_msgs
[2.291s] -- Up-to-date: /Bt/install/play_motion2_msgs/include/play_motion2_msgs/play_motion2_msgs/action
[2.291s] -- Up-to-date: /Bt/install/play_motion2_msgs/include/play_motion2_msgs/play_motion2_msgs/action/play_motion2.h
[2.303s] -- Up-to-date: /Bt/install/play_motion2_msgs/include/play_motion2_msgs/play_motion2_msgs/action/detail
[2.303s] -- Up-to-date: /Bt/install/play_motion2_msgs/include/play_motion2_msgs/play_motion2_msgs/action/detail/play_motion2__functions.h
[2.303s] -- Up-to-date: /Bt/install/play_motion2_msgs/include/play_motion2_msgs/play_motion2_msgs/action/detail/play_motion2__type_support.h
[2.303s] -- Up-to-date: /Bt/install/play_motion2_msgs/include/play_motion2_msgs/play_motion2_msgs/action/detail/play_motion2__struct.h
[2.304s] -- Installing: /Bt/install/play_motion2_msgs/include/play_motion2_msgs/play_motion2_msgs/action/detail/play_motion2__type_support.c
[2.304s] -- Up-to-date: /Bt/install/play_motion2_msgs/include/play_motion2_msgs/play_motion2_msgs/action/detail/play_motion2__description.c
[2.304s] -- Up-to-date: /Bt/install/play_motion2_msgs/include/play_motion2_msgs/play_motion2_msgs/action/detail/play_motion2__functions.c
[2.304s] -- Up-to-date: /Bt/install/play_motion2_msgs/include/play_motion2_msgs/play_motion2_msgs/msg
[2.304s] -- Up-to-date: /Bt/install/play_motion2_msgs/include/play_motion2_msgs/play_motion2_msgs/msg/rosidl_generator_c__visibility_control.h
[2.304s] -- Up-to-date: /Bt/install/play_motion2_msgs/include/play_motion2_msgs/play_motion2_msgs/msg/detail
[2.305s] -- Up-to-date: /Bt/install/play_motion2_msgs/include/play_motion2_msgs/play_motion2_msgs/msg/detail/motion__struct.h
[2.305s] -- Installing: /Bt/install/play_motion2_msgs/include/play_motion2_msgs/play_motion2_msgs/msg/detail/motion__type_support.c
[2.305s] -- Up-to-date: /Bt/install/play_motion2_msgs/include/play_motion2_msgs/play_motion2_msgs/msg/detail/motion__functions.h
[2.305s] -- Up-to-date: /Bt/install/play_motion2_msgs/include/play_motion2_msgs/play_motion2_msgs/msg/detail/motion__description.c
[2.305s] -- Up-to-date: /Bt/install/play_motion2_msgs/include/play_motion2_msgs/play_motion2_msgs/msg/detail/motion__functions.c
[2.305s] -- Up-to-date: /Bt/install/play_motion2_msgs/include/play_motion2_msgs/play_motion2_msgs/msg/detail/motion__type_support.h
[2.305s] -- Up-to-date: /Bt/install/play_motion2_msgs/include/play_motion2_msgs/play_motion2_msgs/msg/motion.h
[2.306s] -- Up-to-date: /Bt/install/play_motion2_msgs/include/play_motion2_msgs/play_motion2_msgs/srv
[2.306s] -- Up-to-date: /Bt/install/play_motion2_msgs/include/play_motion2_msgs/play_motion2_msgs/srv/get_motion_info.h
[2.306s] -- Up-to-date: /Bt/install/play_motion2_msgs/include/play_motion2_msgs/play_motion2_msgs/srv/remove_motion.h
[2.306s] -- Up-to-date: /Bt/install/play_motion2_msgs/include/play_motion2_msgs/play_motion2_msgs/srv/add_motion.h
[2.306s] -- Up-to-date: /Bt/install/play_motion2_msgs/include/play_motion2_msgs/play_motion2_msgs/srv/list_motions.h
[2.306s] -- Up-to-date: /Bt/install/play_motion2_msgs/include/play_motion2_msgs/play_motion2_msgs/srv/is_motion_ready.h
[2.307s] -- Up-to-date: /Bt/install/play_motion2_msgs/include/play_motion2_msgs/play_motion2_msgs/srv/detail
[2.307s] -- Installing: /Bt/install/play_motion2_msgs/include/play_motion2_msgs/play_motion2_msgs/srv/detail/get_motion_info__type_support.c
[2.314s] -- Up-to-date: /Bt/install/play_motion2_msgs/include/play_motion2_msgs/play_motion2_msgs/srv/detail/add_motion__struct.h
[2.315s] -- Up-to-date: /Bt/install/play_motion2_msgs/include/play_motion2_msgs/play_motion2_msgs/srv/detail/get_motion_info__functions.h
[2.315s] -- Up-to-date: /Bt/install/play_motion2_msgs/include/play_motion2_msgs/play_motion2_msgs/srv/detail/list_motions__description.c
[2.315s] -- Installing: /Bt/install/play_motion2_msgs/include/play_motion2_msgs/play_motion2_msgs/srv/detail/list_motions__type_support.c
[2.315s] -- Up-to-date: /Bt/install/play_motion2_msgs/include/play_motion2_msgs/play_motion2_msgs/srv/detail/get_motion_info__struct.h
[2.315s] -- Up-to-date: /Bt/install/play_motion2_msgs/include/play_motion2_msgs/play_motion2_msgs/srv/detail/list_motions__functions.h
[2.315s] -- Installing: /Bt/install/play_motion2_msgs/include/play_motion2_msgs/play_motion2_msgs/srv/detail/is_motion_ready__type_support.c
[2.316s] -- Installing: /Bt/install/play_motion2_msgs/include/play_motion2_msgs/play_motion2_msgs/srv/detail/remove_motion__type_support.c
[2.316s] -- Up-to-date: /Bt/install/play_motion2_msgs/include/play_motion2_msgs/play_motion2_msgs/srv/detail/add_motion__description.c
[2.316s] -- Up-to-date: /Bt/install/play_motion2_msgs/include/play_motion2_msgs/play_motion2_msgs/srv/detail/add_motion__type_support.h
[2.316s] -- Up-to-date: /Bt/install/play_motion2_msgs/include/play_motion2_msgs/play_motion2_msgs/srv/detail/remove_motion__struct.h
[2.316s] -- Up-to-date: /Bt/install/play_motion2_msgs/include/play_motion2_msgs/play_motion2_msgs/srv/detail/remove_motion__description.c
[2.316s] -- Up-to-date: /Bt/install/play_motion2_msgs/include/play_motion2_msgs/play_motion2_msgs/srv/detail/list_motions__functions.c
[2.316s] -- Up-to-date: /Bt/install/play_motion2_msgs/include/play_motion2_msgs/play_motion2_msgs/srv/detail/is_motion_ready__functions.c
[2.317s] -- Up-to-date: /Bt/install/play_motion2_msgs/include/play_motion2_msgs/play_motion2_msgs/srv/detail/get_motion_info__description.c
[2.317s] -- Up-to-date: /Bt/install/play_motion2_msgs/include/play_motion2_msgs/play_motion2_msgs/srv/detail/get_motion_info__functions.c
[2.317s] -- Up-to-date: /Bt/install/play_motion2_msgs/include/play_motion2_msgs/play_motion2_msgs/srv/detail/remove_motion__type_support.h
[2.317s] -- Up-to-date: /Bt/install/play_motion2_msgs/include/play_motion2_msgs/play_motion2_msgs/srv/detail/get_motion_info__type_support.h
[2.317s] -- Up-to-date: /Bt/install/play_motion2_msgs/include/play_motion2_msgs/play_motion2_msgs/srv/detail/remove_motion__functions.c
[2.323s] -- Up-to-date: /Bt/install/play_motion2_msgs/include/play_motion2_msgs/play_motion2_msgs/srv/detail/is_motion_ready__functions.h
[2.323s] -- Up-to-date: /Bt/install/play_motion2_msgs/include/play_motion2_msgs/play_motion2_msgs/srv/detail/is_motion_ready__type_support.h
[2.325s] -- Up-to-date: /Bt/install/play_motion2_msgs/include/play_motion2_msgs/play_motion2_msgs/srv/detail/list_motions__struct.h
[2.325s] -- Installing: /Bt/install/play_motion2_msgs/include/play_motion2_msgs/play_motion2_msgs/srv/detail/add_motion__type_support.c
[2.326s] -- Up-to-date: /Bt/install/play_motion2_msgs/include/play_motion2_msgs/play_motion2_msgs/srv/detail/is_motion_ready__struct.h
[2.326s] -- Up-to-date: /Bt/install/play_motion2_msgs/include/play_motion2_msgs/play_motion2_msgs/srv/detail/remove_motion__functions.h
[2.327s] -- Up-to-date: /Bt/install/play_motion2_msgs/include/play_motion2_msgs/play_motion2_msgs/srv/detail/is_motion_ready__description.c
[2.327s] -- Up-to-date: /Bt/install/play_motion2_msgs/include/play_motion2_msgs/play_motion2_msgs/srv/detail/list_motions__type_support.h
[2.327s] -- Up-to-date: /Bt/install/play_motion2_msgs/include/play_motion2_msgs/play_motion2_msgs/srv/detail/add_motion__functions.c
[2.329s] -- Up-to-date: /Bt/install/play_motion2_msgs/include/play_motion2_msgs/play_motion2_msgs/srv/detail/add_motion__functions.h
[2.330s] -- Up-to-date: /Bt/install/play_motion2_msgs/share/play_motion2_msgs/environment/library_path.sh
[2.331s] -- Up-to-date: /Bt/install/play_motion2_msgs/share/play_motion2_msgs/environment/library_path.dsv
[2.331s] -- Up-to-date: /Bt/install/play_motion2_msgs/lib/libplay_motion2_msgs__rosidl_generator_c.so
[2.332s] -- Up-to-date: /Bt/install/play_motion2_msgs/include/play_motion2_msgs/play_motion2_msgs
[2.332s] -- Up-to-date: /Bt/install/play_motion2_msgs/include/play_motion2_msgs/play_motion2_msgs/action
[2.332s] -- Up-to-date: /Bt/install/play_motion2_msgs/include/play_motion2_msgs/play_motion2_msgs/action/detail
[2.332s] -- Up-to-date: /Bt/install/play_motion2_msgs/include/play_motion2_msgs/play_motion2_msgs/action/detail/play_motion2__rosidl_typesupport_fastrtps_c.h
[2.332s] -- Up-to-date: /Bt/install/play_motion2_msgs/include/play_motion2_msgs/play_motion2_msgs/msg
[2.332s] -- Up-to-date: /Bt/install/play_motion2_msgs/include/play_motion2_msgs/play_motion2_msgs/msg/detail
[2.332s] -- Up-to-date: /Bt/install/play_motion2_msgs/include/play_motion2_msgs/play_motion2_msgs/msg/detail/motion__rosidl_typesupport_fastrtps_c.h
[2.333s] -- Up-to-date: /Bt/install/play_motion2_msgs/include/play_motion2_msgs/play_motion2_msgs/msg/rosidl_typesupport_fastrtps_c__visibility_control.h
[2.335s] -- Up-to-date: /Bt/install/play_motion2_msgs/include/play_motion2_msgs/play_motion2_msgs/srv
[2.336s] -- Up-to-date: /Bt/install/play_motion2_msgs/include/play_motion2_msgs/play_motion2_msgs/srv/detail
[2.336s] -- Up-to-date: /Bt/install/play_motion2_msgs/include/play_motion2_msgs/play_motion2_msgs/srv/detail/get_motion_info__rosidl_typesupport_fastrtps_c.h
[2.336s] -- Up-to-date: /Bt/install/play_motion2_msgs/include/play_motion2_msgs/play_motion2_msgs/srv/detail/add_motion__rosidl_typesupport_fastrtps_c.h
[2.337s] -- Up-to-date: /Bt/install/play_motion2_msgs/include/play_motion2_msgs/play_motion2_msgs/srv/detail/is_motion_ready__rosidl_typesupport_fastrtps_c.h
[2.337s] -- Up-to-date: /Bt/install/play_motion2_msgs/include/play_motion2_msgs/play_motion2_msgs/srv/detail/remove_motion__rosidl_typesupport_fastrtps_c.h
[2.337s] -- Up-to-date: /Bt/install/play_motion2_msgs/include/play_motion2_msgs/play_motion2_msgs/srv/detail/list_motions__rosidl_typesupport_fastrtps_c.h
[2.337s] -- Up-to-date: /Bt/install/play_motion2_msgs/lib/libplay_motion2_msgs__rosidl_typesupport_fastrtps_c.so
[2.337s] -- Up-to-date: /Bt/install/play_motion2_msgs/include/play_motion2_msgs/play_motion2_msgs
[2.337s] -- Up-to-date: /Bt/install/play_motion2_msgs/include/play_motion2_msgs/play_motion2_msgs/action
[2.338s] -- Up-to-date: /Bt/install/play_motion2_msgs/include/play_motion2_msgs/play_motion2_msgs/action/detail
[2.348s] -- Up-to-date: /Bt/install/play_motion2_msgs/include/play_motion2_msgs/play_motion2_msgs/action/detail/play_motion2__traits.hpp
[2.348s] -- Up-to-date: /Bt/install/play_motion2_msgs/include/play_motion2_msgs/play_motion2_msgs/action/detail/play_motion2__builder.hpp
[2.348s] -- Up-to-date: /Bt/install/play_motion2_msgs/include/play_motion2_msgs/play_motion2_msgs/action/detail/play_motion2__type_support.hpp
[2.348s] -- Up-to-date: /Bt/install/play_motion2_msgs/include/play_motion2_msgs/play_motion2_msgs/action/detail/play_motion2__struct.hpp
[2.349s] -- Up-to-date: /Bt/install/play_motion2_msgs/include/play_motion2_msgs/play_motion2_msgs/action/play_motion2.hpp
[2.349s] -- Up-to-date: /Bt/install/play_motion2_msgs/include/play_motion2_msgs/play_motion2_msgs/msg
[2.349s] -- Up-to-date: /Bt/install/play_motion2_msgs/include/play_motion2_msgs/play_motion2_msgs/msg/motion.hpp
[2.349s] -- Up-to-date: /Bt/install/play_motion2_msgs/include/play_motion2_msgs/play_motion2_msgs/msg/detail
[2.349s] -- Up-to-date: /Bt/install/play_motion2_msgs/include/play_motion2_msgs/play_motion2_msgs/msg/detail/motion__type_support.hpp
[2.349s] -- Up-to-date: /Bt/install/play_motion2_msgs/include/play_motion2_msgs/play_motion2_msgs/msg/detail/motion__struct.hpp
[2.350s] -- Up-to-date: /Bt/install/play_motion2_msgs/include/play_motion2_msgs/play_motion2_msgs/msg/detail/motion__builder.hpp
[2.350s] -- Up-to-date: /Bt/install/play_motion2_msgs/include/play_motion2_msgs/play_motion2_msgs/msg/detail/motion__traits.hpp
[2.350s] -- Up-to-date: /Bt/install/play_motion2_msgs/include/play_motion2_msgs/play_motion2_msgs/msg/rosidl_generator_cpp__visibility_control.hpp
[2.350s] -- Up-to-date: /Bt/install/play_motion2_msgs/include/play_motion2_msgs/play_motion2_msgs/srv
[2.350s] -- Up-to-date: /Bt/install/play_motion2_msgs/include/play_motion2_msgs/play_motion2_msgs/srv/list_motions.hpp
[2.350s] -- Up-to-date: /Bt/install/play_motion2_msgs/include/play_motion2_msgs/play_motion2_msgs/srv/remove_motion.hpp
[2.351s] -- Up-to-date: /Bt/install/play_motion2_msgs/include/play_motion2_msgs/play_motion2_msgs/srv/get_motion_info.hpp
[2.351s] -- Up-to-date: /Bt/install/play_motion2_msgs/include/play_motion2_msgs/play_motion2_msgs/srv/detail
[2.351s] -- Up-to-date: /Bt/install/play_motion2_msgs/include/play_motion2_msgs/play_motion2_msgs/srv/detail/add_motion__builder.hpp
[2.357s] -- Up-to-date: /Bt/install/play_motion2_msgs/include/play_motion2_msgs/play_motion2_msgs/srv/detail/is_motion_ready__type_support.hpp
[2.357s] -- Up-to-date: /Bt/install/play_motion2_msgs/include/play_motion2_msgs/play_motion2_msgs/srv/detail/remove_motion__type_support.hpp
[2.357s] -- Up-to-date: /Bt/install/play_motion2_msgs/include/play_motion2_msgs/play_motion2_msgs/srv/detail/list_motions__builder.hpp
[2.357s] -- Up-to-date: /Bt/install/play_motion2_msgs/include/play_motion2_msgs/play_motion2_msgs/srv/detail/get_motion_info__builder.hpp
[2.359s] -- Up-to-date: /Bt/install/play_motion2_msgs/include/play_motion2_msgs/play_motion2_msgs/srv/detail/is_motion_ready__builder.hpp
[2.359s] -- Up-to-date: /Bt/install/play_motion2_msgs/include/play_motion2_msgs/play_motion2_msgs/srv/detail/get_motion_info__traits.hpp
[2.359s] -- Up-to-date: /Bt/install/play_motion2_msgs/include/play_motion2_msgs/play_motion2_msgs/srv/detail/is_motion_ready__struct.hpp
[2.359s] -- Up-to-date: /Bt/install/play_motion2_msgs/include/play_motion2_msgs/play_motion2_msgs/srv/detail/add_motion__struct.hpp
[2.359s] -- Up-to-date: /Bt/install/play_motion2_msgs/include/play_motion2_msgs/play_motion2_msgs/srv/detail/add_motion__type_support.hpp
[2.360s] -- Up-to-date: /Bt/install/play_motion2_msgs/include/play_motion2_msgs/play_motion2_msgs/srv/detail/get_motion_info__struct.hpp
[2.361s] -- Up-to-date: /Bt/install/play_motion2_msgs/include/play_motion2_msgs/play_motion2_msgs/srv/detail/list_motions__type_support.hpp
[2.365s] -- Up-to-date: /Bt/install/play_motion2_msgs/include/play_motion2_msgs/play_motion2_msgs/srv/detail/add_motion__traits.hpp
[2.365s] -- Up-to-date: /Bt/install/play_motion2_msgs/include/play_motion2_msgs/play_motion2_msgs/srv/detail/list_motions__struct.hpp
[2.366s] -- Up-to-date: /Bt/install/play_motion2_msgs/include/play_motion2_msgs/play_motion2_msgs/srv/detail/get_motion_info__type_support.hpp
[2.366s] -- Up-to-date: /Bt/install/play_motion2_msgs/include/play_motion2_msgs/play_motion2_msgs/srv/detail/list_motions__traits.hpp
[2.366s] -- Up-to-date: /Bt/install/play_motion2_msgs/include/play_motion2_msgs/play_motion2_msgs/srv/detail/remove_motion__traits.hpp
[2.367s] -- Up-to-date: /Bt/install/play_motion2_msgs/include/play_motion2_msgs/play_motion2_msgs/srv/detail/remove_motion__builder.hpp
[2.370s] -- Up-to-date: /Bt/install/play_motion2_msgs/include/play_motion2_msgs/play_motion2_msgs/srv/detail/remove_motion__struct.hpp
[2.370s] -- Up-to-date: /Bt/install/play_motion2_msgs/include/play_motion2_msgs/play_motion2_msgs/srv/detail/is_motion_ready__traits.hpp
[2.371s] -- Up-to-date: /Bt/install/play_motion2_msgs/include/play_motion2_msgs/play_motion2_msgs/srv/is_motion_ready.hpp
[2.371s] -- Up-to-date: /Bt/install/play_motion2_msgs/include/play_motion2_msgs/play_motion2_msgs/srv/add_motion.hpp
[2.371s] -- Up-to-date: /Bt/install/play_motion2_msgs/include/play_motion2_msgs/play_motion2_msgs
[2.372s] -- Up-to-date: /Bt/install/play_motion2_msgs/include/play_motion2_msgs/play_motion2_msgs/action
[2.372s] -- Up-to-date: /Bt/install/play_motion2_msgs/include/play_motion2_msgs/play_motion2_msgs/action/detail
[2.372s] -- Up-to-date: /Bt/install/play_motion2_msgs/include/play_motion2_msgs/play_motion2_msgs/action/detail/play_motion2__rosidl_typesupport_fastrtps_cpp.hpp
[2.373s] -- Up-to-date: /Bt/install/play_motion2_msgs/include/play_motion2_msgs/play_motion2_msgs/action/detail/dds_fastrtps
[2.376s] -- Up-to-date: /Bt/install/play_motion2_msgs/include/play_motion2_msgs/play_motion2_msgs/msg
[2.377s] -- Up-to-date: /Bt/install/play_motion2_msgs/include/play_motion2_msgs/play_motion2_msgs/msg/detail
[2.380s] -- Up-to-date: /Bt/install/play_motion2_msgs/include/play_motion2_msgs/play_motion2_msgs/msg/detail/dds_fastrtps
[2.381s] -- Up-to-date: /Bt/install/play_motion2_msgs/include/play_motion2_msgs/play_motion2_msgs/msg/detail/motion__rosidl_typesupport_fastrtps_cpp.hpp
[2.381s] -- Up-to-date: /Bt/install/play_motion2_msgs/include/play_motion2_msgs/play_motion2_msgs/msg/rosidl_typesupport_fastrtps_cpp__visibility_control.h
[2.381s] -- Up-to-date: /Bt/install/play_motion2_msgs/include/play_motion2_msgs/play_motion2_msgs/srv
[2.381s] -- Up-to-date: /Bt/install/play_motion2_msgs/include/play_motion2_msgs/play_motion2_msgs/srv/detail
[2.381s] -- Up-to-date: /Bt/install/play_motion2_msgs/include/play_motion2_msgs/play_motion2_msgs/srv/detail/list_motions__rosidl_typesupport_fastrtps_cpp.hpp
[2.383s] -- Up-to-date: /Bt/install/play_motion2_msgs/include/play_motion2_msgs/play_motion2_msgs/srv/detail/get_motion_info__rosidl_typesupport_fastrtps_cpp.hpp
[2.383s] -- Up-to-date: /Bt/install/play_motion2_msgs/include/play_motion2_msgs/play_motion2_msgs/srv/detail/add_motion__rosidl_typesupport_fastrtps_cpp.hpp
[2.383s] -- Up-to-date: /Bt/install/play_motion2_msgs/include/play_motion2_msgs/play_motion2_msgs/srv/detail/remove_motion__rosidl_typesupport_fastrtps_cpp.hpp
[2.383s] -- Up-to-date: /Bt/install/play_motion2_msgs/include/play_motion2_msgs/play_motion2_msgs/srv/detail/is_motion_ready__rosidl_typesupport_fastrtps_cpp.hpp
[2.383s] -- Up-to-date: /Bt/install/play_motion2_msgs/include/play_motion2_msgs/play_motion2_msgs/srv/detail/dds_fastrtps
[2.384s] -- Up-to-date: /Bt/install/play_motion2_msgs/lib/libplay_motion2_msgs__rosidl_typesupport_fastrtps_cpp.so
[2.384s] -- Up-to-date: /Bt/install/play_motion2_msgs/include/play_motion2_msgs/play_motion2_msgs
[2.384s] -- Up-to-date: /Bt/install/play_motion2_msgs/include/play_motion2_msgs/play_motion2_msgs/action
[2.384s] -- Up-to-date: /Bt/install/play_motion2_msgs/include/play_motion2_msgs/play_motion2_msgs/action/detail
[2.388s] -- Installing: /Bt/install/play_motion2_msgs/include/play_motion2_msgs/play_motion2_msgs/action/detail/play_motion2__type_support.c
[2.388s] -- Up-to-date: /Bt/install/play_motion2_msgs/include/play_motion2_msgs/play_motion2_msgs/action/detail/play_motion2__rosidl_typesupport_introspection_c.h
[2.388s] -- Up-to-date: /Bt/install/play_motion2_msgs/include/play_motion2_msgs/play_motion2_msgs/msg
[2.388s] -- Up-to-date: /Bt/install/play_motion2_msgs/include/play_motion2_msgs/play_motion2_msgs/msg/rosidl_typesupport_introspection_c__visibility_control.h
[2.388s] -- Up-to-date: /Bt/install/play_motion2_msgs/include/play_motion2_msgs/play_motion2_msgs/msg/detail
[2.388s] -- Installing: /Bt/install/play_motion2_msgs/include/play_motion2_msgs/play_motion2_msgs/msg/detail/motion__type_support.c
[2.388s] -- Up-to-date: /Bt/install/play_motion2_msgs/include/play_motion2_msgs/play_motion2_msgs/msg/detail/motion__rosidl_typesupport_introspection_c.h
[2.391s] -- Up-to-date: /Bt/install/play_motion2_msgs/include/play_motion2_msgs/play_motion2_msgs/srv
[2.391s] -- Up-to-date: /Bt/install/play_motion2_msgs/include/play_motion2_msgs/play_motion2_msgs/srv/detail
[2.391s] -- Installing: /Bt/install/play_motion2_msgs/include/play_motion2_msgs/play_motion2_msgs/srv/detail/get_motion_info__type_support.c
[2.409s] -- Up-to-date: /Bt/install/play_motion2_msgs/include/play_motion2_msgs/play_motion2_msgs/srv/detail/list_motions__rosidl_typesupport_introspection_c.h
[2.411s] -- Installing: /Bt/install/play_motion2_msgs/include/play_motion2_msgs/play_motion2_msgs/srv/detail/list_motions__type_support.c
[2.412s] -- Installing: /Bt/install/play_motion2_msgs/include/play_motion2_msgs/play_motion2_msgs/srv/detail/is_motion_ready__type_support.c
[2.416s] -- Up-to-date: /Bt/install/play_motion2_msgs/include/play_motion2_msgs/play_motion2_msgs/srv/detail/is_motion_ready__rosidl_typesupport_introspection_c.h
[2.418s] -- Installing: /Bt/install/play_motion2_msgs/include/play_motion2_msgs/play_motion2_msgs/srv/detail/remove_motion__type_support.c
[2.418s] -- Up-to-date: /Bt/install/play_motion2_msgs/include/play_motion2_msgs/play_motion2_msgs/srv/detail/get_motion_info__rosidl_typesupport_introspection_c.h
[2.418s] -- Up-to-date: /Bt/install/play_motion2_msgs/include/play_motion2_msgs/play_motion2_msgs/srv/detail/add_motion__rosidl_typesupport_introspection_c.h
[2.418s] -- Up-to-date: /Bt/install/play_motion2_msgs/include/play_motion2_msgs/play_motion2_msgs/srv/detail/remove_motion__rosidl_typesupport_introspection_c.h
[2.419s] -- Installing: /Bt/install/play_motion2_msgs/include/play_motion2_msgs/play_motion2_msgs/srv/detail/add_motion__type_support.c
[2.424s] -- Up-to-date: /Bt/install/play_motion2_msgs/lib/libplay_motion2_msgs__rosidl_typesupport_introspection_c.so
[2.424s] -- Up-to-date: /Bt/install/play_motion2_msgs/lib/libplay_motion2_msgs__rosidl_typesupport_c.so
[2.428s] -- Up-to-date: /Bt/install/play_motion2_msgs/include/play_motion2_msgs/play_motion2_msgs
[2.428s] -- Up-to-date: /Bt/install/play_motion2_msgs/include/play_motion2_msgs/play_motion2_msgs/action
[2.428s] -- Up-to-date: /Bt/install/play_motion2_msgs/include/play_motion2_msgs/play_motion2_msgs/action/detail
[2.428s] -- Up-to-date: /Bt/install/play_motion2_msgs/include/play_motion2_msgs/play_motion2_msgs/action/detail/play_motion2__type_support.cpp
[2.428s] -- Up-to-date: /Bt/install/play_motion2_msgs/include/play_motion2_msgs/play_motion2_msgs/action/detail/play_motion2__rosidl_typesupport_introspection_cpp.hpp
[2.429s] -- Up-to-date: /Bt/install/play_motion2_msgs/include/play_motion2_msgs/play_motion2_msgs/msg
[2.429s] -- Up-to-date: /Bt/install/play_motion2_msgs/include/play_motion2_msgs/play_motion2_msgs/msg/detail
[2.429s] -- Up-to-date: /Bt/install/play_motion2_msgs/include/play_motion2_msgs/play_motion2_msgs/msg/detail/motion__type_support.cpp
[2.429s] -- Up-to-date: /Bt/install/play_motion2_msgs/include/play_motion2_msgs/play_motion2_msgs/msg/detail/motion__rosidl_typesupport_introspection_cpp.hpp
[2.429s] -- Up-to-date: /Bt/install/play_motion2_msgs/include/play_motion2_msgs/play_motion2_msgs/srv
[2.429s] -- Up-to-date: /Bt/install/play_motion2_msgs/include/play_motion2_msgs/play_motion2_msgs/srv/detail
[2.429s] -- Up-to-date: /Bt/install/play_motion2_msgs/include/play_motion2_msgs/play_motion2_msgs/srv/detail/list_motions__rosidl_typesupport_introspection_cpp.hpp
[2.430s] -- Up-to-date: /Bt/install/play_motion2_msgs/include/play_motion2_msgs/play_motion2_msgs/srv/detail/add_motion__type_support.cpp
[2.430s] -- Up-to-date: /Bt/install/play_motion2_msgs/include/play_motion2_msgs/play_motion2_msgs/srv/detail/list_motions__type_support.cpp
[2.432s] -- Up-to-date: /Bt/install/play_motion2_msgs/include/play_motion2_msgs/play_motion2_msgs/srv/detail/add_motion__rosidl_typesupport_introspection_cpp.hpp
[2.432s] -- Up-to-date: /Bt/install/play_motion2_msgs/include/play_motion2_msgs/play_motion2_msgs/srv/detail/is_motion_ready__rosidl_typesupport_introspection_cpp.hpp
[2.432s] -- Up-to-date: /Bt/install/play_motion2_msgs/include/play_motion2_msgs/play_motion2_msgs/srv/detail/is_motion_ready__type_support.cpp
[2.432s] -- Up-to-date: /Bt/install/play_motion2_msgs/include/play_motion2_msgs/play_motion2_msgs/srv/detail/get_motion_info__rosidl_typesupport_introspection_cpp.hpp
[2.432s] -- Up-to-date: /Bt/install/play_motion2_msgs/include/play_motion2_msgs/play_motion2_msgs/srv/detail/remove_motion__type_support.cpp
[2.432s] -- Up-to-date: /Bt/install/play_motion2_msgs/include/play_motion2_msgs/play_motion2_msgs/srv/detail/remove_motion__rosidl_typesupport_introspection_cpp.hpp
[2.432s] -- Up-to-date: /Bt/install/play_motion2_msgs/include/play_motion2_msgs/play_motion2_msgs/srv/detail/get_motion_info__type_support.cpp
[2.433s] -- Up-to-date: /Bt/install/play_motion2_msgs/lib/libplay_motion2_msgs__rosidl_typesupport_introspection_cpp.so
[2.433s] -- Up-to-date: /Bt/install/play_motion2_msgs/lib/libplay_motion2_msgs__rosidl_typesupport_cpp.so
[2.433s] -- Up-to-date: /Bt/install/play_motion2_msgs/share/play_motion2_msgs/environment/pythonpath.sh
[2.433s] -- Up-to-date: /Bt/install/play_motion2_msgs/share/play_motion2_msgs/environment/pythonpath.dsv
[2.433s] -- Up-to-date: /Bt/install/play_motion2_msgs/lib/python3.12/site-packages/play_motion2_msgs-1.5.1-py3.12.egg-info
[2.433s] -- Installing: /Bt/install/play_motion2_msgs/lib/python3.12/site-packages/play_motion2_msgs-1.5.1-py3.12.egg-info/top_level.txt
[2.434s] -- Installing: /Bt/install/play_motion2_msgs/lib/python3.12/site-packages/play_motion2_msgs-1.5.1-py3.12.egg-info/PKG-INFO
[2.434s] -- Installing: /Bt/install/play_motion2_msgs/lib/python3.12/site-packages/play_motion2_msgs-1.5.1-py3.12.egg-info/SOURCES.txt
[2.436s] -- Installing: /Bt/install/play_motion2_msgs/lib/python3.12/site-packages/play_motion2_msgs-1.5.1-py3.12.egg-info/dependency_links.txt
[2.436s] -- Up-to-date: /Bt/install/play_motion2_msgs/lib/python3.12/site-packages/play_motion2_msgs
[2.437s] -- Up-to-date: /Bt/install/play_motion2_msgs/lib/python3.12/site-packages/play_motion2_msgs/_play_motion2_msgs_s.ep.rosidl_typesupport_c.c
[2.437s] -- Up-to-date: /Bt/install/play_motion2_msgs/lib/python3.12/site-packages/play_motion2_msgs/_play_motion2_msgs_s.ep.rosidl_typesupport_fastrtps_c.c
[2.437s] -- Up-to-date: /Bt/install/play_motion2_msgs/lib/python3.12/site-packages/play_motion2_msgs/__init__.py
[2.437s] -- Up-to-date: /Bt/install/play_motion2_msgs/lib/python3.12/site-packages/play_motion2_msgs/action
[2.437s] -- Up-to-date: /Bt/install/play_motion2_msgs/lib/python3.12/site-packages/play_motion2_msgs/action/_play_motion2.py
[2.438s] -- Up-to-date: /Bt/install/play_motion2_msgs/lib/python3.12/site-packages/play_motion2_msgs/action/__init__.py
[2.438s] -- Up-to-date: /Bt/install/play_motion2_msgs/lib/python3.12/site-packages/play_motion2_msgs/action/_play_motion2_s.c
[2.438s] -- Up-to-date: /Bt/install/play_motion2_msgs/lib/python3.12/site-packages/play_motion2_msgs/play_motion2_msgs_s__rosidl_typesupport_introspection_c.so
[2.438s] -- Up-to-date: /Bt/install/play_motion2_msgs/lib/python3.12/site-packages/play_motion2_msgs/msg
[2.438s] -- Up-to-date: /Bt/install/play_motion2_msgs/lib/python3.12/site-packages/play_motion2_msgs/msg/__init__.py
[2.438s] -- Up-to-date: /Bt/install/play_motion2_msgs/lib/python3.12/site-packages/play_motion2_msgs/msg/_motion.py
[2.439s] -- Up-to-date: /Bt/install/play_motion2_msgs/lib/python3.12/site-packages/play_motion2_msgs/msg/_motion_s.c
[2.439s] -- Up-to-date: /Bt/install/play_motion2_msgs/lib/python3.12/site-packages/play_motion2_msgs/srv
[2.439s] -- Up-to-date: /Bt/install/play_motion2_msgs/lib/python3.12/site-packages/play_motion2_msgs/srv/_get_motion_info.py
[2.439s] -- Up-to-date: /Bt/install/play_motion2_msgs/lib/python3.12/site-packages/play_motion2_msgs/srv/_is_motion_ready_s.c
[2.439s] -- Up-to-date: /Bt/install/play_motion2_msgs/lib/python3.12/site-packages/play_motion2_msgs/srv/_remove_motion_s.c
[2.439s] -- Up-to-date: /Bt/install/play_motion2_msgs/lib/python3.12/site-packages/play_motion2_msgs/srv/__init__.py
[2.439s] -- Up-to-date: /Bt/install/play_motion2_msgs/lib/python3.12/site-packages/play_motion2_msgs/srv/_is_motion_ready.py
[2.439s] -- Up-to-date: /Bt/install/play_motion2_msgs/lib/python3.12/site-packages/play_motion2_msgs/srv/_list_motions.py
[2.440s] -- Up-to-date: /Bt/install/play_motion2_msgs/lib/python3.12/site-packages/play_motion2_msgs/srv/_get_motion_info_s.c
[2.440s] -- Up-to-date: /Bt/install/play_motion2_msgs/lib/python3.12/site-packages/play_motion2_msgs/srv/_add_motion.py
[2.440s] -- Up-to-date: /Bt/install/play_motion2_msgs/lib/python3.12/site-packages/play_motion2_msgs/srv/_list_motions_s.c
[2.440s] -- Up-to-date: /Bt/install/play_motion2_msgs/lib/python3.12/site-packages/play_motion2_msgs/srv/_add_motion_s.c
[2.440s] -- Up-to-date: /Bt/install/play_motion2_msgs/lib/python3.12/site-packages/play_motion2_msgs/srv/_remove_motion.py
[2.440s] -- Up-to-date: /Bt/install/play_motion2_msgs/lib/python3.12/site-packages/play_motion2_msgs/play_motion2_msgs_s__rosidl_typesupport_c.so
[2.440s] -- Up-to-date: /Bt/install/play_motion2_msgs/lib/python3.12/site-packages/play_motion2_msgs/_play_motion2_msgs_s.ep.rosidl_typesupport_introspection_c.c
[2.441s] -- Up-to-date: /Bt/install/play_motion2_msgs/lib/python3.12/site-packages/play_motion2_msgs/play_motion2_msgs_s__rosidl_typesupport_fastrtps_c.so
[2.452s] Listing '/Bt/install/play_motion2_msgs/lib/python3.12/site-packages/play_motion2_msgs'...
[2.452s] Listing '/Bt/install/play_motion2_msgs/lib/python3.12/site-packages/play_motion2_msgs/action'...
[2.452s] Listing '/Bt/install/play_motion2_msgs/lib/python3.12/site-packages/play_motion2_msgs/msg'...
[2.452s] Listing '/Bt/install/play_motion2_msgs/lib/python3.12/site-packages/play_motion2_msgs/srv'...
[2.465s] -- Up-to-date: /Bt/install/play_motion2_msgs/lib/python3.12/site-packages/play_motion2_msgs/play_motion2_msgs_s__rosidl_typesupport_fastrtps_c.so
[2.466s] -- Up-to-date: /Bt/install/play_motion2_msgs/lib/python3.12/site-packages/play_motion2_msgs/play_motion2_msgs_s__rosidl_typesupport_introspection_c.so
[2.466s] -- Up-to-date: /Bt/install/play_motion2_msgs/lib/python3.12/site-packages/play_motion2_msgs/play_motion2_msgs_s__rosidl_typesupport_c.so
[2.466s] -- Up-to-date: /Bt/install/play_motion2_msgs/lib/libplay_motion2_msgs__rosidl_generator_py.so
[2.467s] -- Up-to-date: /Bt/install/play_motion2_msgs/share/play_motion2_msgs/action/PlayMotion2.idl
[2.467s] -- Up-to-date: /Bt/install/play_motion2_msgs/share/play_motion2_msgs/msg/Motion.idl
[2.467s] -- Up-to-date: /Bt/install/play_motion2_msgs/share/play_motion2_msgs/srv/AddMotion.idl
[2.467s] -- Up-to-date: /Bt/install/play_motion2_msgs/share/play_motion2_msgs/srv/GetMotionInfo.idl
[2.467s] -- Up-to-date: /Bt/install/play_motion2_msgs/share/play_motion2_msgs/srv/IsMotionReady.idl
[2.468s] -- Up-to-date: /Bt/install/play_motion2_msgs/share/play_motion2_msgs/srv/ListMotions.idl
[2.468s] -- Up-to-date: /Bt/install/play_motion2_msgs/share/play_motion2_msgs/srv/RemoveMotion.idl
[2.470s] -- Up-to-date: /Bt/install/play_motion2_msgs/share/play_motion2_msgs/action/PlayMotion2.action
[2.471s] -- Up-to-date: /Bt/install/play_motion2_msgs/share/play_motion2_msgs/msg/Motion.msg
[2.473s] -- Up-to-date: /Bt/install/play_motion2_msgs/share/play_motion2_msgs/srv/AddMotion.srv
[2.473s] -- Up-to-date: /Bt/install/play_motion2_msgs/share/play_motion2_msgs/srv/GetMotionInfo.srv
[2.473s] -- Up-to-date: /Bt/install/play_motion2_msgs/share/play_motion2_msgs/srv/IsMotionReady.srv
[2.473s] -- Up-to-date: /Bt/install/play_motion2_msgs/share/play_motion2_msgs/srv/ListMotions.srv
[2.474s] -- Up-to-date: /Bt/install/play_motion2_msgs/share/play_motion2_msgs/srv/RemoveMotion.srv
[2.474s] -- Up-to-date: /Bt/install/play_motion2_msgs/share/ament_index/resource_index/package_run_dependencies/play_motion2_msgs
[2.474s] -- Up-to-date: /Bt/install/play_motion2_msgs/share/ament_index/resource_index/parent_prefix_path/play_motion2_msgs
[2.474s] -- Up-to-date: /Bt/install/play_motion2_msgs/share/play_motion2_msgs/environment/ament_prefix_path.sh
[2.474s] -- Up-to-date: /Bt/install/play_motion2_msgs/share/play_motion2_msgs/environment/ament_prefix_path.dsv
[2.474s] -- Up-to-date: /Bt/install/play_motion2_msgs/share/play_motion2_msgs/environment/path.sh
[2.475s] -- Up-to-date: /Bt/install/play_motion2_msgs/share/play_motion2_msgs/environment/path.dsv
[2.475s] -- Up-to-date: /Bt/install/play_motion2_msgs/share/play_motion2_msgs/local_setup.bash
[2.475s] -- Up-to-date: /Bt/install/play_motion2_msgs/share/play_motion2_msgs/local_setup.sh
[2.475s] -- Up-to-date: /Bt/install/play_motion2_msgs/share/play_motion2_msgs/local_setup.zsh
[2.475s] -- Up-to-date: /Bt/install/play_motion2_msgs/share/play_motion2_msgs/local_setup.dsv
[2.476s] -- Installing: /Bt/install/play_motion2_msgs/share/play_motion2_msgs/package.dsv
[2.477s] -- Up-to-date: /Bt/install/play_motion2_msgs/share/ament_index/resource_index/packages/play_motion2_msgs
[2.478s] -- Up-to-date: /Bt/install/play_motion2_msgs/share/play_motion2_msgs/cmake/export_play_motion2_msgs__rosidl_generator_cExport.cmake
[2.478s] -- Up-to-date: /Bt/install/play_motion2_msgs/share/play_motion2_msgs/cmake/export_play_motion2_msgs__rosidl_generator_cExport-noconfig.cmake
[2.478s] -- Up-to-date: /Bt/install/play_motion2_msgs/share/play_motion2_msgs/cmake/export_play_motion2_msgs__rosidl_typesupport_fastrtps_cExport.cmake
[2.478s] -- Up-to-date: /Bt/install/play_motion2_msgs/share/play_motion2_msgs/cmake/export_play_motion2_msgs__rosidl_typesupport_fastrtps_cExport-noconfig.cmake
[2.478s] -- Up-to-date: /Bt/install/play_motion2_msgs/share/play_motion2_msgs/cmake/export_play_motion2_msgs__rosidl_generator_cppExport.cmake
[2.478s] -- Up-to-date: /Bt/install/play_motion2_msgs/share/play_motion2_msgs/cmake/export_play_motion2_msgs__rosidl_typesupport_fastrtps_cppExport.cmake
[2.479s] -- Up-to-date: /Bt/install/play_motion2_msgs/share/play_motion2_msgs/cmake/export_play_motion2_msgs__rosidl_typesupport_fastrtps_cppExport-noconfig.cmake
[2.479s] -- Up-to-date: /Bt/install/play_motion2_msgs/share/play_motion2_msgs/cmake/play_motion2_msgs__rosidl_typesupport_introspection_cExport.cmake
[2.479s] -- Up-to-date: /Bt/install/play_motion2_msgs/share/play_motion2_msgs/cmake/play_motion2_msgs__rosidl_typesupport_introspection_cExport-noconfig.cmake
[2.480s] -- Up-to-date: /Bt/install/play_motion2_msgs/share/play_motion2_msgs/cmake/play_motion2_msgs__rosidl_typesupport_cExport.cmake
[2.480s] -- Up-to-date: /Bt/install/play_motion2_msgs/share/play_motion2_msgs/cmake/play_motion2_msgs__rosidl_typesupport_cExport-noconfig.cmake
[2.480s] -- Up-to-date: /Bt/install/play_motion2_msgs/share/play_motion2_msgs/cmake/play_motion2_msgs__rosidl_typesupport_introspection_cppExport.cmake
[2.480s] -- Up-to-date: /Bt/install/play_motion2_msgs/share/play_motion2_msgs/cmake/play_motion2_msgs__rosidl_typesupport_introspection_cppExport-noconfig.cmake
[2.481s] -- Up-to-date: /Bt/install/play_motion2_msgs/share/play_motion2_msgs/cmake/play_motion2_msgs__rosidl_typesupport_cppExport.cmake
[2.482s] -- Up-to-date: /Bt/install/play_motion2_msgs/share/play_motion2_msgs/cmake/play_motion2_msgs__rosidl_typesupport_cppExport-noconfig.cmake
[2.482s] -- Up-to-date: /Bt/install/play_motion2_msgs/share/play_motion2_msgs/cmake/export_play_motion2_msgs__rosidl_generator_pyExport.cmake
[2.482s] -- Up-to-date: /Bt/install/play_motion2_msgs/share/play_motion2_msgs/cmake/export_play_motion2_msgs__rosidl_generator_pyExport-noconfig.cmake
[2.482s] -- Up-to-date: /Bt/install/play_motion2_msgs/share/play_motion2_msgs/cmake/rosidl_cmake-extras.cmake
[2.483s] -- Up-to-date: /Bt/install/play_motion2_msgs/share/play_motion2_msgs/cmake/ament_cmake_export_dependencies-extras.cmake
[2.484s] -- Up-to-date: /Bt/install/play_motion2_msgs/share/play_motion2_msgs/cmake/ament_cmake_export_include_directories-extras.cmake
[2.484s] -- Up-to-date: /Bt/install/play_motion2_msgs/share/play_motion2_msgs/cmake/ament_cmake_export_libraries-extras.cmake
[2.484s] -- Up-to-date: /Bt/install/play_motion2_msgs/share/play_motion2_msgs/cmake/ament_cmake_export_targets-extras.cmake
[2.484s] -- Up-to-date: /Bt/install/play_motion2_msgs/share/play_motion2_msgs/cmake/rosidl_cmake_export_typesupport_targets-extras.cmake
[2.485s] -- Up-to-date: /Bt/install/play_motion2_msgs/share/play_motion2_msgs/cmake/rosidl_cmake_export_typesupport_libraries-extras.cmake
[2.485s] -- Up-to-date: /Bt/install/play_motion2_msgs/share/play_motion2_msgs/cmake/play_motion2_msgsConfig.cmake
[2.485s] -- Up-to-date: /Bt/install/play_motion2_msgs/share/play_motion2_msgs/cmake/play_motion2_msgsConfig-version.cmake
[2.486s] -- Up-to-date: /Bt/install/play_motion2_msgs/share/play_motion2_msgs/package.xml
[2.606s] Invoked command in '/Bt/build/play_motion2_msgs' returned '0': CMAKE_PREFIX_PATH=${CMAKE_PREFIX_PATH}:/opt/ros/jazzy:/Bt/install/yolo_ros:/Bt/install/ros2_aruco:/Bt/install/launch_pal:/Bt/install/grab2_curobo_planner /usr/bin/cmake --install /Bt/build/play_motion2_msgs
