[0.756s] Invoking command in '/Bt/build/pal_robotiq_gripper': AMENT_PREFIX_PATH=/Bt/install/pal_robotiq_description:/Bt/install/pal_robotiq_controller_configuration:${AMENT_PREFIX_PATH} CMAKE_PREFIX_PATH=/Bt/install/pal_robotiq_description:/Bt/install/pal_robotiq_controller_configuration:/opt/ros/jazzy/opt/gz_sim_vendor:/opt/ros/jazzy/opt/gz_sensors_vendor:/opt/ros/jazzy/opt/gz_physics_vendor:/opt/ros/jazzy/opt/sdformat_vendor:/opt/ros/jazzy/opt/gz_gui_vendor:/opt/ros/jazzy/opt/gz_transport_vendor:/opt/ros/jazzy/opt/gz_rendering_vendor:/opt/ros/jazzy/opt/gz_plugin_vendor:/opt/ros/jazzy/opt/gz_fuel_tools_vendor:/opt/ros/jazzy/opt/gz_msgs_vendor:/opt/ros/jazzy/opt/gz_common_vendor:/opt/ros/jazzy/opt/gz_math_vendor:/opt/ros/jazzy/opt/gz_utils_vendor:/opt/ros/jazzy/opt/gz_tools_vendor:/opt/ros/jazzy/opt/gz_ogre_next_vendor:/opt/ros/jazzy/opt/gz_dartsim_vendor:/opt/ros/jazzy/opt/gz_cmake_vendor:/opt/ros/jazzy /usr/bin/cmake --build /Bt/build/pal_robotiq_gripper -- -j8 -l8
[1.886s] Invoked command in '/Bt/build/pal_robotiq_gripper' returned '0': AMENT_PREFIX_PATH=/Bt/install/pal_robotiq_description:/Bt/install/pal_robotiq_controller_configuration:${AMENT_PREFIX_PATH} CMAKE_PREFIX_PATH=/Bt/install/pal_robotiq_description:/Bt/install/pal_robotiq_controller_configuration:/opt/ros/jazzy/opt/gz_sim_vendor:/opt/ros/jazzy/opt/gz_sensors_vendor:/opt/ros/jazzy/opt/gz_physics_vendor:/opt/ros/jazzy/opt/sdformat_vendor:/opt/ros/jazzy/opt/gz_gui_vendor:/opt/ros/jazzy/opt/gz_transport_vendor:/opt/ros/jazzy/opt/gz_rendering_vendor:/opt/ros/jazzy/opt/gz_plugin_vendor:/opt/ros/jazzy/opt/gz_fuel_tools_vendor:/opt/ros/jazzy/opt/gz_msgs_vendor:/opt/ros/jazzy/opt/gz_common_vendor:/opt/ros/jazzy/opt/gz_math_vendor:/opt/ros/jazzy/opt/gz_utils_vendor:/opt/ros/jazzy/opt/gz_tools_vendor:/opt/ros/jazzy/opt/gz_ogre_next_vendor:/opt/ros/jazzy/opt/gz_dartsim_vendor:/opt/ros/jazzy/opt/gz_cmake_vendor:/opt/ros/jazzy /usr/bin/cmake --build /Bt/build/pal_robotiq_gripper -- -j8 -l8
[1.910s] Invoking command in '/Bt/build/pal_robotiq_gripper': AMENT_PREFIX_PATH=/Bt/install/pal_robotiq_description:/Bt/install/pal_robotiq_controller_configuration:${AMENT_PREFIX_PATH} CMAKE_PREFIX_PATH=/Bt/install/pal_robotiq_description:/Bt/install/pal_robotiq_controller_configuration:/opt/ros/jazzy/opt/gz_sim_vendor:/opt/ros/jazzy/opt/gz_sensors_vendor:/opt/ros/jazzy/opt/gz_physics_vendor:/opt/ros/jazzy/opt/sdformat_vendor:/opt/ros/jazzy/opt/gz_gui_vendor:/opt/ros/jazzy/opt/gz_transport_vendor:/opt/ros/jazzy/opt/gz_rendering_vendor:/opt/ros/jazzy/opt/gz_plugin_vendor:/opt/ros/jazzy/opt/gz_fuel_tools_vendor:/opt/ros/jazzy/opt/gz_msgs_vendor:/opt/ros/jazzy/opt/gz_common_vendor:/opt/ros/jazzy/opt/gz_math_vendor:/opt/ros/jazzy/opt/gz_utils_vendor:/opt/ros/jazzy/opt/gz_tools_vendor:/opt/ros/jazzy/opt/gz_ogre_next_vendor:/opt/ros/jazzy/opt/gz_dartsim_vendor:/opt/ros/jazzy/opt/gz_cmake_vendor:/opt/ros/jazzy /usr/bin/cmake --install /Bt/build/pal_robotiq_gripper
[1.948s] -- Install configuration: ""
[1.949s] -- Up-to-date: /Bt/install/pal_robotiq_gripper/share/ament_index/resource_index/package_run_dependencies/pal_robotiq_gripper
[1.950s] -- Up-to-date: /Bt/install/pal_robotiq_gripper/share/ament_index/resource_index/parent_prefix_path/pal_robotiq_gripper
[1.950s] -- Up-to-date: /Bt/install/pal_robotiq_gripper/share/pal_robotiq_gripper/environment/ament_prefix_path.sh
[1.951s] -- Up-to-date: /Bt/install/pal_robotiq_gripper/share/pal_robotiq_gripper/environment/ament_prefix_path.dsv
[1.951s] -- Up-to-date: /Bt/install/pal_robotiq_gripper/share/pal_robotiq_gripper/environment/path.sh
[1.951s] -- Up-to-date: /Bt/install/pal_robotiq_gripper/share/pal_robotiq_gripper/environment/path.dsv
[1.952s] -- Up-to-date: /Bt/install/pal_robotiq_gripper/share/pal_robotiq_gripper/local_setup.bash
[1.952s] -- Up-to-date: /Bt/install/pal_robotiq_gripper/share/pal_robotiq_gripper/local_setup.sh
[1.953s] -- Up-to-date: /Bt/install/pal_robotiq_gripper/share/pal_robotiq_gripper/local_setup.zsh
[1.953s] -- Up-to-date: /Bt/install/pal_robotiq_gripper/share/pal_robotiq_gripper/local_setup.dsv
[1.953s] -- Installing: /Bt/install/pal_robotiq_gripper/share/pal_robotiq_gripper/package.dsv
[1.957s] -- Up-to-date: /Bt/install/pal_robotiq_gripper/share/ament_index/resource_index/packages/pal_robotiq_gripper
[1.957s] -- Up-to-date: /Bt/install/pal_robotiq_gripper/share/pal_robotiq_gripper/cmake/pal_robotiq_gripperConfig.cmake
[1.957s] -- Up-to-date: /Bt/install/pal_robotiq_gripper/share/pal_robotiq_gripper/cmake/pal_robotiq_gripperConfig-version.cmake
[1.957s] -- Up-to-date: /Bt/install/pal_robotiq_gripper/share/pal_robotiq_gripper/package.xml
[2.104s] Invoked command in '/Bt/build/pal_robotiq_gripper' returned '0': AMENT_PREFIX_PATH=/Bt/install/pal_robotiq_description:/Bt/install/pal_robotiq_controller_configuration:${AMENT_PREFIX_PATH} CMAKE_PREFIX_PATH=/Bt/install/pal_robotiq_description:/Bt/install/pal_robotiq_controller_configuration:/opt/ros/jazzy/opt/gz_sim_vendor:/opt/ros/jazzy/opt/gz_sensors_vendor:/opt/ros/jazzy/opt/gz_physics_vendor:/opt/ros/jazzy/opt/sdformat_vendor:/opt/ros/jazzy/opt/gz_gui_vendor:/opt/ros/jazzy/opt/gz_transport_vendor:/opt/ros/jazzy/opt/gz_rendering_vendor:/opt/ros/jazzy/opt/gz_plugin_vendor:/opt/ros/jazzy/opt/gz_fuel_tools_vendor:/opt/ros/jazzy/opt/gz_msgs_vendor:/opt/ros/jazzy/opt/gz_common_vendor:/opt/ros/jazzy/opt/gz_math_vendor:/opt/ros/jazzy/opt/gz_utils_vendor:/opt/ros/jazzy/opt/gz_tools_vendor:/opt/ros/jazzy/opt/gz_ogre_next_vendor:/opt/ros/jazzy/opt/gz_dartsim_vendor:/opt/ros/jazzy/opt/gz_cmake_vendor:/opt/ros/jazzy /usr/bin/cmake --install /Bt/build/pal_robotiq_gripper
