[0.020s] Invoking command in '/Bt/build/pmb2_bringup': AMENT_PREFIX_PATH=/Bt/install/pmb2_description:/Bt/install/pmb2_controller_configuration:/Bt/install/pal_urdf_utils:/Bt/install/launch_pal:${AMENT_PREFIX_PATH} CMAKE_PREFIX_PATH=/Bt/install/pmb2_description:/Bt/install/pmb2_controller_configuration:/Bt/install/pal_urdf_utils:/opt/ros/jazzy/opt/gz_sim_vendor:/opt/ros/jazzy/opt/gz_sensors_vendor:/opt/ros/jazzy/opt/gz_physics_vendor:/opt/ros/jazzy/opt/sdformat_vendor:/opt/ros/jazzy/opt/gz_gui_vendor:/opt/ros/jazzy/opt/gz_transport_vendor:/opt/ros/jazzy/opt/gz_rendering_vendor:/opt/ros/jazzy/opt/gz_plugin_vendor:/opt/ros/jazzy/opt/gz_fuel_tools_vendor:/opt/ros/jazzy/opt/gz_msgs_vendor:/opt/ros/jazzy/opt/gz_common_vendor:/opt/ros/jazzy/opt/gz_math_vendor:/opt/ros/jazzy/opt/gz_utils_vendor:/opt/ros/jazzy/opt/gz_tools_vendor:/opt/ros/jazzy/opt/gz_ogre_next_vendor:/opt/ros/jazzy/opt/gz_dartsim_vendor:/opt/ros/jazzy/opt/gz_cmake_vendor:/opt/ros/jazzy PYTHONPATH=/Bt/install/pmb2_description/lib/python3.12/site-packages:/Bt/install/launch_pal/lib/python3.12/site-packages:${PYTHONPATH} /usr/bin/cmake --build /Bt/build/pmb2_bringup -- -j8 -l8
[0.085s] Invoked command in '/Bt/build/pmb2_bringup' returned '0': AMENT_PREFIX_PATH=/Bt/install/pmb2_description:/Bt/install/pmb2_controller_configuration:/Bt/install/pal_urdf_utils:/Bt/install/launch_pal:${AMENT_PREFIX_PATH} CMAKE_PREFIX_PATH=/Bt/install/pmb2_description:/Bt/install/pmb2_controller_configuration:/Bt/install/pal_urdf_utils:/opt/ros/jazzy/opt/gz_sim_vendor:/opt/ros/jazzy/opt/gz_sensors_vendor:/opt/ros/jazzy/opt/gz_physics_vendor:/opt/ros/jazzy/opt/sdformat_vendor:/opt/ros/jazzy/opt/gz_gui_vendor:/opt/ros/jazzy/opt/gz_transport_vendor:/opt/ros/jazzy/opt/gz_rendering_vendor:/opt/ros/jazzy/opt/gz_plugin_vendor:/opt/ros/jazzy/opt/gz_fuel_tools_vendor:/opt/ros/jazzy/opt/gz_msgs_vendor:/opt/ros/jazzy/opt/gz_common_vendor:/opt/ros/jazzy/opt/gz_math_vendor:/opt/ros/jazzy/opt/gz_utils_vendor:/opt/ros/jazzy/opt/gz_tools_vendor:/opt/ros/jazzy/opt/gz_ogre_next_vendor:/opt/ros/jazzy/opt/gz_dartsim_vendor:/opt/ros/jazzy/opt/gz_cmake_vendor:/opt/ros/jazzy PYTHONPATH=/Bt/install/pmb2_description/lib/python3.12/site-packages:/Bt/install/launch_pal/lib/python3.12/site-packages:${PYTHONPATH} /usr/bin/cmake --build /Bt/build/pmb2_bringup -- -j8 -l8
[0.086s] Invoking command in '/Bt/build/pmb2_bringup': AMENT_PREFIX_PATH=/Bt/install/pmb2_description:/Bt/install/pmb2_controller_configuration:/Bt/install/pal_urdf_utils:/Bt/install/launch_pal:${AMENT_PREFIX_PATH} CMAKE_PREFIX_PATH=/Bt/install/pmb2_description:/Bt/install/pmb2_controller_configuration:/Bt/install/pal_urdf_utils:/opt/ros/jazzy/opt/gz_sim_vendor:/opt/ros/jazzy/opt/gz_sensors_vendor:/opt/ros/jazzy/opt/gz_physics_vendor:/opt/ros/jazzy/opt/sdformat_vendor:/opt/ros/jazzy/opt/gz_gui_vendor:/opt/ros/jazzy/opt/gz_transport_vendor:/opt/ros/jazzy/opt/gz_rendering_vendor:/opt/ros/jazzy/opt/gz_plugin_vendor:/opt/ros/jazzy/opt/gz_fuel_tools_vendor:/opt/ros/jazzy/opt/gz_msgs_vendor:/opt/ros/jazzy/opt/gz_common_vendor:/opt/ros/jazzy/opt/gz_math_vendor:/opt/ros/jazzy/opt/gz_utils_vendor:/opt/ros/jazzy/opt/gz_tools_vendor:/opt/ros/jazzy/opt/gz_ogre_next_vendor:/opt/ros/jazzy/opt/gz_dartsim_vendor:/opt/ros/jazzy/opt/gz_cmake_vendor:/opt/ros/jazzy PYTHONPATH=/Bt/install/pmb2_description/lib/python3.12/site-packages:/Bt/install/launch_pal/lib/python3.12/site-packages:${PYTHONPATH} /usr/bin/cmake --install /Bt/build/pmb2_bringup
[0.104s] -- Install configuration: ""
[0.104s] -- Up-to-date: /Bt/install/pmb2_bringup/share/pmb2_bringup/config
[0.104s] -- Up-to-date: /Bt/install/pmb2_bringup/share/pmb2_bringup/config/joy_teleop
[0.104s] -- Up-to-date: /Bt/install/pmb2_bringup/share/pmb2_bringup/config/joy_teleop/joy_config.yaml
[0.104s] -- Up-to-date: /Bt/install/pmb2_bringup/share/pmb2_bringup/config/joy_teleop/joy_teleop.yaml
[0.105s] -- Up-to-date: /Bt/install/pmb2_bringup/share/pmb2_bringup/config/twist_mux
[0.105s] -- Up-to-date: /Bt/install/pmb2_bringup/share/pmb2_bringup/config/twist_mux/joystick.yaml
[0.105s] -- Up-to-date: /Bt/install/pmb2_bringup/share/pmb2_bringup/config/twist_mux/twist_mux_locks.yaml
[0.105s] -- Up-to-date: /Bt/install/pmb2_bringup/share/pmb2_bringup/config/twist_mux/twist_mux_topics.yaml
[0.105s] -- Up-to-date: /Bt/install/pmb2_bringup/share/pmb2_bringup/launch
[0.105s] -- Up-to-date: /Bt/install/pmb2_bringup/share/pmb2_bringup/launch/twist_mux.launch.py
[0.105s] -- Up-to-date: /Bt/install/pmb2_bringup/share/pmb2_bringup/launch/pmb2_bringup.launch.py
[0.105s] -- Up-to-date: /Bt/install/pmb2_bringup/share/pmb2_bringup/launch/joystick_teleop.launch.py
[0.105s] -- Up-to-date: /Bt/install/pmb2_bringup/share/ament_index/resource_index/package_run_dependencies/pmb2_bringup
[0.106s] -- Up-to-date: /Bt/install/pmb2_bringup/share/ament_index/resource_index/parent_prefix_path/pmb2_bringup
[0.106s] -- Up-to-date: /Bt/install/pmb2_bringup/share/pmb2_bringup/environment/ament_prefix_path.sh
[0.106s] -- Up-to-date: /Bt/install/pmb2_bringup/share/pmb2_bringup/environment/ament_prefix_path.dsv
[0.106s] -- Up-to-date: /Bt/install/pmb2_bringup/share/pmb2_bringup/environment/path.sh
[0.106s] -- Up-to-date: /Bt/install/pmb2_bringup/share/pmb2_bringup/environment/path.dsv
[0.106s] -- Up-to-date: /Bt/install/pmb2_bringup/share/pmb2_bringup/local_setup.bash
[0.106s] -- Up-to-date: /Bt/install/pmb2_bringup/share/pmb2_bringup/local_setup.sh
[0.106s] -- Up-to-date: /Bt/install/pmb2_bringup/share/pmb2_bringup/local_setup.zsh
[0.106s] -- Up-to-date: /Bt/install/pmb2_bringup/share/pmb2_bringup/local_setup.dsv
[0.106s] -- Installing: /Bt/install/pmb2_bringup/share/pmb2_bringup/package.dsv
[0.106s] -- Up-to-date: /Bt/install/pmb2_bringup/share/ament_index/resource_index/packages/pmb2_bringup
[0.106s] -- Up-to-date: /Bt/install/pmb2_bringup/share/pmb2_bringup/cmake/pmb2_bringupConfig.cmake
[0.106s] -- Up-to-date: /Bt/install/pmb2_bringup/share/pmb2_bringup/cmake/pmb2_bringupConfig-version.cmake
[0.106s] -- Up-to-date: /Bt/install/pmb2_bringup/share/pmb2_bringup/package.xml
[0.129s] Invoked command in '/Bt/build/pmb2_bringup' returned '0': AMENT_PREFIX_PATH=/Bt/install/pmb2_description:/Bt/install/pmb2_controller_configuration:/Bt/install/pal_urdf_utils:/Bt/install/launch_pal:${AMENT_PREFIX_PATH} CMAKE_PREFIX_PATH=/Bt/install/pmb2_description:/Bt/install/pmb2_controller_configuration:/Bt/install/pal_urdf_utils:/opt/ros/jazzy/opt/gz_sim_vendor:/opt/ros/jazzy/opt/gz_sensors_vendor:/opt/ros/jazzy/opt/gz_physics_vendor:/opt/ros/jazzy/opt/sdformat_vendor:/opt/ros/jazzy/opt/gz_gui_vendor:/opt/ros/jazzy/opt/gz_transport_vendor:/opt/ros/jazzy/opt/gz_rendering_vendor:/opt/ros/jazzy/opt/gz_plugin_vendor:/opt/ros/jazzy/opt/gz_fuel_tools_vendor:/opt/ros/jazzy/opt/gz_msgs_vendor:/opt/ros/jazzy/opt/gz_common_vendor:/opt/ros/jazzy/opt/gz_math_vendor:/opt/ros/jazzy/opt/gz_utils_vendor:/opt/ros/jazzy/opt/gz_tools_vendor:/opt/ros/jazzy/opt/gz_ogre_next_vendor:/opt/ros/jazzy/opt/gz_dartsim_vendor:/opt/ros/jazzy/opt/gz_cmake_vendor:/opt/ros/jazzy PYTHONPATH=/Bt/install/pmb2_description/lib/python3.12/site-packages:/Bt/install/launch_pal/lib/python3.12/site-packages:${PYTHONPATH} /usr/bin/cmake --install /Bt/build/pmb2_bringup
