[0.026s] Invoking command in '/Bt/build/yolo_msgs': CMAKE_PREFIX_PATH=${CMAKE_PREFIX_PATH}:/Bt/install/yolo_ros:/Bt/install/ros2_aruco:/Bt/install/launch_pal:/Bt/install/grab2_curobo_planner:/opt/ros/jazzy /usr/bin/cmake --build /Bt/build/yolo_msgs -- -j8 -l8
[0.123s] [  0%] Built target yolo_msgs__rosidl_generator_type_description
[0.165s] [  0%] Built target ament_cmake_python_copy_yolo_msgs
[0.202s] [ 26%] Built target yolo_msgs__rosidl_generator_c
[0.587s] running egg_info
[0.613s] writing yolo_msgs.egg-info/PKG-INFO
[0.613s] writing dependency_links to yolo_msgs.egg-info/dependency_links.txt
[0.613s] writing top-level names to yolo_msgs.egg-info/top_level.txt
[0.688s] reading manifest file 'yolo_msgs.egg-info/SOURCES.txt'
[0.689s] writing manifest file 'yolo_msgs.egg-info/SOURCES.txt'
[0.720s] [ 26%] Built target ament_cmake_python_build_yolo_msgs_egg
[0.751s] [ 36%] Built target yolo_msgs__rosidl_typesupport_c
[0.785s] [ 46%] Built target yolo_msgs__rosidl_typesupport_introspection_c
[0.833s] [ 55%] Built target yolo_msgs__rosidl_typesupport_fastrtps_c
[0.872s] [ 55%] Built target yolo_msgs__cpp
[0.998s] [ 65%] Built target yolo_msgs__rosidl_typesupport_cpp
[1.017s] [ 75%] Built target yolo_msgs__rosidl_typesupport_introspection_cpp
[1.018s] [ 85%] Built target yolo_msgs__rosidl_typesupport_fastrtps_cpp
[1.025s] [ 85%] Built target yolo_msgs
[1.060s] [ 86%] Built target yolo_msgs__py
[1.100s] [ 96%] Built target yolo_msgs__rosidl_generator_py
[1.130s] [ 97%] Built target yolo_msgs_s__rosidl_typesupport_fastrtps_c
[1.170s] [ 98%] Built target yolo_msgs_s__rosidl_typesupport_c
[1.216s] [100%] Built target yolo_msgs_s__rosidl_typesupport_introspection_c
[1.302s] Invoked command in '/Bt/build/yolo_msgs' returned '0': CMAKE_PREFIX_PATH=${CMAKE_PREFIX_PATH}:/Bt/install/yolo_ros:/Bt/install/ros2_aruco:/Bt/install/launch_pal:/Bt/install/grab2_curobo_planner:/opt/ros/jazzy /usr/bin/cmake --build /Bt/build/yolo_msgs -- -j8 -l8
[1.304s] Invoking command in '/Bt/build/yolo_msgs': CMAKE_PREFIX_PATH=${CMAKE_PREFIX_PATH}:/Bt/install/yolo_ros:/Bt/install/ros2_aruco:/Bt/install/launch_pal:/Bt/install/grab2_curobo_planner:/opt/ros/jazzy /usr/bin/cmake --install /Bt/build/yolo_msgs
[1.321s] -- Install configuration: ""
[1.321s] -- Up-to-date: /Bt/install/yolo_msgs/share/ament_index/resource_index/rosidl_interfaces/yolo_msgs
[1.325s] -- Up-to-date: /Bt/install/yolo_msgs/share/yolo_msgs/msg/Point2D.json
[1.325s] -- Up-to-date: /Bt/install/yolo_msgs/share/yolo_msgs/msg/Vector2.json
[1.325s] -- Up-to-date: /Bt/install/yolo_msgs/share/yolo_msgs/msg/Pose2D.json
[1.326s] -- Up-to-date: /Bt/install/yolo_msgs/share/yolo_msgs/msg/BoundingBox2D.json
[1.326s] -- Up-to-date: /Bt/install/yolo_msgs/share/yolo_msgs/msg/BoundingBox3D.json
[1.326s] -- Up-to-date: /Bt/install/yolo_msgs/share/yolo_msgs/msg/Mask.json
[1.326s] -- Up-to-date: /Bt/install/yolo_msgs/share/yolo_msgs/msg/KeyPoint2D.json
[1.326s] -- Up-to-date: /Bt/install/yolo_msgs/share/yolo_msgs/msg/KeyPoint2DArray.json
[1.326s] -- Up-to-date: /Bt/install/yolo_msgs/share/yolo_msgs/msg/KeyPoint3D.json
[1.327s] -- Up-to-date: /Bt/install/yolo_msgs/share/yolo_msgs/msg/KeyPoint3DArray.json
[1.327s] -- Up-to-date: /Bt/install/yolo_msgs/share/yolo_msgs/msg/Detection.json
[1.327s] -- Up-to-date: /Bt/install/yolo_msgs/share/yolo_msgs/msg/DetectionArray.json
[1.327s] -- Up-to-date: /Bt/install/yolo_msgs/share/yolo_msgs/srv/SetClasses.json
[1.327s] -- Up-to-date: /Bt/install/yolo_msgs/include/yolo_msgs/yolo_msgs
[1.328s] -- Up-to-date: /Bt/install/yolo_msgs/include/yolo_msgs/yolo_msgs/msg
[1.329s] -- Up-to-date: /Bt/install/yolo_msgs/include/yolo_msgs/yolo_msgs/msg/detection.h
[1.331s] -- Up-to-date: /Bt/install/yolo_msgs/include/yolo_msgs/yolo_msgs/msg/point2_d.h
[1.331s] -- Up-to-date: /Bt/install/yolo_msgs/include/yolo_msgs/yolo_msgs/msg/bounding_box2_d.h
[1.332s] -- Up-to-date: /Bt/install/yolo_msgs/include/yolo_msgs/yolo_msgs/msg/key_point2_d.h
[1.332s] -- Up-to-date: /Bt/install/yolo_msgs/include/yolo_msgs/yolo_msgs/msg/mask.h
[1.332s] -- Up-to-date: /Bt/install/yolo_msgs/include/yolo_msgs/yolo_msgs/msg/rosidl_generator_c__visibility_control.h
[1.337s] -- Up-to-date: /Bt/install/yolo_msgs/include/yolo_msgs/yolo_msgs/msg/vector2.h
[1.337s] -- Up-to-date: /Bt/install/yolo_msgs/include/yolo_msgs/yolo_msgs/msg/pose2_d.h
[1.337s] -- Up-to-date: /Bt/install/yolo_msgs/include/yolo_msgs/yolo_msgs/msg/detail
[1.338s] -- Installing: /Bt/install/yolo_msgs/include/yolo_msgs/yolo_msgs/msg/detail/detection__type_support.c
[1.338s] -- Up-to-date: /Bt/install/yolo_msgs/include/yolo_msgs/yolo_msgs/msg/detail/key_point2_d_array__type_support.h
[1.338s] -- Up-to-date: /Bt/install/yolo_msgs/include/yolo_msgs/yolo_msgs/msg/detail/bounding_box3_d__type_support.h
[1.339s] -- Installing: /Bt/install/yolo_msgs/include/yolo_msgs/yolo_msgs/msg/detail/bounding_box3_d__type_support.c
[1.339s] -- Installing: /Bt/install/yolo_msgs/include/yolo_msgs/yolo_msgs/msg/detail/detection_array__type_support.c
[1.339s] -- Up-to-date: /Bt/install/yolo_msgs/include/yolo_msgs/yolo_msgs/msg/detail/pose2_d__struct.h
[1.339s] -- Installing: /Bt/install/yolo_msgs/include/yolo_msgs/yolo_msgs/msg/detail/key_point2_d__type_support.c
[1.340s] -- Up-to-date: /Bt/install/yolo_msgs/include/yolo_msgs/yolo_msgs/msg/detail/detection__type_support.h
[1.340s] -- Up-to-date: /Bt/install/yolo_msgs/include/yolo_msgs/yolo_msgs/msg/detail/bounding_box3_d__description.c
[1.340s] -- Up-to-date: /Bt/install/yolo_msgs/include/yolo_msgs/yolo_msgs/msg/detail/point2_d__struct.h
[1.340s] -- Up-to-date: /Bt/install/yolo_msgs/include/yolo_msgs/yolo_msgs/msg/detail/key_point2_d__functions.c
[1.340s] -- Up-to-date: /Bt/install/yolo_msgs/include/yolo_msgs/yolo_msgs/msg/detail/mask__description.c
[1.341s] -- Up-to-date: /Bt/install/yolo_msgs/include/yolo_msgs/yolo_msgs/msg/detail/vector2__functions.h
[1.341s] -- Up-to-date: /Bt/install/yolo_msgs/include/yolo_msgs/yolo_msgs/msg/detail/detection_array__struct.h
[1.345s] -- Up-to-date: /Bt/install/yolo_msgs/include/yolo_msgs/yolo_msgs/msg/detail/key_point3_d__functions.c
[1.346s] -- Up-to-date: /Bt/install/yolo_msgs/include/yolo_msgs/yolo_msgs/msg/detail/point2_d__type_support.h
[1.346s] -- Up-to-date: /Bt/install/yolo_msgs/include/yolo_msgs/yolo_msgs/msg/detail/detection__description.c
[1.346s] -- Up-to-date: /Bt/install/yolo_msgs/include/yolo_msgs/yolo_msgs/msg/detail/key_point2_d__functions.h
[1.346s] -- Up-to-date: /Bt/install/yolo_msgs/include/yolo_msgs/yolo_msgs/msg/detail/key_point2_d_array__functions.c
[1.346s] -- Up-to-date: /Bt/install/yolo_msgs/include/yolo_msgs/yolo_msgs/msg/detail/bounding_box2_d__functions.h
[1.346s] -- Up-to-date: /Bt/install/yolo_msgs/include/yolo_msgs/yolo_msgs/msg/detail/point2_d__functions.h
[1.347s] -- Up-to-date: /Bt/install/yolo_msgs/include/yolo_msgs/yolo_msgs/msg/detail/vector2__functions.c
[1.347s] -- Up-to-date: /Bt/install/yolo_msgs/include/yolo_msgs/yolo_msgs/msg/detail/pose2_d__functions.h
[1.347s] -- Up-to-date: /Bt/install/yolo_msgs/include/yolo_msgs/yolo_msgs/msg/detail/key_point3_d_array__type_support.h
[1.347s] -- Up-to-date: /Bt/install/yolo_msgs/include/yolo_msgs/yolo_msgs/msg/detail/mask__functions.h
[1.347s] -- Up-to-date: /Bt/install/yolo_msgs/include/yolo_msgs/yolo_msgs/msg/detail/vector2__struct.h
[1.347s] -- Up-to-date: /Bt/install/yolo_msgs/include/yolo_msgs/yolo_msgs/msg/detail/detection_array__description.c
[1.347s] -- Up-to-date: /Bt/install/yolo_msgs/include/yolo_msgs/yolo_msgs/msg/detail/key_point3_d_array__functions.c
[1.347s] -- Up-to-date: /Bt/install/yolo_msgs/include/yolo_msgs/yolo_msgs/msg/detail/detection_array__functions.h
[1.347s] -- Up-to-date: /Bt/install/yolo_msgs/include/yolo_msgs/yolo_msgs/msg/detail/key_point2_d__struct.h
[1.348s] -- Up-to-date: /Bt/install/yolo_msgs/include/yolo_msgs/yolo_msgs/msg/detail/key_point2_d__description.c
[1.348s] -- Up-to-date: /Bt/install/yolo_msgs/include/yolo_msgs/yolo_msgs/msg/detail/key_point2_d_array__functions.h
[1.348s] -- Up-to-date: /Bt/install/yolo_msgs/include/yolo_msgs/yolo_msgs/msg/detail/detection__functions.c
[1.349s] -- Up-to-date: /Bt/install/yolo_msgs/include/yolo_msgs/yolo_msgs/msg/detail/mask__struct.h
[1.349s] -- Up-to-date: /Bt/install/yolo_msgs/include/yolo_msgs/yolo_msgs/msg/detail/key_point3_d_array__description.c
[1.349s] -- Installing: /Bt/install/yolo_msgs/include/yolo_msgs/yolo_msgs/msg/detail/bounding_box2_d__type_support.c
[1.349s] -- Up-to-date: /Bt/install/yolo_msgs/include/yolo_msgs/yolo_msgs/msg/detail/key_point3_d__functions.h
[1.349s] -- Up-to-date: /Bt/install/yolo_msgs/include/yolo_msgs/yolo_msgs/msg/detail/vector2__description.c
[1.349s] -- Up-to-date: /Bt/install/yolo_msgs/include/yolo_msgs/yolo_msgs/msg/detail/key_point3_d__type_support.h
[1.349s] -- Up-to-date: /Bt/install/yolo_msgs/include/yolo_msgs/yolo_msgs/msg/detail/bounding_box2_d__description.c
[1.350s] -- Installing: /Bt/install/yolo_msgs/include/yolo_msgs/yolo_msgs/msg/detail/key_point2_d_array__type_support.c
[1.350s] -- Up-to-date: /Bt/install/yolo_msgs/include/yolo_msgs/yolo_msgs/msg/detail/bounding_box2_d__functions.c
[1.350s] -- Up-to-date: /Bt/install/yolo_msgs/include/yolo_msgs/yolo_msgs/msg/detail/key_point3_d__description.c
[1.350s] -- Up-to-date: /Bt/install/yolo_msgs/include/yolo_msgs/yolo_msgs/msg/detail/detection_array__functions.c
[1.350s] -- Up-to-date: /Bt/install/yolo_msgs/include/yolo_msgs/yolo_msgs/msg/detail/bounding_box2_d__struct.h
[1.350s] -- Up-to-date: /Bt/install/yolo_msgs/include/yolo_msgs/yolo_msgs/msg/detail/key_point3_d_array__functions.h
[1.350s] -- Up-to-date: /Bt/install/yolo_msgs/include/yolo_msgs/yolo_msgs/msg/detail/point2_d__functions.c
[1.350s] -- Up-to-date: /Bt/install/yolo_msgs/include/yolo_msgs/yolo_msgs/msg/detail/pose2_d__description.c
[1.351s] -- Up-to-date: /Bt/install/yolo_msgs/include/yolo_msgs/yolo_msgs/msg/detail/key_point2_d__type_support.h
[1.351s] -- Installing: /Bt/install/yolo_msgs/include/yolo_msgs/yolo_msgs/msg/detail/key_point3_d__type_support.c
[1.351s] -- Installing: /Bt/install/yolo_msgs/include/yolo_msgs/yolo_msgs/msg/detail/pose2_d__type_support.c
[1.351s] -- Installing: /Bt/install/yolo_msgs/include/yolo_msgs/yolo_msgs/msg/detail/point2_d__type_support.c
[1.351s] -- Up-to-date: /Bt/install/yolo_msgs/include/yolo_msgs/yolo_msgs/msg/detail/mask__functions.c
[1.351s] -- Up-to-date: /Bt/install/yolo_msgs/include/yolo_msgs/yolo_msgs/msg/detail/bounding_box2_d__type_support.h
[1.351s] -- Up-to-date: /Bt/install/yolo_msgs/include/yolo_msgs/yolo_msgs/msg/detail/bounding_box3_d__struct.h
[1.352s] -- Up-to-date: /Bt/install/yolo_msgs/include/yolo_msgs/yolo_msgs/msg/detail/bounding_box3_d__functions.h
[1.352s] -- Up-to-date: /Bt/install/yolo_msgs/include/yolo_msgs/yolo_msgs/msg/detail/key_point3_d_array__struct.h
[1.352s] -- Up-to-date: /Bt/install/yolo_msgs/include/yolo_msgs/yolo_msgs/msg/detail/detection_array__type_support.h
[1.352s] -- Up-to-date: /Bt/install/yolo_msgs/include/yolo_msgs/yolo_msgs/msg/detail/detection__struct.h
[1.352s] -- Up-to-date: /Bt/install/yolo_msgs/include/yolo_msgs/yolo_msgs/msg/detail/pose2_d__functions.c
[1.352s] -- Up-to-date: /Bt/install/yolo_msgs/include/yolo_msgs/yolo_msgs/msg/detail/vector2__type_support.h
[1.353s] -- Installing: /Bt/install/yolo_msgs/include/yolo_msgs/yolo_msgs/msg/detail/mask__type_support.c
[1.353s] -- Up-to-date: /Bt/install/yolo_msgs/include/yolo_msgs/yolo_msgs/msg/detail/detection__functions.h
[1.353s] -- Installing: /Bt/install/yolo_msgs/include/yolo_msgs/yolo_msgs/msg/detail/key_point3_d_array__type_support.c
[1.353s] -- Up-to-date: /Bt/install/yolo_msgs/include/yolo_msgs/yolo_msgs/msg/detail/mask__type_support.h
[1.354s] -- Installing: /Bt/install/yolo_msgs/include/yolo_msgs/yolo_msgs/msg/detail/vector2__type_support.c
[1.354s] -- Up-to-date: /Bt/install/yolo_msgs/include/yolo_msgs/yolo_msgs/msg/detail/key_point3_d__struct.h
[1.354s] -- Up-to-date: /Bt/install/yolo_msgs/include/yolo_msgs/yolo_msgs/msg/detail/bounding_box3_d__functions.c
[1.354s] -- Up-to-date: /Bt/install/yolo_msgs/include/yolo_msgs/yolo_msgs/msg/detail/pose2_d__type_support.h
[1.354s] -- Up-to-date: /Bt/install/yolo_msgs/include/yolo_msgs/yolo_msgs/msg/detail/point2_d__description.c
[1.354s] -- Up-to-date: /Bt/install/yolo_msgs/include/yolo_msgs/yolo_msgs/msg/detail/key_point2_d_array__description.c
[1.355s] -- Up-to-date: /Bt/install/yolo_msgs/include/yolo_msgs/yolo_msgs/msg/detail/key_point2_d_array__struct.h
[1.355s] -- Up-to-date: /Bt/install/yolo_msgs/include/yolo_msgs/yolo_msgs/msg/key_point2_d_array.h
[1.355s] -- Up-to-date: /Bt/install/yolo_msgs/include/yolo_msgs/yolo_msgs/msg/key_point3_d.h
[1.355s] -- Up-to-date: /Bt/install/yolo_msgs/include/yolo_msgs/yolo_msgs/msg/detection_array.h
[1.355s] -- Up-to-date: /Bt/install/yolo_msgs/include/yolo_msgs/yolo_msgs/msg/bounding_box3_d.h
[1.355s] -- Up-to-date: /Bt/install/yolo_msgs/include/yolo_msgs/yolo_msgs/msg/key_point3_d_array.h
[1.356s] -- Up-to-date: /Bt/install/yolo_msgs/include/yolo_msgs/yolo_msgs/srv
[1.356s] -- Up-to-date: /Bt/install/yolo_msgs/include/yolo_msgs/yolo_msgs/srv/set_classes.h
[1.356s] -- Up-to-date: /Bt/install/yolo_msgs/include/yolo_msgs/yolo_msgs/srv/detail
[1.356s] -- Up-to-date: /Bt/install/yolo_msgs/include/yolo_msgs/yolo_msgs/srv/detail/set_classes__type_support.h
[1.356s] -- Installing: /Bt/install/yolo_msgs/include/yolo_msgs/yolo_msgs/srv/detail/set_classes__type_support.c
[1.357s] -- Up-to-date: /Bt/install/yolo_msgs/include/yolo_msgs/yolo_msgs/srv/detail/set_classes__description.c
[1.357s] -- Up-to-date: /Bt/install/yolo_msgs/include/yolo_msgs/yolo_msgs/srv/detail/set_classes__functions.c
[1.358s] -- Up-to-date: /Bt/install/yolo_msgs/include/yolo_msgs/yolo_msgs/srv/detail/set_classes__struct.h
[1.358s] -- Up-to-date: /Bt/install/yolo_msgs/include/yolo_msgs/yolo_msgs/srv/detail/set_classes__functions.h
[1.358s] -- Up-to-date: /Bt/install/yolo_msgs/share/yolo_msgs/environment/library_path.sh
[1.358s] -- Up-to-date: /Bt/install/yolo_msgs/share/yolo_msgs/environment/library_path.dsv
[1.358s] -- Up-to-date: /Bt/install/yolo_msgs/lib/libyolo_msgs__rosidl_generator_c.so
[1.358s] -- Up-to-date: /Bt/install/yolo_msgs/include/yolo_msgs/yolo_msgs
[1.359s] -- Up-to-date: /Bt/install/yolo_msgs/include/yolo_msgs/yolo_msgs/msg
[1.359s] -- Up-to-date: /Bt/install/yolo_msgs/include/yolo_msgs/yolo_msgs/msg/detail
[1.359s] -- Up-to-date: /Bt/install/yolo_msgs/include/yolo_msgs/yolo_msgs/msg/detail/bounding_box3_d__rosidl_typesupport_fastrtps_c.h
[1.359s] -- Up-to-date: /Bt/install/yolo_msgs/include/yolo_msgs/yolo_msgs/msg/detail/detection__rosidl_typesupport_fastrtps_c.h
[1.359s] -- Up-to-date: /Bt/install/yolo_msgs/include/yolo_msgs/yolo_msgs/msg/detail/key_point2_d_array__rosidl_typesupport_fastrtps_c.h
[1.359s] -- Up-to-date: /Bt/install/yolo_msgs/include/yolo_msgs/yolo_msgs/msg/detail/key_point2_d__rosidl_typesupport_fastrtps_c.h
[1.360s] -- Up-to-date: /Bt/install/yolo_msgs/include/yolo_msgs/yolo_msgs/msg/detail/key_point3_d_array__rosidl_typesupport_fastrtps_c.h
[1.360s] -- Up-to-date: /Bt/install/yolo_msgs/include/yolo_msgs/yolo_msgs/msg/detail/point2_d__rosidl_typesupport_fastrtps_c.h
[1.361s] -- Up-to-date: /Bt/install/yolo_msgs/include/yolo_msgs/yolo_msgs/msg/detail/mask__rosidl_typesupport_fastrtps_c.h
[1.361s] -- Up-to-date: /Bt/install/yolo_msgs/include/yolo_msgs/yolo_msgs/msg/detail/bounding_box2_d__rosidl_typesupport_fastrtps_c.h
[1.361s] -- Up-to-date: /Bt/install/yolo_msgs/include/yolo_msgs/yolo_msgs/msg/detail/vector2__rosidl_typesupport_fastrtps_c.h
[1.361s] -- Up-to-date: /Bt/install/yolo_msgs/include/yolo_msgs/yolo_msgs/msg/detail/pose2_d__rosidl_typesupport_fastrtps_c.h
[1.361s] -- Up-to-date: /Bt/install/yolo_msgs/include/yolo_msgs/yolo_msgs/msg/detail/key_point3_d__rosidl_typesupport_fastrtps_c.h
[1.361s] -- Up-to-date: /Bt/install/yolo_msgs/include/yolo_msgs/yolo_msgs/msg/detail/detection_array__rosidl_typesupport_fastrtps_c.h
[1.362s] -- Up-to-date: /Bt/install/yolo_msgs/include/yolo_msgs/yolo_msgs/msg/rosidl_typesupport_fastrtps_c__visibility_control.h
[1.362s] -- Up-to-date: /Bt/install/yolo_msgs/include/yolo_msgs/yolo_msgs/srv
[1.362s] -- Up-to-date: /Bt/install/yolo_msgs/include/yolo_msgs/yolo_msgs/srv/detail
[1.362s] -- Up-to-date: /Bt/install/yolo_msgs/include/yolo_msgs/yolo_msgs/srv/detail/set_classes__rosidl_typesupport_fastrtps_c.h
[1.362s] -- Up-to-date: /Bt/install/yolo_msgs/lib/libyolo_msgs__rosidl_typesupport_fastrtps_c.so
[1.362s] -- Up-to-date: /Bt/install/yolo_msgs/include/yolo_msgs/yolo_msgs
[1.362s] -- Up-to-date: /Bt/install/yolo_msgs/include/yolo_msgs/yolo_msgs/msg
[1.363s] -- Up-to-date: /Bt/install/yolo_msgs/include/yolo_msgs/yolo_msgs/msg/rosidl_typesupport_introspection_c__visibility_control.h
[1.363s] -- Up-to-date: /Bt/install/yolo_msgs/include/yolo_msgs/yolo_msgs/msg/detail
[1.363s] -- Installing: /Bt/install/yolo_msgs/include/yolo_msgs/yolo_msgs/msg/detail/detection__type_support.c
[1.363s] -- Up-to-date: /Bt/install/yolo_msgs/include/yolo_msgs/yolo_msgs/msg/detail/key_point2_d_array__rosidl_typesupport_introspection_c.h
[1.364s] -- Up-to-date: /Bt/install/yolo_msgs/include/yolo_msgs/yolo_msgs/msg/detail/bounding_box2_d__rosidl_typesupport_introspection_c.h
[1.364s] -- Installing: /Bt/install/yolo_msgs/include/yolo_msgs/yolo_msgs/msg/detail/bounding_box3_d__type_support.c
[1.364s] -- Up-to-date: /Bt/install/yolo_msgs/include/yolo_msgs/yolo_msgs/msg/detail/vector2__rosidl_typesupport_introspection_c.h
[1.364s] -- Installing: /Bt/install/yolo_msgs/include/yolo_msgs/yolo_msgs/msg/detail/detection_array__type_support.c
[1.364s] -- Installing: /Bt/install/yolo_msgs/include/yolo_msgs/yolo_msgs/msg/detail/key_point2_d__type_support.c
[1.364s] -- Up-to-date: /Bt/install/yolo_msgs/include/yolo_msgs/yolo_msgs/msg/detail/point2_d__rosidl_typesupport_introspection_c.h
[1.364s] -- Up-to-date: /Bt/install/yolo_msgs/include/yolo_msgs/yolo_msgs/msg/detail/key_point2_d__rosidl_typesupport_introspection_c.h
[1.365s] -- Up-to-date: /Bt/install/yolo_msgs/include/yolo_msgs/yolo_msgs/msg/detail/mask__rosidl_typesupport_introspection_c.h
[1.365s] -- Installing: /Bt/install/yolo_msgs/include/yolo_msgs/yolo_msgs/msg/detail/bounding_box2_d__type_support.c
[1.365s] -- Up-to-date: /Bt/install/yolo_msgs/include/yolo_msgs/yolo_msgs/msg/detail/key_point3_d__rosidl_typesupport_introspection_c.h
[1.365s] -- Installing: /Bt/install/yolo_msgs/include/yolo_msgs/yolo_msgs/msg/detail/key_point2_d_array__type_support.c
[1.365s] -- Installing: /Bt/install/yolo_msgs/include/yolo_msgs/yolo_msgs/msg/detail/key_point3_d__type_support.c
[1.365s] -- Installing: /Bt/install/yolo_msgs/include/yolo_msgs/yolo_msgs/msg/detail/pose2_d__type_support.c
[1.365s] -- Installing: /Bt/install/yolo_msgs/include/yolo_msgs/yolo_msgs/msg/detail/point2_d__type_support.c
[1.366s] -- Up-to-date: /Bt/install/yolo_msgs/include/yolo_msgs/yolo_msgs/msg/detail/key_point3_d_array__rosidl_typesupport_introspection_c.h
[1.366s] -- Up-to-date: /Bt/install/yolo_msgs/include/yolo_msgs/yolo_msgs/msg/detail/pose2_d__rosidl_typesupport_introspection_c.h
[1.366s] -- Installing: /Bt/install/yolo_msgs/include/yolo_msgs/yolo_msgs/msg/detail/mask__type_support.c
[1.366s] -- Installing: /Bt/install/yolo_msgs/include/yolo_msgs/yolo_msgs/msg/detail/key_point3_d_array__type_support.c
[1.366s] -- Installing: /Bt/install/yolo_msgs/include/yolo_msgs/yolo_msgs/msg/detail/vector2__type_support.c
[1.366s] -- Up-to-date: /Bt/install/yolo_msgs/include/yolo_msgs/yolo_msgs/msg/detail/detection__rosidl_typesupport_introspection_c.h
[1.366s] -- Up-to-date: /Bt/install/yolo_msgs/include/yolo_msgs/yolo_msgs/msg/detail/detection_array__rosidl_typesupport_introspection_c.h
[1.367s] -- Up-to-date: /Bt/install/yolo_msgs/include/yolo_msgs/yolo_msgs/msg/detail/bounding_box3_d__rosidl_typesupport_introspection_c.h
[1.367s] -- Up-to-date: /Bt/install/yolo_msgs/include/yolo_msgs/yolo_msgs/srv
[1.367s] -- Up-to-date: /Bt/install/yolo_msgs/include/yolo_msgs/yolo_msgs/srv/detail
[1.367s] -- Installing: /Bt/install/yolo_msgs/include/yolo_msgs/yolo_msgs/srv/detail/set_classes__type_support.c
[1.367s] -- Up-to-date: /Bt/install/yolo_msgs/include/yolo_msgs/yolo_msgs/srv/detail/set_classes__rosidl_typesupport_introspection_c.h
[1.367s] -- Up-to-date: /Bt/install/yolo_msgs/lib/libyolo_msgs__rosidl_typesupport_introspection_c.so
[1.367s] -- Up-to-date: /Bt/install/yolo_msgs/lib/libyolo_msgs__rosidl_typesupport_c.so
[1.367s] -- Up-to-date: /Bt/install/yolo_msgs/include/yolo_msgs/yolo_msgs
[1.368s] -- Up-to-date: /Bt/install/yolo_msgs/include/yolo_msgs/yolo_msgs/msg
[1.368s] -- Up-to-date: /Bt/install/yolo_msgs/include/yolo_msgs/yolo_msgs/msg/detection_array.hpp
[1.368s] -- Up-to-date: /Bt/install/yolo_msgs/include/yolo_msgs/yolo_msgs/msg/key_point3_d.hpp
[1.368s] -- Up-to-date: /Bt/install/yolo_msgs/include/yolo_msgs/yolo_msgs/msg/point2_d.hpp
[1.368s] -- Up-to-date: /Bt/install/yolo_msgs/include/yolo_msgs/yolo_msgs/msg/pose2_d.hpp
[1.368s] -- Up-to-date: /Bt/install/yolo_msgs/include/yolo_msgs/yolo_msgs/msg/key_point2_d.hpp
[1.368s] -- Up-to-date: /Bt/install/yolo_msgs/include/yolo_msgs/yolo_msgs/msg/key_point2_d_array.hpp
[1.369s] -- Up-to-date: /Bt/install/yolo_msgs/include/yolo_msgs/yolo_msgs/msg/vector2.hpp
[1.369s] -- Up-to-date: /Bt/install/yolo_msgs/include/yolo_msgs/yolo_msgs/msg/detail
[1.369s] -- Up-to-date: /Bt/install/yolo_msgs/include/yolo_msgs/yolo_msgs/msg/detail/vector2__struct.hpp
[1.369s] -- Up-to-date: /Bt/install/yolo_msgs/include/yolo_msgs/yolo_msgs/msg/detail/key_point2_d_array__type_support.hpp
[1.369s] -- Up-to-date: /Bt/install/yolo_msgs/include/yolo_msgs/yolo_msgs/msg/detail/key_point3_d__builder.hpp
[1.369s] -- Up-to-date: /Bt/install/yolo_msgs/include/yolo_msgs/yolo_msgs/msg/detail/key_point2_d__struct.hpp
[1.369s] -- Up-to-date: /Bt/install/yolo_msgs/include/yolo_msgs/yolo_msgs/msg/detail/detection_array__type_support.hpp
[1.370s] -- Up-to-date: /Bt/install/yolo_msgs/include/yolo_msgs/yolo_msgs/msg/detail/bounding_box2_d__struct.hpp
[1.370s] -- Up-to-date: /Bt/install/yolo_msgs/include/yolo_msgs/yolo_msgs/msg/detail/key_point3_d_array__traits.hpp
[1.370s] -- Up-to-date: /Bt/install/yolo_msgs/include/yolo_msgs/yolo_msgs/msg/detail/mask__builder.hpp
[1.370s] -- Up-to-date: /Bt/install/yolo_msgs/include/yolo_msgs/yolo_msgs/msg/detail/detection__type_support.hpp
[1.370s] -- Up-to-date: /Bt/install/yolo_msgs/include/yolo_msgs/yolo_msgs/msg/detail/key_point3_d_array__builder.hpp
[1.370s] -- Up-to-date: /Bt/install/yolo_msgs/include/yolo_msgs/yolo_msgs/msg/detail/bounding_box2_d__type_support.hpp
[1.370s] -- Up-to-date: /Bt/install/yolo_msgs/include/yolo_msgs/yolo_msgs/msg/detail/point2_d__struct.hpp
[1.370s] -- Up-to-date: /Bt/install/yolo_msgs/include/yolo_msgs/yolo_msgs/msg/detail/detection__traits.hpp
[1.371s] -- Up-to-date: /Bt/install/yolo_msgs/include/yolo_msgs/yolo_msgs/msg/detail/bounding_box3_d__struct.hpp
[1.371s] -- Up-to-date: /Bt/install/yolo_msgs/include/yolo_msgs/yolo_msgs/msg/detail/key_point2_d_array__builder.hpp
[1.371s] -- Up-to-date: /Bt/install/yolo_msgs/include/yolo_msgs/yolo_msgs/msg/detail/point2_d__type_support.hpp
[1.371s] -- Up-to-date: /Bt/install/yolo_msgs/include/yolo_msgs/yolo_msgs/msg/detail/pose2_d__traits.hpp
[1.371s] -- Up-to-date: /Bt/install/yolo_msgs/include/yolo_msgs/yolo_msgs/msg/detail/vector2__type_support.hpp
[1.371s] -- Up-to-date: /Bt/install/yolo_msgs/include/yolo_msgs/yolo_msgs/msg/detail/bounding_box3_d__builder.hpp
[1.371s] -- Up-to-date: /Bt/install/yolo_msgs/include/yolo_msgs/yolo_msgs/msg/detail/key_point3_d__traits.hpp
[1.371s] -- Up-to-date: /Bt/install/yolo_msgs/include/yolo_msgs/yolo_msgs/msg/detail/detection__struct.hpp
[1.372s] -- Up-to-date: /Bt/install/yolo_msgs/include/yolo_msgs/yolo_msgs/msg/detail/key_point2_d__type_support.hpp
[1.372s] -- Up-to-date: /Bt/install/yolo_msgs/include/yolo_msgs/yolo_msgs/msg/detail/pose2_d__struct.hpp
[1.372s] -- Up-to-date: /Bt/install/yolo_msgs/include/yolo_msgs/yolo_msgs/msg/detail/mask__struct.hpp
[1.372s] -- Up-to-date: /Bt/install/yolo_msgs/include/yolo_msgs/yolo_msgs/msg/detail/detection_array__struct.hpp
[1.372s] -- Up-to-date: /Bt/install/yolo_msgs/include/yolo_msgs/yolo_msgs/msg/detail/point2_d__traits.hpp
[1.372s] -- Up-to-date: /Bt/install/yolo_msgs/include/yolo_msgs/yolo_msgs/msg/detail/mask__type_support.hpp
[1.372s] -- Up-to-date: /Bt/install/yolo_msgs/include/yolo_msgs/yolo_msgs/msg/detail/bounding_box3_d__traits.hpp
[1.373s] -- Up-to-date: /Bt/install/yolo_msgs/include/yolo_msgs/yolo_msgs/msg/detail/bounding_box2_d__builder.hpp
[1.373s] -- Up-to-date: /Bt/install/yolo_msgs/include/yolo_msgs/yolo_msgs/msg/detail/vector2__traits.hpp
[1.373s] -- Up-to-date: /Bt/install/yolo_msgs/include/yolo_msgs/yolo_msgs/msg/detail/pose2_d__type_support.hpp
[1.373s] -- Up-to-date: /Bt/install/yolo_msgs/include/yolo_msgs/yolo_msgs/msg/detail/key_point2_d__traits.hpp
[1.373s] -- Up-to-date: /Bt/install/yolo_msgs/include/yolo_msgs/yolo_msgs/msg/detail/mask__traits.hpp
[1.373s] -- Up-to-date: /Bt/install/yolo_msgs/include/yolo_msgs/yolo_msgs/msg/detail/pose2_d__builder.hpp
[1.373s] -- Up-to-date: /Bt/install/yolo_msgs/include/yolo_msgs/yolo_msgs/msg/detail/key_point2_d_array__struct.hpp
[1.373s] -- Up-to-date: /Bt/install/yolo_msgs/include/yolo_msgs/yolo_msgs/msg/detail/key_point3_d_array__struct.hpp
[1.374s] -- Up-to-date: /Bt/install/yolo_msgs/include/yolo_msgs/yolo_msgs/msg/detail/key_point3_d__struct.hpp
[1.374s] -- Up-to-date: /Bt/install/yolo_msgs/include/yolo_msgs/yolo_msgs/msg/detail/detection__builder.hpp
[1.374s] -- Up-to-date: /Bt/install/yolo_msgs/include/yolo_msgs/yolo_msgs/msg/detail/bounding_box3_d__type_support.hpp
[1.374s] -- Up-to-date: /Bt/install/yolo_msgs/include/yolo_msgs/yolo_msgs/msg/detail/key_point2_d__builder.hpp
[1.374s] -- Up-to-date: /Bt/install/yolo_msgs/include/yolo_msgs/yolo_msgs/msg/detail/detection_array__builder.hpp
[1.374s] -- Up-to-date: /Bt/install/yolo_msgs/include/yolo_msgs/yolo_msgs/msg/detail/point2_d__builder.hpp
[1.374s] -- Up-to-date: /Bt/install/yolo_msgs/include/yolo_msgs/yolo_msgs/msg/detail/key_point3_d_array__type_support.hpp
[1.375s] -- Up-to-date: /Bt/install/yolo_msgs/include/yolo_msgs/yolo_msgs/msg/detail/vector2__builder.hpp
[1.375s] -- Up-to-date: /Bt/install/yolo_msgs/include/yolo_msgs/yolo_msgs/msg/detail/bounding_box2_d__traits.hpp
[1.375s] -- Up-to-date: /Bt/install/yolo_msgs/include/yolo_msgs/yolo_msgs/msg/detail/detection_array__traits.hpp
[1.375s] -- Up-to-date: /Bt/install/yolo_msgs/include/yolo_msgs/yolo_msgs/msg/detail/key_point3_d__type_support.hpp
[1.375s] -- Up-to-date: /Bt/install/yolo_msgs/include/yolo_msgs/yolo_msgs/msg/detail/key_point2_d_array__traits.hpp
[1.376s] -- Up-to-date: /Bt/install/yolo_msgs/include/yolo_msgs/yolo_msgs/msg/bounding_box3_d.hpp
[1.376s] -- Up-to-date: /Bt/install/yolo_msgs/include/yolo_msgs/yolo_msgs/msg/key_point3_d_array.hpp
[1.376s] -- Up-to-date: /Bt/install/yolo_msgs/include/yolo_msgs/yolo_msgs/msg/detection.hpp
[1.376s] -- Up-to-date: /Bt/install/yolo_msgs/include/yolo_msgs/yolo_msgs/msg/bounding_box2_d.hpp
[1.377s] -- Up-to-date: /Bt/install/yolo_msgs/include/yolo_msgs/yolo_msgs/msg/mask.hpp
[1.377s] -- Up-to-date: /Bt/install/yolo_msgs/include/yolo_msgs/yolo_msgs/msg/rosidl_generator_cpp__visibility_control.hpp
[1.378s] -- Up-to-date: /Bt/install/yolo_msgs/include/yolo_msgs/yolo_msgs/srv
[1.378s] -- Up-to-date: /Bt/install/yolo_msgs/include/yolo_msgs/yolo_msgs/srv/set_classes.hpp
[1.378s] -- Up-to-date: /Bt/install/yolo_msgs/include/yolo_msgs/yolo_msgs/srv/detail
[1.378s] -- Up-to-date: /Bt/install/yolo_msgs/include/yolo_msgs/yolo_msgs/srv/detail/set_classes__builder.hpp
[1.378s] -- Up-to-date: /Bt/install/yolo_msgs/include/yolo_msgs/yolo_msgs/srv/detail/set_classes__struct.hpp
[1.378s] -- Up-to-date: /Bt/install/yolo_msgs/include/yolo_msgs/yolo_msgs/srv/detail/set_classes__type_support.hpp
[1.378s] -- Up-to-date: /Bt/install/yolo_msgs/include/yolo_msgs/yolo_msgs/srv/detail/set_classes__traits.hpp
[1.380s] -- Up-to-date: /Bt/install/yolo_msgs/include/yolo_msgs/yolo_msgs
[1.385s] -- Up-to-date: /Bt/install/yolo_msgs/include/yolo_msgs/yolo_msgs/msg
[1.385s] -- Up-to-date: /Bt/install/yolo_msgs/include/yolo_msgs/yolo_msgs/msg/detail
[1.385s] -- Up-to-date: /Bt/install/yolo_msgs/include/yolo_msgs/yolo_msgs/msg/detail/key_point2_d_array__rosidl_typesupport_fastrtps_cpp.hpp
[1.385s] -- Up-to-date: /Bt/install/yolo_msgs/include/yolo_msgs/yolo_msgs/msg/detail/mask__rosidl_typesupport_fastrtps_cpp.hpp
[1.386s] -- Up-to-date: /Bt/install/yolo_msgs/include/yolo_msgs/yolo_msgs/msg/detail/key_point3_d_array__rosidl_typesupport_fastrtps_cpp.hpp
[1.387s] -- Up-to-date: /Bt/install/yolo_msgs/include/yolo_msgs/yolo_msgs/msg/detail/point2_d__rosidl_typesupport_fastrtps_cpp.hpp
[1.387s] -- Up-to-date: /Bt/install/yolo_msgs/include/yolo_msgs/yolo_msgs/msg/detail/key_point3_d__rosidl_typesupport_fastrtps_cpp.hpp
[1.387s] -- Up-to-date: /Bt/install/yolo_msgs/include/yolo_msgs/yolo_msgs/msg/detail/bounding_box3_d__rosidl_typesupport_fastrtps_cpp.hpp
[1.387s] -- Up-to-date: /Bt/install/yolo_msgs/include/yolo_msgs/yolo_msgs/msg/detail/detection_array__rosidl_typesupport_fastrtps_cpp.hpp
[1.387s] -- Up-to-date: /Bt/install/yolo_msgs/include/yolo_msgs/yolo_msgs/msg/detail/key_point2_d__rosidl_typesupport_fastrtps_cpp.hpp
[1.388s] -- Up-to-date: /Bt/install/yolo_msgs/include/yolo_msgs/yolo_msgs/msg/detail/detection__rosidl_typesupport_fastrtps_cpp.hpp
[1.388s] -- Up-to-date: /Bt/install/yolo_msgs/include/yolo_msgs/yolo_msgs/msg/detail/vector2__rosidl_typesupport_fastrtps_cpp.hpp
[1.388s] -- Up-to-date: /Bt/install/yolo_msgs/include/yolo_msgs/yolo_msgs/msg/detail/dds_fastrtps
[1.388s] -- Up-to-date: /Bt/install/yolo_msgs/include/yolo_msgs/yolo_msgs/msg/detail/pose2_d__rosidl_typesupport_fastrtps_cpp.hpp
[1.388s] -- Up-to-date: /Bt/install/yolo_msgs/include/yolo_msgs/yolo_msgs/msg/detail/bounding_box2_d__rosidl_typesupport_fastrtps_cpp.hpp
[1.388s] -- Up-to-date: /Bt/install/yolo_msgs/include/yolo_msgs/yolo_msgs/msg/rosidl_typesupport_fastrtps_cpp__visibility_control.h
[1.389s] -- Up-to-date: /Bt/install/yolo_msgs/include/yolo_msgs/yolo_msgs/srv
[1.389s] -- Up-to-date: /Bt/install/yolo_msgs/include/yolo_msgs/yolo_msgs/srv/detail
[1.389s] -- Up-to-date: /Bt/install/yolo_msgs/include/yolo_msgs/yolo_msgs/srv/detail/set_classes__rosidl_typesupport_fastrtps_cpp.hpp
[1.389s] -- Up-to-date: /Bt/install/yolo_msgs/include/yolo_msgs/yolo_msgs/srv/detail/dds_fastrtps
[1.391s] -- Up-to-date: /Bt/install/yolo_msgs/lib/libyolo_msgs__rosidl_typesupport_fastrtps_cpp.so
[1.392s] -- Up-to-date: /Bt/install/yolo_msgs/include/yolo_msgs/yolo_msgs
[1.392s] -- Up-to-date: /Bt/install/yolo_msgs/include/yolo_msgs/yolo_msgs/msg
[1.392s] -- Up-to-date: /Bt/install/yolo_msgs/include/yolo_msgs/yolo_msgs/msg/detail
[1.392s] -- Up-to-date: /Bt/install/yolo_msgs/include/yolo_msgs/yolo_msgs/msg/detail/key_point2_d__type_support.cpp
[1.392s] -- Up-to-date: /Bt/install/yolo_msgs/include/yolo_msgs/yolo_msgs/msg/detail/vector2__type_support.cpp
[1.392s] -- Up-to-date: /Bt/install/yolo_msgs/include/yolo_msgs/yolo_msgs/msg/detail/mask__type_support.cpp
[1.393s] -- Up-to-date: /Bt/install/yolo_msgs/include/yolo_msgs/yolo_msgs/msg/detail/detection__type_support.cpp
[1.393s] -- Up-to-date: /Bt/install/yolo_msgs/include/yolo_msgs/yolo_msgs/msg/detail/bounding_box2_d__type_support.cpp
[1.398s] -- Up-to-date: /Bt/install/yolo_msgs/include/yolo_msgs/yolo_msgs/msg/detail/key_point2_d__rosidl_typesupport_introspection_cpp.hpp
[1.398s] -- Up-to-date: /Bt/install/yolo_msgs/include/yolo_msgs/yolo_msgs/msg/detail/mask__rosidl_typesupport_introspection_cpp.hpp
[1.398s] -- Up-to-date: /Bt/install/yolo_msgs/include/yolo_msgs/yolo_msgs/msg/detail/bounding_box3_d__type_support.cpp
[1.398s] -- Up-to-date: /Bt/install/yolo_msgs/include/yolo_msgs/yolo_msgs/msg/detail/key_point3_d_array__rosidl_typesupport_introspection_cpp.hpp
[1.398s] -- Up-to-date: /Bt/install/yolo_msgs/include/yolo_msgs/yolo_msgs/msg/detail/bounding_box2_d__rosidl_typesupport_introspection_cpp.hpp
[1.398s] -- Up-to-date: /Bt/install/yolo_msgs/include/yolo_msgs/yolo_msgs/msg/detail/point2_d__rosidl_typesupport_introspection_cpp.hpp
[1.401s] -- Up-to-date: /Bt/install/yolo_msgs/include/yolo_msgs/yolo_msgs/msg/detail/key_point2_d_array__rosidl_typesupport_introspection_cpp.hpp
[1.401s] -- Up-to-date: /Bt/install/yolo_msgs/include/yolo_msgs/yolo_msgs/msg/detail/pose2_d__rosidl_typesupport_introspection_cpp.hpp
[1.401s] -- Up-to-date: /Bt/install/yolo_msgs/include/yolo_msgs/yolo_msgs/msg/detail/key_point3_d_array__type_support.cpp
[1.401s] -- Up-to-date: /Bt/install/yolo_msgs/include/yolo_msgs/yolo_msgs/msg/detail/vector2__rosidl_typesupport_introspection_cpp.hpp
[1.401s] -- Up-to-date: /Bt/install/yolo_msgs/include/yolo_msgs/yolo_msgs/msg/detail/point2_d__type_support.cpp
[1.401s] -- Up-to-date: /Bt/install/yolo_msgs/include/yolo_msgs/yolo_msgs/msg/detail/key_point3_d__type_support.cpp
[1.401s] -- Up-to-date: /Bt/install/yolo_msgs/include/yolo_msgs/yolo_msgs/msg/detail/key_point2_d_array__type_support.cpp
[1.402s] -- Up-to-date: /Bt/install/yolo_msgs/include/yolo_msgs/yolo_msgs/msg/detail/bounding_box3_d__rosidl_typesupport_introspection_cpp.hpp
[1.402s] -- Up-to-date: /Bt/install/yolo_msgs/include/yolo_msgs/yolo_msgs/msg/detail/detection_array__type_support.cpp
[1.402s] -- Up-to-date: /Bt/install/yolo_msgs/include/yolo_msgs/yolo_msgs/msg/detail/key_point3_d__rosidl_typesupport_introspection_cpp.hpp
[1.402s] -- Up-to-date: /Bt/install/yolo_msgs/include/yolo_msgs/yolo_msgs/msg/detail/pose2_d__type_support.cpp
[1.402s] -- Up-to-date: /Bt/install/yolo_msgs/include/yolo_msgs/yolo_msgs/msg/detail/detection__rosidl_typesupport_introspection_cpp.hpp
[1.402s] -- Up-to-date: /Bt/install/yolo_msgs/include/yolo_msgs/yolo_msgs/msg/detail/detection_array__rosidl_typesupport_introspection_cpp.hpp
[1.403s] -- Up-to-date: /Bt/install/yolo_msgs/include/yolo_msgs/yolo_msgs/srv
[1.403s] -- Up-to-date: /Bt/install/yolo_msgs/include/yolo_msgs/yolo_msgs/srv/detail
[1.403s] -- Up-to-date: /Bt/install/yolo_msgs/include/yolo_msgs/yolo_msgs/srv/detail/set_classes__type_support.cpp
[1.403s] -- Up-to-date: /Bt/install/yolo_msgs/include/yolo_msgs/yolo_msgs/srv/detail/set_classes__rosidl_typesupport_introspection_cpp.hpp
[1.403s] -- Up-to-date: /Bt/install/yolo_msgs/lib/libyolo_msgs__rosidl_typesupport_introspection_cpp.so
[1.403s] -- Up-to-date: /Bt/install/yolo_msgs/lib/libyolo_msgs__rosidl_typesupport_cpp.so
[1.404s] -- Up-to-date: /Bt/install/yolo_msgs/share/yolo_msgs/environment/pythonpath.sh
[1.404s] -- Up-to-date: /Bt/install/yolo_msgs/share/yolo_msgs/environment/pythonpath.dsv
[1.404s] -- Up-to-date: /Bt/install/yolo_msgs/lib/python3.12/site-packages/yolo_msgs-4.4.1-py3.12.egg-info
[1.404s] -- Installing: /Bt/install/yolo_msgs/lib/python3.12/site-packages/yolo_msgs-4.4.1-py3.12.egg-info/top_level.txt
[1.405s] -- Installing: /Bt/install/yolo_msgs/lib/python3.12/site-packages/yolo_msgs-4.4.1-py3.12.egg-info/PKG-INFO
[1.405s] -- Installing: /Bt/install/yolo_msgs/lib/python3.12/site-packages/yolo_msgs-4.4.1-py3.12.egg-info/SOURCES.txt
[1.405s] -- Installing: /Bt/install/yolo_msgs/lib/python3.12/site-packages/yolo_msgs-4.4.1-py3.12.egg-info/dependency_links.txt
[1.405s] -- Up-to-date: /Bt/install/yolo_msgs/lib/python3.12/site-packages/yolo_msgs
[1.407s] -- Up-to-date: /Bt/install/yolo_msgs/lib/python3.12/site-packages/yolo_msgs/_yolo_msgs_s.ep.rosidl_typesupport_c.c
[1.407s] -- Up-to-date: /Bt/install/yolo_msgs/lib/python3.12/site-packages/yolo_msgs/_yolo_msgs_s.ep.rosidl_typesupport_fastrtps_c.c
[1.407s] -- Up-to-date: /Bt/install/yolo_msgs/lib/python3.12/site-packages/yolo_msgs/yolo_msgs_s__rosidl_typesupport_fastrtps_c.so
[1.407s] -- Up-to-date: /Bt/install/yolo_msgs/lib/python3.12/site-packages/yolo_msgs/_yolo_msgs_s.ep.rosidl_typesupport_introspection_c.c
[1.408s] -- Up-to-date: /Bt/install/yolo_msgs/lib/python3.12/site-packages/yolo_msgs/__init__.py
[1.408s] -- Up-to-date: /Bt/install/yolo_msgs/lib/python3.12/site-packages/yolo_msgs/yolo_msgs_s__rosidl_typesupport_c.so
[1.408s] -- Up-to-date: /Bt/install/yolo_msgs/lib/python3.12/site-packages/yolo_msgs/msg
[1.408s] -- Up-to-date: /Bt/install/yolo_msgs/lib/python3.12/site-packages/yolo_msgs/msg/_bounding_box2_d.py
[1.408s] -- Up-to-date: /Bt/install/yolo_msgs/lib/python3.12/site-packages/yolo_msgs/msg/_mask_s.c
[1.409s] -- Up-to-date: /Bt/install/yolo_msgs/lib/python3.12/site-packages/yolo_msgs/msg/_bounding_box3_d_s.c
[1.409s] -- Up-to-date: /Bt/install/yolo_msgs/lib/python3.12/site-packages/yolo_msgs/msg/_key_point3_d.py
[1.409s] -- Up-to-date: /Bt/install/yolo_msgs/lib/python3.12/site-packages/yolo_msgs/msg/_vector2.py
[1.409s] -- Up-to-date: /Bt/install/yolo_msgs/lib/python3.12/site-packages/yolo_msgs/msg/_bounding_box2_d_s.c
[1.410s] -- Up-to-date: /Bt/install/yolo_msgs/lib/python3.12/site-packages/yolo_msgs/msg/_mask.py
[1.410s] -- Up-to-date: /Bt/install/yolo_msgs/lib/python3.12/site-packages/yolo_msgs/msg/__init__.py
[1.410s] -- Up-to-date: /Bt/install/yolo_msgs/lib/python3.12/site-packages/yolo_msgs/msg/_key_point3_d_array.py
[1.410s] -- Up-to-date: /Bt/install/yolo_msgs/lib/python3.12/site-packages/yolo_msgs/msg/_key_point2_d_array.py
[1.410s] -- Up-to-date: /Bt/install/yolo_msgs/lib/python3.12/site-packages/yolo_msgs/msg/_detection_array_s.c
[1.410s] -- Up-to-date: /Bt/install/yolo_msgs/lib/python3.12/site-packages/yolo_msgs/msg/_key_point2_d_s.c
[1.411s] -- Up-to-date: /Bt/install/yolo_msgs/lib/python3.12/site-packages/yolo_msgs/msg/_key_point3_d_array_s.c
[1.411s] -- Up-to-date: /Bt/install/yolo_msgs/lib/python3.12/site-packages/yolo_msgs/msg/_point2_d.py
[1.411s] -- Up-to-date: /Bt/install/yolo_msgs/lib/python3.12/site-packages/yolo_msgs/msg/_key_point3_d_s.c
[1.411s] -- Up-to-date: /Bt/install/yolo_msgs/lib/python3.12/site-packages/yolo_msgs/msg/_bounding_box3_d.py
[1.411s] -- Up-to-date: /Bt/install/yolo_msgs/lib/python3.12/site-packages/yolo_msgs/msg/_detection.py
[1.411s] -- Up-to-date: /Bt/install/yolo_msgs/lib/python3.12/site-packages/yolo_msgs/msg/_pose2_d_s.c
[1.412s] -- Up-to-date: /Bt/install/yolo_msgs/lib/python3.12/site-packages/yolo_msgs/msg/_key_point2_d.py
[1.412s] -- Up-to-date: /Bt/install/yolo_msgs/lib/python3.12/site-packages/yolo_msgs/msg/_pose2_d.py
[1.412s] -- Up-to-date: /Bt/install/yolo_msgs/lib/python3.12/site-packages/yolo_msgs/msg/_detection_s.c
[1.412s] -- Up-to-date: /Bt/install/yolo_msgs/lib/python3.12/site-packages/yolo_msgs/msg/_key_point2_d_array_s.c
[1.413s] -- Up-to-date: /Bt/install/yolo_msgs/lib/python3.12/site-packages/yolo_msgs/msg/_detection_array.py
[1.414s] -- Up-to-date: /Bt/install/yolo_msgs/lib/python3.12/site-packages/yolo_msgs/msg/_point2_d_s.c
[1.414s] -- Up-to-date: /Bt/install/yolo_msgs/lib/python3.12/site-packages/yolo_msgs/msg/_vector2_s.c
[1.414s] -- Up-to-date: /Bt/install/yolo_msgs/lib/python3.12/site-packages/yolo_msgs/srv
[1.414s] -- Up-to-date: /Bt/install/yolo_msgs/lib/python3.12/site-packages/yolo_msgs/srv/_set_classes_s.c
[1.414s] -- Up-to-date: /Bt/install/yolo_msgs/lib/python3.12/site-packages/yolo_msgs/srv/__init__.py
[1.414s] -- Up-to-date: /Bt/install/yolo_msgs/lib/python3.12/site-packages/yolo_msgs/srv/_set_classes.py
[1.414s] -- Up-to-date: /Bt/install/yolo_msgs/lib/python3.12/site-packages/yolo_msgs/yolo_msgs_s__rosidl_typesupport_introspection_c.so
[1.467s] Listing '/Bt/install/yolo_msgs/lib/python3.12/site-packages/yolo_msgs'...
[1.468s] Listing '/Bt/install/yolo_msgs/lib/python3.12/site-packages/yolo_msgs/msg'...
[1.468s] Listing '/Bt/install/yolo_msgs/lib/python3.12/site-packages/yolo_msgs/srv'...
[1.468s] -- Up-to-date: /Bt/install/yolo_msgs/lib/python3.12/site-packages/yolo_msgs/yolo_msgs_s__rosidl_typesupport_fastrtps_c.so
[1.468s] -- Up-to-date: /Bt/install/yolo_msgs/lib/python3.12/site-packages/yolo_msgs/yolo_msgs_s__rosidl_typesupport_introspection_c.so
[1.468s] -- Up-to-date: /Bt/install/yolo_msgs/lib/python3.12/site-packages/yolo_msgs/yolo_msgs_s__rosidl_typesupport_c.so
[1.468s] -- Up-to-date: /Bt/install/yolo_msgs/lib/libyolo_msgs__rosidl_generator_py.so
[1.468s] -- Up-to-date: /Bt/install/yolo_msgs/share/yolo_msgs/msg/Point2D.idl
[1.468s] -- Up-to-date: /Bt/install/yolo_msgs/share/yolo_msgs/msg/Vector2.idl
[1.469s] -- Up-to-date: /Bt/install/yolo_msgs/share/yolo_msgs/msg/Pose2D.idl
[1.469s] -- Up-to-date: /Bt/install/yolo_msgs/share/yolo_msgs/msg/BoundingBox2D.idl
[1.469s] -- Up-to-date: /Bt/install/yolo_msgs/share/yolo_msgs/msg/BoundingBox3D.idl
[1.469s] -- Up-to-date: /Bt/install/yolo_msgs/share/yolo_msgs/msg/Mask.idl
[1.469s] -- Up-to-date: /Bt/install/yolo_msgs/share/yolo_msgs/msg/KeyPoint2D.idl
[1.469s] -- Up-to-date: /Bt/install/yolo_msgs/share/yolo_msgs/msg/KeyPoint2DArray.idl
[1.469s] -- Up-to-date: /Bt/install/yolo_msgs/share/yolo_msgs/msg/KeyPoint3D.idl
[1.469s] -- Up-to-date: /Bt/install/yolo_msgs/share/yolo_msgs/msg/KeyPoint3DArray.idl
[1.470s] -- Up-to-date: /Bt/install/yolo_msgs/share/yolo_msgs/msg/Detection.idl
[1.470s] -- Up-to-date: /Bt/install/yolo_msgs/share/yolo_msgs/msg/DetectionArray.idl
[1.470s] -- Up-to-date: /Bt/install/yolo_msgs/share/yolo_msgs/srv/SetClasses.idl
[1.470s] -- Up-to-date: /Bt/install/yolo_msgs/share/yolo_msgs/msg/Point2D.msg
[1.470s] -- Up-to-date: /Bt/install/yolo_msgs/share/yolo_msgs/msg/Vector2.msg
[1.470s] -- Up-to-date: /Bt/install/yolo_msgs/share/yolo_msgs/msg/Pose2D.msg
[1.470s] -- Up-to-date: /Bt/install/yolo_msgs/share/yolo_msgs/msg/BoundingBox2D.msg
[1.471s] -- Up-to-date: /Bt/install/yolo_msgs/share/yolo_msgs/msg/BoundingBox3D.msg
[1.471s] -- Up-to-date: /Bt/install/yolo_msgs/share/yolo_msgs/msg/Mask.msg
[1.471s] -- Up-to-date: /Bt/install/yolo_msgs/share/yolo_msgs/msg/KeyPoint2D.msg
[1.471s] -- Up-to-date: /Bt/install/yolo_msgs/share/yolo_msgs/msg/KeyPoint2DArray.msg
[1.471s] -- Up-to-date: /Bt/install/yolo_msgs/share/yolo_msgs/msg/KeyPoint3D.msg
[1.471s] -- Up-to-date: /Bt/install/yolo_msgs/share/yolo_msgs/msg/KeyPoint3DArray.msg
[1.471s] -- Up-to-date: /Bt/install/yolo_msgs/share/yolo_msgs/msg/Detection.msg
[1.472s] -- Up-to-date: /Bt/install/yolo_msgs/share/yolo_msgs/msg/DetectionArray.msg
[1.472s] -- Up-to-date: /Bt/install/yolo_msgs/share/yolo_msgs/srv/SetClasses.srv
[1.472s] -- Up-to-date: /Bt/install/yolo_msgs/share/ament_index/resource_index/package_run_dependencies/yolo_msgs
[1.472s] -- Up-to-date: /Bt/install/yolo_msgs/share/ament_index/resource_index/parent_prefix_path/yolo_msgs
[1.472s] -- Up-to-date: /Bt/install/yolo_msgs/share/yolo_msgs/environment/ament_prefix_path.sh
[1.472s] -- Up-to-date: /Bt/install/yolo_msgs/share/yolo_msgs/environment/ament_prefix_path.dsv
[1.472s] -- Up-to-date: /Bt/install/yolo_msgs/share/yolo_msgs/environment/path.sh
[1.472s] -- Up-to-date: /Bt/install/yolo_msgs/share/yolo_msgs/environment/path.dsv
[1.473s] -- Up-to-date: /Bt/install/yolo_msgs/share/yolo_msgs/local_setup.bash
[1.473s] -- Up-to-date: /Bt/install/yolo_msgs/share/yolo_msgs/local_setup.sh
[1.473s] -- Up-to-date: /Bt/install/yolo_msgs/share/yolo_msgs/local_setup.zsh
[1.473s] -- Up-to-date: /Bt/install/yolo_msgs/share/yolo_msgs/local_setup.dsv
[1.473s] -- Installing: /Bt/install/yolo_msgs/share/yolo_msgs/package.dsv
[1.473s] -- Up-to-date: /Bt/install/yolo_msgs/share/ament_index/resource_index/packages/yolo_msgs
[1.473s] -- Up-to-date: /Bt/install/yolo_msgs/share/yolo_msgs/cmake/export_yolo_msgs__rosidl_generator_cExport.cmake
[1.474s] -- Up-to-date: /Bt/install/yolo_msgs/share/yolo_msgs/cmake/export_yolo_msgs__rosidl_generator_cExport-noconfig.cmake
[1.474s] -- Up-to-date: /Bt/install/yolo_msgs/share/yolo_msgs/cmake/export_yolo_msgs__rosidl_typesupport_fastrtps_cExport.cmake
[1.474s] -- Up-to-date: /Bt/install/yolo_msgs/share/yolo_msgs/cmake/export_yolo_msgs__rosidl_typesupport_fastrtps_cExport-noconfig.cmake
[1.475s] -- Up-to-date: /Bt/install/yolo_msgs/share/yolo_msgs/cmake/yolo_msgs__rosidl_typesupport_introspection_cExport.cmake
[1.475s] -- Up-to-date: /Bt/install/yolo_msgs/share/yolo_msgs/cmake/yolo_msgs__rosidl_typesupport_introspection_cExport-noconfig.cmake
[1.475s] -- Up-to-date: /Bt/install/yolo_msgs/share/yolo_msgs/cmake/yolo_msgs__rosidl_typesupport_cExport.cmake
[1.475s] -- Up-to-date: /Bt/install/yolo_msgs/share/yolo_msgs/cmake/yolo_msgs__rosidl_typesupport_cExport-noconfig.cmake
[1.476s] -- Up-to-date: /Bt/install/yolo_msgs/share/yolo_msgs/cmake/export_yolo_msgs__rosidl_generator_cppExport.cmake
[1.476s] -- Up-to-date: /Bt/install/yolo_msgs/share/yolo_msgs/cmake/export_yolo_msgs__rosidl_typesupport_fastrtps_cppExport.cmake
[1.476s] -- Up-to-date: /Bt/install/yolo_msgs/share/yolo_msgs/cmake/export_yolo_msgs__rosidl_typesupport_fastrtps_cppExport-noconfig.cmake
[1.476s] -- Up-to-date: /Bt/install/yolo_msgs/share/yolo_msgs/cmake/yolo_msgs__rosidl_typesupport_introspection_cppExport.cmake
[1.476s] -- Up-to-date: /Bt/install/yolo_msgs/share/yolo_msgs/cmake/yolo_msgs__rosidl_typesupport_introspection_cppExport-noconfig.cmake
[1.476s] -- Up-to-date: /Bt/install/yolo_msgs/share/yolo_msgs/cmake/yolo_msgs__rosidl_typesupport_cppExport.cmake
[1.476s] -- Up-to-date: /Bt/install/yolo_msgs/share/yolo_msgs/cmake/yolo_msgs__rosidl_typesupport_cppExport-noconfig.cmake
[1.477s] -- Up-to-date: /Bt/install/yolo_msgs/share/yolo_msgs/cmake/export_yolo_msgs__rosidl_generator_pyExport.cmake
[1.477s] -- Up-to-date: /Bt/install/yolo_msgs/share/yolo_msgs/cmake/export_yolo_msgs__rosidl_generator_pyExport-noconfig.cmake
[1.477s] -- Up-to-date: /Bt/install/yolo_msgs/share/yolo_msgs/cmake/rosidl_cmake-extras.cmake
[1.477s] -- Up-to-date: /Bt/install/yolo_msgs/share/yolo_msgs/cmake/ament_cmake_export_dependencies-extras.cmake
[1.477s] -- Up-to-date: /Bt/install/yolo_msgs/share/yolo_msgs/cmake/ament_cmake_export_include_directories-extras.cmake
[1.477s] -- Up-to-date: /Bt/install/yolo_msgs/share/yolo_msgs/cmake/ament_cmake_export_libraries-extras.cmake
[1.478s] -- Up-to-date: /Bt/install/yolo_msgs/share/yolo_msgs/cmake/ament_cmake_export_targets-extras.cmake
[1.478s] -- Up-to-date: /Bt/install/yolo_msgs/share/yolo_msgs/cmake/rosidl_cmake_export_typesupport_targets-extras.cmake
[1.478s] -- Up-to-date: /Bt/install/yolo_msgs/share/yolo_msgs/cmake/rosidl_cmake_export_typesupport_libraries-extras.cmake
[1.478s] -- Up-to-date: /Bt/install/yolo_msgs/share/yolo_msgs/cmake/yolo_msgsConfig.cmake
[1.478s] -- Up-to-date: /Bt/install/yolo_msgs/share/yolo_msgs/cmake/yolo_msgsConfig-version.cmake
[1.478s] -- Up-to-date: /Bt/install/yolo_msgs/share/yolo_msgs/package.xml
[1.557s] Invoked command in '/Bt/build/yolo_msgs' returned '0': CMAKE_PREFIX_PATH=${CMAKE_PREFIX_PATH}:/Bt/install/yolo_ros:/Bt/install/ros2_aruco:/Bt/install/launch_pal:/Bt/install/grab2_curobo_planner:/opt/ros/jazzy /usr/bin/cmake --install /Bt/build/yolo_msgs
