[0.605s] Invoking command in '/Bt/build/pal_maps': CMAKE_PREFIX_PATH=${CMAKE_PREFIX_PATH}:/Bt/install/yolo_ros:/Bt/install/ros2_aruco:/Bt/install/launch_pal:/Bt/install/grab2_curobo_planner:/opt/ros/jazzy /usr/bin/cmake --build /Bt/build/pal_maps -- -j8 -l8
[1.091s] Invoked command in '/Bt/build/pal_maps' returned '0': CMAKE_PREFIX_PATH=${CMAKE_PREFIX_PATH}:/Bt/install/yolo_ros:/Bt/install/ros2_aruco:/Bt/install/launch_pal:/Bt/install/grab2_curobo_planner:/opt/ros/jazzy /usr/bin/cmake --build /Bt/build/pal_maps -- -j8 -l8
[1.093s] Invoking command in '/Bt/build/pal_maps': CMAKE_PREFIX_PATH=${CMAKE_PREFIX_PATH}:/Bt/install/yolo_ros:/Bt/install/ros2_aruco:/Bt/install/launch_pal:/Bt/install/grab2_curobo_planner:/opt/ros/jazzy /usr/bin/cmake --install /Bt/build/pal_maps
[1.130s] -- Install configuration: ""
[1.130s] -- Up-to-date: /Bt/install/pal_maps/share/pal_maps/maps
[1.130s] -- Up-to-date: /Bt/install/pal_maps/share/pal_maps/maps/obstacle_avoidance_world
[1.133s] -- Up-to-date: /Bt/install/pal_maps/share/pal_maps/maps/obstacle_avoidance_world/map.yaml
[1.134s] -- Up-to-date: /Bt/install/pal_maps/share/pal_maps/maps/obstacle_avoidance_world/map.pgm
[1.135s] -- Up-to-date: /Bt/install/pal_maps/share/pal_maps/maps/pal_office_7th_floor
[1.135s] -- Up-to-date: /Bt/install/pal_maps/share/pal_maps/maps/pal_office_7th_floor/map.yaml
[1.135s] -- Up-to-date: /Bt/install/pal_maps/share/pal_maps/maps/pal_office_7th_floor/map.pgm
[1.136s] -- Up-to-date: /Bt/install/pal_maps/share/pal_maps/maps/corridor_85cm
[1.137s] -- Up-to-date: /Bt/install/pal_maps/share/pal_maps/maps/corridor_85cm/map.yaml
[1.138s] -- Up-to-date: /Bt/install/pal_maps/share/pal_maps/maps/corridor_85cm/map.pgm
[1.138s] -- Up-to-date: /Bt/install/pal_maps/share/pal_maps/maps/home
[1.139s] -- Up-to-date: /Bt/install/pal_maps/share/pal_maps/maps/home/map.yaml
[1.139s] -- Up-to-date: /Bt/install/pal_maps/share/pal_maps/maps/home/map.pgm
[1.139s] -- Up-to-date: /Bt/install/pal_maps/share/pal_maps/maps/pal_office
[1.140s] -- Up-to-date: /Bt/install/pal_maps/share/pal_maps/maps/pal_office/map.yaml
[1.140s] -- Up-to-date: /Bt/install/pal_maps/share/pal_maps/maps/pal_office/map.pgm
[1.142s] -- Up-to-date: /Bt/install/pal_maps/share/pal_maps/maps/corridor_95cm
[1.144s] -- Up-to-date: /Bt/install/pal_maps/share/pal_maps/maps/corridor_95cm/map.yaml
[1.144s] -- Up-to-date: /Bt/install/pal_maps/share/pal_maps/maps/corridor_95cm/map.pgm
[1.144s] -- Up-to-date: /Bt/install/pal_maps/share/pal_maps/maps/hospital_with_aruco
[1.145s] -- Up-to-date: /Bt/install/pal_maps/share/pal_maps/maps/hospital_with_aruco/map.yaml
[1.145s] -- Up-to-date: /Bt/install/pal_maps/share/pal_maps/maps/hospital_with_aruco/map.pgm
[1.151s] -- Up-to-date: /Bt/install/pal_maps/share/pal_maps/maps/small_warehouse
[1.151s] -- Up-to-date: /Bt/install/pal_maps/share/pal_maps/maps/small_warehouse/map.yaml
[1.151s] -- Up-to-date: /Bt/install/pal_maps/share/pal_maps/maps/small_warehouse/map.pgm
[1.152s] -- Up-to-date: /Bt/install/pal_maps/share/pal_maps/maps/corridor_110cm
[1.152s] -- Up-to-date: /Bt/install/pal_maps/share/pal_maps/maps/corridor_110cm/map.yaml
[1.152s] -- Up-to-date: /Bt/install/pal_maps/share/pal_maps/maps/corridor_110cm/map.pgm
[1.154s] -- Up-to-date: /Bt/install/pal_maps/share/pal_maps/maps/hospital
[1.154s] -- Up-to-date: /Bt/install/pal_maps/share/pal_maps/maps/hospital/map.yaml
[1.156s] -- Up-to-date: /Bt/install/pal_maps/share/pal_maps/maps/hospital/map.pgm
[1.156s] -- Up-to-date: /Bt/install/pal_maps/share/pal_maps/maps/dynamic_obstacle_avoidance_world
[1.157s] -- Up-to-date: /Bt/install/pal_maps/share/pal_maps/maps/dynamic_obstacle_avoidance_world/map.yaml
[1.157s] -- Up-to-date: /Bt/install/pal_maps/share/pal_maps/maps/dynamic_obstacle_avoidance_world/map.pgm
[1.158s] -- Up-to-date: /Bt/install/pal_maps/share/pal_maps/maps/roscon_es_25
[1.158s] -- Up-to-date: /Bt/install/pal_maps/share/pal_maps/maps/roscon_es_25/map.yaml
[1.158s] -- Up-to-date: /Bt/install/pal_maps/share/pal_maps/maps/roscon_es_25/map.pgm
[1.159s] -- Up-to-date: /Bt/install/pal_maps/share/pal_maps/maps/willow_garage
[1.159s] -- Up-to-date: /Bt/install/pal_maps/share/pal_maps/maps/willow_garage/map.yaml
[1.159s] -- Up-to-date: /Bt/install/pal_maps/share/pal_maps/maps/willow_garage/map.pgm
[1.160s] -- Up-to-date: /Bt/install/pal_maps/share/pal_maps/maps/small_office
[1.160s] -- Up-to-date: /Bt/install/pal_maps/share/pal_maps/maps/small_office/map.yaml
[1.160s] -- Up-to-date: /Bt/install/pal_maps/share/pal_maps/maps/small_office/map.pgm
[1.161s] -- Up-to-date: /Bt/install/pal_maps/share/pal_maps/maps/small_house
[1.161s] -- Up-to-date: /Bt/install/pal_maps/share/pal_maps/maps/small_house/map.yaml
[1.161s] -- Up-to-date: /Bt/install/pal_maps/share/pal_maps/maps/small_house/map.pgm
[1.162s] -- Up-to-date: /Bt/install/pal_maps/share/ament_index/resource_index/package_run_dependencies/pal_maps
[1.162s] -- Up-to-date: /Bt/install/pal_maps/share/ament_index/resource_index/parent_prefix_path/pal_maps
[1.162s] -- Up-to-date: /Bt/install/pal_maps/share/pal_maps/environment/ament_prefix_path.sh
[1.163s] -- Up-to-date: /Bt/install/pal_maps/share/pal_maps/environment/ament_prefix_path.dsv
[1.165s] -- Up-to-date: /Bt/install/pal_maps/share/pal_maps/environment/path.sh
[1.165s] -- Up-to-date: /Bt/install/pal_maps/share/pal_maps/environment/path.dsv
[1.168s] -- Up-to-date: /Bt/install/pal_maps/share/pal_maps/local_setup.bash
[1.168s] -- Up-to-date: /Bt/install/pal_maps/share/pal_maps/local_setup.sh
[1.168s] -- Up-to-date: /Bt/install/pal_maps/share/pal_maps/local_setup.zsh
[1.169s] -- Up-to-date: /Bt/install/pal_maps/share/pal_maps/local_setup.dsv
[1.169s] -- Installing: /Bt/install/pal_maps/share/pal_maps/package.dsv
[1.170s] -- Up-to-date: /Bt/install/pal_maps/share/ament_index/resource_index/packages/pal_maps
[1.170s] -- Up-to-date: /Bt/install/pal_maps/share/pal_maps/cmake/pal_mapsConfig.cmake
[1.170s] -- Up-to-date: /Bt/install/pal_maps/share/pal_maps/cmake/pal_mapsConfig-version.cmake
[1.170s] -- Up-to-date: /Bt/install/pal_maps/share/pal_maps/package.xml
[1.233s] Invoked command in '/Bt/build/pal_maps' returned '0': CMAKE_PREFIX_PATH=${CMAKE_PREFIX_PATH}:/Bt/install/yolo_ros:/Bt/install/ros2_aruco:/Bt/install/launch_pal:/Bt/install/grab2_curobo_planner:/opt/ros/jazzy /usr/bin/cmake --install /Bt/build/pal_maps
