[2.454s] Invoking command in '/Bt/ThirdParty/launch_pal': PYTHONPATH=/Bt/build/launch_pal/prefix_override:/usr/lib/python3/dist-packages/colcon_core/task/python/colcon_distutils_commands:/Bt/install/launch_pal/lib/python3.12/site-packages:${PYTHONPATH} /usr/bin/python3 -W ignore:setup.py install is deprecated -W ignore:easy_install command is deprecated setup.py egg_info --egg-base ../../build/launch_pal build --build-base /Bt/build/launch_pal/build install --record /Bt/build/launch_pal/install.log --single-version-externally-managed install_data
[3.197s] running egg_info
[3.249s] writing ../../build/launch_pal/launch_pal.egg-info/PKG-INFO
[3.252s] writing dependency_links to ../../build/launch_pal/launch_pal.egg-info/dependency_links.txt
[3.252s] writing requirements to ../../build/launch_pal/launch_pal.egg-info/requires.txt
[3.252s] writing top-level names to ../../build/launch_pal/launch_pal.egg-info/top_level.txt
[3.405s] reading manifest file '../../build/launch_pal/launch_pal.egg-info/SOURCES.txt'
[3.406s] adding license file 'LICENSE'
[3.408s] writing manifest file '../../build/launch_pal/launch_pal.egg-info/SOURCES.txt'
[3.408s] running build
[3.408s] running build_py
[3.409s] running install
[3.422s] running install_lib
[3.480s] running install_data
[3.480s] running install_egg_info
[3.558s] removing '/Bt/install/launch_pal/lib/python3.12/site-packages/launch_pal-0.1.15-py3.12.egg-info' (and everything under it)
[3.563s] Copying ../../build/launch_pal/launch_pal.egg-info to /Bt/install/launch_pal/lib/python3.12/site-packages/launch_pal-0.1.15-py3.12.egg-info
[3.564s] running install_scripts
[4.017s] writing list of installed files to '/Bt/build/launch_pal/install.log'
[4.212s] Invoked command in '/Bt/ThirdParty/launch_pal' returned '0': PYTHONPATH=/Bt/build/launch_pal/prefix_override:/usr/lib/python3/dist-packages/colcon_core/task/python/colcon_distutils_commands:/Bt/install/launch_pal/lib/python3.12/site-packages:${PYTHONPATH} /usr/bin/python3 -W ignore:setup.py install is deprecated -W ignore:easy_install command is deprecated setup.py egg_info --egg-base ../../build/launch_pal build --build-base /Bt/build/launch_pal/build install --record /Bt/build/launch_pal/install.log --single-version-externally-managed install_data
