[0.618s] Invoking command in '/Bt/build/pal_gripper_controller_configuration': CMAKE_PREFIX_PATH=${CMAKE_PREFIX_PATH}:/Bt/install/yolo_ros:/Bt/install/ros2_aruco:/Bt/install/launch_pal:/Bt/install/grab2_curobo_planner:/opt/ros/jazzy /usr/bin/cmake --build /Bt/build/pal_gripper_controller_configuration -- -j8 -l8
[0.829s] Invoked command in '/Bt/build/pal_gripper_controller_configuration' returned '0': CMAKE_PREFIX_PATH=${CMAKE_PREFIX_PATH}:/Bt/install/yolo_ros:/Bt/install/ros2_aruco:/Bt/install/launch_pal:/Bt/install/grab2_curobo_planner:/opt/ros/jazzy /usr/bin/cmake --build /Bt/build/pal_gripper_controller_configuration -- -j8 -l8
[0.829s] Invoking command in '/Bt/build/pal_gripper_controller_configuration': CMAKE_PREFIX_PATH=${CMAKE_PREFIX_PATH}:/Bt/install/yolo_ros:/Bt/install/ros2_aruco:/Bt/install/launch_pal:/Bt/install/grab2_curobo_planner:/opt/ros/jazzy /usr/bin/cmake --install /Bt/build/pal_gripper_controller_configuration
[0.860s] -- Install configuration: ""
[0.860s] -- Up-to-date: /Bt/install/pal_gripper_controller_configuration/share/pal_gripper_controller_configuration/config
[0.861s] -- Up-to-date: /Bt/install/pal_gripper_controller_configuration/share/pal_gripper_controller_configuration/config/gripper_controller.yaml
[0.861s] -- Up-to-date: /Bt/install/pal_gripper_controller_configuration/share/pal_gripper_controller_configuration/config/current_limit_controllers_left.yaml
[0.865s] -- Up-to-date: /Bt/install/pal_gripper_controller_configuration/share/pal_gripper_controller_configuration/config/gazebo_controller_manager_cfg.yaml
[0.866s] -- Up-to-date: /Bt/install/pal_gripper_controller_configuration/share/pal_gripper_controller_configuration/config/current_limit_controllers_right.yaml
[0.866s] -- Up-to-date: /Bt/install/pal_gripper_controller_configuration/share/pal_gripper_controller_configuration/config/joint_trajectory_controllers.yaml
[0.866s] -- Up-to-date: /Bt/install/pal_gripper_controller_configuration/share/pal_gripper_controller_configuration/config/joint_state_broadcaster.yaml
[0.866s] -- Up-to-date: /Bt/install/pal_gripper_controller_configuration/share/pal_gripper_controller_configuration/config/pids.yaml
[0.866s] -- Up-to-date: /Bt/install/pal_gripper_controller_configuration/share/pal_gripper_controller_configuration/config/current_limit_controllers.yaml
[0.867s] -- Up-to-date: /Bt/install/pal_gripper_controller_configuration/share/pal_gripper_controller_configuration/launch
[0.867s] -- Up-to-date: /Bt/install/pal_gripper_controller_configuration/share/pal_gripper_controller_configuration/launch/pal_gripper_controller.launch.py
[0.867s] -- Up-to-date: /Bt/install/pal_gripper_controller_configuration/share/pal_gripper_controller_configuration/launch/joint_state_broadcaster.launch.py
[0.867s] -- Up-to-date: /Bt/install/pal_gripper_controller_configuration/share/pal_gripper_controller_configuration/launch/gripper_controller.launch
[0.867s] -- Up-to-date: /Bt/install/pal_gripper_controller_configuration/share/pal_gripper_controller_configuration/launch/current_limit_controllers.launch
[0.867s] -- Up-to-date: /Bt/install/pal_gripper_controller_configuration/share/ament_index/resource_index/package_run_dependencies/pal_gripper_controller_configuration
[0.867s] -- Up-to-date: /Bt/install/pal_gripper_controller_configuration/share/ament_index/resource_index/parent_prefix_path/pal_gripper_controller_configuration
[0.867s] -- Up-to-date: /Bt/install/pal_gripper_controller_configuration/share/pal_gripper_controller_configuration/environment/ament_prefix_path.sh
[0.868s] -- Up-to-date: /Bt/install/pal_gripper_controller_configuration/share/pal_gripper_controller_configuration/environment/ament_prefix_path.dsv
[0.868s] -- Up-to-date: /Bt/install/pal_gripper_controller_configuration/share/pal_gripper_controller_configuration/environment/path.sh
[0.869s] -- Up-to-date: /Bt/install/pal_gripper_controller_configuration/share/pal_gripper_controller_configuration/environment/path.dsv
[0.869s] -- Up-to-date: /Bt/install/pal_gripper_controller_configuration/share/pal_gripper_controller_configuration/local_setup.bash
[0.869s] -- Up-to-date: /Bt/install/pal_gripper_controller_configuration/share/pal_gripper_controller_configuration/local_setup.sh
[0.869s] -- Up-to-date: /Bt/install/pal_gripper_controller_configuration/share/pal_gripper_controller_configuration/local_setup.zsh
[0.870s] -- Up-to-date: /Bt/install/pal_gripper_controller_configuration/share/pal_gripper_controller_configuration/local_setup.dsv
[0.870s] -- Installing: /Bt/install/pal_gripper_controller_configuration/share/pal_gripper_controller_configuration/package.dsv
[0.871s] -- Up-to-date: /Bt/install/pal_gripper_controller_configuration/share/ament_index/resource_index/packages/pal_gripper_controller_configuration
[0.871s] -- Up-to-date: /Bt/install/pal_gripper_controller_configuration/share/pal_gripper_controller_configuration/cmake/pal_gripper_controller_configurationConfig.cmake
[0.871s] -- Up-to-date: /Bt/install/pal_gripper_controller_configuration/share/pal_gripper_controller_configuration/cmake/pal_gripper_controller_configurationConfig-version.cmake
[0.872s] -- Up-to-date: /Bt/install/pal_gripper_controller_configuration/share/pal_gripper_controller_configuration/package.xml
[0.953s] Invoked command in '/Bt/build/pal_gripper_controller_configuration' returned '0': CMAKE_PREFIX_PATH=${CMAKE_PREFIX_PATH}:/Bt/install/yolo_ros:/Bt/install/ros2_aruco:/Bt/install/launch_pal:/Bt/install/grab2_curobo_planner:/opt/ros/jazzy /usr/bin/cmake --install /Bt/build/pal_gripper_controller_configuration
