[0.076s] Invoking command in '/Bt/build/grab2_planner': AMENT_PREFIX_PATH=/Bt/install/grab2_ros_common:/Bt/install/grab2_msgs:/Bt/install/behaviortree_ros2:/Bt/install/btcpp_ros2_interfaces:${AMENT_PREFIX_PATH} CMAKE_PREFIX_PATH=/Bt/install/grab2_ros_common:/Bt/install/grab2_msgs:/Bt/install/behaviortree_ros2:/Bt/install/btcpp_ros2_interfaces:/opt/ros/jazzy/opt/gz_sim_vendor:/opt/ros/jazzy/opt/gz_sensors_vendor:/opt/ros/jazzy/opt/gz_physics_vendor:/opt/ros/jazzy/opt/sdformat_vendor:/opt/ros/jazzy/opt/gz_gui_vendor:/opt/ros/jazzy/opt/gz_transport_vendor:/opt/ros/jazzy/opt/gz_rendering_vendor:/opt/ros/jazzy/opt/gz_plugin_vendor:/opt/ros/jazzy/opt/gz_fuel_tools_vendor:/opt/ros/jazzy/opt/gz_msgs_vendor:/opt/ros/jazzy/opt/gz_common_vendor:/opt/ros/jazzy/opt/gz_math_vendor:/opt/ros/jazzy/opt/gz_utils_vendor:/opt/ros/jazzy/opt/gz_tools_vendor:/opt/ros/jazzy/opt/gz_ogre_next_vendor:/opt/ros/jazzy/opt/gz_dartsim_vendor:/opt/ros/jazzy/opt/gz_cmake_vendor:/opt/ros/jazzy LD_LIBRARY_PATH=/Bt/install/grab2_msgs/lib:/Bt/install/behaviortree_ros2/lib:/Bt/install/btcpp_ros2_interfaces/lib:${LD_LIBRARY_PATH} PYTHONPATH=/Bt/install/grab2_msgs/lib/python3.12/site-packages:/Bt/install/btcpp_ros2_interfaces/lib/python3.12/site-packages:${PYTHONPATH} /usr/bin/cmake --build /Bt/build/grab2_planner -- -j8 -l8
[0.168s] [ 50%] Built target grab2_planner_server_core
[0.225s] [100%] Built target grab2_planner_server
[0.301s] Invoked command in '/Bt/build/grab2_planner' returned '0': AMENT_PREFIX_PATH=/Bt/install/grab2_ros_common:/Bt/install/grab2_msgs:/Bt/install/behaviortree_ros2:/Bt/install/btcpp_ros2_interfaces:${AMENT_PREFIX_PATH} CMAKE_PREFIX_PATH=/Bt/install/grab2_ros_common:/Bt/install/grab2_msgs:/Bt/install/behaviortree_ros2:/Bt/install/btcpp_ros2_interfaces:/opt/ros/jazzy/opt/gz_sim_vendor:/opt/ros/jazzy/opt/gz_sensors_vendor:/opt/ros/jazzy/opt/gz_physics_vendor:/opt/ros/jazzy/opt/sdformat_vendor:/opt/ros/jazzy/opt/gz_gui_vendor:/opt/ros/jazzy/opt/gz_transport_vendor:/opt/ros/jazzy/opt/gz_rendering_vendor:/opt/ros/jazzy/opt/gz_plugin_vendor:/opt/ros/jazzy/opt/gz_fuel_tools_vendor:/opt/ros/jazzy/opt/gz_msgs_vendor:/opt/ros/jazzy/opt/gz_common_vendor:/opt/ros/jazzy/opt/gz_math_vendor:/opt/ros/jazzy/opt/gz_utils_vendor:/opt/ros/jazzy/opt/gz_tools_vendor:/opt/ros/jazzy/opt/gz_ogre_next_vendor:/opt/ros/jazzy/opt/gz_dartsim_vendor:/opt/ros/jazzy/opt/gz_cmake_vendor:/opt/ros/jazzy LD_LIBRARY_PATH=/Bt/install/grab2_msgs/lib:/Bt/install/behaviortree_ros2/lib:/Bt/install/btcpp_ros2_interfaces/lib:${LD_LIBRARY_PATH} PYTHONPATH=/Bt/install/grab2_msgs/lib/python3.12/site-packages:/Bt/install/btcpp_ros2_interfaces/lib/python3.12/site-packages:${PYTHONPATH} /usr/bin/cmake --build /Bt/build/grab2_planner -- -j8 -l8
[0.302s] Invoking command in '/Bt/build/grab2_planner': AMENT_PREFIX_PATH=/Bt/install/grab2_ros_common:/Bt/install/grab2_msgs:/Bt/install/behaviortree_ros2:/Bt/install/btcpp_ros2_interfaces:${AMENT_PREFIX_PATH} CMAKE_PREFIX_PATH=/Bt/install/grab2_ros_common:/Bt/install/grab2_msgs:/Bt/install/behaviortree_ros2:/Bt/install/btcpp_ros2_interfaces:/opt/ros/jazzy/opt/gz_sim_vendor:/opt/ros/jazzy/opt/gz_sensors_vendor:/opt/ros/jazzy/opt/gz_physics_vendor:/opt/ros/jazzy/opt/sdformat_vendor:/opt/ros/jazzy/opt/gz_gui_vendor:/opt/ros/jazzy/opt/gz_transport_vendor:/opt/ros/jazzy/opt/gz_rendering_vendor:/opt/ros/jazzy/opt/gz_plugin_vendor:/opt/ros/jazzy/opt/gz_fuel_tools_vendor:/opt/ros/jazzy/opt/gz_msgs_vendor:/opt/ros/jazzy/opt/gz_common_vendor:/opt/ros/jazzy/opt/gz_math_vendor:/opt/ros/jazzy/opt/gz_utils_vendor:/opt/ros/jazzy/opt/gz_tools_vendor:/opt/ros/jazzy/opt/gz_ogre_next_vendor:/opt/ros/jazzy/opt/gz_dartsim_vendor:/opt/ros/jazzy/opt/gz_cmake_vendor:/opt/ros/jazzy LD_LIBRARY_PATH=/Bt/install/grab2_msgs/lib:/Bt/install/behaviortree_ros2/lib:/Bt/install/btcpp_ros2_interfaces/lib:${LD_LIBRARY_PATH} PYTHONPATH=/Bt/install/grab2_msgs/lib/python3.12/site-packages:/Bt/install/btcpp_ros2_interfaces/lib/python3.12/site-packages:${PYTHONPATH} /usr/bin/cmake --install /Bt/build/grab2_planner
[0.314s] -- Install configuration: ""
[0.315s] -- Up-to-date: /Bt/install/grab2_planner/lib/libgrab2_planner_server_core.so
[0.315s] -- Up-to-date: /Bt/install/grab2_planner/lib/grab2_planner/grab2_planner_server
[0.315s] -- Up-to-date: /Bt/install/grab2_planner/include/grab2_planner
[0.315s] -- Up-to-date: /Bt/install/grab2_planner/include/grab2_planner/grab2_planner
[0.316s] -- Up-to-date: /Bt/install/grab2_planner/include/grab2_planner/grab2_planner/planner_server.hpp
[0.316s] -- Up-to-date: /Bt/install/grab2_planner/share/grab2_planner/launch
[0.316s] -- Up-to-date: /Bt/install/grab2_planner/share/grab2_planner/launch/planning_server.launch.py
[0.316s] -- Up-to-date: /Bt/install/grab2_planner/share/grab2_planner/config
[0.319s] -- Up-to-date: /Bt/install/grab2_planner/share/grab2_planner/config/panda_move_group.rviz
[0.319s] -- Up-to-date: /Bt/install/grab2_planner/share/grab2_planner/environment/library_path.sh
[0.319s] -- Up-to-date: /Bt/install/grab2_planner/share/grab2_planner/environment/library_path.dsv
[0.319s] -- Up-to-date: /Bt/install/grab2_planner/share/ament_index/resource_index/package_run_dependencies/grab2_planner
[0.320s] -- Up-to-date: /Bt/install/grab2_planner/share/ament_index/resource_index/parent_prefix_path/grab2_planner
[0.320s] -- Up-to-date: /Bt/install/grab2_planner/share/grab2_planner/environment/ament_prefix_path.sh
[0.320s] -- Up-to-date: /Bt/install/grab2_planner/share/grab2_planner/environment/ament_prefix_path.dsv
[0.320s] -- Up-to-date: /Bt/install/grab2_planner/share/grab2_planner/environment/path.sh
[0.324s] -- Up-to-date: /Bt/install/grab2_planner/share/grab2_planner/environment/path.dsv
[0.324s] -- Up-to-date: /Bt/install/grab2_planner/share/grab2_planner/local_setup.bash
[0.324s] -- Up-to-date: /Bt/install/grab2_planner/share/grab2_planner/local_setup.sh
[0.325s] -- Up-to-date: /Bt/install/grab2_planner/share/grab2_planner/local_setup.zsh
[0.325s] -- Up-to-date: /Bt/install/grab2_planner/share/grab2_planner/local_setup.dsv
[0.325s] -- Installing: /Bt/install/grab2_planner/share/grab2_planner/package.dsv
[0.325s] -- Up-to-date: /Bt/install/grab2_planner/share/ament_index/resource_index/packages/grab2_planner
[0.325s] -- Up-to-date: /Bt/install/grab2_planner/share/grab2_planner/cmake/grab2_planner_server_coreExport.cmake
[0.325s] -- Up-to-date: /Bt/install/grab2_planner/share/grab2_planner/cmake/grab2_planner_server_coreExport-noconfig.cmake
[0.325s] -- Up-to-date: /Bt/install/grab2_planner/share/grab2_planner/cmake/ament_cmake_export_include_directories-extras.cmake
[0.325s] -- Up-to-date: /Bt/install/grab2_planner/share/grab2_planner/cmake/ament_cmake_export_libraries-extras.cmake
[0.325s] -- Up-to-date: /Bt/install/grab2_planner/share/grab2_planner/cmake/ament_cmake_export_dependencies-extras.cmake
[0.326s] -- Up-to-date: /Bt/install/grab2_planner/share/grab2_planner/cmake/ament_cmake_export_targets-extras.cmake
[0.326s] -- Up-to-date: /Bt/install/grab2_planner/share/grab2_planner/cmake/grab2_plannerConfig.cmake
[0.326s] -- Up-to-date: /Bt/install/grab2_planner/share/grab2_planner/cmake/grab2_plannerConfig-version.cmake
[0.326s] -- Up-to-date: /Bt/install/grab2_planner/share/grab2_planner/package.xml
[0.358s] Invoked command in '/Bt/build/grab2_planner' returned '0': AMENT_PREFIX_PATH=/Bt/install/grab2_ros_common:/Bt/install/grab2_msgs:/Bt/install/behaviortree_ros2:/Bt/install/btcpp_ros2_interfaces:${AMENT_PREFIX_PATH} CMAKE_PREFIX_PATH=/Bt/install/grab2_ros_common:/Bt/install/grab2_msgs:/Bt/install/behaviortree_ros2:/Bt/install/btcpp_ros2_interfaces:/opt/ros/jazzy/opt/gz_sim_vendor:/opt/ros/jazzy/opt/gz_sensors_vendor:/opt/ros/jazzy/opt/gz_physics_vendor:/opt/ros/jazzy/opt/sdformat_vendor:/opt/ros/jazzy/opt/gz_gui_vendor:/opt/ros/jazzy/opt/gz_transport_vendor:/opt/ros/jazzy/opt/gz_rendering_vendor:/opt/ros/jazzy/opt/gz_plugin_vendor:/opt/ros/jazzy/opt/gz_fuel_tools_vendor:/opt/ros/jazzy/opt/gz_msgs_vendor:/opt/ros/jazzy/opt/gz_common_vendor:/opt/ros/jazzy/opt/gz_math_vendor:/opt/ros/jazzy/opt/gz_utils_vendor:/opt/ros/jazzy/opt/gz_tools_vendor:/opt/ros/jazzy/opt/gz_ogre_next_vendor:/opt/ros/jazzy/opt/gz_dartsim_vendor:/opt/ros/jazzy/opt/gz_cmake_vendor:/opt/ros/jazzy LD_LIBRARY_PATH=/Bt/install/grab2_msgs/lib:/Bt/install/behaviortree_ros2/lib:/Bt/install/btcpp_ros2_interfaces/lib:${LD_LIBRARY_PATH} PYTHONPATH=/Bt/install/grab2_msgs/lib/python3.12/site-packages:/Bt/install/btcpp_ros2_interfaces/lib/python3.12/site-packages:${PYTHONPATH} /usr/bin/cmake --install /Bt/build/grab2_planner
