-- The C compiler identification is GNU 13.3.0
-- The CXX compiler identification is GNU 13.3.0
-- Detecting C compiler ABI info
-- Detecting C compiler ABI info - done
-- Check for working C compiler: /usr/bin/cc - skipped
-- Detecting C compile features
-- Detecting C compile features - done
-- Detecting CXX compiler ABI info
-- Detecting CXX compiler ABI info - done
-- Check for working CXX compiler: /usr/bin/c++ - skipped
-- Detecting CXX compile features
-- Detecting CXX compile features - done
-- Found ament_cmake: 2.5.4 (/opt/ros/jazzy/share/ament_cmake/cmake)
-- Found Python3: /usr/bin/python3 (found version "3.12.3") found components: Interpreter 
-- Found rclcpp: 28.1.12 (/opt/ros/jazzy/share/rclcpp/cmake)
-- Found rosidl_generator_c: 4.6.6 (/opt/ros/jazzy/share/rosidl_generator_c/cmake)
-- Found rosidl_generator_cpp: 4.6.6 (/opt/ros/jazzy/share/rosidl_generator_cpp/cmake)
-- Using all available rosidl_typesupport_c: rosidl_typesupport_fastrtps_c;rosidl_typesupport_introspection_c
-- Using all available rosidl_typesupport_cpp: rosidl_typesupport_fastrtps_cpp;rosidl_typesupport_introspection_cpp
-- Found rmw_implementation_cmake: 7.3.2 (/opt/ros/jazzy/share/rmw_implementation_cmake/cmake)
-- Found rmw_fastrtps_cpp: 8.4.3 (/opt/ros/jazzy/share/rmw_fastrtps_cpp/cmake)
-- Found OpenSSL: /usr/lib/x86_64-linux-gnu/libcrypto.so (found version "3.0.13")  
-- Found FastRTPS: /opt/ros/jazzy/include (Required is at least version "2.13") 
-- Using RMW implementation 'rmw_fastrtps_cpp' as default
-- Found tf2: 0.36.14 (/opt/ros/jazzy/share/tf2/cmake)
-- Found tf2_ros: 0.36.14 (/opt/ros/jazzy/share/tf2_ros/cmake)
-- Found ros2_aruco_interfaces: 0.1.0 (/Bt/install/ros2_aruco_interfaces/share/ros2_aruco_interfaces/cmake)
-- Found ament_lint_auto: 0.17.3 (/opt/ros/jazzy/share/ament_lint_auto/cmake)
-- Added test 'cppcheck' to perform static code analysis on C / C++ code
-- Configured cppcheck include dirs: 
-- Configured cppcheck exclude dirs and/or files: 
-- Added test 'flake8' to check Python code syntax and style conventions
-- Configured 'flake8' exclude dirs and/or files: 
-- Added test 'lint_cmake' to check CMake code style
-- Added test 'pep257' to check Python code against some of the docstring style conventions in PEP 257
-- Added test 'uncrustify' to check C / C++ code style
-- Configured uncrustify additional arguments: 
-- Added test 'xmllint' to check XML markup files
-- Configuring done (3.5s)
-- Generating done (0.0s)
-- Build files have been written to: /Bt/build/tiago_aruco_broadcast
[ 50%] [32mBuilding CXX object CMakeFiles/aruco_broadcast.dir/src/aruco_broadcast.cpp.o[0m
[100%] [32m[1mLinking CXX executable aruco_broadcast[0m
[100%] Built target aruco_broadcast
-- Install configuration: ""
-- Installing: /Bt/install/tiago_aruco_broadcast/lib/tiago_aruco_broadcast/aruco_broadcast
-- Set non-toolchain portion of runtime path of "/Bt/install/tiago_aruco_broadcast/lib/tiago_aruco_broadcast/aruco_broadcast" to ""
-- Installing: /Bt/install/tiago_aruco_broadcast/share/tiago_aruco_broadcast//config
-- Installing: /Bt/install/tiago_aruco_broadcast/share/tiago_aruco_broadcast//config/aruco_params.yaml
-- Installing: /Bt/install/tiago_aruco_broadcast/share/tiago_aruco_broadcast//launch
-- Installing: /Bt/install/tiago_aruco_broadcast/share/tiago_aruco_broadcast//launch/aruco.launch.py
-- Installing: /Bt/install/tiago_aruco_broadcast/share/ament_index/resource_index/package_run_dependencies/tiago_aruco_broadcast
-- Installing: /Bt/install/tiago_aruco_broadcast/share/ament_index/resource_index/parent_prefix_path/tiago_aruco_broadcast
-- Installing: /Bt/install/tiago_aruco_broadcast/share/tiago_aruco_broadcast/environment/ament_prefix_path.sh
-- Installing: /Bt/install/tiago_aruco_broadcast/share/tiago_aruco_broadcast/environment/ament_prefix_path.dsv
-- Installing: /Bt/install/tiago_aruco_broadcast/share/tiago_aruco_broadcast/environment/path.sh
-- Installing: /Bt/install/tiago_aruco_broadcast/share/tiago_aruco_broadcast/environment/path.dsv
-- Installing: /Bt/install/tiago_aruco_broadcast/share/tiago_aruco_broadcast/local_setup.bash
-- Installing: /Bt/install/tiago_aruco_broadcast/share/tiago_aruco_broadcast/local_setup.sh
-- Installing: /Bt/install/tiago_aruco_broadcast/share/tiago_aruco_broadcast/local_setup.zsh
-- Installing: /Bt/install/tiago_aruco_broadcast/share/tiago_aruco_broadcast/local_setup.dsv
-- Installing: /Bt/install/tiago_aruco_broadcast/share/tiago_aruco_broadcast/package.dsv
-- Installing: /Bt/install/tiago_aruco_broadcast/share/ament_index/resource_index/packages/tiago_aruco_broadcast
-- Installing: /Bt/install/tiago_aruco_broadcast/share/tiago_aruco_broadcast/cmake/tiago_aruco_broadcastConfig.cmake
-- Installing: /Bt/install/tiago_aruco_broadcast/share/tiago_aruco_broadcast/cmake/tiago_aruco_broadcastConfig-version.cmake
-- Installing: /Bt/install/tiago_aruco_broadcast/share/tiago_aruco_broadcast/package.xml
