[0.186s] Invoking command in '/Bt/build/tiago_behavior_tree': AMENT_PREFIX_PATH=/Bt/install/behaviortree_ros2:/Bt/install/btcpp_ros2_interfaces:${AMENT_PREFIX_PATH} CMAKE_PREFIX_PATH=/Bt/install/behaviortree_ros2:/Bt/install/btcpp_ros2_interfaces:/opt/ros/jazzy/opt/gz_sim_vendor:/opt/ros/jazzy/opt/gz_sensors_vendor:/opt/ros/jazzy/opt/gz_physics_vendor:/opt/ros/jazzy/opt/sdformat_vendor:/opt/ros/jazzy/opt/gz_gui_vendor:/opt/ros/jazzy/opt/gz_transport_vendor:/opt/ros/jazzy/opt/gz_rendering_vendor:/opt/ros/jazzy/opt/gz_plugin_vendor:/opt/ros/jazzy/opt/gz_fuel_tools_vendor:/opt/ros/jazzy/opt/gz_msgs_vendor:/opt/ros/jazzy/opt/gz_common_vendor:/opt/ros/jazzy/opt/gz_math_vendor:/opt/ros/jazzy/opt/gz_utils_vendor:/opt/ros/jazzy/opt/gz_tools_vendor:/opt/ros/jazzy/opt/gz_ogre_next_vendor:/opt/ros/jazzy/opt/gz_dartsim_vendor:/opt/ros/jazzy/opt/gz_cmake_vendor:/opt/ros/jazzy LD_LIBRARY_PATH=/Bt/install/behaviortree_ros2/lib:/Bt/install/btcpp_ros2_interfaces/lib:${LD_LIBRARY_PATH} PYTHONPATH=/Bt/install/btcpp_ros2_interfaces/lib/python3.12/site-packages:${PYTHONPATH} /usr/bin/cmake --build /Bt/build/tiago_behavior_tree -- -j8 -l8
[1.070s] [ 25%] [32mBuilding CXX object CMakeFiles/tiago_set_target_using_transform_bt_node.dir/src/set_target_using_transform.cpp.o[0m
[1.092s] [ 75%] Built target tiago_set_target_using_aruco_marker_bt_node
[12.604s] In file included from [01m[K/Bt/tiago_behavior_tree/src/set_target_using_transform.cpp:3[m[K:
[12.605s] [01m[K/Bt/tiago_behavior_tree/include/tiago_behavior_tree/set_target_using_transform.hpp:[m[K In member function ‘[01m[Kvirtual BT::NodeStatus tiago_behavior_tree::SetTargetUsingTransform::[01;32m[Ktick[m[K()[m[K’:
[12.605s] [01m[K/Bt/tiago_behavior_tree/include/tiago_behavior_tree/set_target_using_transform.hpp:105:12:[m[K [01;35m[Kwarning: [m[Kunused variable ‘[01m[Kyaw[m[K’ [[01;35m[K-Wunused-variable[m[K]
[12.605s]   105 |     double [01;35m[Kyaw[m[K = tf2::getYaw(target_pose.pose.orientation);
[12.605s]       |            [01;35m[K^~~[m[K
[16.478s] [100%] [32m[1mLinking CXX shared library libtiago_set_target_using_transform_bt_node.so[0m
[20.127s] [100%] Built target tiago_set_target_using_transform_bt_node
[20.140s] Invoked command in '/Bt/build/tiago_behavior_tree' returned '0': AMENT_PREFIX_PATH=/Bt/install/behaviortree_ros2:/Bt/install/btcpp_ros2_interfaces:${AMENT_PREFIX_PATH} CMAKE_PREFIX_PATH=/Bt/install/behaviortree_ros2:/Bt/install/btcpp_ros2_interfaces:/opt/ros/jazzy/opt/gz_sim_vendor:/opt/ros/jazzy/opt/gz_sensors_vendor:/opt/ros/jazzy/opt/gz_physics_vendor:/opt/ros/jazzy/opt/sdformat_vendor:/opt/ros/jazzy/opt/gz_gui_vendor:/opt/ros/jazzy/opt/gz_transport_vendor:/opt/ros/jazzy/opt/gz_rendering_vendor:/opt/ros/jazzy/opt/gz_plugin_vendor:/opt/ros/jazzy/opt/gz_fuel_tools_vendor:/opt/ros/jazzy/opt/gz_msgs_vendor:/opt/ros/jazzy/opt/gz_common_vendor:/opt/ros/jazzy/opt/gz_math_vendor:/opt/ros/jazzy/opt/gz_utils_vendor:/opt/ros/jazzy/opt/gz_tools_vendor:/opt/ros/jazzy/opt/gz_ogre_next_vendor:/opt/ros/jazzy/opt/gz_dartsim_vendor:/opt/ros/jazzy/opt/gz_cmake_vendor:/opt/ros/jazzy LD_LIBRARY_PATH=/Bt/install/behaviortree_ros2/lib:/Bt/install/btcpp_ros2_interfaces/lib:${LD_LIBRARY_PATH} PYTHONPATH=/Bt/install/btcpp_ros2_interfaces/lib/python3.12/site-packages:${PYTHONPATH} /usr/bin/cmake --build /Bt/build/tiago_behavior_tree -- -j8 -l8
[20.159s] Invoking command in '/Bt/build/tiago_behavior_tree': AMENT_PREFIX_PATH=/Bt/install/behaviortree_ros2:/Bt/install/btcpp_ros2_interfaces:${AMENT_PREFIX_PATH} CMAKE_PREFIX_PATH=/Bt/install/behaviortree_ros2:/Bt/install/btcpp_ros2_interfaces:/opt/ros/jazzy/opt/gz_sim_vendor:/opt/ros/jazzy/opt/gz_sensors_vendor:/opt/ros/jazzy/opt/gz_physics_vendor:/opt/ros/jazzy/opt/sdformat_vendor:/opt/ros/jazzy/opt/gz_gui_vendor:/opt/ros/jazzy/opt/gz_transport_vendor:/opt/ros/jazzy/opt/gz_rendering_vendor:/opt/ros/jazzy/opt/gz_plugin_vendor:/opt/ros/jazzy/opt/gz_fuel_tools_vendor:/opt/ros/jazzy/opt/gz_msgs_vendor:/opt/ros/jazzy/opt/gz_common_vendor:/opt/ros/jazzy/opt/gz_math_vendor:/opt/ros/jazzy/opt/gz_utils_vendor:/opt/ros/jazzy/opt/gz_tools_vendor:/opt/ros/jazzy/opt/gz_ogre_next_vendor:/opt/ros/jazzy/opt/gz_dartsim_vendor:/opt/ros/jazzy/opt/gz_cmake_vendor:/opt/ros/jazzy LD_LIBRARY_PATH=/Bt/install/behaviortree_ros2/lib:/Bt/install/btcpp_ros2_interfaces/lib:${LD_LIBRARY_PATH} PYTHONPATH=/Bt/install/btcpp_ros2_interfaces/lib/python3.12/site-packages:${PYTHONPATH} /usr/bin/cmake --install /Bt/build/tiago_behavior_tree
[20.171s] -- Install configuration: ""
[20.171s] -- Up-to-date: /Bt/install/tiago_behavior_tree/include/tiago_behavior_tree
[20.171s] -- Up-to-date: /Bt/install/tiago_behavior_tree/include/tiago_behavior_tree/tiago_behavior_tree
[20.171s] -- Installing: /Bt/install/tiago_behavior_tree/include/tiago_behavior_tree/tiago_behavior_tree/set_target_using_transform.hpp
[20.171s] -- Up-to-date: /Bt/install/tiago_behavior_tree/include/tiago_behavior_tree/tiago_behavior_tree/set_target_using_aruco_marker_bt_node.hpp
[20.237s] -- Up-to-date: /Bt/install/tiago_behavior_tree/lib/libtiago_set_target_using_aruco_marker_bt_node.so
[20.254s] -- Installing: /Bt/install/tiago_behavior_tree/lib/libtiago_set_target_using_transform_bt_node.so
[20.255s] -- Set non-toolchain portion of runtime path of "/Bt/install/tiago_behavior_tree/lib/libtiago_set_target_using_transform_bt_node.so" to ""
[20.308s] -- Up-to-date: /Bt/install/tiago_behavior_tree/share/tiago_behavior_tree/bt_plugins/libtiago_set_target_using_aruco_marker_bt_node.so
[20.327s] -- Installing: /Bt/install/tiago_behavior_tree/share/tiago_behavior_tree/bt_plugins/libtiago_set_target_using_transform_bt_node.so
[20.332s] -- Set non-toolchain portion of runtime path of "/Bt/install/tiago_behavior_tree/share/tiago_behavior_tree/bt_plugins/libtiago_set_target_using_transform_bt_node.so" to ""
[20.333s] -- Up-to-date: /Bt/install/tiago_behavior_tree/share/ament_index/resource_index/package_run_dependencies/tiago_behavior_tree
[20.333s] -- Up-to-date: /Bt/install/tiago_behavior_tree/share/ament_index/resource_index/parent_prefix_path/tiago_behavior_tree
[20.334s] -- Up-to-date: /Bt/install/tiago_behavior_tree/share/tiago_behavior_tree/environment/ament_prefix_path.sh
[20.334s] -- Up-to-date: /Bt/install/tiago_behavior_tree/share/tiago_behavior_tree/environment/ament_prefix_path.dsv
[20.334s] -- Up-to-date: /Bt/install/tiago_behavior_tree/share/tiago_behavior_tree/environment/path.sh
[20.335s] -- Up-to-date: /Bt/install/tiago_behavior_tree/share/tiago_behavior_tree/environment/path.dsv
[20.335s] -- Up-to-date: /Bt/install/tiago_behavior_tree/share/tiago_behavior_tree/local_setup.bash
[20.335s] -- Up-to-date: /Bt/install/tiago_behavior_tree/share/tiago_behavior_tree/local_setup.sh
[20.336s] -- Up-to-date: /Bt/install/tiago_behavior_tree/share/tiago_behavior_tree/local_setup.zsh
[20.336s] -- Up-to-date: /Bt/install/tiago_behavior_tree/share/tiago_behavior_tree/local_setup.dsv
[20.336s] -- Installing: /Bt/install/tiago_behavior_tree/share/tiago_behavior_tree/package.dsv
[20.347s] -- Up-to-date: /Bt/install/tiago_behavior_tree/share/ament_index/resource_index/packages/tiago_behavior_tree
[20.378s] -- Up-to-date: /Bt/install/tiago_behavior_tree/share/tiago_behavior_tree/cmake/export_tiago_behavior_treeExport.cmake
[20.379s] -- Up-to-date: /Bt/install/tiago_behavior_tree/share/tiago_behavior_tree/cmake/export_tiago_behavior_treeExport-noconfig.cmake
[20.383s] -- Up-to-date: /Bt/install/tiago_behavior_tree/share/tiago_behavior_tree/cmake/ament_cmake_export_include_directories-extras.cmake
[20.385s] -- Up-to-date: /Bt/install/tiago_behavior_tree/share/tiago_behavior_tree/cmake/ament_cmake_export_targets-extras.cmake
[20.386s] -- Up-to-date: /Bt/install/tiago_behavior_tree/share/tiago_behavior_tree/cmake/tiago_behavior_treeConfig.cmake
[20.387s] -- Up-to-date: /Bt/install/tiago_behavior_tree/share/tiago_behavior_tree/cmake/tiago_behavior_treeConfig-version.cmake
[20.387s] -- Up-to-date: /Bt/install/tiago_behavior_tree/share/tiago_behavior_tree/package.xml
[20.434s] Invoked command in '/Bt/build/tiago_behavior_tree' returned '0': AMENT_PREFIX_PATH=/Bt/install/behaviortree_ros2:/Bt/install/btcpp_ros2_interfaces:${AMENT_PREFIX_PATH} CMAKE_PREFIX_PATH=/Bt/install/behaviortree_ros2:/Bt/install/btcpp_ros2_interfaces:/opt/ros/jazzy/opt/gz_sim_vendor:/opt/ros/jazzy/opt/gz_sensors_vendor:/opt/ros/jazzy/opt/gz_physics_vendor:/opt/ros/jazzy/opt/sdformat_vendor:/opt/ros/jazzy/opt/gz_gui_vendor:/opt/ros/jazzy/opt/gz_transport_vendor:/opt/ros/jazzy/opt/gz_rendering_vendor:/opt/ros/jazzy/opt/gz_plugin_vendor:/opt/ros/jazzy/opt/gz_fuel_tools_vendor:/opt/ros/jazzy/opt/gz_msgs_vendor:/opt/ros/jazzy/opt/gz_common_vendor:/opt/ros/jazzy/opt/gz_math_vendor:/opt/ros/jazzy/opt/gz_utils_vendor:/opt/ros/jazzy/opt/gz_tools_vendor:/opt/ros/jazzy/opt/gz_ogre_next_vendor:/opt/ros/jazzy/opt/gz_dartsim_vendor:/opt/ros/jazzy/opt/gz_cmake_vendor:/opt/ros/jazzy LD_LIBRARY_PATH=/Bt/install/behaviortree_ros2/lib:/Bt/install/btcpp_ros2_interfaces/lib:${LD_LIBRARY_PATH} PYTHONPATH=/Bt/install/btcpp_ros2_interfaces/lib/python3.12/site-packages:${PYTHONPATH} /usr/bin/cmake --install /Bt/build/tiago_behavior_tree
