[0.307s] Invoking command in '/Bt/build/tiago_bringup': AMENT_PREFIX_PATH=/Bt/install/tiago_description:/Bt/install/tiago_controller_configuration:/Bt/install/pmb2_description:/Bt/install/pmb2_controller_configuration:/Bt/install/play_motion2:/Bt/install/pal_hey5_description:/Bt/install/pal_gripper_description:/Bt/install/omni_base_description:/Bt/install/play_motion2_msgs:/Bt/install/pal_urdf_utils:/Bt/install/pal_robotiq_description:/Bt/install/pal_robotiq_controller_configuration:/Bt/install/pal_hey5_controller_configuration:/Bt/install/pal_gripper_controller_configuration:/Bt/install/omni_base_controller_configuration:/Bt/install/launch_pal:${AMENT_PREFIX_PATH} CMAKE_PREFIX_PATH=/Bt/install/tiago_description:/Bt/install/tiago_controller_configuration:/Bt/install/pmb2_description:/Bt/install/pmb2_controller_configuration:/Bt/install/play_motion2:/Bt/install/pal_hey5_description:/Bt/install/pal_gripper_description:/Bt/install/omni_base_description:/Bt/install/play_motion2_msgs:/Bt/install/pal_urdf_utils:/Bt/install/pal_robotiq_description:/Bt/install/pal_robotiq_controller_configuration:/Bt/install/pal_hey5_controller_configuration:/Bt/install/pal_gripper_controller_configuration:/Bt/install/omni_base_controller_configuration:/opt/ros/jazzy/opt/gz_sim_vendor:/opt/ros/jazzy/opt/gz_sensors_vendor:/opt/ros/jazzy/opt/gz_physics_vendor:/opt/ros/jazzy/opt/sdformat_vendor:/opt/ros/jazzy/opt/gz_gui_vendor:/opt/ros/jazzy/opt/gz_transport_vendor:/opt/ros/jazzy/opt/gz_rendering_vendor:/opt/ros/jazzy/opt/gz_plugin_vendor:/opt/ros/jazzy/opt/gz_fuel_tools_vendor:/opt/ros/jazzy/opt/gz_msgs_vendor:/opt/ros/jazzy/opt/gz_common_vendor:/opt/ros/jazzy/opt/gz_math_vendor:/opt/ros/jazzy/opt/gz_utils_vendor:/opt/ros/jazzy/opt/gz_tools_vendor:/opt/ros/jazzy/opt/gz_ogre_next_vendor:/opt/ros/jazzy/opt/gz_dartsim_vendor:/opt/ros/jazzy/opt/gz_cmake_vendor:/opt/ros/jazzy LD_LIBRARY_PATH=/Bt/install/play_motion2/lib:/Bt/install/play_motion2_msgs/lib:${LD_LIBRARY_PATH} PYTHONPATH=/Bt/install/tiago_description/lib/python3.12/site-packages:/Bt/install/pmb2_description/lib/python3.12/site-packages:/Bt/install/omni_base_description/lib/python3.12/site-packages:/Bt/install/play_motion2_msgs/lib/python3.12/site-packages:/Bt/install/launch_pal/lib/python3.12/site-packages:${PYTHONPATH} /usr/bin/cmake --build /Bt/build/tiago_bringup -- -j8 -l8
[0.383s] Invoked command in '/Bt/build/tiago_bringup' returned '0': AMENT_PREFIX_PATH=/Bt/install/tiago_description:/Bt/install/tiago_controller_configuration:/Bt/install/pmb2_description:/Bt/install/pmb2_controller_configuration:/Bt/install/play_motion2:/Bt/install/pal_hey5_description:/Bt/install/pal_gripper_description:/Bt/install/omni_base_description:/Bt/install/play_motion2_msgs:/Bt/install/pal_urdf_utils:/Bt/install/pal_robotiq_description:/Bt/install/pal_robotiq_controller_configuration:/Bt/install/pal_hey5_controller_configuration:/Bt/install/pal_gripper_controller_configuration:/Bt/install/omni_base_controller_configuration:/Bt/install/launch_pal:${AMENT_PREFIX_PATH} CMAKE_PREFIX_PATH=/Bt/install/tiago_description:/Bt/install/tiago_controller_configuration:/Bt/install/pmb2_description:/Bt/install/pmb2_controller_configuration:/Bt/install/play_motion2:/Bt/install/pal_hey5_description:/Bt/install/pal_gripper_description:/Bt/install/omni_base_description:/Bt/install/play_motion2_msgs:/Bt/install/pal_urdf_utils:/Bt/install/pal_robotiq_description:/Bt/install/pal_robotiq_controller_configuration:/Bt/install/pal_hey5_controller_configuration:/Bt/install/pal_gripper_controller_configuration:/Bt/install/omni_base_controller_configuration:/opt/ros/jazzy/opt/gz_sim_vendor:/opt/ros/jazzy/opt/gz_sensors_vendor:/opt/ros/jazzy/opt/gz_physics_vendor:/opt/ros/jazzy/opt/sdformat_vendor:/opt/ros/jazzy/opt/gz_gui_vendor:/opt/ros/jazzy/opt/gz_transport_vendor:/opt/ros/jazzy/opt/gz_rendering_vendor:/opt/ros/jazzy/opt/gz_plugin_vendor:/opt/ros/jazzy/opt/gz_fuel_tools_vendor:/opt/ros/jazzy/opt/gz_msgs_vendor:/opt/ros/jazzy/opt/gz_common_vendor:/opt/ros/jazzy/opt/gz_math_vendor:/opt/ros/jazzy/opt/gz_utils_vendor:/opt/ros/jazzy/opt/gz_tools_vendor:/opt/ros/jazzy/opt/gz_ogre_next_vendor:/opt/ros/jazzy/opt/gz_dartsim_vendor:/opt/ros/jazzy/opt/gz_cmake_vendor:/opt/ros/jazzy LD_LIBRARY_PATH=/Bt/install/play_motion2/lib:/Bt/install/play_motion2_msgs/lib:${LD_LIBRARY_PATH} PYTHONPATH=/Bt/install/tiago_description/lib/python3.12/site-packages:/Bt/install/pmb2_description/lib/python3.12/site-packages:/Bt/install/omni_base_description/lib/python3.12/site-packages:/Bt/install/play_motion2_msgs/lib/python3.12/site-packages:/Bt/install/launch_pal/lib/python3.12/site-packages:${PYTHONPATH} /usr/bin/cmake --build /Bt/build/tiago_bringup -- -j8 -l8
[0.392s] Invoking command in '/Bt/build/tiago_bringup': AMENT_PREFIX_PATH=/Bt/install/tiago_description:/Bt/install/tiago_controller_configuration:/Bt/install/pmb2_description:/Bt/install/pmb2_controller_configuration:/Bt/install/play_motion2:/Bt/install/pal_hey5_description:/Bt/install/pal_gripper_description:/Bt/install/omni_base_description:/Bt/install/play_motion2_msgs:/Bt/install/pal_urdf_utils:/Bt/install/pal_robotiq_description:/Bt/install/pal_robotiq_controller_configuration:/Bt/install/pal_hey5_controller_configuration:/Bt/install/pal_gripper_controller_configuration:/Bt/install/omni_base_controller_configuration:/Bt/install/launch_pal:${AMENT_PREFIX_PATH} CMAKE_PREFIX_PATH=/Bt/install/tiago_description:/Bt/install/tiago_controller_configuration:/Bt/install/pmb2_description:/Bt/install/pmb2_controller_configuration:/Bt/install/play_motion2:/Bt/install/pal_hey5_description:/Bt/install/pal_gripper_description:/Bt/install/omni_base_description:/Bt/install/play_motion2_msgs:/Bt/install/pal_urdf_utils:/Bt/install/pal_robotiq_description:/Bt/install/pal_robotiq_controller_configuration:/Bt/install/pal_hey5_controller_configuration:/Bt/install/pal_gripper_controller_configuration:/Bt/install/omni_base_controller_configuration:/opt/ros/jazzy/opt/gz_sim_vendor:/opt/ros/jazzy/opt/gz_sensors_vendor:/opt/ros/jazzy/opt/gz_physics_vendor:/opt/ros/jazzy/opt/sdformat_vendor:/opt/ros/jazzy/opt/gz_gui_vendor:/opt/ros/jazzy/opt/gz_transport_vendor:/opt/ros/jazzy/opt/gz_rendering_vendor:/opt/ros/jazzy/opt/gz_plugin_vendor:/opt/ros/jazzy/opt/gz_fuel_tools_vendor:/opt/ros/jazzy/opt/gz_msgs_vendor:/opt/ros/jazzy/opt/gz_common_vendor:/opt/ros/jazzy/opt/gz_math_vendor:/opt/ros/jazzy/opt/gz_utils_vendor:/opt/ros/jazzy/opt/gz_tools_vendor:/opt/ros/jazzy/opt/gz_ogre_next_vendor:/opt/ros/jazzy/opt/gz_dartsim_vendor:/opt/ros/jazzy/opt/gz_cmake_vendor:/opt/ros/jazzy LD_LIBRARY_PATH=/Bt/install/play_motion2/lib:/Bt/install/play_motion2_msgs/lib:${LD_LIBRARY_PATH} PYTHONPATH=/Bt/install/tiago_description/lib/python3.12/site-packages:/Bt/install/pmb2_description/lib/python3.12/site-packages:/Bt/install/omni_base_description/lib/python3.12/site-packages:/Bt/install/play_motion2_msgs/lib/python3.12/site-packages:/Bt/install/launch_pal/lib/python3.12/site-packages:${PYTHONPATH} /usr/bin/cmake --install /Bt/build/tiago_bringup
[0.408s] -- Install configuration: ""
[0.410s] -- Up-to-date: /Bt/install/tiago_bringup/lib/tiago_bringup/regen_em_file.py
[0.412s] -- Up-to-date: /Bt/install/tiago_bringup/share/tiago_bringup/config
[0.415s] -- Up-to-date: /Bt/install/tiago_bringup/share/tiago_bringup/config/bridge
[0.416s] -- Up-to-date: /Bt/install/tiago_bringup/share/tiago_bringup/config/bridge/tiago_bridge.yaml
[0.417s] -- Up-to-date: /Bt/install/tiago_bringup/share/tiago_bringup/config/joy_teleop
[0.418s] -- Up-to-date: /Bt/install/tiago_bringup/share/tiago_bringup/config/joy_teleop/joy_teleop_pmb2.yaml
[0.418s] -- Up-to-date: /Bt/install/tiago_bringup/share/tiago_bringup/config/joy_teleop/joy_teleop_omni_base.yaml
[0.418s] -- Up-to-date: /Bt/install/tiago_bringup/share/tiago_bringup/config/joy_teleop/joy_config.yaml
[0.419s] -- Up-to-date: /Bt/install/tiago_bringup/share/tiago_bringup/config/twist_mux
[0.421s] -- Up-to-date: /Bt/install/tiago_bringup/share/tiago_bringup/config/twist_mux/joystick_pmb2.yaml
[0.421s] -- Up-to-date: /Bt/install/tiago_bringup/share/tiago_bringup/config/twist_mux/twist_mux_locks.yaml
[0.422s] -- Up-to-date: /Bt/install/tiago_bringup/share/tiago_bringup/config/twist_mux/twist_mux_topics.yaml
[0.422s] -- Up-to-date: /Bt/install/tiago_bringup/share/tiago_bringup/config/twist_mux/joystick_omni_base.yaml
[0.422s] -- Up-to-date: /Bt/install/tiago_bringup/share/tiago_bringup/config/motions
[0.423s] -- Up-to-date: /Bt/install/tiago_bringup/share/tiago_bringup/config/motions/tiago_motions_pal-hey5.yaml
[0.423s] -- Up-to-date: /Bt/install/tiago_bringup/share/tiago_bringup/config/motions/tiago_motions.yaml.em
[0.423s] -- Up-to-date: /Bt/install/tiago_bringup/share/tiago_bringup/config/motions/tiago_motions_general.yaml
[0.424s] -- Up-to-date: /Bt/install/tiago_bringup/share/tiago_bringup/config/motions/tiago_motions_no-arm.yaml
[0.424s] -- Up-to-date: /Bt/install/tiago_bringup/share/tiago_bringup/config/motions/tiago_motions_robotiq-2f-140.yaml
[0.424s] -- Up-to-date: /Bt/install/tiago_bringup/share/tiago_bringup/config/motions/tiago_motions_no-ee.yaml
[0.425s] -- Up-to-date: /Bt/install/tiago_bringup/share/tiago_bringup/config/motions/tiago_motions_custom.yaml
[0.425s] -- Up-to-date: /Bt/install/tiago_bringup/share/tiago_bringup/config/motions/tiago_motions_pal-gripper.yaml
[0.425s] -- Up-to-date: /Bt/install/tiago_bringup/share/tiago_bringup/config/motions/tiago_motions_robotiq-2f-85.yaml
[0.425s] -- Up-to-date: /Bt/install/tiago_bringup/share/tiago_bringup/config/motions/tiago_motions_robotiq-epick.yaml
[0.425s] -- Up-to-date: /Bt/install/tiago_bringup/share/tiago_bringup/config/motion_planner
[0.426s] -- Up-to-date: /Bt/install/tiago_bringup/share/tiago_bringup/config/motion_planner/motion_planner_no-ee.yaml
[0.426s] -- Up-to-date: /Bt/install/tiago_bringup/share/tiago_bringup/config/motion_planner/motion_planner_custom.yaml
[0.426s] -- Up-to-date: /Bt/install/tiago_bringup/share/tiago_bringup/config/motion_planner/motion_planner_robotiq-2f-140.yaml
[0.426s] -- Up-to-date: /Bt/install/tiago_bringup/share/tiago_bringup/config/motion_planner/motion_planner_robotiq-epick.yaml
[0.426s] -- Up-to-date: /Bt/install/tiago_bringup/share/tiago_bringup/config/motion_planner/motion_planner_robotiq-2f-85.yaml
[0.427s] -- Up-to-date: /Bt/install/tiago_bringup/share/tiago_bringup/config/motion_planner/motion_planner.yaml.em
[0.427s] -- Up-to-date: /Bt/install/tiago_bringup/share/tiago_bringup/config/motion_planner/motion_planner_pal-gripper.yaml
[0.427s] -- Up-to-date: /Bt/install/tiago_bringup/share/tiago_bringup/config/motion_planner/motion_planner_pal-hey5.yaml
[0.428s] -- Up-to-date: /Bt/install/tiago_bringup/share/tiago_bringup/config/motion_planner/motion_planner_no-arm.yaml
[0.428s] -- Up-to-date: /Bt/install/tiago_bringup/share/tiago_bringup/launch
[0.428s] -- Up-to-date: /Bt/install/tiago_bringup/share/tiago_bringup/launch/twist_mux.launch.py
[0.429s] -- Up-to-date: /Bt/install/tiago_bringup/share/tiago_bringup/launch/joystick_teleop.launch.py
[0.429s] -- Up-to-date: /Bt/install/tiago_bringup/share/tiago_bringup/launch/tiago_bringup.launch.py
[0.429s] -- Up-to-date: /Bt/install/tiago_bringup/share/tiago_bringup/launch/tiago_play_motion2.launch.py
[0.429s] -- Up-to-date: /Bt/install/tiago_bringup/share/ament_index/resource_index/package_run_dependencies/tiago_bringup
[0.429s] -- Up-to-date: /Bt/install/tiago_bringup/share/ament_index/resource_index/parent_prefix_path/tiago_bringup
[0.429s] -- Up-to-date: /Bt/install/tiago_bringup/share/tiago_bringup/environment/ament_prefix_path.sh
[0.429s] -- Up-to-date: /Bt/install/tiago_bringup/share/tiago_bringup/environment/ament_prefix_path.dsv
[0.429s] -- Up-to-date: /Bt/install/tiago_bringup/share/tiago_bringup/environment/path.sh
[0.430s] -- Up-to-date: /Bt/install/tiago_bringup/share/tiago_bringup/environment/path.dsv
[0.430s] -- Up-to-date: /Bt/install/tiago_bringup/share/tiago_bringup/local_setup.bash
[0.430s] -- Up-to-date: /Bt/install/tiago_bringup/share/tiago_bringup/local_setup.sh
[0.430s] -- Up-to-date: /Bt/install/tiago_bringup/share/tiago_bringup/local_setup.zsh
[0.430s] -- Up-to-date: /Bt/install/tiago_bringup/share/tiago_bringup/local_setup.dsv
[0.435s] -- Installing: /Bt/install/tiago_bringup/share/tiago_bringup/package.dsv
[0.436s] -- Up-to-date: /Bt/install/tiago_bringup/share/ament_index/resource_index/packages/tiago_bringup
[0.436s] -- Up-to-date: /Bt/install/tiago_bringup/share/tiago_bringup/cmake/tiago_bringupConfig.cmake
[0.436s] -- Up-to-date: /Bt/install/tiago_bringup/share/tiago_bringup/cmake/tiago_bringupConfig-version.cmake
[0.436s] -- Up-to-date: /Bt/install/tiago_bringup/share/tiago_bringup/package.xml
[0.560s] Invoked command in '/Bt/build/tiago_bringup' returned '0': AMENT_PREFIX_PATH=/Bt/install/tiago_description:/Bt/install/tiago_controller_configuration:/Bt/install/pmb2_description:/Bt/install/pmb2_controller_configuration:/Bt/install/play_motion2:/Bt/install/pal_hey5_description:/Bt/install/pal_gripper_description:/Bt/install/omni_base_description:/Bt/install/play_motion2_msgs:/Bt/install/pal_urdf_utils:/Bt/install/pal_robotiq_description:/Bt/install/pal_robotiq_controller_configuration:/Bt/install/pal_hey5_controller_configuration:/Bt/install/pal_gripper_controller_configuration:/Bt/install/omni_base_controller_configuration:/Bt/install/launch_pal:${AMENT_PREFIX_PATH} CMAKE_PREFIX_PATH=/Bt/install/tiago_description:/Bt/install/tiago_controller_configuration:/Bt/install/pmb2_description:/Bt/install/pmb2_controller_configuration:/Bt/install/play_motion2:/Bt/install/pal_hey5_description:/Bt/install/pal_gripper_description:/Bt/install/omni_base_description:/Bt/install/play_motion2_msgs:/Bt/install/pal_urdf_utils:/Bt/install/pal_robotiq_description:/Bt/install/pal_robotiq_controller_configuration:/Bt/install/pal_hey5_controller_configuration:/Bt/install/pal_gripper_controller_configuration:/Bt/install/omni_base_controller_configuration:/opt/ros/jazzy/opt/gz_sim_vendor:/opt/ros/jazzy/opt/gz_sensors_vendor:/opt/ros/jazzy/opt/gz_physics_vendor:/opt/ros/jazzy/opt/sdformat_vendor:/opt/ros/jazzy/opt/gz_gui_vendor:/opt/ros/jazzy/opt/gz_transport_vendor:/opt/ros/jazzy/opt/gz_rendering_vendor:/opt/ros/jazzy/opt/gz_plugin_vendor:/opt/ros/jazzy/opt/gz_fuel_tools_vendor:/opt/ros/jazzy/opt/gz_msgs_vendor:/opt/ros/jazzy/opt/gz_common_vendor:/opt/ros/jazzy/opt/gz_math_vendor:/opt/ros/jazzy/opt/gz_utils_vendor:/opt/ros/jazzy/opt/gz_tools_vendor:/opt/ros/jazzy/opt/gz_ogre_next_vendor:/opt/ros/jazzy/opt/gz_dartsim_vendor:/opt/ros/jazzy/opt/gz_cmake_vendor:/opt/ros/jazzy LD_LIBRARY_PATH=/Bt/install/play_motion2/lib:/Bt/install/play_motion2_msgs/lib:${LD_LIBRARY_PATH} PYTHONPATH=/Bt/install/tiago_description/lib/python3.12/site-packages:/Bt/install/pmb2_description/lib/python3.12/site-packages:/Bt/install/omni_base_description/lib/python3.12/site-packages:/Bt/install/play_motion2_msgs/lib/python3.12/site-packages:/Bt/install/launch_pal/lib/python3.12/site-packages:${PYTHONPATH} /usr/bin/cmake --install /Bt/build/tiago_bringup
