[0.067s] Invoking command in '/Bt/build/grab2_grasp_generator': AMENT_PREFIX_PATH=/Bt/install/grab2_ros_common:/Bt/install/grab2_msgs:/Bt/install/behaviortree_ros2:/Bt/install/btcpp_ros2_interfaces:${AMENT_PREFIX_PATH} CMAKE_PREFIX_PATH=/Bt/install/grab2_ros_common:/Bt/install/grab2_msgs:/Bt/install/behaviortree_ros2:/Bt/install/btcpp_ros2_interfaces:/opt/ros/jazzy/opt/gz_sim_vendor:/opt/ros/jazzy/opt/gz_sensors_vendor:/opt/ros/jazzy/opt/gz_physics_vendor:/opt/ros/jazzy/opt/sdformat_vendor:/opt/ros/jazzy/opt/gz_gui_vendor:/opt/ros/jazzy/opt/gz_transport_vendor:/opt/ros/jazzy/opt/gz_rendering_vendor:/opt/ros/jazzy/opt/gz_plugin_vendor:/opt/ros/jazzy/opt/gz_fuel_tools_vendor:/opt/ros/jazzy/opt/gz_msgs_vendor:/opt/ros/jazzy/opt/gz_common_vendor:/opt/ros/jazzy/opt/gz_math_vendor:/opt/ros/jazzy/opt/gz_utils_vendor:/opt/ros/jazzy/opt/gz_tools_vendor:/opt/ros/jazzy/opt/gz_ogre_next_vendor:/opt/ros/jazzy/opt/gz_dartsim_vendor:/opt/ros/jazzy/opt/gz_cmake_vendor:/opt/ros/jazzy LD_LIBRARY_PATH=/Bt/install/grab2_msgs/lib:/Bt/install/behaviortree_ros2/lib:/Bt/install/btcpp_ros2_interfaces/lib:${LD_LIBRARY_PATH} PYTHONPATH=/Bt/install/grab2_msgs/lib/python3.12/site-packages:/Bt/install/btcpp_ros2_interfaces/lib/python3.12/site-packages:${PYTHONPATH} /usr/bin/cmake --build /Bt/build/grab2_grasp_generator -- -j8 -l8
[0.154s] [ 20%] Built target gtest_main
[0.160s] [ 40%] Built target gtest
[0.178s] [ 60%] Built target grasp_generator_core
[0.213s] [ 80%] Built target grasp_generator
[0.221s] [100%] Built target test_grasp_generator
[0.232s] Invoked command in '/Bt/build/grab2_grasp_generator' returned '0': AMENT_PREFIX_PATH=/Bt/install/grab2_ros_common:/Bt/install/grab2_msgs:/Bt/install/behaviortree_ros2:/Bt/install/btcpp_ros2_interfaces:${AMENT_PREFIX_PATH} CMAKE_PREFIX_PATH=/Bt/install/grab2_ros_common:/Bt/install/grab2_msgs:/Bt/install/behaviortree_ros2:/Bt/install/btcpp_ros2_interfaces:/opt/ros/jazzy/opt/gz_sim_vendor:/opt/ros/jazzy/opt/gz_sensors_vendor:/opt/ros/jazzy/opt/gz_physics_vendor:/opt/ros/jazzy/opt/sdformat_vendor:/opt/ros/jazzy/opt/gz_gui_vendor:/opt/ros/jazzy/opt/gz_transport_vendor:/opt/ros/jazzy/opt/gz_rendering_vendor:/opt/ros/jazzy/opt/gz_plugin_vendor:/opt/ros/jazzy/opt/gz_fuel_tools_vendor:/opt/ros/jazzy/opt/gz_msgs_vendor:/opt/ros/jazzy/opt/gz_common_vendor:/opt/ros/jazzy/opt/gz_math_vendor:/opt/ros/jazzy/opt/gz_utils_vendor:/opt/ros/jazzy/opt/gz_tools_vendor:/opt/ros/jazzy/opt/gz_ogre_next_vendor:/opt/ros/jazzy/opt/gz_dartsim_vendor:/opt/ros/jazzy/opt/gz_cmake_vendor:/opt/ros/jazzy LD_LIBRARY_PATH=/Bt/install/grab2_msgs/lib:/Bt/install/behaviortree_ros2/lib:/Bt/install/btcpp_ros2_interfaces/lib:${LD_LIBRARY_PATH} PYTHONPATH=/Bt/install/grab2_msgs/lib/python3.12/site-packages:/Bt/install/btcpp_ros2_interfaces/lib/python3.12/site-packages:${PYTHONPATH} /usr/bin/cmake --build /Bt/build/grab2_grasp_generator -- -j8 -l8
[0.233s] Invoking command in '/Bt/build/grab2_grasp_generator': AMENT_PREFIX_PATH=/Bt/install/grab2_ros_common:/Bt/install/grab2_msgs:/Bt/install/behaviortree_ros2:/Bt/install/btcpp_ros2_interfaces:${AMENT_PREFIX_PATH} CMAKE_PREFIX_PATH=/Bt/install/grab2_ros_common:/Bt/install/grab2_msgs:/Bt/install/behaviortree_ros2:/Bt/install/btcpp_ros2_interfaces:/opt/ros/jazzy/opt/gz_sim_vendor:/opt/ros/jazzy/opt/gz_sensors_vendor:/opt/ros/jazzy/opt/gz_physics_vendor:/opt/ros/jazzy/opt/sdformat_vendor:/opt/ros/jazzy/opt/gz_gui_vendor:/opt/ros/jazzy/opt/gz_transport_vendor:/opt/ros/jazzy/opt/gz_rendering_vendor:/opt/ros/jazzy/opt/gz_plugin_vendor:/opt/ros/jazzy/opt/gz_fuel_tools_vendor:/opt/ros/jazzy/opt/gz_msgs_vendor:/opt/ros/jazzy/opt/gz_common_vendor:/opt/ros/jazzy/opt/gz_math_vendor:/opt/ros/jazzy/opt/gz_utils_vendor:/opt/ros/jazzy/opt/gz_tools_vendor:/opt/ros/jazzy/opt/gz_ogre_next_vendor:/opt/ros/jazzy/opt/gz_dartsim_vendor:/opt/ros/jazzy/opt/gz_cmake_vendor:/opt/ros/jazzy LD_LIBRARY_PATH=/Bt/install/grab2_msgs/lib:/Bt/install/behaviortree_ros2/lib:/Bt/install/btcpp_ros2_interfaces/lib:${LD_LIBRARY_PATH} PYTHONPATH=/Bt/install/grab2_msgs/lib/python3.12/site-packages:/Bt/install/btcpp_ros2_interfaces/lib/python3.12/site-packages:${PYTHONPATH} /usr/bin/cmake --install /Bt/build/grab2_grasp_generator
[0.243s] -- Install configuration: ""
[0.243s] -- Up-to-date: /Bt/install/grab2_grasp_generator/include/grab2_grasp_generator
[0.243s] -- Up-to-date: /Bt/install/grab2_grasp_generator/include/grab2_grasp_generator/grab2_grasp_generator
[0.243s] -- Up-to-date: /Bt/install/grab2_grasp_generator/include/grab2_grasp_generator/grab2_grasp_generator/grasp_generator.hpp
[0.243s] -- Up-to-date: /Bt/install/grab2_grasp_generator/include/grab2_grasp_generator/grab2_grasp_generator/visibility_control.h
[0.244s] -- Up-to-date: /Bt/install/grab2_grasp_generator/lib/libgrasp_generator_core.so
[0.244s] -- Up-to-date: /Bt/install/grab2_grasp_generator/lib/grab2_grasp_generator/grasp_generator
[0.244s] -- Up-to-date: /Bt/install/grab2_grasp_generator/share/grab2_grasp_generator/config
[0.244s] -- Up-to-date: /Bt/install/grab2_grasp_generator/share/grab2_grasp_generator/config/isaac_grasp.yaml
[0.244s] -- Up-to-date: /Bt/install/grab2_grasp_generator/share/grab2_grasp_generator/environment/library_path.sh
[0.245s] -- Up-to-date: /Bt/install/grab2_grasp_generator/share/grab2_grasp_generator/environment/library_path.dsv
[0.245s] -- Up-to-date: /Bt/install/grab2_grasp_generator/share/ament_index/resource_index/package_run_dependencies/grab2_grasp_generator
[0.245s] -- Up-to-date: /Bt/install/grab2_grasp_generator/share/ament_index/resource_index/parent_prefix_path/grab2_grasp_generator
[0.245s] -- Up-to-date: /Bt/install/grab2_grasp_generator/share/grab2_grasp_generator/environment/ament_prefix_path.sh
[0.245s] -- Up-to-date: /Bt/install/grab2_grasp_generator/share/grab2_grasp_generator/environment/ament_prefix_path.dsv
[0.245s] -- Up-to-date: /Bt/install/grab2_grasp_generator/share/grab2_grasp_generator/environment/path.sh
[0.245s] -- Up-to-date: /Bt/install/grab2_grasp_generator/share/grab2_grasp_generator/environment/path.dsv
[0.246s] -- Up-to-date: /Bt/install/grab2_grasp_generator/share/grab2_grasp_generator/local_setup.bash
[0.246s] -- Up-to-date: /Bt/install/grab2_grasp_generator/share/grab2_grasp_generator/local_setup.sh
[0.246s] -- Up-to-date: /Bt/install/grab2_grasp_generator/share/grab2_grasp_generator/local_setup.zsh
[0.246s] -- Up-to-date: /Bt/install/grab2_grasp_generator/share/grab2_grasp_generator/local_setup.dsv
[0.246s] -- Installing: /Bt/install/grab2_grasp_generator/share/grab2_grasp_generator/package.dsv
[0.246s] -- Up-to-date: /Bt/install/grab2_grasp_generator/share/ament_index/resource_index/packages/grab2_grasp_generator
[0.247s] -- Up-to-date: /Bt/install/grab2_grasp_generator/share/grab2_grasp_generator/cmake/export_grab2_grasp_generatorExport.cmake
[0.247s] -- Up-to-date: /Bt/install/grab2_grasp_generator/share/grab2_grasp_generator/cmake/export_grab2_grasp_generatorExport-noconfig.cmake
[0.247s] -- Up-to-date: /Bt/install/grab2_grasp_generator/share/grab2_grasp_generator/cmake/ament_cmake_export_include_directories-extras.cmake
[0.247s] -- Up-to-date: /Bt/install/grab2_grasp_generator/share/grab2_grasp_generator/cmake/ament_cmake_export_libraries-extras.cmake
[0.247s] -- Up-to-date: /Bt/install/grab2_grasp_generator/share/grab2_grasp_generator/cmake/ament_cmake_export_targets-extras.cmake
[0.247s] -- Up-to-date: /Bt/install/grab2_grasp_generator/share/grab2_grasp_generator/cmake/grab2_grasp_generatorConfig.cmake
[0.247s] -- Up-to-date: /Bt/install/grab2_grasp_generator/share/grab2_grasp_generator/cmake/grab2_grasp_generatorConfig-version.cmake
[0.247s] -- Up-to-date: /Bt/install/grab2_grasp_generator/share/grab2_grasp_generator/package.xml
[0.249s] Invoked command in '/Bt/build/grab2_grasp_generator' returned '0': AMENT_PREFIX_PATH=/Bt/install/grab2_ros_common:/Bt/install/grab2_msgs:/Bt/install/behaviortree_ros2:/Bt/install/btcpp_ros2_interfaces:${AMENT_PREFIX_PATH} CMAKE_PREFIX_PATH=/Bt/install/grab2_ros_common:/Bt/install/grab2_msgs:/Bt/install/behaviortree_ros2:/Bt/install/btcpp_ros2_interfaces:/opt/ros/jazzy/opt/gz_sim_vendor:/opt/ros/jazzy/opt/gz_sensors_vendor:/opt/ros/jazzy/opt/gz_physics_vendor:/opt/ros/jazzy/opt/sdformat_vendor:/opt/ros/jazzy/opt/gz_gui_vendor:/opt/ros/jazzy/opt/gz_transport_vendor:/opt/ros/jazzy/opt/gz_rendering_vendor:/opt/ros/jazzy/opt/gz_plugin_vendor:/opt/ros/jazzy/opt/gz_fuel_tools_vendor:/opt/ros/jazzy/opt/gz_msgs_vendor:/opt/ros/jazzy/opt/gz_common_vendor:/opt/ros/jazzy/opt/gz_math_vendor:/opt/ros/jazzy/opt/gz_utils_vendor:/opt/ros/jazzy/opt/gz_tools_vendor:/opt/ros/jazzy/opt/gz_ogre_next_vendor:/opt/ros/jazzy/opt/gz_dartsim_vendor:/opt/ros/jazzy/opt/gz_cmake_vendor:/opt/ros/jazzy LD_LIBRARY_PATH=/Bt/install/grab2_msgs/lib:/Bt/install/behaviortree_ros2/lib:/Bt/install/btcpp_ros2_interfaces/lib:${LD_LIBRARY_PATH} PYTHONPATH=/Bt/install/grab2_msgs/lib/python3.12/site-packages:/Bt/install/btcpp_ros2_interfaces/lib/python3.12/site-packages:${PYTHONPATH} /usr/bin/cmake --install /Bt/build/grab2_grasp_generator
