[0.466s] Invoking command in '/Bt/build/tiago_sim': CMAKE_PREFIX_PATH=${CMAKE_PREFIX_PATH}:/opt/ros/jazzy:/Bt/install/yolo_ros:/Bt/install/ros2_aruco:/Bt/install/launch_pal:/Bt/install/grab2_curobo_planner /usr/bin/cmake /Bt/tiago_sim -DCMAKE_INSTALL_PREFIX=/Bt/install/tiago_sim
[0.648s] -- The C compiler identification is GNU 13.3.0
[0.754s] -- The CXX compiler identification is GNU 13.3.0
[0.789s] -- Detecting C compiler ABI info
[0.999s] -- Detecting C compiler ABI info - done
[1.036s] -- Check for working C compiler: /usr/bin/cc - skipped
[1.038s] -- Detecting C compile features
[1.038s] -- Detecting C compile features - done
[1.055s] -- Detecting CXX compiler ABI info
[1.295s] -- Detecting CXX compiler ABI info - done
[1.314s] -- Check for working CXX compiler: /usr/bin/c++ - skipped
[1.314s] -- Detecting CXX compile features
[1.315s] -- Detecting CXX compile features - done
[1.327s] -- Found ament_cmake_auto: 2.5.4 (/opt/ros/jazzy/share/ament_cmake_auto/cmake)
[1.720s] -- Found Python3: /usr/bin/python3 (found version "3.12.3") found components: Interpreter 
[2.107s] -- Found ament_lint_auto: 0.17.3 (/opt/ros/jazzy/share/ament_lint_auto/cmake)
[2.386s] -- Added test 'copyright' to check source files copyright and LICENSE
[2.498s] -- Added test 'flake8' to check Python code syntax and style conventions
[2.498s] -- Configured 'flake8' exclude dirs and/or files: 
[2.513s] -- Added test 'lint_cmake' to check CMake code style
[2.530s] -- Added test 'pep257' to check Python code against some of the docstring style conventions in PEP 257
[2.592s] -- Added test 'xmllint' to check XML markup files
[2.598s] -- Configuring done (2.1s)
[2.604s] -- Generating done (0.0s)
[2.607s] -- Build files have been written to: /Bt/build/tiago_sim
[2.623s] Invoked command in '/Bt/build/tiago_sim' returned '0': CMAKE_PREFIX_PATH=${CMAKE_PREFIX_PATH}:/opt/ros/jazzy:/Bt/install/yolo_ros:/Bt/install/ros2_aruco:/Bt/install/launch_pal:/Bt/install/grab2_curobo_planner /usr/bin/cmake /Bt/tiago_sim -DCMAKE_INSTALL_PREFIX=/Bt/install/tiago_sim
[2.624s] Invoking command in '/Bt/build/tiago_sim': CMAKE_PREFIX_PATH=${CMAKE_PREFIX_PATH}:/opt/ros/jazzy:/Bt/install/yolo_ros:/Bt/install/ros2_aruco:/Bt/install/launch_pal:/Bt/install/grab2_curobo_planner /usr/bin/cmake --build /Bt/build/tiago_sim -- -j8 -l8
[2.836s] Invoked command in '/Bt/build/tiago_sim' returned '0': CMAKE_PREFIX_PATH=${CMAKE_PREFIX_PATH}:/opt/ros/jazzy:/Bt/install/yolo_ros:/Bt/install/ros2_aruco:/Bt/install/launch_pal:/Bt/install/grab2_curobo_planner /usr/bin/cmake --build /Bt/build/tiago_sim -- -j8 -l8
[2.837s] Invoking command in '/Bt/build/tiago_sim': CMAKE_PREFIX_PATH=${CMAKE_PREFIX_PATH}:/opt/ros/jazzy:/Bt/install/yolo_ros:/Bt/install/ros2_aruco:/Bt/install/launch_pal:/Bt/install/grab2_curobo_planner /usr/bin/cmake --install /Bt/build/tiago_sim
[2.981s] -- Install configuration: ""
[2.981s] -- Installing: /Bt/install/tiago_sim/share/tiago_sim/config
[2.982s] -- Installing: /Bt/install/tiago_sim/share/tiago_sim/config/battery_bridge.yaml
[2.982s] -- Installing: /Bt/install/tiago_sim/share/tiago_sim/config/gazebo_params.yaml
[2.982s] -- Installing: /Bt/install/tiago_sim/share/tiago_sim/launch
[2.983s] -- Installing: /Bt/install/tiago_sim/share/tiago_sim/launch/tiago_pal_sim.launch.py
[2.992s] -- Installing: /Bt/install/tiago_sim/share/tiago_sim/launch/br2_gazebo.launch.py
[2.993s] -- Installing: /Bt/install/tiago_sim/share/tiago_sim/launch/tiago_sim.launch.py
[2.994s] -- Installing: /Bt/install/tiago_sim/share/tiago_sim/launch/tiago_yolo.launch.py
[2.994s] -- Installing: /Bt/install/tiago_sim/share/tiago_sim/models
[2.995s] -- Installing: /Bt/install/tiago_sim/share/tiago_sim/models/Dining Table
[2.995s] -- Installing: /Bt/install/tiago_sim/share/tiago_sim/models/Dining Table/model.config
[2.995s] -- Installing: /Bt/install/tiago_sim/share/tiago_sim/models/Dining Table/thumbnails
[2.995s] -- Installing: /Bt/install/tiago_sim/share/tiago_sim/models/Dining Table/thumbnails/DiningTable.png
[2.996s] -- Installing: /Bt/install/tiago_sim/share/tiago_sim/models/Dining Table/meshes
[2.996s] -- Installing: /Bt/install/tiago_sim/share/tiago_sim/models/Dining Table/meshes/diningtable.dae
[2.998s] -- Installing: /Bt/install/tiago_sim/share/tiago_sim/models/Dining Table/model.sdf
[2.999s] -- Installing: /Bt/install/tiago_sim/share/tiago_sim/models/Dining Table/materials
[2.999s] -- Installing: /Bt/install/tiago_sim/share/tiago_sim/models/Dining Table/materials/textures
[2.999s] -- Installing: /Bt/install/tiago_sim/share/tiago_sim/models/Dining Table/materials/textures/Wood_Normal.png
[3.094s] -- Installing: /Bt/install/tiago_sim/share/tiago_sim/models/Dining Table/materials/textures/Wood_Roughness.png
[3.209s] -- Installing: /Bt/install/tiago_sim/share/tiago_sim/models/Dining Table/materials/textures/Wood_Albedo.png
[3.324s] -- Installing: /Bt/install/tiago_sim/share/tiago_sim/models/Bathroom
[3.324s] -- Installing: /Bt/install/tiago_sim/share/tiago_sim/models/Bathroom/BathroomSink
[3.324s] -- Installing: /Bt/install/tiago_sim/share/tiago_sim/models/Bathroom/BathroomSink/model.config
[3.343s] -- Installing: /Bt/install/tiago_sim/share/tiago_sim/models/Bathroom/BathroomSink/thumbnails
[3.343s] -- Installing: /Bt/install/tiago_sim/share/tiago_sim/models/Bathroom/BathroomSink/thumbnails/3.png
[3.343s] -- Installing: /Bt/install/tiago_sim/share/tiago_sim/models/Bathroom/BathroomSink/thumbnails/5.png
[3.343s] -- Installing: /Bt/install/tiago_sim/share/tiago_sim/models/Bathroom/BathroomSink/thumbnails/4.png
[3.344s] -- Installing: /Bt/install/tiago_sim/share/tiago_sim/models/Bathroom/BathroomSink/thumbnails/2.png
[3.346s] -- Installing: /Bt/install/tiago_sim/share/tiago_sim/models/Bathroom/BathroomSink/thumbnails/1.png
[3.347s] -- Installing: /Bt/install/tiago_sim/share/tiago_sim/models/Bathroom/BathroomSink/meshes
[3.347s] -- Installing: /Bt/install/tiago_sim/share/tiago_sim/models/Bathroom/BathroomSink/meshes/BathroomSink_Metal.png
[3.347s] -- Installing: /Bt/install/tiago_sim/share/tiago_sim/models/Bathroom/BathroomSink/meshes/BathroomSink_Col.obj
[3.347s] -- Installing: /Bt/install/tiago_sim/share/tiago_sim/models/Bathroom/BathroomSink/meshes/BathroomSink.mtl
[3.348s] -- Installing: /Bt/install/tiago_sim/share/tiago_sim/models/Bathroom/BathroomSink/meshes/BathroomSink_Col.mtl
[3.349s] -- Installing: /Bt/install/tiago_sim/share/tiago_sim/models/Bathroom/BathroomSink/meshes/BathroomSink.obj
[3.352s] -- Installing: /Bt/install/tiago_sim/share/tiago_sim/models/Bathroom/BathroomSink/meshes/BathroomSink_Rough.png
[3.352s] -- Installing: /Bt/install/tiago_sim/share/tiago_sim/models/Bathroom/BathroomSink/meshes/BathroomSink_Diffuse.png
[3.353s] -- Installing: /Bt/install/tiago_sim/share/tiago_sim/models/Bathroom/BathroomSink/model.sdf
[3.353s] -- Installing: /Bt/install/tiago_sim/share/tiago_sim/models/Bathroom/Bathtub
[3.353s] -- Installing: /Bt/install/tiago_sim/share/tiago_sim/models/Bathroom/Bathtub/model.config
[3.364s] -- Installing: /Bt/install/tiago_sim/share/tiago_sim/models/Bathroom/Bathtub/thumbnails
[3.364s] -- Installing: /Bt/install/tiago_sim/share/tiago_sim/models/Bathroom/Bathtub/thumbnails/Bathtub.png
[3.388s] -- Installing: /Bt/install/tiago_sim/share/tiago_sim/models/Bathroom/Bathtub/meshes
[3.388s] -- Installing: /Bt/install/tiago_sim/share/tiago_sim/models/Bathroom/Bathtub/meshes/bathtub.dae
[3.434s] -- Installing: /Bt/install/tiago_sim/share/tiago_sim/models/Bathroom/Bathtub/model.sdf
[3.434s] -- Installing: /Bt/install/tiago_sim/share/tiago_sim/models/Bathroom/Bathtub/materials
[3.434s] -- Installing: /Bt/install/tiago_sim/share/tiago_sim/models/Bathroom/Bathtub/materials/textures
[3.435s] -- Installing: /Bt/install/tiago_sim/share/tiago_sim/models/Bathroom/Bathtub/materials/textures/Bathtub_Normal.png
[3.581s] -- Installing: /Bt/install/tiago_sim/share/tiago_sim/models/Bathroom/Bathtub/materials/textures/Bathtub_Roughness.jpg
[3.628s] -- Installing: /Bt/install/tiago_sim/share/tiago_sim/models/Bathroom/Bathtub/materials/textures/Bathtub_Albedo.jpg
[3.654s] -- Installing: /Bt/install/tiago_sim/share/tiago_sim/models/Bathroom/Bathtub/materials/textures/Bathtub_Metalness.jpg
[3.694s] -- Installing: /Bt/install/tiago_sim/share/tiago_sim/models/tv_65in_emissive
[3.695s] -- Installing: /Bt/install/tiago_sim/share/tiago_sim/models/tv_65in_emissive/material
[3.696s] -- Installing: /Bt/install/tiago_sim/share/tiago_sim/models/tv_65in_emissive/material/textures
[3.696s] -- Installing: /Bt/install/tiago_sim/share/tiago_sim/models/tv_65in_emissive/material/textures/tv_65in_maldives_909x541.jpg
[3.716s] -- Installing: /Bt/install/tiago_sim/share/tiago_sim/models/tv_65in_emissive/material/script
[3.716s] -- Installing: /Bt/install/tiago_sim/share/tiago_sim/models/tv_65in_emissive/material/script/tv_emissive.material
[3.736s] -- Installing: /Bt/install/tiago_sim/share/tiago_sim/models/tv_65in_emissive/model.config
[3.737s] -- Installing: /Bt/install/tiago_sim/share/tiago_sim/models/tv_65in_emissive/thumbnails
[3.737s] -- Installing: /Bt/install/tiago_sim/share/tiago_sim/models/tv_65in_emissive/thumbnails/1.png
[3.738s] -- Installing: /Bt/install/tiago_sim/share/tiago_sim/models/tv_65in_emissive/model.sdf
[3.738s] -- Installing: /Bt/install/tiago_sim/share/tiago_sim/models/desk
[3.739s] -- Installing: /Bt/install/tiago_sim/share/tiago_sim/models/desk/model.config
[3.751s] -- Installing: /Bt/install/tiago_sim/share/tiago_sim/models/desk/model.sdf
[3.756s] -- Installing: /Bt/install/tiago_sim/share/tiago_sim/models/Oven
[3.756s] -- Installing: /Bt/install/tiago_sim/share/tiago_sim/models/Oven/model.config
[3.762s] -- Installing: /Bt/install/tiago_sim/share/tiago_sim/models/Oven/thumbnails
[3.763s] -- Installing: /Bt/install/tiago_sim/share/tiago_sim/models/Oven/thumbnails/Oven.png
[3.773s] -- Installing: /Bt/install/tiago_sim/share/tiago_sim/models/Oven/meshes
[3.774s] -- Installing: /Bt/install/tiago_sim/share/tiago_sim/models/Oven/meshes/oven.dae
[3.819s] -- Installing: /Bt/install/tiago_sim/share/tiago_sim/models/Oven/model.sdf
[3.820s] -- Installing: /Bt/install/tiago_sim/share/tiago_sim/models/Oven/materials
[3.820s] -- Installing: /Bt/install/tiago_sim/share/tiago_sim/models/Oven/materials/textures
[3.823s] -- Installing: /Bt/install/tiago_sim/share/tiago_sim/models/Oven/materials/textures/Oven_Roughness.png
[3.874s] -- Installing: /Bt/install/tiago_sim/share/tiago_sim/models/Oven/materials/textures/Oven_Albedo.png
[3.918s] -- Installing: /Bt/install/tiago_sim/share/tiago_sim/models/Oven/materials/textures/Glass.png
[3.918s] -- Installing: /Bt/install/tiago_sim/share/tiago_sim/models/Oven/materials/textures/Oven_Normal.png
[3.938s] -- Installing: /Bt/install/tiago_sim/share/tiago_sim/models/Oven/materials/textures/Oven_Metalness.png
[3.939s] -- Installing: /Bt/install/tiago_sim/share/tiago_sim/models/Bed
[3.939s] -- Installing: /Bt/install/tiago_sim/share/tiago_sim/models/Bed/model.config
[3.971s] -- Installing: /Bt/install/tiago_sim/share/tiago_sim/models/Bed/thumbnails
[3.971s] -- Installing: /Bt/install/tiago_sim/share/tiago_sim/models/Bed/thumbnails/Bed.png
[4.002s] -- Installing: /Bt/install/tiago_sim/share/tiago_sim/models/Bed/meshes
[4.002s] -- Installing: /Bt/install/tiago_sim/share/tiago_sim/models/Bed/meshes/bed.dae
[4.047s] -- Installing: /Bt/install/tiago_sim/share/tiago_sim/models/Bed/model.sdf
[4.047s] -- Installing: /Bt/install/tiago_sim/share/tiago_sim/models/Bed/materials
[4.048s] -- Installing: /Bt/install/tiago_sim/share/tiago_sim/models/Bed/materials/textures
[4.048s] -- Installing: /Bt/install/tiago_sim/share/tiago_sim/models/Bed/materials/textures/Bed_Albedo.png
[4.571s] -- Installing: /Bt/install/tiago_sim/share/tiago_sim/models/Bed/materials/textures/Bed_Normal.png
[5.203s] -- Installing: /Bt/install/tiago_sim/share/tiago_sim/models/Bed/materials/textures/Bed_Roughness.png
[5.474s] -- Installing: /Bt/install/tiago_sim/share/tiago_sim/models/Shower
[5.474s] -- Installing: /Bt/install/tiago_sim/share/tiago_sim/models/Shower/model.config
[5.523s] -- Installing: /Bt/install/tiago_sim/share/tiago_sim/models/Shower/thumbnails
[5.523s] -- Installing: /Bt/install/tiago_sim/share/tiago_sim/models/Shower/thumbnails/3.png
[5.523s] -- Installing: /Bt/install/tiago_sim/share/tiago_sim/models/Shower/thumbnails/5.png
[5.528s] -- Installing: /Bt/install/tiago_sim/share/tiago_sim/models/Shower/thumbnails/4.png
[5.534s] -- Installing: /Bt/install/tiago_sim/share/tiago_sim/models/Shower/thumbnails/2.png
[5.536s] -- Installing: /Bt/install/tiago_sim/share/tiago_sim/models/Shower/thumbnails/1.png
[5.536s] -- Installing: /Bt/install/tiago_sim/share/tiago_sim/models/Shower/meshes
[5.536s] -- Installing: /Bt/install/tiago_sim/share/tiago_sim/models/Shower/meshes/Shower.mtl
[5.542s] -- Installing: /Bt/install/tiago_sim/share/tiago_sim/models/Shower/meshes/Shower.obj
[5.557s] -- Installing: /Bt/install/tiago_sim/share/tiago_sim/models/Shower/meshes/ShowerDiffuse.png
[5.580s] -- Installing: /Bt/install/tiago_sim/share/tiago_sim/models/Shower/model.sdf
[5.584s] -- Installing: /Bt/install/tiago_sim/share/tiago_sim/models/OfficeChairBlue
[5.584s] -- Installing: /Bt/install/tiago_sim/share/tiago_sim/models/OfficeChairBlue/model.config
[5.600s] -- Installing: /Bt/install/tiago_sim/share/tiago_sim/models/OfficeChairBlue/thumbnails
[5.600s] -- Installing: /Bt/install/tiago_sim/share/tiago_sim/models/OfficeChairBlue/thumbnails/3.png
[5.601s] -- Installing: /Bt/install/tiago_sim/share/tiago_sim/models/OfficeChairBlue/thumbnails/5.png
[5.601s] -- Installing: /Bt/install/tiago_sim/share/tiago_sim/models/OfficeChairBlue/thumbnails/4.png
[5.602s] -- Installing: /Bt/install/tiago_sim/share/tiago_sim/models/OfficeChairBlue/thumbnails/meta
[5.602s] -- Installing: /Bt/install/tiago_sim/share/tiago_sim/models/OfficeChairBlue/thumbnails/meta/3.png
[5.613s] -- Installing: /Bt/install/tiago_sim/share/tiago_sim/models/OfficeChairBlue/thumbnails/meta/5.png
[5.616s] -- Installing: /Bt/install/tiago_sim/share/tiago_sim/models/OfficeChairBlue/thumbnails/meta/4.png
[5.617s] -- Installing: /Bt/install/tiago_sim/share/tiago_sim/models/OfficeChairBlue/thumbnails/meta/2.png
[5.617s] -- Installing: /Bt/install/tiago_sim/share/tiago_sim/models/OfficeChairBlue/thumbnails/meta/1.png
[5.618s] -- Installing: /Bt/install/tiago_sim/share/tiago_sim/models/OfficeChairBlue/thumbnails/2.png
[5.619s] -- Installing: /Bt/install/tiago_sim/share/tiago_sim/models/OfficeChairBlue/thumbnails/1.png
[5.623s] -- Installing: /Bt/install/tiago_sim/share/tiago_sim/models/OfficeChairBlue/meshes
[5.623s] -- Installing: /Bt/install/tiago_sim/share/tiago_sim/models/OfficeChairBlue/meshes/OfficeChairBlue.png
[5.637s] -- Installing: /Bt/install/tiago_sim/share/tiago_sim/models/OfficeChairBlue/meshes/OfficeChairBlue_Col.obj
[5.641s] -- Installing: /Bt/install/tiago_sim/share/tiago_sim/models/OfficeChairBlue/meshes/OfficeChairBlue.obj
[5.659s] -- Installing: /Bt/install/tiago_sim/share/tiago_sim/models/OfficeChairBlue/meshes/OfficeChairBlue.mtl
[5.659s] -- Installing: /Bt/install/tiago_sim/share/tiago_sim/models/OfficeChairBlue/meshes/OfficeChairBlue_Col.mtl
[5.663s] -- Installing: /Bt/install/tiago_sim/share/tiago_sim/models/OfficeChairBlue/model.sdf
[5.663s] -- Installing: /Bt/install/tiago_sim/share/tiago_sim/models/LampAndStand
[5.666s] -- Installing: /Bt/install/tiago_sim/share/tiago_sim/models/LampAndStand/model.config
[5.680s] -- Installing: /Bt/install/tiago_sim/share/tiago_sim/models/LampAndStand/thumbnails
[5.680s] -- Installing: /Bt/install/tiago_sim/share/tiago_sim/models/LampAndStand/thumbnails/3.png
[5.725s] -- Installing: /Bt/install/tiago_sim/share/tiago_sim/models/LampAndStand/thumbnails/5.png
[5.840s] -- Installing: /Bt/install/tiago_sim/share/tiago_sim/models/LampAndStand/thumbnails/4.png
[5.855s] -- Installing: /Bt/install/tiago_sim/share/tiago_sim/models/LampAndStand/thumbnails/2.png
[5.856s] -- Installing: /Bt/install/tiago_sim/share/tiago_sim/models/LampAndStand/thumbnails/1.png
[5.857s] -- Installing: /Bt/install/tiago_sim/share/tiago_sim/models/LampAndStand/meshes
[5.857s] -- Installing: /Bt/install/tiago_sim/share/tiago_sim/models/LampAndStand/meshes/LampAndStand.obj
[5.858s] -- Installing: /Bt/install/tiago_sim/share/tiago_sim/models/LampAndStand/meshes/LampAndStand_Col.obj
[5.867s] -- Installing: /Bt/install/tiago_sim/share/tiago_sim/models/LampAndStand/meshes/LampAndStand.mtl
[5.869s] -- Installing: /Bt/install/tiago_sim/share/tiago_sim/models/LampAndStand/meshes/LampAndStand_Diffuse.png
[5.981s] -- Installing: /Bt/install/tiago_sim/share/tiago_sim/models/LampAndStand/meshes/LampAndStand_Col.mtl
[5.990s] -- Installing: /Bt/install/tiago_sim/share/tiago_sim/models/LampAndStand/model.sdf
[5.992s] -- Installing: /Bt/install/tiago_sim/share/tiago_sim/models/Drawer
[5.992s] -- Installing: /Bt/install/tiago_sim/share/tiago_sim/models/Drawer/model.config
[6.016s] -- Installing: /Bt/install/tiago_sim/share/tiago_sim/models/Drawer/thumbnails
[6.016s] -- Installing: /Bt/install/tiago_sim/share/tiago_sim/models/Drawer/thumbnails/3.png
[6.034s] -- Installing: /Bt/install/tiago_sim/share/tiago_sim/models/Drawer/thumbnails/5.png
[6.041s] -- Installing: /Bt/install/tiago_sim/share/tiago_sim/models/Drawer/thumbnails/4.png
[6.045s] -- Installing: /Bt/install/tiago_sim/share/tiago_sim/models/Drawer/thumbnails/2.png
[6.064s] -- Installing: /Bt/install/tiago_sim/share/tiago_sim/models/Drawer/thumbnails/1.png
[6.065s] -- Installing: /Bt/install/tiago_sim/share/tiago_sim/models/Drawer/meshes
[6.065s] -- Installing: /Bt/install/tiago_sim/share/tiago_sim/models/Drawer/meshes/Drawer.png
[6.065s] -- Installing: /Bt/install/tiago_sim/share/tiago_sim/models/Drawer/meshes/Drawer.mtl
[6.065s] -- Installing: /Bt/install/tiago_sim/share/tiago_sim/models/Drawer/meshes/Drawer.obj
[6.065s] -- Installing: /Bt/install/tiago_sim/share/tiago_sim/models/Drawer/meshes/Drawer_Col.obj
[6.066s] -- Installing: /Bt/install/tiago_sim/share/tiago_sim/models/Drawer/model.sdf
[6.066s] -- Installing: /Bt/install/tiago_sim/share/tiago_sim/models/TrashBin
[6.066s] -- Installing: /Bt/install/tiago_sim/share/tiago_sim/models/TrashBin/model.config
[6.085s] -- Installing: /Bt/install/tiago_sim/share/tiago_sim/models/TrashBin/thumbnails
[6.087s] -- Installing: /Bt/install/tiago_sim/share/tiago_sim/models/TrashBin/thumbnails/3.png
[6.126s] -- Installing: /Bt/install/tiago_sim/share/tiago_sim/models/TrashBin/thumbnails/5.png
[6.223s] -- Installing: /Bt/install/tiago_sim/share/tiago_sim/models/TrashBin/thumbnails/4.png
[6.233s] -- Installing: /Bt/install/tiago_sim/share/tiago_sim/models/TrashBin/thumbnails/2.png
[6.253s] -- Installing: /Bt/install/tiago_sim/share/tiago_sim/models/TrashBin/thumbnails/1.png
[6.262s] -- Installing: /Bt/install/tiago_sim/share/tiago_sim/models/TrashBin/meshes
[6.262s] -- Installing: /Bt/install/tiago_sim/share/tiago_sim/models/TrashBin/meshes/TrashBin.mtl
[6.262s] -- Installing: /Bt/install/tiago_sim/share/tiago_sim/models/TrashBin/meshes/TrashBin_Diffuse.png
[6.285s] -- Installing: /Bt/install/tiago_sim/share/tiago_sim/models/TrashBin/meshes/TrashBin.obj
[6.285s] -- Installing: /Bt/install/tiago_sim/share/tiago_sim/models/TrashBin/model.sdf
[6.285s] -- Installing: /Bt/install/tiago_sim/share/tiago_sim/models/Calphalon_Kitchen_Essentials_12_Cast_Iron_Fry_Pan_Black
[6.286s] -- Installing: /Bt/install/tiago_sim/share/tiago_sim/models/Calphalon_Kitchen_Essentials_12_Cast_Iron_Fry_Pan_Black/model.config
[6.311s] -- Installing: /Bt/install/tiago_sim/share/tiago_sim/models/Calphalon_Kitchen_Essentials_12_Cast_Iron_Fry_Pan_Black/thumbnails
[6.311s] -- Installing: /Bt/install/tiago_sim/share/tiago_sim/models/Calphalon_Kitchen_Essentials_12_Cast_Iron_Fry_Pan_Black/thumbnails/2.jpg
[6.315s] -- Installing: /Bt/install/tiago_sim/share/tiago_sim/models/Calphalon_Kitchen_Essentials_12_Cast_Iron_Fry_Pan_Black/thumbnails/4.jpg
[6.321s] -- Installing: /Bt/install/tiago_sim/share/tiago_sim/models/Calphalon_Kitchen_Essentials_12_Cast_Iron_Fry_Pan_Black/thumbnails/3.jpg
[6.323s] -- Installing: /Bt/install/tiago_sim/share/tiago_sim/models/Calphalon_Kitchen_Essentials_12_Cast_Iron_Fry_Pan_Black/thumbnails/0.jpg
[6.324s] -- Installing: /Bt/install/tiago_sim/share/tiago_sim/models/Calphalon_Kitchen_Essentials_12_Cast_Iron_Fry_Pan_Black/thumbnails/1.jpg
[6.324s] -- Installing: /Bt/install/tiago_sim/share/tiago_sim/models/Calphalon_Kitchen_Essentials_12_Cast_Iron_Fry_Pan_Black/meshes
[6.324s] -- Installing: /Bt/install/tiago_sim/share/tiago_sim/models/Calphalon_Kitchen_Essentials_12_Cast_Iron_Fry_Pan_Black/meshes/model.mtl
[6.325s] -- Installing: /Bt/install/tiago_sim/share/tiago_sim/models/Calphalon_Kitchen_Essentials_12_Cast_Iron_Fry_Pan_Black/meshes/model.obj
[6.368s] -- Installing: /Bt/install/tiago_sim/share/tiago_sim/models/Calphalon_Kitchen_Essentials_12_Cast_Iron_Fry_Pan_Black/model.sdf
[6.372s] -- Installing: /Bt/install/tiago_sim/share/tiago_sim/models/Calphalon_Kitchen_Essentials_12_Cast_Iron_Fry_Pan_Black/metadata.pbtxt
[6.372s] -- Installing: /Bt/install/tiago_sim/share/tiago_sim/models/Calphalon_Kitchen_Essentials_12_Cast_Iron_Fry_Pan_Black/materials
[6.372s] -- Installing: /Bt/install/tiago_sim/share/tiago_sim/models/Calphalon_Kitchen_Essentials_12_Cast_Iron_Fry_Pan_Black/materials/textures
[6.372s] -- Installing: /Bt/install/tiago_sim/share/tiago_sim/models/Calphalon_Kitchen_Essentials_12_Cast_Iron_Fry_Pan_Black/materials/textures/texture.png
[6.643s] -- Installing: /Bt/install/tiago_sim/share/tiago_sim/models/charger
[6.644s] -- Installing: /Bt/install/tiago_sim/share/tiago_sim/models/charger/model.config
[6.675s] -- Installing: /Bt/install/tiago_sim/share/tiago_sim/models/charger/model.sdf
[6.680s] -- Installing: /Bt/install/tiago_sim/share/tiago_sim/models/MiniSofa
[6.680s] -- Installing: /Bt/install/tiago_sim/share/tiago_sim/models/MiniSofa/model.config
[6.690s] -- Installing: /Bt/install/tiago_sim/share/tiago_sim/models/MiniSofa/thumbnails
[6.690s] -- Installing: /Bt/install/tiago_sim/share/tiago_sim/models/MiniSofa/thumbnails/3.png
[6.728s] -- Installing: /Bt/install/tiago_sim/share/tiago_sim/models/MiniSofa/thumbnails/5.png
[6.758s] -- Installing: /Bt/install/tiago_sim/share/tiago_sim/models/MiniSofa/thumbnails/4.png
[6.785s] -- Installing: /Bt/install/tiago_sim/share/tiago_sim/models/MiniSofa/thumbnails/2.png
[6.894s] -- Installing: /Bt/install/tiago_sim/share/tiago_sim/models/MiniSofa/thumbnails/1.png
[6.959s] -- Installing: /Bt/install/tiago_sim/share/tiago_sim/models/MiniSofa/meshes
[6.960s] -- Installing: /Bt/install/tiago_sim/share/tiago_sim/models/MiniSofa/meshes/minisofa.obj
[6.991s] -- Installing: /Bt/install/tiago_sim/share/tiago_sim/models/MiniSofa/meshes/MiniSofa_Diffuse.png
[7.141s] -- Installing: /Bt/install/tiago_sim/share/tiago_sim/models/MiniSofa/meshes/minisofa.mtl
[7.147s] -- Installing: /Bt/install/tiago_sim/share/tiago_sim/models/MiniSofa/model.sdf
[7.167s] -- Installing: /Bt/install/tiago_sim/share/tiago_sim/models/Refrigerator
[7.167s] -- Installing: /Bt/install/tiago_sim/share/tiago_sim/models/Refrigerator/model.config
[7.285s] -- Installing: /Bt/install/tiago_sim/share/tiago_sim/models/Refrigerator/thumbnails
[7.285s] -- Installing: /Bt/install/tiago_sim/share/tiago_sim/models/Refrigerator/thumbnails/Fridge.png
[7.628s] -- Installing: /Bt/install/tiago_sim/share/tiago_sim/models/Refrigerator/meshes
[7.629s] -- Installing: /Bt/install/tiago_sim/share/tiago_sim/models/Refrigerator/meshes/fridge.dae
[7.690s] -- Installing: /Bt/install/tiago_sim/share/tiago_sim/models/Refrigerator/model.sdf
[7.722s] -- Installing: /Bt/install/tiago_sim/share/tiago_sim/models/Refrigerator/materials
[7.722s] -- Installing: /Bt/install/tiago_sim/share/tiago_sim/models/Refrigerator/materials/textures
[7.723s] -- Installing: /Bt/install/tiago_sim/share/tiago_sim/models/Refrigerator/materials/textures/Fridge_Roughness.jpg
[7.823s] -- Installing: /Bt/install/tiago_sim/share/tiago_sim/models/Refrigerator/materials/textures/Fridge_Albedo.jpg
[7.957s] -- Installing: /Bt/install/tiago_sim/share/tiago_sim/models/Refrigerator/materials/textures/Fridge_Metalness.jpg
[8.119s] -- Installing: /Bt/install/tiago_sim/share/tiago_sim/models/Refrigerator/materials/textures/Fridge_Normal.png
[8.504s] -- Installing: /Bt/install/tiago_sim/share/tiago_sim/models/KitchenCountertop
[8.504s] -- Installing: /Bt/install/tiago_sim/share/tiago_sim/models/KitchenCountertop/model.config
[8.534s] -- Installing: /Bt/install/tiago_sim/share/tiago_sim/models/KitchenCountertop/thumbnails
[8.534s] -- Installing: /Bt/install/tiago_sim/share/tiago_sim/models/KitchenCountertop/thumbnails/3.png
[8.564s] -- Installing: /Bt/install/tiago_sim/share/tiago_sim/models/KitchenCountertop/thumbnails/5.png
[8.571s] -- Installing: /Bt/install/tiago_sim/share/tiago_sim/models/KitchenCountertop/thumbnails/4.png
[8.582s] -- Installing: /Bt/install/tiago_sim/share/tiago_sim/models/KitchenCountertop/thumbnails/2.png
[8.584s] -- Installing: /Bt/install/tiago_sim/share/tiago_sim/models/KitchenCountertop/thumbnails/1.png
[8.599s] -- Installing: /Bt/install/tiago_sim/share/tiago_sim/models/KitchenCountertop/meshes
[8.599s] -- Installing: /Bt/install/tiago_sim/share/tiago_sim/models/KitchenCountertop/meshes/KitchenCountertop.obj
[8.669s] -- Installing: /Bt/install/tiago_sim/share/tiago_sim/models/KitchenCountertop/meshes/KitchenCountertop_Diffuse.png
[9.271s] -- Installing: /Bt/install/tiago_sim/share/tiago_sim/models/KitchenCountertop/meshes/KitchenCountertop.mtl
[9.329s] -- Installing: /Bt/install/tiago_sim/share/tiago_sim/models/KitchenCountertop/model.sdf
[9.388s] -- Installing: /Bt/install/tiago_sim/share/tiago_sim/models/Office Desk
[9.389s] -- Installing: /Bt/install/tiago_sim/share/tiago_sim/models/Office Desk/model.config
[9.430s] -- Installing: /Bt/install/tiago_sim/share/tiago_sim/models/Office Desk/thumbnails
[9.431s] -- Installing: /Bt/install/tiago_sim/share/tiago_sim/models/Office Desk/thumbnails/Desk.png
[9.666s] -- Installing: /Bt/install/tiago_sim/share/tiago_sim/models/Office Desk/meshes
[9.669s] -- Installing: /Bt/install/tiago_sim/share/tiago_sim/models/Office Desk/meshes/desk.dae
[9.801s] -- Installing: /Bt/install/tiago_sim/share/tiago_sim/models/Office Desk/model.sdf
[9.821s] -- Installing: /Bt/install/tiago_sim/share/tiago_sim/models/Office Desk/materials
[9.821s] -- Installing: /Bt/install/tiago_sim/share/tiago_sim/models/Office Desk/materials/textures
[9.822s] -- Installing: /Bt/install/tiago_sim/share/tiago_sim/models/Office Desk/materials/textures/Desk_Albedo.png
[9.904s] -- Installing: /Bt/install/tiago_sim/share/tiago_sim/models/Office Desk/materials/textures/Desk_Normal.png
[9.956s] -- Installing: /Bt/install/tiago_sim/share/tiago_sim/models/Office Desk/materials/textures/Desk_Roughness.png
[10.036s] -- Installing: /Bt/install/tiago_sim/share/tiago_sim/models/Standard Toilet
[10.036s] -- Installing: /Bt/install/tiago_sim/share/tiago_sim/models/Standard Toilet/model.config
[10.069s] -- Installing: /Bt/install/tiago_sim/share/tiago_sim/models/Standard Toilet/thumbnails
[10.069s] -- Installing: /Bt/install/tiago_sim/share/tiago_sim/models/Standard Toilet/thumbnails/Toilet.png
[10.186s] -- Installing: /Bt/install/tiago_sim/share/tiago_sim/models/Standard Toilet/meshes
[10.187s] -- Installing: /Bt/install/tiago_sim/share/tiago_sim/models/Standard Toilet/meshes/toilet.dae
[10.331s] -- Installing: /Bt/install/tiago_sim/share/tiago_sim/models/Standard Toilet/model.sdf
[10.337s] -- Installing: /Bt/install/tiago_sim/share/tiago_sim/models/Standard Toilet/materials
[10.337s] -- Installing: /Bt/install/tiago_sim/share/tiago_sim/models/Standard Toilet/materials/textures
[10.337s] -- Installing: /Bt/install/tiago_sim/share/tiago_sim/models/Standard Toilet/materials/textures/Toilet_Metalness.png
[10.360s] -- Installing: /Bt/install/tiago_sim/share/tiago_sim/models/Standard Toilet/materials/textures/Toilet_Normal.png
[10.473s] -- Installing: /Bt/install/tiago_sim/share/tiago_sim/models/Standard Toilet/materials/textures/Toilet_Roughness.png
[10.476s] -- Installing: /Bt/install/tiago_sim/share/tiago_sim/models/Standard Toilet/materials/textures/Toilet_Albedo.png
[10.495s] -- Installing: /Bt/install/tiago_sim/share/tiago_sim/models/first_2015_trash_can
[10.495s] -- Installing: /Bt/install/tiago_sim/share/tiago_sim/models/first_2015_trash_can/model.config
[10.512s] -- Installing: /Bt/install/tiago_sim/share/tiago_sim/models/first_2015_trash_can/thumbnails
[10.512s] -- Installing: /Bt/install/tiago_sim/share/tiago_sim/models/first_2015_trash_can/thumbnails/3.png
[10.527s] -- Installing: /Bt/install/tiago_sim/share/tiago_sim/models/first_2015_trash_can/thumbnails/5.png
[10.528s] -- Installing: /Bt/install/tiago_sim/share/tiago_sim/models/first_2015_trash_can/thumbnails/4.png
[10.535s] -- Installing: /Bt/install/tiago_sim/share/tiago_sim/models/first_2015_trash_can/thumbnails/2.png
[10.543s] -- Installing: /Bt/install/tiago_sim/share/tiago_sim/models/first_2015_trash_can/thumbnails/1.png
[10.550s] -- Installing: /Bt/install/tiago_sim/share/tiago_sim/models/first_2015_trash_can/meshes
[10.551s] -- Installing: /Bt/install/tiago_sim/share/tiago_sim/models/first_2015_trash_can/meshes/trash_can.dae
[10.570s] -- Installing: /Bt/install/tiago_sim/share/tiago_sim/models/first_2015_trash_can/model.sdf
[10.571s] -- Installing: /Bt/install/tiago_sim/share/tiago_sim/models/BedsideTable2
[10.571s] -- Installing: /Bt/install/tiago_sim/share/tiago_sim/models/BedsideTable2/model.config
[10.612s] -- Installing: /Bt/install/tiago_sim/share/tiago_sim/models/BedsideTable2/thumbnails
[10.612s] -- Installing: /Bt/install/tiago_sim/share/tiago_sim/models/BedsideTable2/thumbnails/3.png
[10.643s] -- Installing: /Bt/install/tiago_sim/share/tiago_sim/models/BedsideTable2/thumbnails/5.png
[10.671s] -- Installing: /Bt/install/tiago_sim/share/tiago_sim/models/BedsideTable2/thumbnails/4.png
[10.703s] -- Installing: /Bt/install/tiago_sim/share/tiago_sim/models/BedsideTable2/thumbnails/2.png
[10.731s] -- Installing: /Bt/install/tiago_sim/share/tiago_sim/models/BedsideTable2/thumbnails/1.png
[10.895s] -- Installing: /Bt/install/tiago_sim/share/tiago_sim/models/BedsideTable2/meshes
[10.895s] -- Installing: /Bt/install/tiago_sim/share/tiago_sim/models/BedsideTable2/meshes/BedsideTable2_Col.obj
[10.916s] -- Installing: /Bt/install/tiago_sim/share/tiago_sim/models/BedsideTable2/meshes/BedsideTable2.png
[10.960s] -- Installing: /Bt/install/tiago_sim/share/tiago_sim/models/BedsideTable2/meshes/BedsideTable2.obj
[10.961s] -- Installing: /Bt/install/tiago_sim/share/tiago_sim/models/BedsideTable2/meshes/BedsideTable2.mtl
[10.962s] -- Installing: /Bt/install/tiago_sim/share/tiago_sim/models/BedsideTable2/meshes/BedsideTable2_Col.mtl
[10.962s] -- Installing: /Bt/install/tiago_sim/share/tiago_sim/models/BedsideTable2/model.sdf
[10.962s] -- Installing: /Bt/install/tiago_sim/share/tiago_sim/models/Sofa
[10.963s] -- Installing: /Bt/install/tiago_sim/share/tiago_sim/models/Sofa/model.config
[10.985s] -- Installing: /Bt/install/tiago_sim/share/tiago_sim/models/Sofa/thumbnails
[10.985s] -- Installing: /Bt/install/tiago_sim/share/tiago_sim/models/Sofa/thumbnails/3.png
[10.994s] -- Installing: /Bt/install/tiago_sim/share/tiago_sim/models/Sofa/thumbnails/5.png
[11.027s] -- Installing: /Bt/install/tiago_sim/share/tiago_sim/models/Sofa/thumbnails/4.png
[11.048s] -- Installing: /Bt/install/tiago_sim/share/tiago_sim/models/Sofa/thumbnails/2.png
[11.055s] -- Installing: /Bt/install/tiago_sim/share/tiago_sim/models/Sofa/thumbnails/1.png
[11.103s] -- Installing: /Bt/install/tiago_sim/share/tiago_sim/models/Sofa/meshes
[11.103s] -- Installing: /Bt/install/tiago_sim/share/tiago_sim/models/Sofa/meshes/Sofa.obj
[11.128s] -- Installing: /Bt/install/tiago_sim/share/tiago_sim/models/Sofa/meshes/SofaDiffuse.png
[11.145s] -- Installing: /Bt/install/tiago_sim/share/tiago_sim/models/Sofa/meshes/Sofa.mtl
[11.145s] -- Installing: /Bt/install/tiago_sim/share/tiago_sim/models/Sofa/model.sdf
[11.148s] -- Installing: /Bt/install/tiago_sim/share/tiago_sim/models/Box1
[11.148s] -- Installing: /Bt/install/tiago_sim/share/tiago_sim/models/Box1/model.config
[11.176s] -- Installing: /Bt/install/tiago_sim/share/tiago_sim/models/Box1/meshes
[11.176s] -- Installing: /Bt/install/tiago_sim/share/tiago_sim/models/Box1/meshes/Box1.png
[11.181s] -- Installing: /Bt/install/tiago_sim/share/tiago_sim/models/Box1/meshes/Black.png
[11.181s] -- Installing: /Bt/install/tiago_sim/share/tiago_sim/models/Box1/meshes/Box1.dae
[11.182s] -- Installing: /Bt/install/tiago_sim/share/tiago_sim/models/Box1/meshes/Box1_mod.dae
[11.182s] -- Installing: /Bt/install/tiago_sim/share/tiago_sim/models/Box1/Box1.sdf
[11.196s] -- Installing: /Bt/install/tiago_sim/share/tiago_sim/models/Box1/materials
[11.196s] -- Installing: /Bt/install/tiago_sim/share/tiago_sim/models/Box1/materials/textures
[11.196s] -- Installing: /Bt/install/tiago_sim/share/tiago_sim/models/Box1/materials/textures/Box1.png
[11.197s] -- Installing: /Bt/install/tiago_sim/share/tiago_sim/models/Dining Chair
[11.197s] -- Installing: /Bt/install/tiago_sim/share/tiago_sim/models/Dining Chair/model.config
[11.219s] -- Installing: /Bt/install/tiago_sim/share/tiago_sim/models/Dining Chair/thumbnails
[11.220s] -- Installing: /Bt/install/tiago_sim/share/tiago_sim/models/Dining Chair/thumbnails/DiningChair.png
[11.246s] -- Installing: /Bt/install/tiago_sim/share/tiago_sim/models/Dining Chair/meshes
[11.246s] -- Installing: /Bt/install/tiago_sim/share/tiago_sim/models/Dining Chair/meshes/diningchair.dae
[11.294s] -- Installing: /Bt/install/tiago_sim/share/tiago_sim/models/Dining Chair/model.sdf
[11.294s] -- Installing: /Bt/install/tiago_sim/share/tiago_sim/models/Dining Chair/materials
[11.294s] -- Installing: /Bt/install/tiago_sim/share/tiago_sim/models/Dining Chair/materials/textures
[11.295s] -- Installing: /Bt/install/tiago_sim/share/tiago_sim/models/Dining Chair/materials/textures/DiningChair_Normal.jpg
[11.374s] -- Installing: /Bt/install/tiago_sim/share/tiago_sim/models/Dining Chair/materials/textures/DiningChair_Roughness.jpg
[11.461s] -- Installing: /Bt/install/tiago_sim/share/tiago_sim/models/Dining Chair/materials/textures/DiningChair_Albedo.jpg
[11.533s] -- Installing: /Bt/install/tiago_sim/share/tiago_sim/models/NormalBed
[11.533s] -- Installing: /Bt/install/tiago_sim/share/tiago_sim/models/NormalBed/model.config
[11.563s] -- Installing: /Bt/install/tiago_sim/share/tiago_sim/models/NormalBed/thumbnails
[11.564s] -- Installing: /Bt/install/tiago_sim/share/tiago_sim/models/NormalBed/thumbnails/3.png
[11.585s] -- Installing: /Bt/install/tiago_sim/share/tiago_sim/models/NormalBed/thumbnails/5.png
[11.587s] -- Installing: /Bt/install/tiago_sim/share/tiago_sim/models/NormalBed/thumbnails/4.png
[11.606s] -- Installing: /Bt/install/tiago_sim/share/tiago_sim/models/NormalBed/thumbnails/2.png
[11.619s] -- Installing: /Bt/install/tiago_sim/share/tiago_sim/models/NormalBed/thumbnails/1.png
[11.624s] -- Installing: /Bt/install/tiago_sim/share/tiago_sim/models/NormalBed/meshes
[11.624s] -- Installing: /Bt/install/tiago_sim/share/tiago_sim/models/NormalBed/meshes/bed.png
[11.629s] -- Installing: /Bt/install/tiago_sim/share/tiago_sim/models/NormalBed/meshes/bed.mtl
[11.635s] -- Installing: /Bt/install/tiago_sim/share/tiago_sim/models/NormalBed/meshes/bed.obj
[11.646s] -- Installing: /Bt/install/tiago_sim/share/tiago_sim/models/NormalBed/model.sdf
[11.650s] -- Installing: /Bt/install/tiago_sim/share/tiago_sim/models/rug_ivory_2m
[11.650s] -- Installing: /Bt/install/tiago_sim/share/tiago_sim/models/rug_ivory_2m/material
[11.651s] -- Installing: /Bt/install/tiago_sim/share/tiago_sim/models/rug_ivory_2m/material/textures
[11.651s] -- Installing: /Bt/install/tiago_sim/share/tiago_sim/models/rug_ivory_2m/material/textures/rug_ivory_469x588.png
[11.736s] -- Installing: /Bt/install/tiago_sim/share/tiago_sim/models/rug_ivory_2m/material/script
[11.736s] -- Installing: /Bt/install/tiago_sim/share/tiago_sim/models/rug_ivory_2m/material/script/rug_ivory_2m.material
[11.756s] -- Installing: /Bt/install/tiago_sim/share/tiago_sim/models/rug_ivory_2m/model.config
[11.756s] -- Installing: /Bt/install/tiago_sim/share/tiago_sim/models/rug_ivory_2m/thumbnails
[11.756s] -- Installing: /Bt/install/tiago_sim/share/tiago_sim/models/rug_ivory_2m/thumbnails/1.png
[11.856s] -- Installing: /Bt/install/tiago_sim/share/tiago_sim/models/rug_ivory_2m/model.sdf
[11.874s] -- Installing: /Bt/install/tiago_sim/share/tiago_sim/models/SquareShelf
[11.874s] -- Installing: /Bt/install/tiago_sim/share/tiago_sim/models/SquareShelf/model.config
[11.892s] -- Installing: /Bt/install/tiago_sim/share/tiago_sim/models/SquareShelf/thumbnails
[11.892s] -- Installing: /Bt/install/tiago_sim/share/tiago_sim/models/SquareShelf/thumbnails/3.png
[11.898s] -- Installing: /Bt/install/tiago_sim/share/tiago_sim/models/SquareShelf/thumbnails/5.png
[11.913s] -- Installing: /Bt/install/tiago_sim/share/tiago_sim/models/SquareShelf/thumbnails/4.png
[11.926s] -- Installing: /Bt/install/tiago_sim/share/tiago_sim/models/SquareShelf/thumbnails/2.png
[11.935s] -- Installing: /Bt/install/tiago_sim/share/tiago_sim/models/SquareShelf/thumbnails/1.png
[11.935s] -- Installing: /Bt/install/tiago_sim/share/tiago_sim/models/SquareShelf/meshes
[11.935s] -- Installing: /Bt/install/tiago_sim/share/tiago_sim/models/SquareShelf/meshes/SquareShelf_Diffuse.png
[11.967s] -- Installing: /Bt/install/tiago_sim/share/tiago_sim/models/SquareShelf/meshes/SquareShelf_Col.mtl
[11.975s] -- Installing: /Bt/install/tiago_sim/share/tiago_sim/models/SquareShelf/meshes/SquareShelf.obj
[11.975s] -- Installing: /Bt/install/tiago_sim/share/tiago_sim/models/SquareShelf/meshes/SquareShelf.mtl
[11.977s] -- Installing: /Bt/install/tiago_sim/share/tiago_sim/models/SquareShelf/meshes/SquareShelf_Col.obj
[11.983s] -- Installing: /Bt/install/tiago_sim/share/tiago_sim/models/SquareShelf/model.sdf
[11.983s] -- Installing: /Bt/install/tiago_sim/share/tiago_sim/models/Box3
[11.983s] -- Installing: /Bt/install/tiago_sim/share/tiago_sim/models/Box3/Box3.sdf
[11.983s] -- Installing: /Bt/install/tiago_sim/share/tiago_sim/models/Box3/model.config
[11.996s] -- Installing: /Bt/install/tiago_sim/share/tiago_sim/models/Box3/meshes
[11.996s] -- Installing: /Bt/install/tiago_sim/share/tiago_sim/models/Box3/meshes/Box3.png
[12.004s] -- Installing: /Bt/install/tiago_sim/share/tiago_sim/models/Box3/meshes/Box3.dae
[12.005s] -- Installing: /Bt/install/tiago_sim/share/tiago_sim/models/Box3/meshes/Black.png
[12.016s] -- Installing: /Bt/install/tiago_sim/share/tiago_sim/models/Box3/meshes/Box3_mod.dae
[12.033s] -- Installing: /Bt/install/tiago_sim/share/tiago_sim/models/Box3/materials
[12.033s] -- Installing: /Bt/install/tiago_sim/share/tiago_sim/models/Box3/materials/textures
[12.034s] -- Installing: /Bt/install/tiago_sim/share/tiago_sim/models/Box3/materials/textures/Box3.png
[12.034s] -- Installing: /Bt/install/tiago_sim/share/tiago_sim/models/walls
[12.034s] -- Installing: /Bt/install/tiago_sim/share/tiago_sim/models/walls/model.config
[12.058s] -- Installing: /Bt/install/tiago_sim/share/tiago_sim/models/walls/model.sdf
[12.062s] -- Installing: /Bt/install/tiago_sim/share/tiago_sim/models/BathroomSink
[12.062s] -- Installing: /Bt/install/tiago_sim/share/tiago_sim/models/BathroomSink/model.config
[12.079s] -- Installing: /Bt/install/tiago_sim/share/tiago_sim/models/BathroomSink/thumbnails
[12.080s] -- Installing: /Bt/install/tiago_sim/share/tiago_sim/models/BathroomSink/thumbnails/3.png
[12.080s] -- Installing: /Bt/install/tiago_sim/share/tiago_sim/models/BathroomSink/thumbnails/5.png
[12.081s] -- Installing: /Bt/install/tiago_sim/share/tiago_sim/models/BathroomSink/thumbnails/4.png
[12.083s] -- Installing: /Bt/install/tiago_sim/share/tiago_sim/models/BathroomSink/thumbnails/2.png
[12.107s] -- Installing: /Bt/install/tiago_sim/share/tiago_sim/models/BathroomSink/thumbnails/1.png
[12.129s] -- Installing: /Bt/install/tiago_sim/share/tiago_sim/models/BathroomSink/meshes
[12.129s] -- Installing: /Bt/install/tiago_sim/share/tiago_sim/models/BathroomSink/meshes/BathroomSink_Metal.png
[12.159s] -- Installing: /Bt/install/tiago_sim/share/tiago_sim/models/BathroomSink/meshes/BathroomSink_Col.obj
[12.191s] -- Installing: /Bt/install/tiago_sim/share/tiago_sim/models/BathroomSink/meshes/BathroomSink.mtl
[12.193s] -- Installing: /Bt/install/tiago_sim/share/tiago_sim/models/BathroomSink/meshes/BathroomSink_Col.mtl
[12.193s] -- Installing: /Bt/install/tiago_sim/share/tiago_sim/models/BathroomSink/meshes/BathroomSink.obj
[12.193s] -- Installing: /Bt/install/tiago_sim/share/tiago_sim/models/BathroomSink/meshes/BathroomSink_Rough.png
[12.193s] -- Installing: /Bt/install/tiago_sim/share/tiago_sim/models/BathroomSink/meshes/BathroomSink_Diffuse.png
[12.195s] -- Installing: /Bt/install/tiago_sim/share/tiago_sim/models/BathroomSink/model.sdf
[12.202s] -- Installing: /Bt/install/tiago_sim/share/tiago_sim/models/Fridge
[12.202s] -- Installing: /Bt/install/tiago_sim/share/tiago_sim/models/Fridge/model.config
[12.248s] -- Installing: /Bt/install/tiago_sim/share/tiago_sim/models/Fridge/thumbnails
[12.248s] -- Installing: /Bt/install/tiago_sim/share/tiago_sim/models/Fridge/thumbnails/3.png
[12.284s] -- Installing: /Bt/install/tiago_sim/share/tiago_sim/models/Fridge/thumbnails/5.png
[12.303s] -- Installing: /Bt/install/tiago_sim/share/tiago_sim/models/Fridge/thumbnails/4.png
[12.303s] -- Installing: /Bt/install/tiago_sim/share/tiago_sim/models/Fridge/thumbnails/2.png
[12.307s] -- Installing: /Bt/install/tiago_sim/share/tiago_sim/models/Fridge/thumbnails/1.png
[12.308s] -- Installing: /Bt/install/tiago_sim/share/tiago_sim/models/Fridge/meshes
[12.309s] -- Installing: /Bt/install/tiago_sim/share/tiago_sim/models/Fridge/meshes/Fridge.mtl
[12.309s] -- Installing: /Bt/install/tiago_sim/share/tiago_sim/models/Fridge/meshes/Fridge_Col.obj
[12.316s] -- Installing: /Bt/install/tiago_sim/share/tiago_sim/models/Fridge/meshes/Fridge_Diffuse.png
[12.422s] -- Installing: /Bt/install/tiago_sim/share/tiago_sim/models/Fridge/meshes/Fridge_Col.mtl
[12.435s] -- Installing: /Bt/install/tiago_sim/share/tiago_sim/models/Fridge/meshes/Fridge.obj
[12.435s] -- Installing: /Bt/install/tiago_sim/share/tiago_sim/models/Fridge/model.sdf
[12.436s] -- Installing: /Bt/install/tiago_sim/share/tiago_sim/models/table
[12.436s] -- Installing: /Bt/install/tiago_sim/share/tiago_sim/models/table/model.config
[12.448s] -- Installing: /Bt/install/tiago_sim/share/tiago_sim/models/table/model.sdf
[12.451s] -- Installing: /Bt/install/tiago_sim/share/tiago_sim/models/counter
[12.452s] -- Installing: /Bt/install/tiago_sim/share/tiago_sim/models/counter/model.config
[12.491s] -- Installing: /Bt/install/tiago_sim/share/tiago_sim/models/counter/model.sdf
[12.498s] -- Installing: /Bt/install/tiago_sim/share/tiago_sim/models/Office Chair
[12.498s] -- Installing: /Bt/install/tiago_sim/share/tiago_sim/models/Office Chair/model.config
[12.519s] -- Installing: /Bt/install/tiago_sim/share/tiago_sim/models/Office Chair/thumbnails
[12.521s] -- Installing: /Bt/install/tiago_sim/share/tiago_sim/models/Office Chair/thumbnails/OfficeChair.png
[12.884s] -- Installing: /Bt/install/tiago_sim/share/tiago_sim/models/Office Chair/meshes
[12.884s] -- Installing: /Bt/install/tiago_sim/share/tiago_sim/models/Office Chair/meshes/officechair.dae
[13.271s] -- Installing: /Bt/install/tiago_sim/share/tiago_sim/models/Office Chair/model.sdf
[13.291s] -- Installing: /Bt/install/tiago_sim/share/tiago_sim/models/Office Chair/materials
[13.291s] -- Installing: /Bt/install/tiago_sim/share/tiago_sim/models/Office Chair/materials/textures
[13.291s] -- Installing: /Bt/install/tiago_sim/share/tiago_sim/models/Office Chair/materials/textures/OfficeChair_Normal.png
[14.378s] -- Installing: /Bt/install/tiago_sim/share/tiago_sim/models/Office Chair/materials/textures/OfficeChair_Albedo.png
[14.714s] -- Installing: /Bt/install/tiago_sim/share/tiago_sim/models/Office Chair/materials/textures/OfficeChair_Roughness.png
[14.865s] -- Installing: /Bt/install/tiago_sim/share/tiago_sim/models/Office Chair/materials/textures/OfficeChair_Metalness.png
[14.882s] -- Installing: /Bt/install/tiago_sim/share/tiago_sim/models/Box2
[14.883s] -- Installing: /Bt/install/tiago_sim/share/tiago_sim/models/Box2/model.config
[14.897s] -- Installing: /Bt/install/tiago_sim/share/tiago_sim/models/Box2/meshes
[14.897s] -- Installing: /Bt/install/tiago_sim/share/tiago_sim/models/Box2/meshes/Black.png
[14.913s] -- Installing: /Bt/install/tiago_sim/share/tiago_sim/models/Box2/meshes/Box2_mod.dae
[14.913s] -- Installing: /Bt/install/tiago_sim/share/tiago_sim/models/Box2/meshes/Box2.dae
[14.916s] -- Installing: /Bt/install/tiago_sim/share/tiago_sim/models/Box2/meshes/Box2.png
[14.917s] -- Installing: /Bt/install/tiago_sim/share/tiago_sim/models/Box2/Box2.sdf
[15.062s] -- Installing: /Bt/install/tiago_sim/share/tiago_sim/models/Box2/materials
[15.062s] -- Installing: /Bt/install/tiago_sim/share/tiago_sim/models/Box2/materials/textures
[15.062s] -- Installing: /Bt/install/tiago_sim/share/tiago_sim/models/Box2/materials/textures/Box2.png
[15.062s] -- Installing: /Bt/install/tiago_sim/share/tiago_sim/models/Coffee Maker
[15.066s] -- Installing: /Bt/install/tiago_sim/share/tiago_sim/models/Coffee Maker/model.config
[15.087s] -- Installing: /Bt/install/tiago_sim/share/tiago_sim/models/Coffee Maker/thumbnails
[15.087s] -- Installing: /Bt/install/tiago_sim/share/tiago_sim/models/Coffee Maker/thumbnails/3.png
[15.117s] -- Installing: /Bt/install/tiago_sim/share/tiago_sim/models/Coffee Maker/thumbnails/5.png
[15.118s] -- Installing: /Bt/install/tiago_sim/share/tiago_sim/models/Coffee Maker/thumbnails/4.png
[15.123s] -- Installing: /Bt/install/tiago_sim/share/tiago_sim/models/Coffee Maker/thumbnails/2.png
[15.124s] -- Installing: /Bt/install/tiago_sim/share/tiago_sim/models/Coffee Maker/thumbnails/1.png
[15.128s] -- Installing: /Bt/install/tiago_sim/share/tiago_sim/models/Coffee Maker/meshes
[15.128s] -- Installing: /Bt/install/tiago_sim/share/tiago_sim/models/Coffee Maker/meshes/coffee_maker.mtl
[15.130s] -- Installing: /Bt/install/tiago_sim/share/tiago_sim/models/Coffee Maker/meshes/coffee_maker.obj
[15.134s] -- Installing: /Bt/install/tiago_sim/share/tiago_sim/models/Coffee Maker/model.sdf
[15.138s] -- Installing: /Bt/install/tiago_sim/share/tiago_sim/models/Coffee Maker/materials
[15.139s] -- Installing: /Bt/install/tiago_sim/share/tiago_sim/models/Coffee Maker/materials/textures
[15.139s] -- Installing: /Bt/install/tiago_sim/share/tiago_sim/models/Coffee Maker/materials/textures/coffee_maker.png
[15.181s] -- Installing: /Bt/install/tiago_sim/share/tiago_sim/models/coke_can
[15.181s] -- Installing: /Bt/install/tiago_sim/share/tiago_sim/models/coke_can/model.config
[15.198s] -- Installing: /Bt/install/tiago_sim/share/tiago_sim/models/coke_can/model-1_4.sdf
[15.212s] -- Installing: /Bt/install/tiago_sim/share/tiago_sim/models/coke_can/thumbnails
[15.212s] -- Installing: /Bt/install/tiago_sim/share/tiago_sim/models/coke_can/thumbnails/3.png
[15.228s] -- Installing: /Bt/install/tiago_sim/share/tiago_sim/models/coke_can/thumbnails/5.png
[15.311s] -- Installing: /Bt/install/tiago_sim/share/tiago_sim/models/coke_can/thumbnails/4.png
[15.344s] -- Installing: /Bt/install/tiago_sim/share/tiago_sim/models/coke_can/thumbnails/2.png
[15.389s] -- Installing: /Bt/install/tiago_sim/share/tiago_sim/models/coke_can/thumbnails/1.png
[15.414s] -- Installing: /Bt/install/tiago_sim/share/tiago_sim/models/coke_can/meshes
[15.415s] -- Installing: /Bt/install/tiago_sim/share/tiago_sim/models/coke_can/meshes/coke_can.dae
[15.463s] -- Installing: /Bt/install/tiago_sim/share/tiago_sim/models/coke_can/model-1_2.sdf
[15.463s] -- Installing: /Bt/install/tiago_sim/share/tiago_sim/models/coke_can/model.sdf
[15.464s] -- Installing: /Bt/install/tiago_sim/share/tiago_sim/models/coke_can/materials
[15.464s] -- Installing: /Bt/install/tiago_sim/share/tiago_sim/models/coke_can/materials/textures
[15.464s] -- Installing: /Bt/install/tiago_sim/share/tiago_sim/models/coke_can/materials/textures/coke_can.png
[15.521s] -- Installing: /Bt/install/tiago_sim/share/tiago_sim/models/coke_can/model-1_3.sdf
[15.522s] -- Installing: /Bt/install/tiago_sim/share/tiago_sim/models/water
[15.522s] -- Installing: /Bt/install/tiago_sim/share/tiago_sim/models/water/model.config
[15.537s] -- Installing: /Bt/install/tiago_sim/share/tiago_sim/models/water/model.sdf
[15.546s] -- Installing: /Bt/install/tiago_sim/share/tiago_sim/models/FoodCourtTable1
[15.546s] -- Installing: /Bt/install/tiago_sim/share/tiago_sim/models/FoodCourtTable1/model.config
[15.547s] -- Installing: /Bt/install/tiago_sim/share/tiago_sim/models/FoodCourtTable1/thumbnails
[15.547s] -- Installing: /Bt/install/tiago_sim/share/tiago_sim/models/FoodCourtTable1/thumbnails/3.png
[15.559s] -- Installing: /Bt/install/tiago_sim/share/tiago_sim/models/FoodCourtTable1/thumbnails/5.png
[15.568s] -- Installing: /Bt/install/tiago_sim/share/tiago_sim/models/FoodCourtTable1/thumbnails/4.png
[15.577s] -- Installing: /Bt/install/tiago_sim/share/tiago_sim/models/FoodCourtTable1/thumbnails/2.png
[15.581s] -- Installing: /Bt/install/tiago_sim/share/tiago_sim/models/FoodCourtTable1/thumbnails/1.png
[15.587s] -- Installing: /Bt/install/tiago_sim/share/tiago_sim/models/FoodCourtTable1/meshes
[15.587s] -- Installing: /Bt/install/tiago_sim/share/tiago_sim/models/FoodCourtTable1/meshes/FoodCourtTable1_Col.mtl
[15.587s] -- Installing: /Bt/install/tiago_sim/share/tiago_sim/models/FoodCourtTable1/meshes/FoodCourtTable1.obj
[15.592s] -- Installing: /Bt/install/tiago_sim/share/tiago_sim/models/FoodCourtTable1/meshes/FoodCourtTable1_Col.obj
[15.592s] -- Installing: /Bt/install/tiago_sim/share/tiago_sim/models/FoodCourtTable1/meshes/FoodCourtTable1.mtl
[15.592s] -- Installing: /Bt/install/tiago_sim/share/tiago_sim/models/FoodCourtTable1/meshes/FoodCourtTable1_Metal.png
[15.597s] -- Installing: /Bt/install/tiago_sim/share/tiago_sim/models/FoodCourtTable1/meshes/FoodCourtTable1_Rough.png
[15.609s] -- Installing: /Bt/install/tiago_sim/share/tiago_sim/models/FoodCourtTable1/meshes/FoodCourtTable1_Diffuse.png
[15.627s] -- Installing: /Bt/install/tiago_sim/share/tiago_sim/models/FoodCourtTable1/meshes/FoodCourtTable1_Normal.png
[15.646s] -- Installing: /Bt/install/tiago_sim/share/tiago_sim/models/FoodCourtTable1/model.sdf
[15.647s] -- Installing: /Bt/install/tiago_sim/share/tiago_sim/models/toilet_paper
[15.648s] -- Installing: /Bt/install/tiago_sim/share/tiago_sim/models/toilet_paper/model.config
[15.668s] -- Installing: /Bt/install/tiago_sim/share/tiago_sim/models/toilet_paper/thumbnails
[15.669s] -- Installing: /Bt/install/tiago_sim/share/tiago_sim/models/toilet_paper/thumbnails/1.png
[15.689s] -- Installing: /Bt/install/tiago_sim/share/tiago_sim/models/toilet_paper/model.sdf
[15.689s] -- Installing: /Bt/install/tiago_sim/share/tiago_sim/models/Bathtub
[15.689s] -- Installing: /Bt/install/tiago_sim/share/tiago_sim/models/Bathtub/model.config
[15.704s] -- Installing: /Bt/install/tiago_sim/share/tiago_sim/models/Bathtub/thumbnails
[15.705s] -- Installing: /Bt/install/tiago_sim/share/tiago_sim/models/Bathtub/thumbnails/Bathtub.png
[15.778s] -- Installing: /Bt/install/tiago_sim/share/tiago_sim/models/Bathtub/meshes
[15.778s] -- Installing: /Bt/install/tiago_sim/share/tiago_sim/models/Bathtub/meshes/bathtub.dae
[15.809s] -- Installing: /Bt/install/tiago_sim/share/tiago_sim/models/Bathtub/model.sdf
[15.809s] -- Installing: /Bt/install/tiago_sim/share/tiago_sim/models/Bathtub/materials
[15.809s] -- Installing: /Bt/install/tiago_sim/share/tiago_sim/models/Bathtub/materials/textures
[15.810s] -- Installing: /Bt/install/tiago_sim/share/tiago_sim/models/Bathtub/materials/textures/Bathtub_Normal.png
[16.350s] -- Installing: /Bt/install/tiago_sim/share/tiago_sim/models/Bathtub/materials/textures/Bathtub_Roughness.jpg
[16.635s] -- Installing: /Bt/install/tiago_sim/share/tiago_sim/models/Bathtub/materials/textures/Bathtub_Albedo.jpg
[16.781s] -- Installing: /Bt/install/tiago_sim/share/tiago_sim/models/Bathtub/materials/textures/Bathtub_Metalness.jpg
[16.975s] -- Installing: /Bt/install/tiago_sim/share/tiago_sim/models/Toilet
[16.976s] -- Installing: /Bt/install/tiago_sim/share/tiago_sim/models/Toilet/model.config
[16.997s] -- Installing: /Bt/install/tiago_sim/share/tiago_sim/models/Toilet/thumbnails
[16.998s] -- Installing: /Bt/install/tiago_sim/share/tiago_sim/models/Toilet/thumbnails/3.png
[16.998s] -- Installing: /Bt/install/tiago_sim/share/tiago_sim/models/Toilet/thumbnails/5.png
[16.999s] -- Installing: /Bt/install/tiago_sim/share/tiago_sim/models/Toilet/thumbnails/4.png
[17.000s] -- Installing: /Bt/install/tiago_sim/share/tiago_sim/models/Toilet/thumbnails/2.png
[17.001s] -- Installing: /Bt/install/tiago_sim/share/tiago_sim/models/Toilet/thumbnails/1.png
[17.002s] -- Installing: /Bt/install/tiago_sim/share/tiago_sim/models/Toilet/meshes
[17.002s] -- Installing: /Bt/install/tiago_sim/share/tiago_sim/models/Toilet/meshes/toilet.mtl
[17.002s] -- Installing: /Bt/install/tiago_sim/share/tiago_sim/models/Toilet/meshes/toilet.obj
[17.003s] -- Installing: /Bt/install/tiago_sim/share/tiago_sim/models/Toilet/model.sdf
[17.004s] -- Installing: /Bt/install/tiago_sim/share/tiago_sim/models/apple
[17.004s] -- Installing: /Bt/install/tiago_sim/share/tiago_sim/models/apple/model.config
[17.025s] -- Installing: /Bt/install/tiago_sim/share/tiago_sim/models/apple/model.sdf
[17.025s] -- Installing: /Bt/install/tiago_sim/share/tiago_sim/models/WhiteCabinet
[17.026s] -- Installing: /Bt/install/tiago_sim/share/tiago_sim/models/WhiteCabinet/model.config
[17.030s] -- Installing: /Bt/install/tiago_sim/share/tiago_sim/models/WhiteCabinet/thumbnails
[17.030s] -- Installing: /Bt/install/tiago_sim/share/tiago_sim/models/WhiteCabinet/thumbnails/3.png
[17.039s] -- Installing: /Bt/install/tiago_sim/share/tiago_sim/models/WhiteCabinet/thumbnails/5.png
[17.040s] -- Installing: /Bt/install/tiago_sim/share/tiago_sim/models/WhiteCabinet/thumbnails/4.png
[17.040s] -- Installing: /Bt/install/tiago_sim/share/tiago_sim/models/WhiteCabinet/thumbnails/2.png
[17.062s] -- Installing: /Bt/install/tiago_sim/share/tiago_sim/models/WhiteCabinet/thumbnails/1.png
[17.063s] -- Installing: /Bt/install/tiago_sim/share/tiago_sim/models/WhiteCabinet/meshes
[17.063s] -- Installing: /Bt/install/tiago_sim/share/tiago_sim/models/WhiteCabinet/meshes/WhiteCabinet.obj
[17.066s] -- Installing: /Bt/install/tiago_sim/share/tiago_sim/models/WhiteCabinet/meshes/WhiteCabinet.mtl
[17.066s] -- Installing: /Bt/install/tiago_sim/share/tiago_sim/models/WhiteCabinet/meshes/WhiteCabinet.png
[17.074s] -- Installing: /Bt/install/tiago_sim/share/tiago_sim/models/WhiteCabinet/model.sdf
[17.079s] -- Installing: /Bt/install/tiago_sim/share/tiago_sim/models/TVStand
[17.080s] -- Installing: /Bt/install/tiago_sim/share/tiago_sim/models/TVStand/model.config
[17.080s] -- Installing: /Bt/install/tiago_sim/share/tiago_sim/models/TVStand/thumbnails
[17.081s] -- Installing: /Bt/install/tiago_sim/share/tiago_sim/models/TVStand/thumbnails/3.png
[17.081s] -- Installing: /Bt/install/tiago_sim/share/tiago_sim/models/TVStand/thumbnails/5.png
[17.081s] -- Installing: /Bt/install/tiago_sim/share/tiago_sim/models/TVStand/thumbnails/4.png
[17.081s] -- Installing: /Bt/install/tiago_sim/share/tiago_sim/models/TVStand/thumbnails/2.png
[17.083s] -- Installing: /Bt/install/tiago_sim/share/tiago_sim/models/TVStand/thumbnails/1.png
[17.083s] -- Installing: /Bt/install/tiago_sim/share/tiago_sim/models/TVStand/meshes
[17.083s] -- Installing: /Bt/install/tiago_sim/share/tiago_sim/models/TVStand/meshes/TVStand.mtl
[17.083s] -- Installing: /Bt/install/tiago_sim/share/tiago_sim/models/TVStand/meshes/TVStand_Diffuse.png
[17.105s] -- Installing: /Bt/install/tiago_sim/share/tiago_sim/models/TVStand/meshes/TVStand_Col.mtl
[17.106s] -- Installing: /Bt/install/tiago_sim/share/tiago_sim/models/TVStand/meshes/TVStand_Col.obj
[17.106s] -- Installing: /Bt/install/tiago_sim/share/tiago_sim/models/TVStand/meshes/TVStand.obj
[17.108s] -- Installing: /Bt/install/tiago_sim/share/tiago_sim/models/TVStand/model.sdf
[17.109s] -- Installing: /Bt/install/tiago_sim/share/tiago_sim/models/banana
[17.109s] -- Installing: /Bt/install/tiago_sim/share/tiago_sim/models/banana/model.config
[17.110s] -- Installing: /Bt/install/tiago_sim/share/tiago_sim/models/banana/model.sdf
[17.112s] -- Installing: /Bt/install/tiago_sim/share/tiago_sim/worlds
[17.112s] -- Installing: /Bt/install/tiago_sim/share/tiago_sim/worlds/test_world.sdf
[17.125s] -- Installing: /Bt/install/tiago_sim/share/tiago_sim/worlds/world.sdf
[17.149s] -- Installing: /Bt/install/tiago_sim/share/tiago_sim/scripts
[17.149s] -- Installing: /Bt/install/tiago_sim/share/tiago_sim/scripts/fetch_models.sh
[17.178s] -- Installing: /Bt/install/tiago_sim/share/ament_index/resource_index/package_run_dependencies/tiago_sim
[17.178s] -- Installing: /Bt/install/tiago_sim/share/ament_index/resource_index/parent_prefix_path/tiago_sim
[17.184s] -- Installing: /Bt/install/tiago_sim/share/tiago_sim/environment/ament_prefix_path.sh
[17.184s] -- Installing: /Bt/install/tiago_sim/share/tiago_sim/environment/ament_prefix_path.dsv
[17.184s] -- Installing: /Bt/install/tiago_sim/share/tiago_sim/environment/path.sh
[17.184s] -- Installing: /Bt/install/tiago_sim/share/tiago_sim/environment/path.dsv
[17.185s] -- Installing: /Bt/install/tiago_sim/share/tiago_sim/local_setup.bash
[17.185s] -- Installing: /Bt/install/tiago_sim/share/tiago_sim/local_setup.sh
[17.189s] -- Installing: /Bt/install/tiago_sim/share/tiago_sim/local_setup.zsh
[17.189s] -- Installing: /Bt/install/tiago_sim/share/tiago_sim/local_setup.dsv
[17.189s] -- Installing: /Bt/install/tiago_sim/share/tiago_sim/package.dsv
[17.195s] -- Installing: /Bt/install/tiago_sim/share/ament_index/resource_index/packages/tiago_sim
[17.195s] -- Installing: /Bt/install/tiago_sim/share/tiago_sim/cmake/tiago_simConfig.cmake
[17.195s] -- Installing: /Bt/install/tiago_sim/share/tiago_sim/cmake/tiago_simConfig-version.cmake
[17.196s] -- Installing: /Bt/install/tiago_sim/share/tiago_sim/package.xml
[17.222s] Invoked command in '/Bt/build/tiago_sim' returned '0': CMAKE_PREFIX_PATH=${CMAKE_PREFIX_PATH}:/opt/ros/jazzy:/Bt/install/yolo_ros:/Bt/install/ros2_aruco:/Bt/install/launch_pal:/Bt/install/grab2_curobo_planner /usr/bin/cmake --install /Bt/build/tiago_sim
