[0.656s] Invoking command in '/Bt/build/pal_maps': CMAKE_PREFIX_PATH=${CMAKE_PREFIX_PATH}:/Bt/install/yolo_ros:/Bt/install/ros2_aruco:/Bt/install/launch_pal:/Bt/install/grab2_curobo_planner:/opt/ros/jazzy /usr/bin/cmake --build /Bt/build/pal_maps -- -j8 -l8
[0.932s] Invoked command in '/Bt/build/pal_maps' returned '0': CMAKE_PREFIX_PATH=${CMAKE_PREFIX_PATH}:/Bt/install/yolo_ros:/Bt/install/ros2_aruco:/Bt/install/launch_pal:/Bt/install/grab2_curobo_planner:/opt/ros/jazzy /usr/bin/cmake --build /Bt/build/pal_maps -- -j8 -l8
[0.936s] Invoking command in '/Bt/build/pal_maps': CMAKE_PREFIX_PATH=${CMAKE_PREFIX_PATH}:/Bt/install/yolo_ros:/Bt/install/ros2_aruco:/Bt/install/launch_pal:/Bt/install/grab2_curobo_planner:/opt/ros/jazzy /usr/bin/cmake --install /Bt/build/pal_maps
[1.050s] -- Install configuration: ""
[1.051s] -- Up-to-date: /Bt/install/pal_maps/share/pal_maps/maps
[1.052s] -- Up-to-date: /Bt/install/pal_maps/share/pal_maps/maps/obstacle_avoidance_world
[1.052s] -- Up-to-date: /Bt/install/pal_maps/share/pal_maps/maps/obstacle_avoidance_world/map.yaml
[1.053s] -- Up-to-date: /Bt/install/pal_maps/share/pal_maps/maps/obstacle_avoidance_world/map.pgm
[1.053s] -- Up-to-date: /Bt/install/pal_maps/share/pal_maps/maps/pal_office_7th_floor
[1.053s] -- Up-to-date: /Bt/install/pal_maps/share/pal_maps/maps/pal_office_7th_floor/map.yaml
[1.053s] -- Up-to-date: /Bt/install/pal_maps/share/pal_maps/maps/pal_office_7th_floor/map.pgm
[1.053s] -- Up-to-date: /Bt/install/pal_maps/share/pal_maps/maps/corridor_85cm
[1.055s] -- Up-to-date: /Bt/install/pal_maps/share/pal_maps/maps/corridor_85cm/map.yaml
[1.056s] -- Up-to-date: /Bt/install/pal_maps/share/pal_maps/maps/corridor_85cm/map.pgm
[1.056s] -- Up-to-date: /Bt/install/pal_maps/share/pal_maps/maps/home
[1.056s] -- Up-to-date: /Bt/install/pal_maps/share/pal_maps/maps/home/map.yaml
[1.057s] -- Up-to-date: /Bt/install/pal_maps/share/pal_maps/maps/home/map.pgm
[1.058s] -- Up-to-date: /Bt/install/pal_maps/share/pal_maps/maps/pal_office
[1.058s] -- Up-to-date: /Bt/install/pal_maps/share/pal_maps/maps/pal_office/map.yaml
[1.059s] -- Up-to-date: /Bt/install/pal_maps/share/pal_maps/maps/pal_office/map.pgm
[1.059s] -- Up-to-date: /Bt/install/pal_maps/share/pal_maps/maps/corridor_95cm
[1.059s] -- Up-to-date: /Bt/install/pal_maps/share/pal_maps/maps/corridor_95cm/map.yaml
[1.060s] -- Up-to-date: /Bt/install/pal_maps/share/pal_maps/maps/corridor_95cm/map.pgm
[1.061s] -- Up-to-date: /Bt/install/pal_maps/share/pal_maps/maps/hospital_with_aruco
[1.061s] -- Up-to-date: /Bt/install/pal_maps/share/pal_maps/maps/hospital_with_aruco/map.yaml
[1.061s] -- Up-to-date: /Bt/install/pal_maps/share/pal_maps/maps/hospital_with_aruco/map.pgm
[1.062s] -- Up-to-date: /Bt/install/pal_maps/share/pal_maps/maps/small_warehouse
[1.063s] -- Up-to-date: /Bt/install/pal_maps/share/pal_maps/maps/small_warehouse/map.yaml
[1.063s] -- Up-to-date: /Bt/install/pal_maps/share/pal_maps/maps/small_warehouse/map.pgm
[1.063s] -- Up-to-date: /Bt/install/pal_maps/share/pal_maps/maps/corridor_110cm
[1.064s] -- Up-to-date: /Bt/install/pal_maps/share/pal_maps/maps/corridor_110cm/map.yaml
[1.064s] -- Up-to-date: /Bt/install/pal_maps/share/pal_maps/maps/corridor_110cm/map.pgm
[1.065s] -- Up-to-date: /Bt/install/pal_maps/share/pal_maps/maps/hospital
[1.065s] -- Up-to-date: /Bt/install/pal_maps/share/pal_maps/maps/hospital/map.yaml
[1.065s] -- Up-to-date: /Bt/install/pal_maps/share/pal_maps/maps/hospital/map.pgm
[1.065s] -- Up-to-date: /Bt/install/pal_maps/share/pal_maps/maps/dynamic_obstacle_avoidance_world
[1.066s] -- Up-to-date: /Bt/install/pal_maps/share/pal_maps/maps/dynamic_obstacle_avoidance_world/map.yaml
[1.067s] -- Up-to-date: /Bt/install/pal_maps/share/pal_maps/maps/dynamic_obstacle_avoidance_world/map.pgm
[1.067s] -- Up-to-date: /Bt/install/pal_maps/share/pal_maps/maps/roscon_es_25
[1.067s] -- Up-to-date: /Bt/install/pal_maps/share/pal_maps/maps/roscon_es_25/map.yaml
[1.068s] -- Up-to-date: /Bt/install/pal_maps/share/pal_maps/maps/roscon_es_25/map.pgm
[1.068s] -- Up-to-date: /Bt/install/pal_maps/share/pal_maps/maps/willow_garage
[1.068s] -- Up-to-date: /Bt/install/pal_maps/share/pal_maps/maps/willow_garage/map.yaml
[1.069s] -- Up-to-date: /Bt/install/pal_maps/share/pal_maps/maps/willow_garage/map.pgm
[1.069s] -- Up-to-date: /Bt/install/pal_maps/share/pal_maps/maps/small_office
[1.070s] -- Up-to-date: /Bt/install/pal_maps/share/pal_maps/maps/small_office/map.yaml
[1.070s] -- Up-to-date: /Bt/install/pal_maps/share/pal_maps/maps/small_office/map.pgm
[1.070s] -- Up-to-date: /Bt/install/pal_maps/share/pal_maps/maps/small_house
[1.071s] -- Up-to-date: /Bt/install/pal_maps/share/pal_maps/maps/small_house/map.yaml
[1.071s] -- Up-to-date: /Bt/install/pal_maps/share/pal_maps/maps/small_house/map.pgm
[1.071s] -- Up-to-date: /Bt/install/pal_maps/share/ament_index/resource_index/package_run_dependencies/pal_maps
[1.072s] -- Up-to-date: /Bt/install/pal_maps/share/ament_index/resource_index/parent_prefix_path/pal_maps
[1.072s] -- Up-to-date: /Bt/install/pal_maps/share/pal_maps/environment/ament_prefix_path.sh
[1.073s] -- Up-to-date: /Bt/install/pal_maps/share/pal_maps/environment/ament_prefix_path.dsv
[1.073s] -- Up-to-date: /Bt/install/pal_maps/share/pal_maps/environment/path.sh
[1.073s] -- Up-to-date: /Bt/install/pal_maps/share/pal_maps/environment/path.dsv
[1.074s] -- Up-to-date: /Bt/install/pal_maps/share/pal_maps/local_setup.bash
[1.074s] -- Up-to-date: /Bt/install/pal_maps/share/pal_maps/local_setup.sh
[1.074s] -- Up-to-date: /Bt/install/pal_maps/share/pal_maps/local_setup.zsh
[1.075s] -- Up-to-date: /Bt/install/pal_maps/share/pal_maps/local_setup.dsv
[1.076s] -- Installing: /Bt/install/pal_maps/share/pal_maps/package.dsv
[1.076s] -- Up-to-date: /Bt/install/pal_maps/share/ament_index/resource_index/packages/pal_maps
[1.076s] -- Up-to-date: /Bt/install/pal_maps/share/pal_maps/cmake/pal_mapsConfig.cmake
[1.077s] -- Up-to-date: /Bt/install/pal_maps/share/pal_maps/cmake/pal_mapsConfig-version.cmake
[1.077s] -- Up-to-date: /Bt/install/pal_maps/share/pal_maps/package.xml
[1.149s] Invoked command in '/Bt/build/pal_maps' returned '0': CMAKE_PREFIX_PATH=${CMAKE_PREFIX_PATH}:/Bt/install/yolo_ros:/Bt/install/ros2_aruco:/Bt/install/launch_pal:/Bt/install/grab2_curobo_planner:/opt/ros/jazzy /usr/bin/cmake --install /Bt/build/pal_maps
