[100%] Built target btcpp_engine
-- Install configuration: ""
-- Up-to-date: /Bt/install/tiago_demos/include/tiago_demos
-- Up-to-date: /Bt/install/tiago_demos/include/tiago_demos/tiago_demos
-- Up-to-date: /Bt/install/tiago_demos/include/tiago_demos/tiago_demos/utils.hpp
-- Up-to-date: /Bt/install/tiago_demos/lib/tiago_demos/btcpp_engine
-- Up-to-date: /Bt/install/tiago_demos/share/tiago_demos//trees
-- Up-to-date: /Bt/install/tiago_demos/share/tiago_demos//trees/our_map_example.xml
-- Installing: /Bt/install/tiago_demos/share/tiago_demos//trees/pick_object_example.xml
-- Up-to-date: /Bt/install/tiago_demos/share/tiago_demos//config
-- Up-to-date: /Bt/install/tiago_demos/share/tiago_demos//config/map_locations.yaml
-- Up-to-date: /Bt/install/tiago_demos/share/tiago_demos//launch
-- Up-to-date: /Bt/install/tiago_demos/share/tiago_demos//launch/tiago_demo.launch.py
-- Up-to-date: /Bt/install/tiago_demos/share/tiago_demos//launch/tiago_bringup.launch.py
-- Up-to-date: /Bt/install/tiago_demos/share/ament_index/resource_index/package_run_dependencies/tiago_demos
-- Up-to-date: /Bt/install/tiago_demos/share/ament_index/resource_index/parent_prefix_path/tiago_demos
-- Up-to-date: /Bt/install/tiago_demos/share/tiago_demos/environment/ament_prefix_path.sh
-- Up-to-date: /Bt/install/tiago_demos/share/tiago_demos/environment/ament_prefix_path.dsv
-- Up-to-date: /Bt/install/tiago_demos/share/tiago_demos/environment/path.sh
-- Up-to-date: /Bt/install/tiago_demos/share/tiago_demos/environment/path.dsv
-- Up-to-date: /Bt/install/tiago_demos/share/tiago_demos/local_setup.bash
-- Up-to-date: /Bt/install/tiago_demos/share/tiago_demos/local_setup.sh
-- Up-to-date: /Bt/install/tiago_demos/share/tiago_demos/local_setup.zsh
-- Up-to-date: /Bt/install/tiago_demos/share/tiago_demos/local_setup.dsv
-- Installing: /Bt/install/tiago_demos/share/tiago_demos/package.dsv
-- Up-to-date: /Bt/install/tiago_demos/share/ament_index/resource_index/packages/tiago_demos
-- Up-to-date: /Bt/install/tiago_demos/share/tiago_demos/cmake/tiago_demosConfig.cmake
-- Up-to-date: /Bt/install/tiago_demos/share/tiago_demos/cmake/tiago_demosConfig-version.cmake
-- Up-to-date: /Bt/install/tiago_demos/share/tiago_demos/package.xml
