[0.215s] Invoking command in '/Bt/build/pmb2_description': AMENT_PREFIX_PATH=/Bt/install/pal_urdf_utils:/Bt/install/launch_pal:${AMENT_PREFIX_PATH} CMAKE_PREFIX_PATH=/Bt/install/pal_urdf_utils:/opt/ros/jazzy/opt/gz_sim_vendor:/opt/ros/jazzy/opt/gz_sensors_vendor:/opt/ros/jazzy/opt/gz_physics_vendor:/opt/ros/jazzy/opt/sdformat_vendor:/opt/ros/jazzy/opt/gz_gui_vendor:/opt/ros/jazzy/opt/gz_transport_vendor:/opt/ros/jazzy/opt/gz_rendering_vendor:/opt/ros/jazzy/opt/gz_plugin_vendor:/opt/ros/jazzy/opt/gz_fuel_tools_vendor:/opt/ros/jazzy/opt/gz_msgs_vendor:/opt/ros/jazzy/opt/gz_common_vendor:/opt/ros/jazzy/opt/gz_math_vendor:/opt/ros/jazzy/opt/gz_utils_vendor:/opt/ros/jazzy/opt/gz_tools_vendor:/opt/ros/jazzy/opt/gz_ogre_next_vendor:/opt/ros/jazzy/opt/gz_dartsim_vendor:/opt/ros/jazzy/opt/gz_cmake_vendor:/opt/ros/jazzy PYTHONPATH=/Bt/install/launch_pal/lib/python3.12/site-packages:${PYTHONPATH} /usr/bin/cmake --build /Bt/build/pmb2_description -- -j8 -l8
[0.677s] Built target ament_cmake_python_copy_pmb2_description
[0.975s] running egg_info
[1.000s] writing pmb2_description.egg-info/PKG-INFO
[1.000s] writing dependency_links to pmb2_description.egg-info/dependency_links.txt
[1.000s] writing top-level names to pmb2_description.egg-info/top_level.txt
[1.073s] reading manifest file 'pmb2_description.egg-info/SOURCES.txt'
[1.096s] writing manifest file 'pmb2_description.egg-info/SOURCES.txt'
[1.121s] Built target ament_cmake_python_build_pmb2_description_egg
[1.211s] Invoked command in '/Bt/build/pmb2_description' returned '0': AMENT_PREFIX_PATH=/Bt/install/pal_urdf_utils:/Bt/install/launch_pal:${AMENT_PREFIX_PATH} CMAKE_PREFIX_PATH=/Bt/install/pal_urdf_utils:/opt/ros/jazzy/opt/gz_sim_vendor:/opt/ros/jazzy/opt/gz_sensors_vendor:/opt/ros/jazzy/opt/gz_physics_vendor:/opt/ros/jazzy/opt/sdformat_vendor:/opt/ros/jazzy/opt/gz_gui_vendor:/opt/ros/jazzy/opt/gz_transport_vendor:/opt/ros/jazzy/opt/gz_rendering_vendor:/opt/ros/jazzy/opt/gz_plugin_vendor:/opt/ros/jazzy/opt/gz_fuel_tools_vendor:/opt/ros/jazzy/opt/gz_msgs_vendor:/opt/ros/jazzy/opt/gz_common_vendor:/opt/ros/jazzy/opt/gz_math_vendor:/opt/ros/jazzy/opt/gz_utils_vendor:/opt/ros/jazzy/opt/gz_tools_vendor:/opt/ros/jazzy/opt/gz_ogre_next_vendor:/opt/ros/jazzy/opt/gz_dartsim_vendor:/opt/ros/jazzy/opt/gz_cmake_vendor:/opt/ros/jazzy PYTHONPATH=/Bt/install/launch_pal/lib/python3.12/site-packages:${PYTHONPATH} /usr/bin/cmake --build /Bt/build/pmb2_description -- -j8 -l8
[1.264s] Invoking command in '/Bt/build/pmb2_description': AMENT_PREFIX_PATH=/Bt/install/pal_urdf_utils:/Bt/install/launch_pal:${AMENT_PREFIX_PATH} CMAKE_PREFIX_PATH=/Bt/install/pal_urdf_utils:/opt/ros/jazzy/opt/gz_sim_vendor:/opt/ros/jazzy/opt/gz_sensors_vendor:/opt/ros/jazzy/opt/gz_physics_vendor:/opt/ros/jazzy/opt/sdformat_vendor:/opt/ros/jazzy/opt/gz_gui_vendor:/opt/ros/jazzy/opt/gz_transport_vendor:/opt/ros/jazzy/opt/gz_rendering_vendor:/opt/ros/jazzy/opt/gz_plugin_vendor:/opt/ros/jazzy/opt/gz_fuel_tools_vendor:/opt/ros/jazzy/opt/gz_msgs_vendor:/opt/ros/jazzy/opt/gz_common_vendor:/opt/ros/jazzy/opt/gz_math_vendor:/opt/ros/jazzy/opt/gz_utils_vendor:/opt/ros/jazzy/opt/gz_tools_vendor:/opt/ros/jazzy/opt/gz_ogre_next_vendor:/opt/ros/jazzy/opt/gz_dartsim_vendor:/opt/ros/jazzy/opt/gz_cmake_vendor:/opt/ros/jazzy PYTHONPATH=/Bt/install/launch_pal/lib/python3.12/site-packages:${PYTHONPATH} /usr/bin/cmake --install /Bt/build/pmb2_description
[1.295s] -- Install configuration: ""
[1.296s] -- Up-to-date: /Bt/install/pmb2_description/share/pmb2_description/environment/pythonpath.sh
[1.297s] -- Up-to-date: /Bt/install/pmb2_description/share/pmb2_description/environment/pythonpath.dsv
[1.297s] -- Up-to-date: /Bt/install/pmb2_description/lib/python3.12/site-packages/pmb2_description-5.0.26-py3.12.egg-info
[1.297s] -- Installing: /Bt/install/pmb2_description/lib/python3.12/site-packages/pmb2_description-5.0.26-py3.12.egg-info/top_level.txt
[1.298s] -- Installing: /Bt/install/pmb2_description/lib/python3.12/site-packages/pmb2_description-5.0.26-py3.12.egg-info/PKG-INFO
[1.298s] -- Installing: /Bt/install/pmb2_description/lib/python3.12/site-packages/pmb2_description-5.0.26-py3.12.egg-info/SOURCES.txt
[1.298s] -- Installing: /Bt/install/pmb2_description/lib/python3.12/site-packages/pmb2_description-5.0.26-py3.12.egg-info/dependency_links.txt
[1.299s] -- Up-to-date: /Bt/install/pmb2_description/lib/python3.12/site-packages/pmb2_description
[1.300s] -- Up-to-date: /Bt/install/pmb2_description/lib/python3.12/site-packages/pmb2_description/launch_arguments.py
[1.300s] -- Up-to-date: /Bt/install/pmb2_description/lib/python3.12/site-packages/pmb2_description/__init__.py
[1.444s] Listing '/Bt/install/pmb2_description/lib/python3.12/site-packages/pmb2_description'...
[1.450s] -- Up-to-date: /Bt/install/pmb2_description/share/pmb2_description/rviz
[1.486s] -- Up-to-date: /Bt/install/pmb2_description/share/pmb2_description/rviz/pmb2.rviz
[1.486s] -- Up-to-date: /Bt/install/pmb2_description/share/pmb2_description/launch
[1.486s] -- Up-to-date: /Bt/install/pmb2_description/share/pmb2_description/launch/robot_state_publisher.launch.py
[1.486s] -- Up-to-date: /Bt/install/pmb2_description/share/pmb2_description/launch/show.launch.py
[1.487s] -- Up-to-date: /Bt/install/pmb2_description/share/pmb2_description/meshes
[1.487s] -- Up-to-date: /Bt/install/pmb2_description/share/pmb2_description/meshes/cameras_add_on
[1.487s] -- Up-to-date: /Bt/install/pmb2_description/share/pmb2_description/meshes/cameras_add_on/cameras_add_on_collision.stl
[1.487s] -- Up-to-date: /Bt/install/pmb2_description/share/pmb2_description/meshes/cameras_add_on/cameras_add_on.stl
[1.487s] -- Up-to-date: /Bt/install/pmb2_description/share/pmb2_description/meshes/dock
[1.487s] -- Up-to-date: /Bt/install/pmb2_description/share/pmb2_description/meshes/dock/dock.stl
[1.487s] -- Up-to-date: /Bt/install/pmb2_description/share/pmb2_description/meshes/dock/dock_collision.stl
[1.487s] -- Up-to-date: /Bt/install/pmb2_description/share/pmb2_description/meshes/objects
[1.500s] -- Up-to-date: /Bt/install/pmb2_description/share/pmb2_description/meshes/objects/antenna.stl
[1.500s] -- Up-to-date: /Bt/install/pmb2_description/share/pmb2_description/meshes/objects/high_resolution
[1.505s] -- Up-to-date: /Bt/install/pmb2_description/share/pmb2_description/meshes/objects/high_resolution/cover.stl
[1.506s] -- Up-to-date: /Bt/install/pmb2_description/share/pmb2_description/meshes/objects/cover.stl
[1.506s] -- Up-to-date: /Bt/install/pmb2_description/share/pmb2_description/meshes/base
[1.511s] -- Up-to-date: /Bt/install/pmb2_description/share/pmb2_description/meshes/base/base_collision.dae
[1.512s] -- Up-to-date: /Bt/install/pmb2_description/share/pmb2_description/meshes/base/high_resolution
[1.521s] -- Up-to-date: /Bt/install/pmb2_description/share/pmb2_description/meshes/base/high_resolution/base_collision.stl
[1.522s] -- Up-to-date: /Bt/install/pmb2_description/share/pmb2_description/meshes/base/high_resolution/base.stl
[1.522s] -- Up-to-date: /Bt/install/pmb2_description/share/pmb2_description/meshes/base/base_ring.stl
[1.522s] -- Up-to-date: /Bt/install/pmb2_description/share/pmb2_description/meshes/base/base.stl
[1.522s] -- Up-to-date: /Bt/install/pmb2_description/share/pmb2_description/meshes/sensors
[1.522s] -- Up-to-date: /Bt/install/pmb2_description/share/pmb2_description/meshes/sensors/hokuyo_urg_04lx_ug01.stl
[1.522s] -- Up-to-date: /Bt/install/pmb2_description/share/pmb2_description/meshes/sensors/srf05.stl
[1.522s] -- Up-to-date: /Bt/install/pmb2_description/share/pmb2_description/meshes/sensors/bumper_collision.stl
[1.523s] -- Up-to-date: /Bt/install/pmb2_description/share/pmb2_description/meshes/sensors/sick_tim551.stl
[1.523s] -- Up-to-date: /Bt/install/pmb2_description/share/pmb2_description/meshes/sensors/xtion_pro_live.dae
[1.523s] -- Up-to-date: /Bt/install/pmb2_description/share/pmb2_description/meshes/sensors/high_resolution
[1.523s] -- Up-to-date: /Bt/install/pmb2_description/share/pmb2_description/meshes/sensors/high_resolution/hokuyo_urg_04lx_ug01.stl
[1.523s] -- Up-to-date: /Bt/install/pmb2_description/share/pmb2_description/meshes/sensors/high_resolution/srf05.stl
[1.523s] -- Up-to-date: /Bt/install/pmb2_description/share/pmb2_description/meshes/sensors/high_resolution/sick_tim551.stl
[1.523s] -- Up-to-date: /Bt/install/pmb2_description/share/pmb2_description/meshes/sensors/high_resolution/xtion_pro_live.stl
[1.523s] -- Up-to-date: /Bt/install/pmb2_description/share/pmb2_description/meshes/sensors/high_resolution/bumper.stl
[1.523s] -- Up-to-date: /Bt/install/pmb2_description/share/pmb2_description/meshes/sensors/elp_camera.stl
[1.523s] -- Up-to-date: /Bt/install/pmb2_description/share/pmb2_description/meshes/sensors/structure_sensor.stl
[1.524s] -- Up-to-date: /Bt/install/pmb2_description/share/pmb2_description/meshes/sensors/bumper.stl
[1.524s] -- Up-to-date: /Bt/install/pmb2_description/share/pmb2_description/meshes/wheels
[1.524s] -- Up-to-date: /Bt/install/pmb2_description/share/pmb2_description/meshes/wheels/wheel.stl
[1.524s] -- Up-to-date: /Bt/install/pmb2_description/share/pmb2_description/meshes/wheels/high_resolution
[1.524s] -- Up-to-date: /Bt/install/pmb2_description/share/pmb2_description/meshes/wheels/high_resolution/wheel.stl
[1.524s] -- Up-to-date: /Bt/install/pmb2_description/share/pmb2_description/meshes/wheels/high_resolution/caster_2.stl
[1.524s] -- Up-to-date: /Bt/install/pmb2_description/share/pmb2_description/meshes/wheels/high_resolution/caster_1.stl
[1.524s] -- Up-to-date: /Bt/install/pmb2_description/share/pmb2_description/meshes/wheels/caster_2.stl
[1.524s] -- Up-to-date: /Bt/install/pmb2_description/share/pmb2_description/meshes/wheels/caster_1.stl
[1.524s] -- Up-to-date: /Bt/install/pmb2_description/share/pmb2_description/config
[1.530s] -- Up-to-date: /Bt/install/pmb2_description/share/pmb2_description/config/pmb2_configuration.yaml
[1.531s] -- Up-to-date: /Bt/install/pmb2_description/share/pmb2_description/robots
[1.531s] -- Up-to-date: /Bt/install/pmb2_description/share/pmb2_description/robots/pmb2.urdf.xacro
[1.531s] -- Up-to-date: /Bt/install/pmb2_description/share/pmb2_description/ros2_control
[1.531s] -- Up-to-date: /Bt/install/pmb2_description/share/pmb2_description/ros2_control/ros2_control.urdf.xacro
[1.531s] -- Up-to-date: /Bt/install/pmb2_description/share/pmb2_description/ros2_control/gazebo_controller_manager_cfg.yaml
[1.532s] -- Up-to-date: /Bt/install/pmb2_description/share/pmb2_description/urdf
[1.542s] -- Up-to-date: /Bt/install/pmb2_description/share/pmb2_description/urdf/cameras_add_on
[1.555s] -- Up-to-date: /Bt/install/pmb2_description/share/pmb2_description/urdf/cameras_add_on/cameras_add_on.urdf.xacro
[1.555s] -- Up-to-date: /Bt/install/pmb2_description/share/pmb2_description/urdf/dock
[1.556s] -- Up-to-date: /Bt/install/pmb2_description/share/pmb2_description/urdf/dock/dock.urdf.xacro
[1.556s] -- Up-to-date: /Bt/install/pmb2_description/share/pmb2_description/urdf/objects
[1.558s] -- Up-to-date: /Bt/install/pmb2_description/share/pmb2_description/urdf/objects/antenna.urdf.xacro
[1.559s] -- Up-to-date: /Bt/install/pmb2_description/share/pmb2_description/urdf/objects/cover.urdf.xacro
[1.559s] -- Up-to-date: /Bt/install/pmb2_description/share/pmb2_description/urdf/base
[1.565s] -- Up-to-date: /Bt/install/pmb2_description/share/pmb2_description/urdf/base/base.urdf.xacro
[1.566s] -- Up-to-date: /Bt/install/pmb2_description/share/pmb2_description/urdf/base/base_sensors.urdf.xacro
[1.566s] -- Up-to-date: /Bt/install/pmb2_description/share/pmb2_description/urdf/base/base.gazebo.xacro
[1.567s] -- Up-to-date: /Bt/install/pmb2_description/share/pmb2_description/urdf/sensors
[1.578s] -- Up-to-date: /Bt/install/pmb2_description/share/pmb2_description/urdf/sensors/sick_tim561_laser.gazebo.xacro
[1.579s] -- Up-to-date: /Bt/install/pmb2_description/share/pmb2_description/urdf/sensors/hokuyo_urg_04lx_ug01_laser.gazebo.xacro
[1.580s] -- Up-to-date: /Bt/install/pmb2_description/share/pmb2_description/urdf/sensors/sick_tim551_laser.urdf.xacro
[1.580s] -- Up-to-date: /Bt/install/pmb2_description/share/pmb2_description/urdf/sensors/hokuyo_urg_04lx_ug01_laser.urdf.xacro
[1.580s] -- Up-to-date: /Bt/install/pmb2_description/share/pmb2_description/urdf/sensors/structure_sensor.urdf.xacro
[1.581s] -- Up-to-date: /Bt/install/pmb2_description/share/pmb2_description/urdf/sensors/imu.urdf.xacro
[1.581s] -- Up-to-date: /Bt/install/pmb2_description/share/pmb2_description/urdf/sensors/structure_sensor.gazebo.xacro
[1.582s] -- Up-to-date: /Bt/install/pmb2_description/share/pmb2_description/urdf/sensors/microphone.urdf.xacro
[1.582s] -- Up-to-date: /Bt/install/pmb2_description/share/pmb2_description/urdf/sensors/bumper.urdf.xacro
[1.582s] -- Up-to-date: /Bt/install/pmb2_description/share/pmb2_description/urdf/sensors/range.urdf.xacro
[1.583s] -- Up-to-date: /Bt/install/pmb2_description/share/pmb2_description/urdf/sensors/imu.gazebo.xacro
[1.583s] -- Up-to-date: /Bt/install/pmb2_description/share/pmb2_description/urdf/sensors/sensors.ros2_control.xacro
[1.583s] -- Up-to-date: /Bt/install/pmb2_description/share/pmb2_description/urdf/sensors/sick_tim571_laser.urdf.xacro
[1.584s] -- Up-to-date: /Bt/install/pmb2_description/share/pmb2_description/urdf/sensors/range.gazebo.xacro
[1.584s] -- Up-to-date: /Bt/install/pmb2_description/share/pmb2_description/urdf/sensors/courier.urdf.xacro
[1.585s] -- Up-to-date: /Bt/install/pmb2_description/share/pmb2_description/urdf/sensors/sick_tim551_laser.gazebo.xacro
[1.586s] -- Up-to-date: /Bt/install/pmb2_description/share/pmb2_description/urdf/sensors/sick_tim571_laser.gazebo.xacro
[1.587s] -- Up-to-date: /Bt/install/pmb2_description/share/pmb2_description/urdf/sensors/elp_rgb.urdf.xacro
[1.588s] -- Up-to-date: /Bt/install/pmb2_description/share/pmb2_description/urdf/sensors/elp_rgb.gazebo.xacro
[1.589s] -- Up-to-date: /Bt/install/pmb2_description/share/pmb2_description/urdf/sensors/bumper.gazebo.xacro
[1.589s] -- Up-to-date: /Bt/install/pmb2_description/share/pmb2_description/urdf/sensors/sick_tim561_laser.urdf.xacro
[1.590s] -- Up-to-date: /Bt/install/pmb2_description/share/pmb2_description/urdf/wheels
[1.599s] -- Up-to-date: /Bt/install/pmb2_description/share/pmb2_description/urdf/wheels/wheel.ros2_control.xacro
[1.599s] -- Up-to-date: /Bt/install/pmb2_description/share/pmb2_description/urdf/wheels/wheel.urdf.xacro
[1.600s] -- Up-to-date: /Bt/install/pmb2_description/share/pmb2_description/urdf/wheels/caster.gazebo.xacro
[1.600s] -- Up-to-date: /Bt/install/pmb2_description/share/pmb2_description/urdf/wheels/wheel.gazebo.xacro
[1.600s] -- Up-to-date: /Bt/install/pmb2_description/share/pmb2_description/urdf/wheels/caster.urdf.xacro
[1.600s] -- Up-to-date: /Bt/install/pmb2_description/share/ament_index/resource_index/package_run_dependencies/pmb2_description
[1.600s] -- Up-to-date: /Bt/install/pmb2_description/share/ament_index/resource_index/parent_prefix_path/pmb2_description
[1.601s] -- Up-to-date: /Bt/install/pmb2_description/share/pmb2_description/environment/ament_prefix_path.sh
[1.601s] -- Up-to-date: /Bt/install/pmb2_description/share/pmb2_description/environment/ament_prefix_path.dsv
[1.601s] -- Up-to-date: /Bt/install/pmb2_description/share/pmb2_description/environment/path.sh
[1.601s] -- Up-to-date: /Bt/install/pmb2_description/share/pmb2_description/environment/path.dsv
[1.602s] -- Up-to-date: /Bt/install/pmb2_description/share/pmb2_description/local_setup.bash
[1.602s] -- Up-to-date: /Bt/install/pmb2_description/share/pmb2_description/local_setup.sh
[1.602s] -- Up-to-date: /Bt/install/pmb2_description/share/pmb2_description/local_setup.zsh
[1.602s] -- Up-to-date: /Bt/install/pmb2_description/share/pmb2_description/local_setup.dsv
[1.603s] -- Installing: /Bt/install/pmb2_description/share/pmb2_description/package.dsv
[1.603s] -- Up-to-date: /Bt/install/pmb2_description/share/ament_index/resource_index/packages/pmb2_description
[1.603s] -- Up-to-date: /Bt/install/pmb2_description/share/pmb2_description/cmake/pmb2_descriptionConfig.cmake
[1.603s] -- Up-to-date: /Bt/install/pmb2_description/share/pmb2_description/cmake/pmb2_descriptionConfig-version.cmake
[1.603s] -- Up-to-date: /Bt/install/pmb2_description/share/pmb2_description/package.xml
[1.805s] Invoked command in '/Bt/build/pmb2_description' returned '0': AMENT_PREFIX_PATH=/Bt/install/pal_urdf_utils:/Bt/install/launch_pal:${AMENT_PREFIX_PATH} CMAKE_PREFIX_PATH=/Bt/install/pal_urdf_utils:/opt/ros/jazzy/opt/gz_sim_vendor:/opt/ros/jazzy/opt/gz_sensors_vendor:/opt/ros/jazzy/opt/gz_physics_vendor:/opt/ros/jazzy/opt/sdformat_vendor:/opt/ros/jazzy/opt/gz_gui_vendor:/opt/ros/jazzy/opt/gz_transport_vendor:/opt/ros/jazzy/opt/gz_rendering_vendor:/opt/ros/jazzy/opt/gz_plugin_vendor:/opt/ros/jazzy/opt/gz_fuel_tools_vendor:/opt/ros/jazzy/opt/gz_msgs_vendor:/opt/ros/jazzy/opt/gz_common_vendor:/opt/ros/jazzy/opt/gz_math_vendor:/opt/ros/jazzy/opt/gz_utils_vendor:/opt/ros/jazzy/opt/gz_tools_vendor:/opt/ros/jazzy/opt/gz_ogre_next_vendor:/opt/ros/jazzy/opt/gz_dartsim_vendor:/opt/ros/jazzy/opt/gz_cmake_vendor:/opt/ros/jazzy PYTHONPATH=/Bt/install/launch_pal/lib/python3.12/site-packages:${PYTHONPATH} /usr/bin/cmake --install /Bt/build/pmb2_description
