[5.561s] Invoking command in '/Bt/ThirdParty/yolo_ros/yolo_ros': AMENT_PREFIX_PATH=/Bt/install/yolo_msgs:${AMENT_PREFIX_PATH} CMAKE_PREFIX_PATH=/Bt/install/yolo_msgs:${CMAKE_PREFIX_PATH} LD_LIBRARY_PATH=/Bt/install/yolo_msgs/lib:${LD_LIBRARY_PATH} PYTHONPATH=/Bt/build/yolo_ros/prefix_override:/usr/lib/python3/dist-packages/colcon_core/task/python/colcon_distutils_commands:/Bt/install/yolo_ros/lib/python3.12/site-packages:/Bt/install/yolo_msgs/lib/python3.12/site-packages:${PYTHONPATH} /usr/bin/python3 -W ignore:setup.py install is deprecated -W ignore:easy_install command is deprecated setup.py egg_info --egg-base ../../../build/yolo_ros build --build-base /Bt/build/yolo_ros/build install --record /Bt/build/yolo_ros/install.log --single-version-externally-managed install_data
[6.166s] running egg_info
[6.166s] writing ../../../build/yolo_ros/yolo_ros.egg-info/PKG-INFO
[6.166s] writing dependency_links to ../../../build/yolo_ros/yolo_ros.egg-info/dependency_links.txt
[6.167s] writing entry points to ../../../build/yolo_ros/yolo_ros.egg-info/entry_points.txt
[6.167s] writing requirements to ../../../build/yolo_ros/yolo_ros.egg-info/requires.txt
[6.167s] writing top-level names to ../../../build/yolo_ros/yolo_ros.egg-info/top_level.txt
[6.167s] reading manifest file '../../../build/yolo_ros/yolo_ros.egg-info/SOURCES.txt'
[6.167s] writing manifest file '../../../build/yolo_ros/yolo_ros.egg-info/SOURCES.txt'
[6.167s] running build
[6.167s] running build_py
[6.168s] running install
[6.168s] running install_lib
[6.168s] running install_data
[6.168s] running install_egg_info
[6.181s] removing '/Bt/install/yolo_ros/lib/python3.12/site-packages/yolo_ros-0.0.0-py3.12.egg-info' (and everything under it)
[6.182s] Copying ../../../build/yolo_ros/yolo_ros.egg-info to /Bt/install/yolo_ros/lib/python3.12/site-packages/yolo_ros-0.0.0-py3.12.egg-info
[6.197s] running install_scripts
[6.353s] Installing debug_node script to /Bt/install/yolo_ros/lib/yolo_ros
[6.354s] Installing detect_3d_node script to /Bt/install/yolo_ros/lib/yolo_ros
[6.354s] Installing tracking_node script to /Bt/install/yolo_ros/lib/yolo_ros
[6.354s] Installing yolo_node script to /Bt/install/yolo_ros/lib/yolo_ros
[6.354s] writing list of installed files to '/Bt/build/yolo_ros/install.log'
[6.390s] Invoked command in '/Bt/ThirdParty/yolo_ros/yolo_ros' returned '0': AMENT_PREFIX_PATH=/Bt/install/yolo_msgs:${AMENT_PREFIX_PATH} CMAKE_PREFIX_PATH=/Bt/install/yolo_msgs:${CMAKE_PREFIX_PATH} LD_LIBRARY_PATH=/Bt/install/yolo_msgs/lib:${LD_LIBRARY_PATH} PYTHONPATH=/Bt/build/yolo_ros/prefix_override:/usr/lib/python3/dist-packages/colcon_core/task/python/colcon_distutils_commands:/Bt/install/yolo_ros/lib/python3.12/site-packages:/Bt/install/yolo_msgs/lib/python3.12/site-packages:${PYTHONPATH} /usr/bin/python3 -W ignore:setup.py install is deprecated -W ignore:easy_install command is deprecated setup.py egg_info --egg-base ../../../build/yolo_ros build --build-base /Bt/build/yolo_ros/build install --record /Bt/build/yolo_ros/install.log --single-version-externally-managed install_data
