[0.140s] Invoking command in '/Bt/build/play_motion2_msgs': CMAKE_PREFIX_PATH=${CMAKE_PREFIX_PATH}:/Bt/install/yolo_ros:/Bt/install/ros2_aruco:/Bt/install/launch_pal:/Bt/install/grab2_curobo_planner:/opt/ros/jazzy /usr/bin/cmake --build /Bt/build/play_motion2_msgs -- -j8 -l8
[0.343s] [  1%] Built target play_motion2_msgs__rosidl_generator_type_description
[0.429s] [  1%] Built target ament_cmake_python_copy_play_motion2_msgs
[0.562s] [ 25%] Built target play_motion2_msgs__rosidl_generator_c
[1.210s] running egg_info
[1.279s] writing play_motion2_msgs.egg-info/PKG-INFO
[1.283s] writing dependency_links to play_motion2_msgs.egg-info/dependency_links.txt
[1.283s] writing top-level names to play_motion2_msgs.egg-info/top_level.txt
[1.496s] reading manifest file 'play_motion2_msgs.egg-info/SOURCES.txt'
[1.501s] writing manifest file 'play_motion2_msgs.egg-info/SOURCES.txt'
[1.616s] [ 25%] Built target ament_cmake_python_build_play_motion2_msgs_egg
[1.738s] [ 35%] Built target play_motion2_msgs__rosidl_typesupport_c
[1.841s] [ 44%] Built target play_motion2_msgs__rosidl_typesupport_introspection_c
[1.958s] [ 54%] Built target play_motion2_msgs__rosidl_typesupport_fastrtps_c
[2.170s] [ 55%] Built target play_motion2_msgs__cpp
[2.304s] [ 64%] Built target play_motion2_msgs__rosidl_typesupport_cpp
[2.326s] [ 74%] Built target play_motion2_msgs__rosidl_typesupport_introspection_cpp
[2.329s] [ 84%] Built target play_motion2_msgs__rosidl_typesupport_fastrtps_cpp
[2.416s] [ 84%] Built target play_motion2_msgs
[2.478s] [ 85%] Built target play_motion2_msgs__py
[2.562s] [ 93%] Built target play_motion2_msgs__rosidl_generator_py
[2.647s] [ 95%] Built target play_motion2_msgs_s__rosidl_typesupport_fastrtps_c
[2.710s] [ 97%] Built target play_motion2_msgs_s__rosidl_typesupport_c
[2.824s] [100%] Built target play_motion2_msgs_s__rosidl_typesupport_introspection_c
[2.897s] Invoked command in '/Bt/build/play_motion2_msgs' returned '0': CMAKE_PREFIX_PATH=${CMAKE_PREFIX_PATH}:/Bt/install/yolo_ros:/Bt/install/ros2_aruco:/Bt/install/launch_pal:/Bt/install/grab2_curobo_planner:/opt/ros/jazzy /usr/bin/cmake --build /Bt/build/play_motion2_msgs -- -j8 -l8
[2.899s] Invoking command in '/Bt/build/play_motion2_msgs': CMAKE_PREFIX_PATH=${CMAKE_PREFIX_PATH}:/Bt/install/yolo_ros:/Bt/install/ros2_aruco:/Bt/install/launch_pal:/Bt/install/grab2_curobo_planner:/opt/ros/jazzy /usr/bin/cmake --install /Bt/build/play_motion2_msgs
[2.926s] -- Install configuration: ""
[2.927s] -- Up-to-date: /Bt/install/play_motion2_msgs/share/ament_index/resource_index/rosidl_interfaces/play_motion2_msgs
[2.928s] -- Up-to-date: /Bt/install/play_motion2_msgs/share/play_motion2_msgs/action/PlayMotion2.json
[2.929s] -- Up-to-date: /Bt/install/play_motion2_msgs/share/play_motion2_msgs/msg/Motion.json
[2.934s] -- Up-to-date: /Bt/install/play_motion2_msgs/share/play_motion2_msgs/srv/AddMotion.json
[2.935s] -- Up-to-date: /Bt/install/play_motion2_msgs/share/play_motion2_msgs/srv/GetMotionInfo.json
[2.935s] -- Up-to-date: /Bt/install/play_motion2_msgs/share/play_motion2_msgs/srv/IsMotionReady.json
[2.935s] -- Up-to-date: /Bt/install/play_motion2_msgs/share/play_motion2_msgs/srv/ListMotions.json
[2.935s] -- Up-to-date: /Bt/install/play_motion2_msgs/share/play_motion2_msgs/srv/RemoveMotion.json
[2.935s] -- Up-to-date: /Bt/install/play_motion2_msgs/include/play_motion2_msgs/play_motion2_msgs
[2.935s] -- Up-to-date: /Bt/install/play_motion2_msgs/include/play_motion2_msgs/play_motion2_msgs/action
[2.936s] -- Up-to-date: /Bt/install/play_motion2_msgs/include/play_motion2_msgs/play_motion2_msgs/action/play_motion2.h
[2.936s] -- Up-to-date: /Bt/install/play_motion2_msgs/include/play_motion2_msgs/play_motion2_msgs/action/detail
[2.936s] -- Up-to-date: /Bt/install/play_motion2_msgs/include/play_motion2_msgs/play_motion2_msgs/action/detail/play_motion2__functions.h
[2.936s] -- Up-to-date: /Bt/install/play_motion2_msgs/include/play_motion2_msgs/play_motion2_msgs/action/detail/play_motion2__type_support.h
[2.936s] -- Up-to-date: /Bt/install/play_motion2_msgs/include/play_motion2_msgs/play_motion2_msgs/action/detail/play_motion2__struct.h
[2.936s] -- Installing: /Bt/install/play_motion2_msgs/include/play_motion2_msgs/play_motion2_msgs/action/detail/play_motion2__type_support.c
[2.936s] -- Up-to-date: /Bt/install/play_motion2_msgs/include/play_motion2_msgs/play_motion2_msgs/action/detail/play_motion2__description.c
[2.936s] -- Up-to-date: /Bt/install/play_motion2_msgs/include/play_motion2_msgs/play_motion2_msgs/action/detail/play_motion2__functions.c
[2.937s] -- Up-to-date: /Bt/install/play_motion2_msgs/include/play_motion2_msgs/play_motion2_msgs/msg
[2.937s] -- Up-to-date: /Bt/install/play_motion2_msgs/include/play_motion2_msgs/play_motion2_msgs/msg/rosidl_generator_c__visibility_control.h
[2.937s] -- Up-to-date: /Bt/install/play_motion2_msgs/include/play_motion2_msgs/play_motion2_msgs/msg/detail
[2.937s] -- Up-to-date: /Bt/install/play_motion2_msgs/include/play_motion2_msgs/play_motion2_msgs/msg/detail/motion__struct.h
[2.937s] -- Installing: /Bt/install/play_motion2_msgs/include/play_motion2_msgs/play_motion2_msgs/msg/detail/motion__type_support.c
[2.937s] -- Up-to-date: /Bt/install/play_motion2_msgs/include/play_motion2_msgs/play_motion2_msgs/msg/detail/motion__functions.h
[2.937s] -- Up-to-date: /Bt/install/play_motion2_msgs/include/play_motion2_msgs/play_motion2_msgs/msg/detail/motion__description.c
[2.937s] -- Up-to-date: /Bt/install/play_motion2_msgs/include/play_motion2_msgs/play_motion2_msgs/msg/detail/motion__functions.c
[2.943s] -- Up-to-date: /Bt/install/play_motion2_msgs/include/play_motion2_msgs/play_motion2_msgs/msg/detail/motion__type_support.h
[2.943s] -- Up-to-date: /Bt/install/play_motion2_msgs/include/play_motion2_msgs/play_motion2_msgs/msg/motion.h
[2.943s] -- Up-to-date: /Bt/install/play_motion2_msgs/include/play_motion2_msgs/play_motion2_msgs/srv
[2.944s] -- Up-to-date: /Bt/install/play_motion2_msgs/include/play_motion2_msgs/play_motion2_msgs/srv/get_motion_info.h
[2.944s] -- Up-to-date: /Bt/install/play_motion2_msgs/include/play_motion2_msgs/play_motion2_msgs/srv/remove_motion.h
[2.944s] -- Up-to-date: /Bt/install/play_motion2_msgs/include/play_motion2_msgs/play_motion2_msgs/srv/add_motion.h
[2.944s] -- Up-to-date: /Bt/install/play_motion2_msgs/include/play_motion2_msgs/play_motion2_msgs/srv/list_motions.h
[2.944s] -- Up-to-date: /Bt/install/play_motion2_msgs/include/play_motion2_msgs/play_motion2_msgs/srv/is_motion_ready.h
[2.944s] -- Up-to-date: /Bt/install/play_motion2_msgs/include/play_motion2_msgs/play_motion2_msgs/srv/detail
[2.944s] -- Installing: /Bt/install/play_motion2_msgs/include/play_motion2_msgs/play_motion2_msgs/srv/detail/get_motion_info__type_support.c
[2.944s] -- Up-to-date: /Bt/install/play_motion2_msgs/include/play_motion2_msgs/play_motion2_msgs/srv/detail/add_motion__struct.h
[2.945s] -- Up-to-date: /Bt/install/play_motion2_msgs/include/play_motion2_msgs/play_motion2_msgs/srv/detail/get_motion_info__functions.h
[2.945s] -- Up-to-date: /Bt/install/play_motion2_msgs/include/play_motion2_msgs/play_motion2_msgs/srv/detail/list_motions__description.c
[2.945s] -- Installing: /Bt/install/play_motion2_msgs/include/play_motion2_msgs/play_motion2_msgs/srv/detail/list_motions__type_support.c
[2.945s] -- Up-to-date: /Bt/install/play_motion2_msgs/include/play_motion2_msgs/play_motion2_msgs/srv/detail/get_motion_info__struct.h
[2.945s] -- Up-to-date: /Bt/install/play_motion2_msgs/include/play_motion2_msgs/play_motion2_msgs/srv/detail/list_motions__functions.h
[2.945s] -- Installing: /Bt/install/play_motion2_msgs/include/play_motion2_msgs/play_motion2_msgs/srv/detail/is_motion_ready__type_support.c
[2.945s] -- Installing: /Bt/install/play_motion2_msgs/include/play_motion2_msgs/play_motion2_msgs/srv/detail/remove_motion__type_support.c
[2.945s] -- Up-to-date: /Bt/install/play_motion2_msgs/include/play_motion2_msgs/play_motion2_msgs/srv/detail/add_motion__description.c
[2.945s] -- Up-to-date: /Bt/install/play_motion2_msgs/include/play_motion2_msgs/play_motion2_msgs/srv/detail/add_motion__type_support.h
[2.946s] -- Up-to-date: /Bt/install/play_motion2_msgs/include/play_motion2_msgs/play_motion2_msgs/srv/detail/remove_motion__struct.h
[2.946s] -- Up-to-date: /Bt/install/play_motion2_msgs/include/play_motion2_msgs/play_motion2_msgs/srv/detail/remove_motion__description.c
[2.946s] -- Up-to-date: /Bt/install/play_motion2_msgs/include/play_motion2_msgs/play_motion2_msgs/srv/detail/list_motions__functions.c
[2.946s] -- Up-to-date: /Bt/install/play_motion2_msgs/include/play_motion2_msgs/play_motion2_msgs/srv/detail/is_motion_ready__functions.c
[2.946s] -- Up-to-date: /Bt/install/play_motion2_msgs/include/play_motion2_msgs/play_motion2_msgs/srv/detail/get_motion_info__description.c
[2.946s] -- Up-to-date: /Bt/install/play_motion2_msgs/include/play_motion2_msgs/play_motion2_msgs/srv/detail/get_motion_info__functions.c
[2.946s] -- Up-to-date: /Bt/install/play_motion2_msgs/include/play_motion2_msgs/play_motion2_msgs/srv/detail/remove_motion__type_support.h
[2.946s] -- Up-to-date: /Bt/install/play_motion2_msgs/include/play_motion2_msgs/play_motion2_msgs/srv/detail/get_motion_info__type_support.h
[2.947s] -- Up-to-date: /Bt/install/play_motion2_msgs/include/play_motion2_msgs/play_motion2_msgs/srv/detail/remove_motion__functions.c
[2.947s] -- Up-to-date: /Bt/install/play_motion2_msgs/include/play_motion2_msgs/play_motion2_msgs/srv/detail/is_motion_ready__functions.h
[2.947s] -- Up-to-date: /Bt/install/play_motion2_msgs/include/play_motion2_msgs/play_motion2_msgs/srv/detail/is_motion_ready__type_support.h
[2.947s] -- Up-to-date: /Bt/install/play_motion2_msgs/include/play_motion2_msgs/play_motion2_msgs/srv/detail/list_motions__struct.h
[2.952s] -- Installing: /Bt/install/play_motion2_msgs/include/play_motion2_msgs/play_motion2_msgs/srv/detail/add_motion__type_support.c
[2.953s] -- Up-to-date: /Bt/install/play_motion2_msgs/include/play_motion2_msgs/play_motion2_msgs/srv/detail/is_motion_ready__struct.h
[2.953s] -- Up-to-date: /Bt/install/play_motion2_msgs/include/play_motion2_msgs/play_motion2_msgs/srv/detail/remove_motion__functions.h
[2.954s] -- Up-to-date: /Bt/install/play_motion2_msgs/include/play_motion2_msgs/play_motion2_msgs/srv/detail/is_motion_ready__description.c
[2.954s] -- Up-to-date: /Bt/install/play_motion2_msgs/include/play_motion2_msgs/play_motion2_msgs/srv/detail/list_motions__type_support.h
[2.954s] -- Up-to-date: /Bt/install/play_motion2_msgs/include/play_motion2_msgs/play_motion2_msgs/srv/detail/add_motion__functions.c
[2.954s] -- Up-to-date: /Bt/install/play_motion2_msgs/include/play_motion2_msgs/play_motion2_msgs/srv/detail/add_motion__functions.h
[2.955s] -- Up-to-date: /Bt/install/play_motion2_msgs/share/play_motion2_msgs/environment/library_path.sh
[2.955s] -- Up-to-date: /Bt/install/play_motion2_msgs/share/play_motion2_msgs/environment/library_path.dsv
[2.955s] -- Up-to-date: /Bt/install/play_motion2_msgs/lib/libplay_motion2_msgs__rosidl_generator_c.so
[2.955s] -- Up-to-date: /Bt/install/play_motion2_msgs/include/play_motion2_msgs/play_motion2_msgs
[2.955s] -- Up-to-date: /Bt/install/play_motion2_msgs/include/play_motion2_msgs/play_motion2_msgs/action
[2.955s] -- Up-to-date: /Bt/install/play_motion2_msgs/include/play_motion2_msgs/play_motion2_msgs/action/detail
[2.955s] -- Up-to-date: /Bt/install/play_motion2_msgs/include/play_motion2_msgs/play_motion2_msgs/action/detail/play_motion2__rosidl_typesupport_fastrtps_c.h
[2.956s] -- Up-to-date: /Bt/install/play_motion2_msgs/include/play_motion2_msgs/play_motion2_msgs/msg
[2.956s] -- Up-to-date: /Bt/install/play_motion2_msgs/include/play_motion2_msgs/play_motion2_msgs/msg/detail
[2.956s] -- Up-to-date: /Bt/install/play_motion2_msgs/include/play_motion2_msgs/play_motion2_msgs/msg/detail/motion__rosidl_typesupport_fastrtps_c.h
[2.956s] -- Up-to-date: /Bt/install/play_motion2_msgs/include/play_motion2_msgs/play_motion2_msgs/msg/rosidl_typesupport_fastrtps_c__visibility_control.h
[2.956s] -- Up-to-date: /Bt/install/play_motion2_msgs/include/play_motion2_msgs/play_motion2_msgs/srv
[2.956s] -- Up-to-date: /Bt/install/play_motion2_msgs/include/play_motion2_msgs/play_motion2_msgs/srv/detail
[2.956s] -- Up-to-date: /Bt/install/play_motion2_msgs/include/play_motion2_msgs/play_motion2_msgs/srv/detail/get_motion_info__rosidl_typesupport_fastrtps_c.h
[2.956s] -- Up-to-date: /Bt/install/play_motion2_msgs/include/play_motion2_msgs/play_motion2_msgs/srv/detail/add_motion__rosidl_typesupport_fastrtps_c.h
[2.957s] -- Up-to-date: /Bt/install/play_motion2_msgs/include/play_motion2_msgs/play_motion2_msgs/srv/detail/is_motion_ready__rosidl_typesupport_fastrtps_c.h
[2.957s] -- Up-to-date: /Bt/install/play_motion2_msgs/include/play_motion2_msgs/play_motion2_msgs/srv/detail/remove_motion__rosidl_typesupport_fastrtps_c.h
[2.957s] -- Up-to-date: /Bt/install/play_motion2_msgs/include/play_motion2_msgs/play_motion2_msgs/srv/detail/list_motions__rosidl_typesupport_fastrtps_c.h
[2.957s] -- Up-to-date: /Bt/install/play_motion2_msgs/lib/libplay_motion2_msgs__rosidl_typesupport_fastrtps_c.so
[2.957s] -- Up-to-date: /Bt/install/play_motion2_msgs/include/play_motion2_msgs/play_motion2_msgs
[2.957s] -- Up-to-date: /Bt/install/play_motion2_msgs/include/play_motion2_msgs/play_motion2_msgs/action
[2.957s] -- Up-to-date: /Bt/install/play_motion2_msgs/include/play_motion2_msgs/play_motion2_msgs/action/detail
[2.957s] -- Up-to-date: /Bt/install/play_motion2_msgs/include/play_motion2_msgs/play_motion2_msgs/action/detail/play_motion2__traits.hpp
[2.958s] -- Up-to-date: /Bt/install/play_motion2_msgs/include/play_motion2_msgs/play_motion2_msgs/action/detail/play_motion2__builder.hpp
[2.958s] -- Up-to-date: /Bt/install/play_motion2_msgs/include/play_motion2_msgs/play_motion2_msgs/action/detail/play_motion2__type_support.hpp
[2.958s] -- Up-to-date: /Bt/install/play_motion2_msgs/include/play_motion2_msgs/play_motion2_msgs/action/detail/play_motion2__struct.hpp
[2.958s] -- Up-to-date: /Bt/install/play_motion2_msgs/include/play_motion2_msgs/play_motion2_msgs/action/play_motion2.hpp
[2.958s] -- Up-to-date: /Bt/install/play_motion2_msgs/include/play_motion2_msgs/play_motion2_msgs/msg
[2.958s] -- Up-to-date: /Bt/install/play_motion2_msgs/include/play_motion2_msgs/play_motion2_msgs/msg/motion.hpp
[2.958s] -- Up-to-date: /Bt/install/play_motion2_msgs/include/play_motion2_msgs/play_motion2_msgs/msg/detail
[2.958s] -- Up-to-date: /Bt/install/play_motion2_msgs/include/play_motion2_msgs/play_motion2_msgs/msg/detail/motion__type_support.hpp
[2.959s] -- Up-to-date: /Bt/install/play_motion2_msgs/include/play_motion2_msgs/play_motion2_msgs/msg/detail/motion__struct.hpp
[2.959s] -- Up-to-date: /Bt/install/play_motion2_msgs/include/play_motion2_msgs/play_motion2_msgs/msg/detail/motion__builder.hpp
[2.959s] -- Up-to-date: /Bt/install/play_motion2_msgs/include/play_motion2_msgs/play_motion2_msgs/msg/detail/motion__traits.hpp
[2.959s] -- Up-to-date: /Bt/install/play_motion2_msgs/include/play_motion2_msgs/play_motion2_msgs/msg/rosidl_generator_cpp__visibility_control.hpp
[2.959s] -- Up-to-date: /Bt/install/play_motion2_msgs/include/play_motion2_msgs/play_motion2_msgs/srv
[2.959s] -- Up-to-date: /Bt/install/play_motion2_msgs/include/play_motion2_msgs/play_motion2_msgs/srv/list_motions.hpp
[2.960s] -- Up-to-date: /Bt/install/play_motion2_msgs/include/play_motion2_msgs/play_motion2_msgs/srv/remove_motion.hpp
[2.960s] -- Up-to-date: /Bt/install/play_motion2_msgs/include/play_motion2_msgs/play_motion2_msgs/srv/get_motion_info.hpp
[2.960s] -- Up-to-date: /Bt/install/play_motion2_msgs/include/play_motion2_msgs/play_motion2_msgs/srv/detail
[2.964s] -- Up-to-date: /Bt/install/play_motion2_msgs/include/play_motion2_msgs/play_motion2_msgs/srv/detail/add_motion__builder.hpp
[2.964s] -- Up-to-date: /Bt/install/play_motion2_msgs/include/play_motion2_msgs/play_motion2_msgs/srv/detail/is_motion_ready__type_support.hpp
[2.964s] -- Up-to-date: /Bt/install/play_motion2_msgs/include/play_motion2_msgs/play_motion2_msgs/srv/detail/remove_motion__type_support.hpp
[2.964s] -- Up-to-date: /Bt/install/play_motion2_msgs/include/play_motion2_msgs/play_motion2_msgs/srv/detail/list_motions__builder.hpp
[2.964s] -- Up-to-date: /Bt/install/play_motion2_msgs/include/play_motion2_msgs/play_motion2_msgs/srv/detail/get_motion_info__builder.hpp
[2.964s] -- Up-to-date: /Bt/install/play_motion2_msgs/include/play_motion2_msgs/play_motion2_msgs/srv/detail/is_motion_ready__builder.hpp
[2.964s] -- Up-to-date: /Bt/install/play_motion2_msgs/include/play_motion2_msgs/play_motion2_msgs/srv/detail/get_motion_info__traits.hpp
[2.965s] -- Up-to-date: /Bt/install/play_motion2_msgs/include/play_motion2_msgs/play_motion2_msgs/srv/detail/is_motion_ready__struct.hpp
[2.965s] -- Up-to-date: /Bt/install/play_motion2_msgs/include/play_motion2_msgs/play_motion2_msgs/srv/detail/add_motion__struct.hpp
[2.965s] -- Up-to-date: /Bt/install/play_motion2_msgs/include/play_motion2_msgs/play_motion2_msgs/srv/detail/add_motion__type_support.hpp
[2.965s] -- Up-to-date: /Bt/install/play_motion2_msgs/include/play_motion2_msgs/play_motion2_msgs/srv/detail/get_motion_info__struct.hpp
[2.965s] -- Up-to-date: /Bt/install/play_motion2_msgs/include/play_motion2_msgs/play_motion2_msgs/srv/detail/list_motions__type_support.hpp
[2.965s] -- Up-to-date: /Bt/install/play_motion2_msgs/include/play_motion2_msgs/play_motion2_msgs/srv/detail/add_motion__traits.hpp
[2.965s] -- Up-to-date: /Bt/install/play_motion2_msgs/include/play_motion2_msgs/play_motion2_msgs/srv/detail/list_motions__struct.hpp
[2.965s] -- Up-to-date: /Bt/install/play_motion2_msgs/include/play_motion2_msgs/play_motion2_msgs/srv/detail/get_motion_info__type_support.hpp
[2.966s] -- Up-to-date: /Bt/install/play_motion2_msgs/include/play_motion2_msgs/play_motion2_msgs/srv/detail/list_motions__traits.hpp
[2.966s] -- Up-to-date: /Bt/install/play_motion2_msgs/include/play_motion2_msgs/play_motion2_msgs/srv/detail/remove_motion__traits.hpp
[2.966s] -- Up-to-date: /Bt/install/play_motion2_msgs/include/play_motion2_msgs/play_motion2_msgs/srv/detail/remove_motion__builder.hpp
[2.974s] -- Up-to-date: /Bt/install/play_motion2_msgs/include/play_motion2_msgs/play_motion2_msgs/srv/detail/remove_motion__struct.hpp
[2.974s] -- Up-to-date: /Bt/install/play_motion2_msgs/include/play_motion2_msgs/play_motion2_msgs/srv/detail/is_motion_ready__traits.hpp
[2.975s] -- Up-to-date: /Bt/install/play_motion2_msgs/include/play_motion2_msgs/play_motion2_msgs/srv/is_motion_ready.hpp
[2.975s] -- Up-to-date: /Bt/install/play_motion2_msgs/include/play_motion2_msgs/play_motion2_msgs/srv/add_motion.hpp
[2.975s] -- Up-to-date: /Bt/install/play_motion2_msgs/include/play_motion2_msgs/play_motion2_msgs
[2.975s] -- Up-to-date: /Bt/install/play_motion2_msgs/include/play_motion2_msgs/play_motion2_msgs/action
[2.975s] -- Up-to-date: /Bt/install/play_motion2_msgs/include/play_motion2_msgs/play_motion2_msgs/action/detail
[2.975s] -- Up-to-date: /Bt/install/play_motion2_msgs/include/play_motion2_msgs/play_motion2_msgs/action/detail/play_motion2__rosidl_typesupport_fastrtps_cpp.hpp
[2.975s] -- Up-to-date: /Bt/install/play_motion2_msgs/include/play_motion2_msgs/play_motion2_msgs/action/detail/dds_fastrtps
[2.975s] -- Up-to-date: /Bt/install/play_motion2_msgs/include/play_motion2_msgs/play_motion2_msgs/msg
[2.976s] -- Up-to-date: /Bt/install/play_motion2_msgs/include/play_motion2_msgs/play_motion2_msgs/msg/detail
[2.976s] -- Up-to-date: /Bt/install/play_motion2_msgs/include/play_motion2_msgs/play_motion2_msgs/msg/detail/dds_fastrtps
[2.976s] -- Up-to-date: /Bt/install/play_motion2_msgs/include/play_motion2_msgs/play_motion2_msgs/msg/detail/motion__rosidl_typesupport_fastrtps_cpp.hpp
[2.976s] -- Up-to-date: /Bt/install/play_motion2_msgs/include/play_motion2_msgs/play_motion2_msgs/msg/rosidl_typesupport_fastrtps_cpp__visibility_control.h
[2.976s] -- Up-to-date: /Bt/install/play_motion2_msgs/include/play_motion2_msgs/play_motion2_msgs/srv
[2.976s] -- Up-to-date: /Bt/install/play_motion2_msgs/include/play_motion2_msgs/play_motion2_msgs/srv/detail
[2.976s] -- Up-to-date: /Bt/install/play_motion2_msgs/include/play_motion2_msgs/play_motion2_msgs/srv/detail/list_motions__rosidl_typesupport_fastrtps_cpp.hpp
[2.976s] -- Up-to-date: /Bt/install/play_motion2_msgs/include/play_motion2_msgs/play_motion2_msgs/srv/detail/get_motion_info__rosidl_typesupport_fastrtps_cpp.hpp
[2.976s] -- Up-to-date: /Bt/install/play_motion2_msgs/include/play_motion2_msgs/play_motion2_msgs/srv/detail/add_motion__rosidl_typesupport_fastrtps_cpp.hpp
[2.977s] -- Up-to-date: /Bt/install/play_motion2_msgs/include/play_motion2_msgs/play_motion2_msgs/srv/detail/remove_motion__rosidl_typesupport_fastrtps_cpp.hpp
[2.977s] -- Up-to-date: /Bt/install/play_motion2_msgs/include/play_motion2_msgs/play_motion2_msgs/srv/detail/is_motion_ready__rosidl_typesupport_fastrtps_cpp.hpp
[2.977s] -- Up-to-date: /Bt/install/play_motion2_msgs/include/play_motion2_msgs/play_motion2_msgs/srv/detail/dds_fastrtps
[2.977s] -- Up-to-date: /Bt/install/play_motion2_msgs/lib/libplay_motion2_msgs__rosidl_typesupport_fastrtps_cpp.so
[2.977s] -- Up-to-date: /Bt/install/play_motion2_msgs/include/play_motion2_msgs/play_motion2_msgs
[2.977s] -- Up-to-date: /Bt/install/play_motion2_msgs/include/play_motion2_msgs/play_motion2_msgs/action
[2.977s] -- Up-to-date: /Bt/install/play_motion2_msgs/include/play_motion2_msgs/play_motion2_msgs/action/detail
[2.977s] -- Installing: /Bt/install/play_motion2_msgs/include/play_motion2_msgs/play_motion2_msgs/action/detail/play_motion2__type_support.c
[2.977s] -- Up-to-date: /Bt/install/play_motion2_msgs/include/play_motion2_msgs/play_motion2_msgs/action/detail/play_motion2__rosidl_typesupport_introspection_c.h
[2.978s] -- Up-to-date: /Bt/install/play_motion2_msgs/include/play_motion2_msgs/play_motion2_msgs/msg
[2.978s] -- Up-to-date: /Bt/install/play_motion2_msgs/include/play_motion2_msgs/play_motion2_msgs/msg/rosidl_typesupport_introspection_c__visibility_control.h
[2.978s] -- Up-to-date: /Bt/install/play_motion2_msgs/include/play_motion2_msgs/play_motion2_msgs/msg/detail
[2.978s] -- Installing: /Bt/install/play_motion2_msgs/include/play_motion2_msgs/play_motion2_msgs/msg/detail/motion__type_support.c
[2.982s] -- Up-to-date: /Bt/install/play_motion2_msgs/include/play_motion2_msgs/play_motion2_msgs/msg/detail/motion__rosidl_typesupport_introspection_c.h
[2.982s] -- Up-to-date: /Bt/install/play_motion2_msgs/include/play_motion2_msgs/play_motion2_msgs/srv
[2.982s] -- Up-to-date: /Bt/install/play_motion2_msgs/include/play_motion2_msgs/play_motion2_msgs/srv/detail
[2.984s] -- Installing: /Bt/install/play_motion2_msgs/include/play_motion2_msgs/play_motion2_msgs/srv/detail/get_motion_info__type_support.c
[2.984s] -- Up-to-date: /Bt/install/play_motion2_msgs/include/play_motion2_msgs/play_motion2_msgs/srv/detail/list_motions__rosidl_typesupport_introspection_c.h
[2.984s] -- Installing: /Bt/install/play_motion2_msgs/include/play_motion2_msgs/play_motion2_msgs/srv/detail/list_motions__type_support.c
[2.984s] -- Installing: /Bt/install/play_motion2_msgs/include/play_motion2_msgs/play_motion2_msgs/srv/detail/is_motion_ready__type_support.c
[2.984s] -- Up-to-date: /Bt/install/play_motion2_msgs/include/play_motion2_msgs/play_motion2_msgs/srv/detail/is_motion_ready__rosidl_typesupport_introspection_c.h
[2.985s] -- Installing: /Bt/install/play_motion2_msgs/include/play_motion2_msgs/play_motion2_msgs/srv/detail/remove_motion__type_support.c
[2.985s] -- Up-to-date: /Bt/install/play_motion2_msgs/include/play_motion2_msgs/play_motion2_msgs/srv/detail/get_motion_info__rosidl_typesupport_introspection_c.h
[2.985s] -- Up-to-date: /Bt/install/play_motion2_msgs/include/play_motion2_msgs/play_motion2_msgs/srv/detail/add_motion__rosidl_typesupport_introspection_c.h
[2.985s] -- Up-to-date: /Bt/install/play_motion2_msgs/include/play_motion2_msgs/play_motion2_msgs/srv/detail/remove_motion__rosidl_typesupport_introspection_c.h
[2.985s] -- Installing: /Bt/install/play_motion2_msgs/include/play_motion2_msgs/play_motion2_msgs/srv/detail/add_motion__type_support.c
[2.985s] -- Up-to-date: /Bt/install/play_motion2_msgs/lib/libplay_motion2_msgs__rosidl_typesupport_introspection_c.so
[2.987s] -- Up-to-date: /Bt/install/play_motion2_msgs/lib/libplay_motion2_msgs__rosidl_typesupport_c.so
[2.987s] -- Up-to-date: /Bt/install/play_motion2_msgs/include/play_motion2_msgs/play_motion2_msgs
[2.987s] -- Up-to-date: /Bt/install/play_motion2_msgs/include/play_motion2_msgs/play_motion2_msgs/action
[2.988s] -- Up-to-date: /Bt/install/play_motion2_msgs/include/play_motion2_msgs/play_motion2_msgs/action/detail
[2.988s] -- Up-to-date: /Bt/install/play_motion2_msgs/include/play_motion2_msgs/play_motion2_msgs/action/detail/play_motion2__type_support.cpp
[2.988s] -- Up-to-date: /Bt/install/play_motion2_msgs/include/play_motion2_msgs/play_motion2_msgs/action/detail/play_motion2__rosidl_typesupport_introspection_cpp.hpp
[2.988s] -- Up-to-date: /Bt/install/play_motion2_msgs/include/play_motion2_msgs/play_motion2_msgs/msg
[2.988s] -- Up-to-date: /Bt/install/play_motion2_msgs/include/play_motion2_msgs/play_motion2_msgs/msg/detail
[2.988s] -- Up-to-date: /Bt/install/play_motion2_msgs/include/play_motion2_msgs/play_motion2_msgs/msg/detail/motion__type_support.cpp
[2.988s] -- Up-to-date: /Bt/install/play_motion2_msgs/include/play_motion2_msgs/play_motion2_msgs/msg/detail/motion__rosidl_typesupport_introspection_cpp.hpp
[2.988s] -- Up-to-date: /Bt/install/play_motion2_msgs/include/play_motion2_msgs/play_motion2_msgs/srv
[2.988s] -- Up-to-date: /Bt/install/play_motion2_msgs/include/play_motion2_msgs/play_motion2_msgs/srv/detail
[2.989s] -- Up-to-date: /Bt/install/play_motion2_msgs/include/play_motion2_msgs/play_motion2_msgs/srv/detail/list_motions__rosidl_typesupport_introspection_cpp.hpp
[2.989s] -- Up-to-date: /Bt/install/play_motion2_msgs/include/play_motion2_msgs/play_motion2_msgs/srv/detail/add_motion__type_support.cpp
[2.989s] -- Up-to-date: /Bt/install/play_motion2_msgs/include/play_motion2_msgs/play_motion2_msgs/srv/detail/list_motions__type_support.cpp
[2.989s] -- Up-to-date: /Bt/install/play_motion2_msgs/include/play_motion2_msgs/play_motion2_msgs/srv/detail/add_motion__rosidl_typesupport_introspection_cpp.hpp
[2.989s] -- Up-to-date: /Bt/install/play_motion2_msgs/include/play_motion2_msgs/play_motion2_msgs/srv/detail/is_motion_ready__rosidl_typesupport_introspection_cpp.hpp
[2.989s] -- Up-to-date: /Bt/install/play_motion2_msgs/include/play_motion2_msgs/play_motion2_msgs/srv/detail/is_motion_ready__type_support.cpp
[2.989s] -- Up-to-date: /Bt/install/play_motion2_msgs/include/play_motion2_msgs/play_motion2_msgs/srv/detail/get_motion_info__rosidl_typesupport_introspection_cpp.hpp
[2.989s] -- Up-to-date: /Bt/install/play_motion2_msgs/include/play_motion2_msgs/play_motion2_msgs/srv/detail/remove_motion__type_support.cpp
[2.989s] -- Up-to-date: /Bt/install/play_motion2_msgs/include/play_motion2_msgs/play_motion2_msgs/srv/detail/remove_motion__rosidl_typesupport_introspection_cpp.hpp
[2.989s] -- Up-to-date: /Bt/install/play_motion2_msgs/include/play_motion2_msgs/play_motion2_msgs/srv/detail/get_motion_info__type_support.cpp
[2.990s] -- Up-to-date: /Bt/install/play_motion2_msgs/lib/libplay_motion2_msgs__rosidl_typesupport_introspection_cpp.so
[2.990s] -- Up-to-date: /Bt/install/play_motion2_msgs/lib/libplay_motion2_msgs__rosidl_typesupport_cpp.so
[2.990s] -- Up-to-date: /Bt/install/play_motion2_msgs/share/play_motion2_msgs/environment/pythonpath.sh
[2.990s] -- Up-to-date: /Bt/install/play_motion2_msgs/share/play_motion2_msgs/environment/pythonpath.dsv
[2.990s] -- Up-to-date: /Bt/install/play_motion2_msgs/lib/python3.12/site-packages/play_motion2_msgs-1.5.1-py3.12.egg-info
[2.990s] -- Installing: /Bt/install/play_motion2_msgs/lib/python3.12/site-packages/play_motion2_msgs-1.5.1-py3.12.egg-info/top_level.txt
[2.990s] -- Installing: /Bt/install/play_motion2_msgs/lib/python3.12/site-packages/play_motion2_msgs-1.5.1-py3.12.egg-info/PKG-INFO
[2.990s] -- Installing: /Bt/install/play_motion2_msgs/lib/python3.12/site-packages/play_motion2_msgs-1.5.1-py3.12.egg-info/SOURCES.txt
[2.991s] -- Installing: /Bt/install/play_motion2_msgs/lib/python3.12/site-packages/play_motion2_msgs-1.5.1-py3.12.egg-info/dependency_links.txt
[2.991s] -- Up-to-date: /Bt/install/play_motion2_msgs/lib/python3.12/site-packages/play_motion2_msgs
[2.991s] -- Up-to-date: /Bt/install/play_motion2_msgs/lib/python3.12/site-packages/play_motion2_msgs/_play_motion2_msgs_s.ep.rosidl_typesupport_c.c
[2.991s] -- Up-to-date: /Bt/install/play_motion2_msgs/lib/python3.12/site-packages/play_motion2_msgs/_play_motion2_msgs_s.ep.rosidl_typesupport_fastrtps_c.c
[2.991s] -- Up-to-date: /Bt/install/play_motion2_msgs/lib/python3.12/site-packages/play_motion2_msgs/__init__.py
[2.991s] -- Up-to-date: /Bt/install/play_motion2_msgs/lib/python3.12/site-packages/play_motion2_msgs/action
[2.991s] -- Up-to-date: /Bt/install/play_motion2_msgs/lib/python3.12/site-packages/play_motion2_msgs/action/_play_motion2.py
[2.991s] -- Up-to-date: /Bt/install/play_motion2_msgs/lib/python3.12/site-packages/play_motion2_msgs/action/__init__.py
[2.991s] -- Up-to-date: /Bt/install/play_motion2_msgs/lib/python3.12/site-packages/play_motion2_msgs/action/_play_motion2_s.c
[2.991s] -- Up-to-date: /Bt/install/play_motion2_msgs/lib/python3.12/site-packages/play_motion2_msgs/play_motion2_msgs_s__rosidl_typesupport_introspection_c.so
[2.992s] -- Up-to-date: /Bt/install/play_motion2_msgs/lib/python3.12/site-packages/play_motion2_msgs/msg
[2.992s] -- Up-to-date: /Bt/install/play_motion2_msgs/lib/python3.12/site-packages/play_motion2_msgs/msg/__init__.py
[2.992s] -- Up-to-date: /Bt/install/play_motion2_msgs/lib/python3.12/site-packages/play_motion2_msgs/msg/_motion.py
[2.992s] -- Up-to-date: /Bt/install/play_motion2_msgs/lib/python3.12/site-packages/play_motion2_msgs/msg/_motion_s.c
[2.992s] -- Up-to-date: /Bt/install/play_motion2_msgs/lib/python3.12/site-packages/play_motion2_msgs/srv
[2.992s] -- Up-to-date: /Bt/install/play_motion2_msgs/lib/python3.12/site-packages/play_motion2_msgs/srv/_get_motion_info.py
[2.992s] -- Up-to-date: /Bt/install/play_motion2_msgs/lib/python3.12/site-packages/play_motion2_msgs/srv/_is_motion_ready_s.c
[2.992s] -- Up-to-date: /Bt/install/play_motion2_msgs/lib/python3.12/site-packages/play_motion2_msgs/srv/_remove_motion_s.c
[2.992s] -- Up-to-date: /Bt/install/play_motion2_msgs/lib/python3.12/site-packages/play_motion2_msgs/srv/__init__.py
[2.993s] -- Up-to-date: /Bt/install/play_motion2_msgs/lib/python3.12/site-packages/play_motion2_msgs/srv/_is_motion_ready.py
[2.993s] -- Up-to-date: /Bt/install/play_motion2_msgs/lib/python3.12/site-packages/play_motion2_msgs/srv/_list_motions.py
[2.993s] -- Up-to-date: /Bt/install/play_motion2_msgs/lib/python3.12/site-packages/play_motion2_msgs/srv/_get_motion_info_s.c
[2.993s] -- Up-to-date: /Bt/install/play_motion2_msgs/lib/python3.12/site-packages/play_motion2_msgs/srv/_add_motion.py
[2.995s] -- Up-to-date: /Bt/install/play_motion2_msgs/lib/python3.12/site-packages/play_motion2_msgs/srv/_list_motions_s.c
[2.996s] -- Up-to-date: /Bt/install/play_motion2_msgs/lib/python3.12/site-packages/play_motion2_msgs/srv/_add_motion_s.c
[2.996s] -- Up-to-date: /Bt/install/play_motion2_msgs/lib/python3.12/site-packages/play_motion2_msgs/srv/_remove_motion.py
[2.996s] -- Up-to-date: /Bt/install/play_motion2_msgs/lib/python3.12/site-packages/play_motion2_msgs/play_motion2_msgs_s__rosidl_typesupport_c.so
[2.996s] -- Up-to-date: /Bt/install/play_motion2_msgs/lib/python3.12/site-packages/play_motion2_msgs/_play_motion2_msgs_s.ep.rosidl_typesupport_introspection_c.c
[2.996s] -- Up-to-date: /Bt/install/play_motion2_msgs/lib/python3.12/site-packages/play_motion2_msgs/play_motion2_msgs_s__rosidl_typesupport_fastrtps_c.so
[3.031s] Listing '/Bt/install/play_motion2_msgs/lib/python3.12/site-packages/play_motion2_msgs'...
[3.032s] Listing '/Bt/install/play_motion2_msgs/lib/python3.12/site-packages/play_motion2_msgs/action'...
[3.032s] Listing '/Bt/install/play_motion2_msgs/lib/python3.12/site-packages/play_motion2_msgs/msg'...
[3.032s] Listing '/Bt/install/play_motion2_msgs/lib/python3.12/site-packages/play_motion2_msgs/srv'...
[3.052s] -- Up-to-date: /Bt/install/play_motion2_msgs/lib/python3.12/site-packages/play_motion2_msgs/play_motion2_msgs_s__rosidl_typesupport_fastrtps_c.so
[3.054s] -- Up-to-date: /Bt/install/play_motion2_msgs/lib/python3.12/site-packages/play_motion2_msgs/play_motion2_msgs_s__rosidl_typesupport_introspection_c.so
[3.054s] -- Up-to-date: /Bt/install/play_motion2_msgs/lib/python3.12/site-packages/play_motion2_msgs/play_motion2_msgs_s__rosidl_typesupport_c.so
[3.055s] -- Up-to-date: /Bt/install/play_motion2_msgs/lib/libplay_motion2_msgs__rosidl_generator_py.so
[3.056s] -- Up-to-date: /Bt/install/play_motion2_msgs/share/play_motion2_msgs/action/PlayMotion2.idl
[3.057s] -- Up-to-date: /Bt/install/play_motion2_msgs/share/play_motion2_msgs/msg/Motion.idl
[3.058s] -- Up-to-date: /Bt/install/play_motion2_msgs/share/play_motion2_msgs/srv/AddMotion.idl
[3.060s] -- Up-to-date: /Bt/install/play_motion2_msgs/share/play_motion2_msgs/srv/GetMotionInfo.idl
[3.060s] -- Up-to-date: /Bt/install/play_motion2_msgs/share/play_motion2_msgs/srv/IsMotionReady.idl
[3.061s] -- Up-to-date: /Bt/install/play_motion2_msgs/share/play_motion2_msgs/srv/ListMotions.idl
[3.063s] -- Up-to-date: /Bt/install/play_motion2_msgs/share/play_motion2_msgs/srv/RemoveMotion.idl
[3.066s] -- Up-to-date: /Bt/install/play_motion2_msgs/share/play_motion2_msgs/action/PlayMotion2.action
[3.066s] -- Up-to-date: /Bt/install/play_motion2_msgs/share/play_motion2_msgs/msg/Motion.msg
[3.066s] -- Up-to-date: /Bt/install/play_motion2_msgs/share/play_motion2_msgs/srv/AddMotion.srv
[3.066s] -- Up-to-date: /Bt/install/play_motion2_msgs/share/play_motion2_msgs/srv/GetMotionInfo.srv
[3.067s] -- Up-to-date: /Bt/install/play_motion2_msgs/share/play_motion2_msgs/srv/IsMotionReady.srv
[3.067s] -- Up-to-date: /Bt/install/play_motion2_msgs/share/play_motion2_msgs/srv/ListMotions.srv
[3.068s] -- Up-to-date: /Bt/install/play_motion2_msgs/share/play_motion2_msgs/srv/RemoveMotion.srv
[3.068s] -- Up-to-date: /Bt/install/play_motion2_msgs/share/ament_index/resource_index/package_run_dependencies/play_motion2_msgs
[3.105s] -- Up-to-date: /Bt/install/play_motion2_msgs/share/ament_index/resource_index/parent_prefix_path/play_motion2_msgs
[3.105s] -- Up-to-date: /Bt/install/play_motion2_msgs/share/play_motion2_msgs/environment/ament_prefix_path.sh
[3.115s] -- Up-to-date: /Bt/install/play_motion2_msgs/share/play_motion2_msgs/environment/ament_prefix_path.dsv
[3.135s] -- Up-to-date: /Bt/install/play_motion2_msgs/share/play_motion2_msgs/environment/path.sh
[3.135s] -- Up-to-date: /Bt/install/play_motion2_msgs/share/play_motion2_msgs/environment/path.dsv
[3.138s] -- Up-to-date: /Bt/install/play_motion2_msgs/share/play_motion2_msgs/local_setup.bash
[3.146s] -- Up-to-date: /Bt/install/play_motion2_msgs/share/play_motion2_msgs/local_setup.sh
[3.147s] -- Up-to-date: /Bt/install/play_motion2_msgs/share/play_motion2_msgs/local_setup.zsh
[3.147s] -- Up-to-date: /Bt/install/play_motion2_msgs/share/play_motion2_msgs/local_setup.dsv
[3.147s] -- Installing: /Bt/install/play_motion2_msgs/share/play_motion2_msgs/package.dsv
[3.149s] -- Up-to-date: /Bt/install/play_motion2_msgs/share/ament_index/resource_index/packages/play_motion2_msgs
[3.150s] -- Up-to-date: /Bt/install/play_motion2_msgs/share/play_motion2_msgs/cmake/export_play_motion2_msgs__rosidl_generator_cExport.cmake
[3.150s] -- Up-to-date: /Bt/install/play_motion2_msgs/share/play_motion2_msgs/cmake/export_play_motion2_msgs__rosidl_generator_cExport-noconfig.cmake
[3.151s] -- Up-to-date: /Bt/install/play_motion2_msgs/share/play_motion2_msgs/cmake/export_play_motion2_msgs__rosidl_typesupport_fastrtps_cExport.cmake
[3.151s] -- Up-to-date: /Bt/install/play_motion2_msgs/share/play_motion2_msgs/cmake/export_play_motion2_msgs__rosidl_typesupport_fastrtps_cExport-noconfig.cmake
[3.151s] -- Up-to-date: /Bt/install/play_motion2_msgs/share/play_motion2_msgs/cmake/export_play_motion2_msgs__rosidl_generator_cppExport.cmake
[3.151s] -- Up-to-date: /Bt/install/play_motion2_msgs/share/play_motion2_msgs/cmake/export_play_motion2_msgs__rosidl_typesupport_fastrtps_cppExport.cmake
[3.152s] -- Up-to-date: /Bt/install/play_motion2_msgs/share/play_motion2_msgs/cmake/export_play_motion2_msgs__rosidl_typesupport_fastrtps_cppExport-noconfig.cmake
[3.152s] -- Up-to-date: /Bt/install/play_motion2_msgs/share/play_motion2_msgs/cmake/play_motion2_msgs__rosidl_typesupport_introspection_cExport.cmake
[3.153s] -- Up-to-date: /Bt/install/play_motion2_msgs/share/play_motion2_msgs/cmake/play_motion2_msgs__rosidl_typesupport_introspection_cExport-noconfig.cmake
[3.154s] -- Up-to-date: /Bt/install/play_motion2_msgs/share/play_motion2_msgs/cmake/play_motion2_msgs__rosidl_typesupport_cExport.cmake
[3.154s] -- Up-to-date: /Bt/install/play_motion2_msgs/share/play_motion2_msgs/cmake/play_motion2_msgs__rosidl_typesupport_cExport-noconfig.cmake
[3.159s] -- Up-to-date: /Bt/install/play_motion2_msgs/share/play_motion2_msgs/cmake/play_motion2_msgs__rosidl_typesupport_introspection_cppExport.cmake
[3.160s] -- Up-to-date: /Bt/install/play_motion2_msgs/share/play_motion2_msgs/cmake/play_motion2_msgs__rosidl_typesupport_introspection_cppExport-noconfig.cmake
[3.162s] -- Up-to-date: /Bt/install/play_motion2_msgs/share/play_motion2_msgs/cmake/play_motion2_msgs__rosidl_typesupport_cppExport.cmake
[3.163s] -- Up-to-date: /Bt/install/play_motion2_msgs/share/play_motion2_msgs/cmake/play_motion2_msgs__rosidl_typesupport_cppExport-noconfig.cmake
[3.163s] -- Up-to-date: /Bt/install/play_motion2_msgs/share/play_motion2_msgs/cmake/export_play_motion2_msgs__rosidl_generator_pyExport.cmake
[3.163s] -- Up-to-date: /Bt/install/play_motion2_msgs/share/play_motion2_msgs/cmake/export_play_motion2_msgs__rosidl_generator_pyExport-noconfig.cmake
[3.163s] -- Up-to-date: /Bt/install/play_motion2_msgs/share/play_motion2_msgs/cmake/rosidl_cmake-extras.cmake
[3.163s] -- Up-to-date: /Bt/install/play_motion2_msgs/share/play_motion2_msgs/cmake/ament_cmake_export_dependencies-extras.cmake
[3.163s] -- Up-to-date: /Bt/install/play_motion2_msgs/share/play_motion2_msgs/cmake/ament_cmake_export_include_directories-extras.cmake
[3.163s] -- Up-to-date: /Bt/install/play_motion2_msgs/share/play_motion2_msgs/cmake/ament_cmake_export_libraries-extras.cmake
[3.164s] -- Up-to-date: /Bt/install/play_motion2_msgs/share/play_motion2_msgs/cmake/ament_cmake_export_targets-extras.cmake
[3.164s] -- Up-to-date: /Bt/install/play_motion2_msgs/share/play_motion2_msgs/cmake/rosidl_cmake_export_typesupport_targets-extras.cmake
[3.164s] -- Up-to-date: /Bt/install/play_motion2_msgs/share/play_motion2_msgs/cmake/rosidl_cmake_export_typesupport_libraries-extras.cmake
[3.164s] -- Up-to-date: /Bt/install/play_motion2_msgs/share/play_motion2_msgs/cmake/play_motion2_msgsConfig.cmake
[3.164s] -- Up-to-date: /Bt/install/play_motion2_msgs/share/play_motion2_msgs/cmake/play_motion2_msgsConfig-version.cmake
[3.164s] -- Up-to-date: /Bt/install/play_motion2_msgs/share/play_motion2_msgs/package.xml
[3.296s] Invoked command in '/Bt/build/play_motion2_msgs' returned '0': CMAKE_PREFIX_PATH=${CMAKE_PREFIX_PATH}:/Bt/install/yolo_ros:/Bt/install/ros2_aruco:/Bt/install/launch_pal:/Bt/install/grab2_curobo_planner:/opt/ros/jazzy /usr/bin/cmake --install /Bt/build/play_motion2_msgs
