[0.302s] Invoking command in '/Bt/build/pal_robotiq_description': CMAKE_PREFIX_PATH=${CMAKE_PREFIX_PATH}:/Bt/install/yolo_ros:/Bt/install/ros2_aruco:/Bt/install/launch_pal:/Bt/install/grab2_curobo_planner:/opt/ros/jazzy /usr/bin/cmake --build /Bt/build/pal_robotiq_description -- -j8 -l8
[0.379s] Invoked command in '/Bt/build/pal_robotiq_description' returned '0': CMAKE_PREFIX_PATH=${CMAKE_PREFIX_PATH}:/Bt/install/yolo_ros:/Bt/install/ros2_aruco:/Bt/install/launch_pal:/Bt/install/grab2_curobo_planner:/opt/ros/jazzy /usr/bin/cmake --build /Bt/build/pal_robotiq_description -- -j8 -l8
[0.380s] Invoking command in '/Bt/build/pal_robotiq_description': CMAKE_PREFIX_PATH=${CMAKE_PREFIX_PATH}:/Bt/install/yolo_ros:/Bt/install/ros2_aruco:/Bt/install/launch_pal:/Bt/install/grab2_curobo_planner:/opt/ros/jazzy /usr/bin/cmake --install /Bt/build/pal_robotiq_description
[0.404s] -- Install configuration: ""
[0.404s] -- Up-to-date: /Bt/install/pal_robotiq_description/share/pal_robotiq_description/meshes
[0.404s] -- Up-to-date: /Bt/install/pal_robotiq_description/share/pal_robotiq_description/meshes/visual
[0.404s] -- Up-to-date: /Bt/install/pal_robotiq_description/share/pal_robotiq_description/meshes/visual/robotiq_coupling.stl
[0.404s] -- Up-to-date: /Bt/install/pal_robotiq_description/share/pal_robotiq_description/meshes/visual/robotiq_85_outer_knuckle.dae
[0.404s] -- Up-to-date: /Bt/install/pal_robotiq_description/share/pal_robotiq_description/meshes/visual/robotiq_base_link.stl
[0.404s] -- Up-to-date: /Bt/install/pal_robotiq_description/share/pal_robotiq_description/meshes/visual/robotiq_140_inner_knuckle.stl
[0.404s] -- Up-to-date: /Bt/install/pal_robotiq_description/share/pal_robotiq_description/meshes/visual/robotiq_85_pad.dae
[0.405s] -- Up-to-date: /Bt/install/pal_robotiq_description/share/pal_robotiq_description/meshes/visual/robotiq_140_inner_finger.stl
[0.405s] -- Up-to-date: /Bt/install/pal_robotiq_description/share/pal_robotiq_description/meshes/visual/robotiq_140_outer_knuckle.stl
[0.405s] -- Up-to-date: /Bt/install/pal_robotiq_description/share/pal_robotiq_description/meshes/visual/robotiq_85_outer_finger.dae
[0.405s] -- Up-to-date: /Bt/install/pal_robotiq_description/share/pal_robotiq_description/meshes/visual/pal_robotiq_coupling.stl
[0.405s] -- Up-to-date: /Bt/install/pal_robotiq_description/share/pal_robotiq_description/meshes/visual/robotiq_85_inner_finger.dae
[0.405s] -- Up-to-date: /Bt/install/pal_robotiq_description/share/pal_robotiq_description/meshes/visual/robotiq_85_inner_knuckle.dae
[0.405s] -- Up-to-date: /Bt/install/pal_robotiq_description/share/pal_robotiq_description/meshes/visual/robotiq_140_outer_finger.stl
[0.405s] -- Up-to-date: /Bt/install/pal_robotiq_description/share/pal_robotiq_description/meshes/collision
[0.406s] -- Up-to-date: /Bt/install/pal_robotiq_description/share/pal_robotiq_description/meshes/collision/robotiq_coupling.stl
[0.406s] -- Up-to-date: /Bt/install/pal_robotiq_description/share/pal_robotiq_description/meshes/collision/robotiq_85_outer_knuckle.dae
[0.406s] -- Up-to-date: /Bt/install/pal_robotiq_description/share/pal_robotiq_description/meshes/collision/robotiq_base_link.stl
[0.406s] -- Up-to-date: /Bt/install/pal_robotiq_description/share/pal_robotiq_description/meshes/collision/robotiq_140_inner_knuckle.stl
[0.406s] -- Up-to-date: /Bt/install/pal_robotiq_description/share/pal_robotiq_description/meshes/collision/robotiq_140_inner_finger.stl
[0.406s] -- Up-to-date: /Bt/install/pal_robotiq_description/share/pal_robotiq_description/meshes/collision/robotiq_140_outer_knuckle.stl
[0.406s] -- Up-to-date: /Bt/install/pal_robotiq_description/share/pal_robotiq_description/meshes/collision/robotiq_85_outer_finger.dae
[0.406s] -- Up-to-date: /Bt/install/pal_robotiq_description/share/pal_robotiq_description/meshes/collision/robotiq_85_inner_finger.dae
[0.406s] -- Up-to-date: /Bt/install/pal_robotiq_description/share/pal_robotiq_description/meshes/collision/robotiq_85_base_link.stl
[0.406s] -- Up-to-date: /Bt/install/pal_robotiq_description/share/pal_robotiq_description/meshes/collision/robotiq_85_inner_knuckle.dae
[0.406s] -- Up-to-date: /Bt/install/pal_robotiq_description/share/pal_robotiq_description/meshes/collision/robotiq_140_outer_finger.stl
[0.407s] -- Up-to-date: /Bt/install/pal_robotiq_description/share/pal_robotiq_description/robots
[0.407s] -- Up-to-date: /Bt/install/pal_robotiq_description/share/pal_robotiq_description/robots/pal_robotiq_2f_140_gripper.urdf.xacro
[0.407s] -- Up-to-date: /Bt/install/pal_robotiq_description/share/pal_robotiq_description/robots/pal_robotiq_epick_gripper.urdf.xacro
[0.407s] -- Up-to-date: /Bt/install/pal_robotiq_description/share/pal_robotiq_description/robots/pal_robotiq_2f_85_gripper.urdf.xacro
[0.407s] -- Up-to-date: /Bt/install/pal_robotiq_description/share/pal_robotiq_description/urdf
[0.407s] -- Up-to-date: /Bt/install/pal_robotiq_description/share/pal_robotiq_description/urdf/robotiq.transmission.xacro
[0.407s] -- Up-to-date: /Bt/install/pal_robotiq_description/share/pal_robotiq_description/urdf/robotiq.ros2_control.xacro
[0.407s] -- Up-to-date: /Bt/install/pal_robotiq_description/share/pal_robotiq_description/urdf/robotiq_85_gripper.urdf.xacro
[0.407s] -- Up-to-date: /Bt/install/pal_robotiq_description/share/pal_robotiq_description/urdf/robotiq_140_gripper.urdf.xacro
[0.407s] -- Up-to-date: /Bt/install/pal_robotiq_description/share/pal_robotiq_description/urdf/grasping_frames.xacro
[0.407s] -- Up-to-date: /Bt/install/pal_robotiq_description/share/pal_robotiq_description/launch
[0.408s] -- Up-to-date: /Bt/install/pal_robotiq_description/share/pal_robotiq_description/launch/robot_state_publisher.launch.py
[0.408s] -- Up-to-date: /Bt/install/pal_robotiq_description/share/pal_robotiq_description/launch/show.launch.py
[0.408s] -- Up-to-date: /Bt/install/pal_robotiq_description/share/pal_robotiq_description/config
[0.408s] -- Up-to-date: /Bt/install/pal_robotiq_description/share/pal_robotiq_description/config/pal_robotiq_urdf.rviz
[0.408s] -- Up-to-date: /Bt/install/pal_robotiq_description/share/ament_index/resource_index/package_run_dependencies/pal_robotiq_description
[0.408s] -- Up-to-date: /Bt/install/pal_robotiq_description/share/ament_index/resource_index/parent_prefix_path/pal_robotiq_description
[0.408s] -- Up-to-date: /Bt/install/pal_robotiq_description/share/pal_robotiq_description/environment/ament_prefix_path.sh
[0.410s] -- Up-to-date: /Bt/install/pal_robotiq_description/share/pal_robotiq_description/environment/ament_prefix_path.dsv
[0.410s] -- Up-to-date: /Bt/install/pal_robotiq_description/share/pal_robotiq_description/environment/path.sh
[0.410s] -- Up-to-date: /Bt/install/pal_robotiq_description/share/pal_robotiq_description/environment/path.dsv
[0.410s] -- Up-to-date: /Bt/install/pal_robotiq_description/share/pal_robotiq_description/local_setup.bash
[0.410s] -- Up-to-date: /Bt/install/pal_robotiq_description/share/pal_robotiq_description/local_setup.sh
[0.410s] -- Up-to-date: /Bt/install/pal_robotiq_description/share/pal_robotiq_description/local_setup.zsh
[0.410s] -- Up-to-date: /Bt/install/pal_robotiq_description/share/pal_robotiq_description/local_setup.dsv
[0.410s] -- Installing: /Bt/install/pal_robotiq_description/share/pal_robotiq_description/package.dsv
[0.411s] -- Up-to-date: /Bt/install/pal_robotiq_description/share/ament_index/resource_index/packages/pal_robotiq_description
[0.411s] -- Up-to-date: /Bt/install/pal_robotiq_description/share/pal_robotiq_description/cmake/pal_robotiq_descriptionConfig.cmake
[0.411s] -- Up-to-date: /Bt/install/pal_robotiq_description/share/pal_robotiq_description/cmake/pal_robotiq_descriptionConfig-version.cmake
[0.411s] -- Up-to-date: /Bt/install/pal_robotiq_description/share/pal_robotiq_description/package.xml
[0.500s] Invoked command in '/Bt/build/pal_robotiq_description' returned '0': CMAKE_PREFIX_PATH=${CMAKE_PREFIX_PATH}:/Bt/install/yolo_ros:/Bt/install/ros2_aruco:/Bt/install/launch_pal:/Bt/install/grab2_curobo_planner:/opt/ros/jazzy /usr/bin/cmake --install /Bt/build/pal_robotiq_description
