-- Install configuration: ""
-- Up-to-date: /Bt/install/tiago_laser_sensors/share/tiago_laser_sensors/params
-- Up-to-date: /Bt/install/tiago_laser_sensors/share/tiago_laser_sensors/params/omni_base_laser_pipeline_sim.yaml
-- Up-to-date: /Bt/install/tiago_laser_sensors/share/tiago_laser_sensors/params/pmb2_laser_pipeline_sim.yaml
-- Up-to-date: /Bt/install/tiago_laser_sensors/share/tiago_laser_sensors/params/omni_base_laser_pipeline.yaml
-- Up-to-date: /Bt/install/tiago_laser_sensors/share/tiago_laser_sensors/params/pmb2_laser_pipeline.yaml
-- Up-to-date: /Bt/install/tiago_laser_sensors/share/tiago_laser_sensors/params/pmb2_laser_pipeline_w_composition.yaml
-- Up-to-date: /Bt/install/tiago_laser_sensors/share/tiago_laser_sensors/params/omni_base_laser_pipeline_w_composition.yaml
-- Up-to-date: /Bt/install/tiago_laser_sensors/share/ament_index/resource_index/package_run_dependencies/tiago_laser_sensors
-- Up-to-date: /Bt/install/tiago_laser_sensors/share/ament_index/resource_index/parent_prefix_path/tiago_laser_sensors
-- Up-to-date: /Bt/install/tiago_laser_sensors/share/tiago_laser_sensors/environment/ament_prefix_path.sh
-- Up-to-date: /Bt/install/tiago_laser_sensors/share/tiago_laser_sensors/environment/ament_prefix_path.dsv
-- Up-to-date: /Bt/install/tiago_laser_sensors/share/tiago_laser_sensors/environment/path.sh
-- Up-to-date: /Bt/install/tiago_laser_sensors/share/tiago_laser_sensors/environment/path.dsv
-- Up-to-date: /Bt/install/tiago_laser_sensors/share/tiago_laser_sensors/local_setup.bash
-- Up-to-date: /Bt/install/tiago_laser_sensors/share/tiago_laser_sensors/local_setup.sh
-- Up-to-date: /Bt/install/tiago_laser_sensors/share/tiago_laser_sensors/local_setup.zsh
-- Up-to-date: /Bt/install/tiago_laser_sensors/share/tiago_laser_sensors/local_setup.dsv
-- Up-to-date: /Bt/install/tiago_laser_sensors/share/tiago_laser_sensors/package.dsv
-- Up-to-date: /Bt/install/tiago_laser_sensors/share/ament_index/resource_index/packages/tiago_laser_sensors
-- Up-to-date: /Bt/install/tiago_laser_sensors/share/tiago_laser_sensors/cmake/tiago_laser_sensorsConfig.cmake
-- Up-to-date: /Bt/install/tiago_laser_sensors/share/tiago_laser_sensors/cmake/tiago_laser_sensorsConfig-version.cmake
-- Up-to-date: /Bt/install/tiago_laser_sensors/share/tiago_laser_sensors/package.xml
