-- The C compiler identification is GNU 13.3.0
-- The CXX compiler identification is GNU 13.3.0
-- Detecting C compiler ABI info
-- Detecting C compiler ABI info - done
-- Check for working C compiler: /usr/bin/cc - skipped
-- Detecting C compile features
-- Detecting C compile features - done
-- Detecting CXX compiler ABI info
-- Detecting CXX compiler ABI info - done
-- Check for working CXX compiler: /usr/bin/c++ - skipped
-- Detecting CXX compile features
-- Detecting CXX compile features - done
-- Found ament_cmake: 2.5.4 (/opt/ros/jazzy/share/ament_cmake/cmake)
-- Found Python3: /usr/bin/python3 (found version "3.12.3") found components: Interpreter 
-- Found grab2_behavior_tree: 0.0.0 (/Bt/install/grab2_behavior_tree/share/grab2_behavior_tree/cmake)
-- Found grab2_bt_grabber: 0.0.0 (/Bt/install/grab2_bt_grabber/share/grab2_bt_grabber/cmake)
-- Found rosidl_generator_c: 4.6.6 (/opt/ros/jazzy/share/rosidl_generator_c/cmake)
-- Found rosidl_generator_cpp: 4.6.6 (/opt/ros/jazzy/share/rosidl_generator_cpp/cmake)
-- Using all available rosidl_typesupport_c: rosidl_typesupport_fastrtps_c;rosidl_typesupport_introspection_c
-- Using all available rosidl_typesupport_cpp: rosidl_typesupport_fastrtps_cpp;rosidl_typesupport_introspection_cpp
-- Found rmw_implementation_cmake: 7.3.2 (/opt/ros/jazzy/share/rmw_implementation_cmake/cmake)
-- Found rmw_fastrtps_cpp: 8.4.3 (/opt/ros/jazzy/share/rmw_fastrtps_cpp/cmake)
-- Found OpenSSL: /usr/lib/x86_64-linux-gnu/libcrypto.so (found version "3.0.13")  
-- Found FastRTPS: /opt/ros/jazzy/include (Required is at least version "2.13") 
-- Using RMW implementation 'rmw_fastrtps_cpp' as default
-- Found eigen3_cmake_module: 0.3.0 (/opt/ros/jazzy/share/eigen3_cmake_module/cmake)
-- Found Eigen3: TRUE (found version "3.4.0") 
-- Ensuring Eigen3 include directory is part of orocos-kdl CMake target
-- Found grab2_planner: 0.0.0 (/Bt/install/grab2_planner/share/grab2_planner/cmake)
-- Found Boost: /usr/lib/x86_64-linux-gnu/cmake/Boost-1.83.0/BoostConfig.cmake (found version "1.83.0") found components: date_time filesystem program_options system thread 
-- Found Boost: /usr/lib/x86_64-linux-gnu/cmake/Boost-1.83.0/BoostConfig.cmake (found version "1.83.0") found components: chrono date_time filesystem iostreams program_options regex serialization system thread 
-- Found Boost: /usr/lib/x86_64-linux-gnu/cmake/Boost-1.83.0/BoostConfig.cmake (found version "1.83.0") found components: filesystem 
-- Found Boost: /usr/lib/x86_64-linux-gnu/cmake/Boost-1.83.0/BoostConfig.cmake (found version "1.83.0") found components: system filesystem date_time program_options thread chrono 
-- Found Boost: /usr/lib/x86_64-linux-gnu/cmake/Boost-1.83.0/BoostConfig.cmake (found version "1.83.0") found components: thread system filesystem regex date_time program_options 
-- Found Boost: /usr/lib/x86_64-linux-gnu/cmake/Boost-1.83.0/BoostConfig.cmake (found version "1.83.0") found components: system filesystem date_time program_options thread 
-- Found ament_lint_auto: 0.17.3 (/opt/ros/jazzy/share/ament_lint_auto/cmake)
-- Added test 'flake8' to check Python code syntax and style conventions
-- Configured 'flake8' exclude dirs and/or files: 
-- Added test 'lint_cmake' to check CMake code style
-- Added test 'pep257' to check Python code against some of the docstring style conventions in PEP 257
-- Added test 'xmllint' to check XML markup files
-- Configuring done (4.1s)
-- Generating done (0.0s)
-- Build files have been written to: /Bt/build/tiago_grab
-- Install configuration: ""
-- Installing: /Bt/install/tiago_grab/share/tiago_grab/launch
-- Installing: /Bt/install/tiago_grab/share/tiago_grab/launch/tiago_moveit2.launch.py
-- Installing: /Bt/install/tiago_grab/share/tiago_grab/launch/grab2_grabbers.launch.py
-- Installing: /Bt/install/tiago_grab/share/tiago_grab/config
-- Installing: /Bt/install/tiago_grab/share/tiago_grab/config/tiago_positions.yaml
-- Installing: /Bt/install/tiago_grab/share/tiago_grab/config/grabbers_config.yaml
-- Installing: /Bt/install/tiago_grab/share/tiago_grab/behavior_trees
-- Installing: /Bt/install/tiago_grab/share/tiago_grab/behavior_trees/pick_object_bt.xml
-- Installing: /Bt/install/tiago_grab/share/ament_index/resource_index/package_run_dependencies/tiago_grab
-- Installing: /Bt/install/tiago_grab/share/ament_index/resource_index/parent_prefix_path/tiago_grab
-- Installing: /Bt/install/tiago_grab/share/tiago_grab/environment/ament_prefix_path.sh
-- Installing: /Bt/install/tiago_grab/share/tiago_grab/environment/ament_prefix_path.dsv
-- Installing: /Bt/install/tiago_grab/share/tiago_grab/environment/path.sh
-- Installing: /Bt/install/tiago_grab/share/tiago_grab/environment/path.dsv
-- Installing: /Bt/install/tiago_grab/share/tiago_grab/local_setup.bash
-- Installing: /Bt/install/tiago_grab/share/tiago_grab/local_setup.sh
-- Installing: /Bt/install/tiago_grab/share/tiago_grab/local_setup.zsh
-- Installing: /Bt/install/tiago_grab/share/tiago_grab/local_setup.dsv
-- Installing: /Bt/install/tiago_grab/share/tiago_grab/package.dsv
-- Installing: /Bt/install/tiago_grab/share/ament_index/resource_index/packages/tiago_grab
-- Installing: /Bt/install/tiago_grab/share/tiago_grab/cmake/tiago_grabConfig.cmake
-- Installing: /Bt/install/tiago_grab/share/tiago_grab/cmake/tiago_grabConfig-version.cmake
-- Installing: /Bt/install/tiago_grab/share/tiago_grab/package.xml
