-- Install configuration: ""
-- Up-to-date: /Bt/install/tiago_slam/share/tiago_slam/launch
-- Up-to-date: /Bt/install/tiago_slam/share/tiago_slam/launch/tiago_slam_toolbox.launch.py
-- Up-to-date: /Bt/install/tiago_slam/share/tiago_slam/config
-- Up-to-date: /Bt/install/tiago_slam/share/tiago_slam/config/tiago_online_sync.yaml
-- Up-to-date: /Bt/install/tiago_slam/share/tiago_slam/rviz
-- Up-to-date: /Bt/install/tiago_slam/share/tiago_slam/rviz/slam.rviz
-- Up-to-date: /Bt/install/tiago_slam/share/ament_index/resource_index/package_run_dependencies/tiago_slam
-- Up-to-date: /Bt/install/tiago_slam/share/ament_index/resource_index/parent_prefix_path/tiago_slam
-- Up-to-date: /Bt/install/tiago_slam/share/tiago_slam/environment/ament_prefix_path.sh
-- Up-to-date: /Bt/install/tiago_slam/share/tiago_slam/environment/ament_prefix_path.dsv
-- Up-to-date: /Bt/install/tiago_slam/share/tiago_slam/environment/path.sh
-- Up-to-date: /Bt/install/tiago_slam/share/tiago_slam/environment/path.dsv
-- Up-to-date: /Bt/install/tiago_slam/share/tiago_slam/local_setup.bash
-- Up-to-date: /Bt/install/tiago_slam/share/tiago_slam/local_setup.sh
-- Up-to-date: /Bt/install/tiago_slam/share/tiago_slam/local_setup.zsh
-- Up-to-date: /Bt/install/tiago_slam/share/tiago_slam/local_setup.dsv
-- Up-to-date: /Bt/install/tiago_slam/share/tiago_slam/package.dsv
-- Up-to-date: /Bt/install/tiago_slam/share/ament_index/resource_index/packages/tiago_slam
-- Up-to-date: /Bt/install/tiago_slam/share/tiago_slam/cmake/tiago_slamConfig.cmake
-- Up-to-date: /Bt/install/tiago_slam/share/tiago_slam/cmake/tiago_slamConfig-version.cmake
-- Up-to-date: /Bt/install/tiago_slam/share/tiago_slam/package.xml
