[0.617s] Invoking command in '/Bt/build/pal_hey5_controller_configuration': CMAKE_PREFIX_PATH=${CMAKE_PREFIX_PATH}:/opt/ros/jazzy /usr/bin/cmake --build /Bt/build/pal_hey5_controller_configuration -- -j8 -l8
[4.730s] Invoked command in '/Bt/build/pal_hey5_controller_configuration' returned '0': CMAKE_PREFIX_PATH=${CMAKE_PREFIX_PATH}:/opt/ros/jazzy /usr/bin/cmake --build /Bt/build/pal_hey5_controller_configuration -- -j8 -l8
[4.793s] Invoking command in '/Bt/build/pal_hey5_controller_configuration': CMAKE_PREFIX_PATH=${CMAKE_PREFIX_PATH}:/opt/ros/jazzy /usr/bin/cmake --install /Bt/build/pal_hey5_controller_configuration
[4.841s] -- Install configuration: ""
[4.842s] -- Up-to-date: /Bt/install/pal_hey5_controller_configuration/share/pal_hey5_controller_configuration/config
[4.843s] -- Up-to-date: /Bt/install/pal_hey5_controller_configuration/share/pal_hey5_controller_configuration/config/pal_hey5_controller.yaml
[4.844s] -- Up-to-date: /Bt/install/pal_hey5_controller_configuration/share/pal_hey5_controller_configuration/launch
[4.858s] -- Up-to-date: /Bt/install/pal_hey5_controller_configuration/share/pal_hey5_controller_configuration/launch/pal_hey5_controller.launch.py
[4.858s] -- Up-to-date: /Bt/install/pal_hey5_controller_configuration/share/ament_index/resource_index/package_run_dependencies/pal_hey5_controller_configuration
[4.858s] -- Up-to-date: /Bt/install/pal_hey5_controller_configuration/share/ament_index/resource_index/parent_prefix_path/pal_hey5_controller_configuration
[4.859s] -- Up-to-date: /Bt/install/pal_hey5_controller_configuration/share/pal_hey5_controller_configuration/environment/ament_prefix_path.sh
[4.859s] -- Up-to-date: /Bt/install/pal_hey5_controller_configuration/share/pal_hey5_controller_configuration/environment/ament_prefix_path.dsv
[4.859s] -- Up-to-date: /Bt/install/pal_hey5_controller_configuration/share/pal_hey5_controller_configuration/environment/path.sh
[4.860s] -- Up-to-date: /Bt/install/pal_hey5_controller_configuration/share/pal_hey5_controller_configuration/environment/path.dsv
[4.860s] -- Up-to-date: /Bt/install/pal_hey5_controller_configuration/share/pal_hey5_controller_configuration/local_setup.bash
[4.860s] -- Up-to-date: /Bt/install/pal_hey5_controller_configuration/share/pal_hey5_controller_configuration/local_setup.sh
[4.860s] -- Up-to-date: /Bt/install/pal_hey5_controller_configuration/share/pal_hey5_controller_configuration/local_setup.zsh
[4.860s] -- Up-to-date: /Bt/install/pal_hey5_controller_configuration/share/pal_hey5_controller_configuration/local_setup.dsv
[4.860s] -- Installing: /Bt/install/pal_hey5_controller_configuration/share/pal_hey5_controller_configuration/package.dsv
[4.865s] -- Up-to-date: /Bt/install/pal_hey5_controller_configuration/share/ament_index/resource_index/packages/pal_hey5_controller_configuration
[4.866s] -- Up-to-date: /Bt/install/pal_hey5_controller_configuration/share/pal_hey5_controller_configuration/cmake/pal_hey5_controller_configurationConfig.cmake
[4.866s] -- Up-to-date: /Bt/install/pal_hey5_controller_configuration/share/pal_hey5_controller_configuration/cmake/pal_hey5_controller_configurationConfig-version.cmake
[4.866s] -- Up-to-date: /Bt/install/pal_hey5_controller_configuration/share/pal_hey5_controller_configuration/package.xml
[5.562s] Invoked command in '/Bt/build/pal_hey5_controller_configuration' returned '0': CMAKE_PREFIX_PATH=${CMAKE_PREFIX_PATH}:/opt/ros/jazzy /usr/bin/cmake --install /Bt/build/pal_hey5_controller_configuration
