[0.516s] Invoking command in '/Bt/build/omni_base_controller_configuration': CMAKE_PREFIX_PATH=${CMAKE_PREFIX_PATH}:/opt/ros/jazzy:/Bt/install/yolo_ros:/Bt/install/ros2_aruco:/Bt/install/launch_pal:/Bt/install/grab2_curobo_planner /usr/bin/cmake --build /Bt/build/omni_base_controller_configuration -- -j8 -l8
[0.619s] Invoked command in '/Bt/build/omni_base_controller_configuration' returned '0': CMAKE_PREFIX_PATH=${CMAKE_PREFIX_PATH}:/opt/ros/jazzy:/Bt/install/yolo_ros:/Bt/install/ros2_aruco:/Bt/install/launch_pal:/Bt/install/grab2_curobo_planner /usr/bin/cmake --build /Bt/build/omni_base_controller_configuration -- -j8 -l8
[0.650s] Invoking command in '/Bt/build/omni_base_controller_configuration': CMAKE_PREFIX_PATH=${CMAKE_PREFIX_PATH}:/opt/ros/jazzy:/Bt/install/yolo_ros:/Bt/install/ros2_aruco:/Bt/install/launch_pal:/Bt/install/grab2_curobo_planner /usr/bin/cmake --install /Bt/build/omni_base_controller_configuration
[0.705s] -- Install configuration: ""
[0.706s] -- Up-to-date: /Bt/install/omni_base_controller_configuration/share/omni_base_controller_configuration/config
[0.706s] -- Up-to-date: /Bt/install/omni_base_controller_configuration/share/omni_base_controller_configuration/config/imu_sensor_broadcaster.yaml
[0.706s] -- Up-to-date: /Bt/install/omni_base_controller_configuration/share/omni_base_controller_configuration/config/mobile_base_controller.yaml
[0.706s] -- Up-to-date: /Bt/install/omni_base_controller_configuration/share/omni_base_controller_configuration/config/joint_state_broadcaster.yaml
[0.707s] -- Up-to-date: /Bt/install/omni_base_controller_configuration/share/omni_base_controller_configuration/launch
[0.707s] -- Up-to-date: /Bt/install/omni_base_controller_configuration/share/omni_base_controller_configuration/launch/default_controllers.launch.py
[0.707s] -- Up-to-date: /Bt/install/omni_base_controller_configuration/share/ament_index/resource_index/package_run_dependencies/omni_base_controller_configuration
[0.707s] -- Up-to-date: /Bt/install/omni_base_controller_configuration/share/ament_index/resource_index/parent_prefix_path/omni_base_controller_configuration
[0.707s] -- Up-to-date: /Bt/install/omni_base_controller_configuration/share/omni_base_controller_configuration/environment/ament_prefix_path.sh
[0.707s] -- Up-to-date: /Bt/install/omni_base_controller_configuration/share/omni_base_controller_configuration/environment/ament_prefix_path.dsv
[0.709s] -- Up-to-date: /Bt/install/omni_base_controller_configuration/share/omni_base_controller_configuration/environment/path.sh
[0.716s] -- Up-to-date: /Bt/install/omni_base_controller_configuration/share/omni_base_controller_configuration/environment/path.dsv
[0.717s] -- Up-to-date: /Bt/install/omni_base_controller_configuration/share/omni_base_controller_configuration/local_setup.bash
[0.718s] -- Up-to-date: /Bt/install/omni_base_controller_configuration/share/omni_base_controller_configuration/local_setup.sh
[0.718s] -- Up-to-date: /Bt/install/omni_base_controller_configuration/share/omni_base_controller_configuration/local_setup.zsh
[0.719s] -- Up-to-date: /Bt/install/omni_base_controller_configuration/share/omni_base_controller_configuration/local_setup.dsv
[0.719s] -- Installing: /Bt/install/omni_base_controller_configuration/share/omni_base_controller_configuration/package.dsv
[0.719s] -- Up-to-date: /Bt/install/omni_base_controller_configuration/share/ament_index/resource_index/packages/omni_base_controller_configuration
[0.719s] -- Up-to-date: /Bt/install/omni_base_controller_configuration/share/omni_base_controller_configuration/cmake/omni_base_controller_configurationConfig.cmake
[0.719s] -- Up-to-date: /Bt/install/omni_base_controller_configuration/share/omni_base_controller_configuration/cmake/omni_base_controller_configurationConfig-version.cmake
[0.720s] -- Up-to-date: /Bt/install/omni_base_controller_configuration/share/omni_base_controller_configuration/package.xml
[0.777s] Invoked command in '/Bt/build/omni_base_controller_configuration' returned '0': CMAKE_PREFIX_PATH=${CMAKE_PREFIX_PATH}:/opt/ros/jazzy:/Bt/install/yolo_ros:/Bt/install/ros2_aruco:/Bt/install/launch_pal:/Bt/install/grab2_curobo_planner /usr/bin/cmake --install /Bt/build/omni_base_controller_configuration
