[0.527s] Invoking command in '/Bt/build/pal_hey5_controller_configuration': CMAKE_PREFIX_PATH=${CMAKE_PREFIX_PATH}:/opt/ros/jazzy:/Bt/install/yolo_ros:/Bt/install/ros2_aruco:/Bt/install/launch_pal:/Bt/install/grab2_curobo_planner /usr/bin/cmake --build /Bt/build/pal_hey5_controller_configuration -- -j8 -l8
[1.106s] Invoked command in '/Bt/build/pal_hey5_controller_configuration' returned '0': CMAKE_PREFIX_PATH=${CMAKE_PREFIX_PATH}:/opt/ros/jazzy:/Bt/install/yolo_ros:/Bt/install/ros2_aruco:/Bt/install/launch_pal:/Bt/install/grab2_curobo_planner /usr/bin/cmake --build /Bt/build/pal_hey5_controller_configuration -- -j8 -l8
[1.112s] Invoking command in '/Bt/build/pal_hey5_controller_configuration': CMAKE_PREFIX_PATH=${CMAKE_PREFIX_PATH}:/opt/ros/jazzy:/Bt/install/yolo_ros:/Bt/install/ros2_aruco:/Bt/install/launch_pal:/Bt/install/grab2_curobo_planner /usr/bin/cmake --install /Bt/build/pal_hey5_controller_configuration
[1.138s] -- Install configuration: ""
[1.142s] -- Up-to-date: /Bt/install/pal_hey5_controller_configuration/share/pal_hey5_controller_configuration/config
[1.142s] -- Up-to-date: /Bt/install/pal_hey5_controller_configuration/share/pal_hey5_controller_configuration/config/pal_hey5_controller.yaml
[1.150s] -- Up-to-date: /Bt/install/pal_hey5_controller_configuration/share/pal_hey5_controller_configuration/launch
[1.150s] -- Up-to-date: /Bt/install/pal_hey5_controller_configuration/share/pal_hey5_controller_configuration/launch/pal_hey5_controller.launch.py
[1.150s] -- Up-to-date: /Bt/install/pal_hey5_controller_configuration/share/ament_index/resource_index/package_run_dependencies/pal_hey5_controller_configuration
[1.151s] -- Up-to-date: /Bt/install/pal_hey5_controller_configuration/share/ament_index/resource_index/parent_prefix_path/pal_hey5_controller_configuration
[1.152s] -- Up-to-date: /Bt/install/pal_hey5_controller_configuration/share/pal_hey5_controller_configuration/environment/ament_prefix_path.sh
[1.152s] -- Up-to-date: /Bt/install/pal_hey5_controller_configuration/share/pal_hey5_controller_configuration/environment/ament_prefix_path.dsv
[1.152s] -- Up-to-date: /Bt/install/pal_hey5_controller_configuration/share/pal_hey5_controller_configuration/environment/path.sh
[1.152s] -- Up-to-date: /Bt/install/pal_hey5_controller_configuration/share/pal_hey5_controller_configuration/environment/path.dsv
[1.152s] -- Up-to-date: /Bt/install/pal_hey5_controller_configuration/share/pal_hey5_controller_configuration/local_setup.bash
[1.152s] -- Up-to-date: /Bt/install/pal_hey5_controller_configuration/share/pal_hey5_controller_configuration/local_setup.sh
[1.153s] -- Up-to-date: /Bt/install/pal_hey5_controller_configuration/share/pal_hey5_controller_configuration/local_setup.zsh
[1.153s] -- Up-to-date: /Bt/install/pal_hey5_controller_configuration/share/pal_hey5_controller_configuration/local_setup.dsv
[1.154s] -- Installing: /Bt/install/pal_hey5_controller_configuration/share/pal_hey5_controller_configuration/package.dsv
[1.154s] -- Up-to-date: /Bt/install/pal_hey5_controller_configuration/share/ament_index/resource_index/packages/pal_hey5_controller_configuration
[1.154s] -- Up-to-date: /Bt/install/pal_hey5_controller_configuration/share/pal_hey5_controller_configuration/cmake/pal_hey5_controller_configurationConfig.cmake
[1.154s] -- Up-to-date: /Bt/install/pal_hey5_controller_configuration/share/pal_hey5_controller_configuration/cmake/pal_hey5_controller_configurationConfig-version.cmake
[1.154s] -- Up-to-date: /Bt/install/pal_hey5_controller_configuration/share/pal_hey5_controller_configuration/package.xml
[1.274s] Invoked command in '/Bt/build/pal_hey5_controller_configuration' returned '0': CMAKE_PREFIX_PATH=${CMAKE_PREFIX_PATH}:/opt/ros/jazzy:/Bt/install/yolo_ros:/Bt/install/ros2_aruco:/Bt/install/launch_pal:/Bt/install/grab2_curobo_planner /usr/bin/cmake --install /Bt/build/pal_hey5_controller_configuration
