-- The C compiler identification is GNU 13.3.0
-- The CXX compiler identification is GNU 13.3.0
-- Detecting C compiler ABI info
-- Detecting C compiler ABI info - done
-- Check for working C compiler: /usr/bin/cc - skipped
-- Detecting C compile features
-- Detecting C compile features - done
-- Detecting CXX compiler ABI info
-- Detecting CXX compiler ABI info - done
-- Check for working CXX compiler: /usr/bin/c++ - skipped
-- Detecting CXX compile features
-- Detecting CXX compile features - done
-- Found ament_cmake: 2.5.4 (/opt/ros/jazzy/share/ament_cmake/cmake)
-- Found Python3: /usr/bin/python3 (found version "3.12.3") found components: Interpreter 
-- Found behaviortree_ros2: 0.3.0 (/Bt/install/behaviortree_ros2/share/behaviortree_ros2/cmake)
-- Found rosidl_generator_c: 4.6.6 (/opt/ros/jazzy/share/rosidl_generator_c/cmake)
-- Found rosidl_generator_cpp: 4.6.6 (/opt/ros/jazzy/share/rosidl_generator_cpp/cmake)
-- Using all available rosidl_typesupport_c: rosidl_typesupport_fastrtps_c;rosidl_typesupport_introspection_c
-- Using all available rosidl_typesupport_cpp: rosidl_typesupport_fastrtps_cpp;rosidl_typesupport_introspection_cpp
-- Found rmw_implementation_cmake: 7.3.2 (/opt/ros/jazzy/share/rmw_implementation_cmake/cmake)
-- Found rmw_fastrtps_cpp: 8.4.3 (/opt/ros/jazzy/share/rmw_fastrtps_cpp/cmake)
-- Found OpenSSL: /usr/lib/x86_64-linux-gnu/libcrypto.so (found version "3.0.13")  
-- Found FastRTPS: /opt/ros/jazzy/include (Required is at least version "2.13") 
-- Using RMW implementation 'rmw_fastrtps_cpp' as default
-- Found std_msgs: 5.3.6 (/opt/ros/jazzy/share/std_msgs/cmake)
-- Found std_srvs: 5.3.6 (/opt/ros/jazzy/share/std_srvs/cmake)
-- Configuring done (2.3s)
-- Generating done (0.1s)
-- Build files have been written to: /Bt/build/btcpp_ros2_samples
[  5%] [32mBuilding CXX object CMakeFiles/sleep_plugin.dir/src/sleep_action.cpp.o[0m
[ 11%] [32mBuilding CXX object CMakeFiles/sample_bt_executor.dir/src/sample_bt_executor.cpp.o[0m
[ 16%] [32mBuilding CXX object CMakeFiles/sleep_client.dir/src/sleep_client.cpp.o[0m
[ 22%] [32mBuilding CXX object CMakeFiles/sleep_client.dir/src/sleep_action.cpp.o[0m
[ 27%] [32m[1mLinking CXX shared library libsleep_plugin.so[0m
[ 27%] Built target sleep_plugin
[ 33%] [32m[1mLinking CXX executable sleep_client[0m
[ 33%] Built target sleep_client
[ 38%] [32m[1mLinking CXX executable sample_bt_executor[0m
[ 38%] Built target sample_bt_executor
[ 44%] [32mBuilding CXX object CMakeFiles/sleep_client_dyn.dir/src/sleep_client.cpp.o[0m
[ 50%] [32m[1mLinking CXX executable sleep_client_dyn[0m
[ 50%] Built target sleep_client_dyn
[ 55%] [32mBuilding CXX object CMakeFiles/bool_server.dir/src/bool_server.cpp.o[0m
[ 61%] [32m[1mLinking CXX executable bool_server[0m
[ 61%] Built target bool_server
[ 66%] [32mBuilding CXX object CMakeFiles/bool_client.dir/src/bool_client.cpp.o[0m
[ 72%] [32mBuilding CXX object CMakeFiles/bool_client.dir/src/set_bool_node.cpp.o[0m
[ 77%] [32m[1mLinking CXX executable bool_client[0m
[ 77%] Built target bool_client
[ 83%] [32mBuilding CXX object CMakeFiles/subscriber_test.dir/src/subscriber_test.cpp.o[0m
[ 88%] [32mBuilding CXX object CMakeFiles/sleep_server.dir/src/sleep_server.cpp.o[0m
[ 94%] [32m[1mLinking CXX executable sleep_server[0m
[ 94%] Built target sleep_server
[100%] [32m[1mLinking CXX executable subscriber_test[0m
[100%] Built target subscriber_test
-- Install configuration: ""
-- Installing: /Bt/install/btcpp_ros2_samples/lib/btcpp_ros2_samples/sleep_client
-- Set non-toolchain portion of runtime path of "/Bt/install/btcpp_ros2_samples/lib/btcpp_ros2_samples/sleep_client" to ""
-- Installing: /Bt/install/btcpp_ros2_samples/lib/btcpp_ros2_samples/sleep_client_dyn
-- Set non-toolchain portion of runtime path of "/Bt/install/btcpp_ros2_samples/lib/btcpp_ros2_samples/sleep_client_dyn" to ""
-- Installing: /Bt/install/btcpp_ros2_samples/lib/btcpp_ros2_samples/sleep_server
-- Set non-toolchain portion of runtime path of "/Bt/install/btcpp_ros2_samples/lib/btcpp_ros2_samples/sleep_server" to ""
-- Installing: /Bt/install/btcpp_ros2_samples/lib/btcpp_ros2_samples/libsleep_plugin.so
-- Set non-toolchain portion of runtime path of "/Bt/install/btcpp_ros2_samples/lib/btcpp_ros2_samples/libsleep_plugin.so" to ""
-- Installing: /Bt/install/btcpp_ros2_samples/lib/btcpp_ros2_samples/subscriber_test
-- Set non-toolchain portion of runtime path of "/Bt/install/btcpp_ros2_samples/lib/btcpp_ros2_samples/subscriber_test" to ""
-- Installing: /Bt/install/btcpp_ros2_samples/lib/btcpp_ros2_samples/sample_bt_executor
-- Set non-toolchain portion of runtime path of "/Bt/install/btcpp_ros2_samples/lib/btcpp_ros2_samples/sample_bt_executor" to ""
-- Installing: /Bt/install/btcpp_ros2_samples/lib/btcpp_ros2_samples/bool_client
-- Set non-toolchain portion of runtime path of "/Bt/install/btcpp_ros2_samples/lib/btcpp_ros2_samples/bool_client" to ""
-- Installing: /Bt/install/btcpp_ros2_samples/lib/btcpp_ros2_samples/bool_server
-- Set non-toolchain portion of runtime path of "/Bt/install/btcpp_ros2_samples/lib/btcpp_ros2_samples/bool_server" to ""
-- Installing: /Bt/install/btcpp_ros2_samples/share/btcpp_ros2_samples/bt_plugins/libsleep_plugin.so
-- Set non-toolchain portion of runtime path of "/Bt/install/btcpp_ros2_samples/share/btcpp_ros2_samples/bt_plugins/libsleep_plugin.so" to ""
-- Installing: /Bt/install/btcpp_ros2_samples/share/btcpp_ros2_samples//behavior_trees
-- Installing: /Bt/install/btcpp_ros2_samples/share/btcpp_ros2_samples//behavior_trees/sleep_action.xml
-- Installing: /Bt/install/btcpp_ros2_samples/share/btcpp_ros2_samples//behavior_trees/cross_door.xml
-- Installing: /Bt/install/btcpp_ros2_samples/share/btcpp_ros2_samples//behavior_trees/door_closed.xml
-- Installing: /Bt/install/btcpp_ros2_samples/share/btcpp_ros2_samples//config
-- Installing: /Bt/install/btcpp_ros2_samples/share/btcpp_ros2_samples//config/sample_bt_executor.yaml
-- Installing: /Bt/install/btcpp_ros2_samples/share/btcpp_ros2_samples//launch
-- Installing: /Bt/install/btcpp_ros2_samples/share/btcpp_ros2_samples//launch/sample_bt_executor.launch.xml
-- Installing: /Bt/install/btcpp_ros2_samples/share/ament_index/resource_index/package_run_dependencies/btcpp_ros2_samples
-- Installing: /Bt/install/btcpp_ros2_samples/share/ament_index/resource_index/parent_prefix_path/btcpp_ros2_samples
-- Installing: /Bt/install/btcpp_ros2_samples/share/btcpp_ros2_samples/environment/ament_prefix_path.sh
-- Installing: /Bt/install/btcpp_ros2_samples/share/btcpp_ros2_samples/environment/ament_prefix_path.dsv
-- Installing: /Bt/install/btcpp_ros2_samples/share/btcpp_ros2_samples/environment/path.sh
-- Installing: /Bt/install/btcpp_ros2_samples/share/btcpp_ros2_samples/environment/path.dsv
-- Installing: /Bt/install/btcpp_ros2_samples/share/btcpp_ros2_samples/local_setup.bash
-- Installing: /Bt/install/btcpp_ros2_samples/share/btcpp_ros2_samples/local_setup.sh
-- Installing: /Bt/install/btcpp_ros2_samples/share/btcpp_ros2_samples/local_setup.zsh
-- Installing: /Bt/install/btcpp_ros2_samples/share/btcpp_ros2_samples/local_setup.dsv
-- Installing: /Bt/install/btcpp_ros2_samples/share/btcpp_ros2_samples/package.dsv
-- Installing: /Bt/install/btcpp_ros2_samples/share/ament_index/resource_index/packages/btcpp_ros2_samples
-- Installing: /Bt/install/btcpp_ros2_samples/share/btcpp_ros2_samples/cmake/ament_cmake_export_dependencies-extras.cmake
-- Installing: /Bt/install/btcpp_ros2_samples/share/btcpp_ros2_samples/cmake/btcpp_ros2_samplesConfig.cmake
-- Installing: /Bt/install/btcpp_ros2_samples/share/btcpp_ros2_samples/cmake/btcpp_ros2_samplesConfig-version.cmake
-- Installing: /Bt/install/btcpp_ros2_samples/share/btcpp_ros2_samples/package.xml
