[0.316s] Invoking command in '/Bt/build/pal_urdf_utils': CMAKE_PREFIX_PATH=${CMAKE_PREFIX_PATH}:/Bt/install/yolo_ros:/Bt/install/ros2_aruco:/Bt/install/launch_pal:/Bt/install/grab2_curobo_planner:/opt/ros/jazzy /usr/bin/cmake --build /Bt/build/pal_urdf_utils -- -j8 -l8
[0.374s] Invoked command in '/Bt/build/pal_urdf_utils' returned '0': CMAKE_PREFIX_PATH=${CMAKE_PREFIX_PATH}:/Bt/install/yolo_ros:/Bt/install/ros2_aruco:/Bt/install/launch_pal:/Bt/install/grab2_curobo_planner:/opt/ros/jazzy /usr/bin/cmake --build /Bt/build/pal_urdf_utils -- -j8 -l8
[0.389s] Invoking command in '/Bt/build/pal_urdf_utils': CMAKE_PREFIX_PATH=${CMAKE_PREFIX_PATH}:/Bt/install/yolo_ros:/Bt/install/ros2_aruco:/Bt/install/launch_pal:/Bt/install/grab2_curobo_planner:/opt/ros/jazzy /usr/bin/cmake --install /Bt/build/pal_urdf_utils
[0.407s] -- Install configuration: ""
[0.407s] -- Up-to-date: /Bt/install/pal_urdf_utils/share/pal_urdf_utils/urdf
[0.407s] -- Up-to-date: /Bt/install/pal_urdf_utils/share/pal_urdf_utils/urdf/deg_to_rad.urdf.xacro
[0.407s] -- Up-to-date: /Bt/install/pal_urdf_utils/share/pal_urdf_utils/urdf/pi.urdf.xacro
[0.407s] -- Up-to-date: /Bt/install/pal_urdf_utils/share/pal_urdf_utils/urdf/materials.urdf.xacro
[0.407s] -- Up-to-date: /Bt/install/pal_urdf_utils/share/ament_index/resource_index/package_run_dependencies/pal_urdf_utils
[0.408s] -- Up-to-date: /Bt/install/pal_urdf_utils/share/ament_index/resource_index/parent_prefix_path/pal_urdf_utils
[0.408s] -- Up-to-date: /Bt/install/pal_urdf_utils/share/pal_urdf_utils/environment/ament_prefix_path.sh
[0.408s] -- Up-to-date: /Bt/install/pal_urdf_utils/share/pal_urdf_utils/environment/ament_prefix_path.dsv
[0.409s] -- Up-to-date: /Bt/install/pal_urdf_utils/share/pal_urdf_utils/environment/path.sh
[0.410s] -- Up-to-date: /Bt/install/pal_urdf_utils/share/pal_urdf_utils/environment/path.dsv
[0.410s] -- Up-to-date: /Bt/install/pal_urdf_utils/share/pal_urdf_utils/local_setup.bash
[0.410s] -- Up-to-date: /Bt/install/pal_urdf_utils/share/pal_urdf_utils/local_setup.sh
[0.411s] -- Up-to-date: /Bt/install/pal_urdf_utils/share/pal_urdf_utils/local_setup.zsh
[0.411s] -- Up-to-date: /Bt/install/pal_urdf_utils/share/pal_urdf_utils/local_setup.dsv
[0.411s] -- Installing: /Bt/install/pal_urdf_utils/share/pal_urdf_utils/package.dsv
[0.411s] -- Up-to-date: /Bt/install/pal_urdf_utils/share/ament_index/resource_index/packages/pal_urdf_utils
[0.411s] -- Up-to-date: /Bt/install/pal_urdf_utils/share/pal_urdf_utils/cmake/pal_urdf_utilsConfig.cmake
[0.411s] -- Up-to-date: /Bt/install/pal_urdf_utils/share/pal_urdf_utils/cmake/pal_urdf_utilsConfig-version.cmake
[0.411s] -- Up-to-date: /Bt/install/pal_urdf_utils/share/pal_urdf_utils/package.xml
[0.418s] Invoked command in '/Bt/build/pal_urdf_utils' returned '0': CMAKE_PREFIX_PATH=${CMAKE_PREFIX_PATH}:/Bt/install/yolo_ros:/Bt/install/ros2_aruco:/Bt/install/launch_pal:/Bt/install/grab2_curobo_planner:/opt/ros/jazzy /usr/bin/cmake --install /Bt/build/pal_urdf_utils
