[0.684s] Invoking command in '/Bt/build/pal_urdf_utils': CMAKE_PREFIX_PATH=${CMAKE_PREFIX_PATH}:/Bt/install/yolo_ros:/Bt/install/ros2_aruco:/Bt/install/launch_pal:/Bt/install/grab2_curobo_planner:/opt/ros/jazzy /usr/bin/cmake --build /Bt/build/pal_urdf_utils -- -j8 -l8
[0.800s] Invoked command in '/Bt/build/pal_urdf_utils' returned '0': CMAKE_PREFIX_PATH=${CMAKE_PREFIX_PATH}:/Bt/install/yolo_ros:/Bt/install/ros2_aruco:/Bt/install/launch_pal:/Bt/install/grab2_curobo_planner:/opt/ros/jazzy /usr/bin/cmake --build /Bt/build/pal_urdf_utils -- -j8 -l8
[0.819s] Invoking command in '/Bt/build/pal_urdf_utils': CMAKE_PREFIX_PATH=${CMAKE_PREFIX_PATH}:/Bt/install/yolo_ros:/Bt/install/ros2_aruco:/Bt/install/launch_pal:/Bt/install/grab2_curobo_planner:/opt/ros/jazzy /usr/bin/cmake --install /Bt/build/pal_urdf_utils
[0.839s] -- Install configuration: ""
[0.841s] -- Up-to-date: /Bt/install/pal_urdf_utils/share/pal_urdf_utils/urdf
[0.842s] -- Up-to-date: /Bt/install/pal_urdf_utils/share/pal_urdf_utils/urdf/deg_to_rad.urdf.xacro
[0.846s] -- Up-to-date: /Bt/install/pal_urdf_utils/share/pal_urdf_utils/urdf/pi.urdf.xacro
[0.847s] -- Up-to-date: /Bt/install/pal_urdf_utils/share/pal_urdf_utils/urdf/materials.urdf.xacro
[0.847s] -- Up-to-date: /Bt/install/pal_urdf_utils/share/ament_index/resource_index/package_run_dependencies/pal_urdf_utils
[0.847s] -- Up-to-date: /Bt/install/pal_urdf_utils/share/ament_index/resource_index/parent_prefix_path/pal_urdf_utils
[0.856s] -- Up-to-date: /Bt/install/pal_urdf_utils/share/pal_urdf_utils/environment/ament_prefix_path.sh
[0.857s] -- Up-to-date: /Bt/install/pal_urdf_utils/share/pal_urdf_utils/environment/ament_prefix_path.dsv
[0.859s] -- Up-to-date: /Bt/install/pal_urdf_utils/share/pal_urdf_utils/environment/path.sh
[0.860s] -- Up-to-date: /Bt/install/pal_urdf_utils/share/pal_urdf_utils/environment/path.dsv
[0.860s] -- Up-to-date: /Bt/install/pal_urdf_utils/share/pal_urdf_utils/local_setup.bash
[0.861s] -- Up-to-date: /Bt/install/pal_urdf_utils/share/pal_urdf_utils/local_setup.sh
[0.861s] -- Up-to-date: /Bt/install/pal_urdf_utils/share/pal_urdf_utils/local_setup.zsh
[0.868s] -- Up-to-date: /Bt/install/pal_urdf_utils/share/pal_urdf_utils/local_setup.dsv
[0.868s] -- Installing: /Bt/install/pal_urdf_utils/share/pal_urdf_utils/package.dsv
[0.868s] -- Up-to-date: /Bt/install/pal_urdf_utils/share/ament_index/resource_index/packages/pal_urdf_utils
[0.869s] -- Up-to-date: /Bt/install/pal_urdf_utils/share/pal_urdf_utils/cmake/pal_urdf_utilsConfig.cmake
[0.869s] -- Up-to-date: /Bt/install/pal_urdf_utils/share/pal_urdf_utils/cmake/pal_urdf_utilsConfig-version.cmake
[0.871s] -- Up-to-date: /Bt/install/pal_urdf_utils/share/pal_urdf_utils/package.xml
[0.905s] Invoked command in '/Bt/build/pal_urdf_utils' returned '0': CMAKE_PREFIX_PATH=${CMAKE_PREFIX_PATH}:/Bt/install/yolo_ros:/Bt/install/ros2_aruco:/Bt/install/launch_pal:/Bt/install/grab2_curobo_planner:/opt/ros/jazzy /usr/bin/cmake --install /Bt/build/pal_urdf_utils
