[0.631s] Invoking command in '/Bt/build/yolo_bringup': AMENT_PREFIX_PATH=/Bt/install/yolo_ros:/Bt/install/yolo_msgs:${AMENT_PREFIX_PATH} CMAKE_PREFIX_PATH=/Bt/install/yolo_msgs:/opt/ros/jazzy/opt/gz_sim_vendor:/opt/ros/jazzy/opt/gz_sensors_vendor:/opt/ros/jazzy/opt/gz_physics_vendor:/opt/ros/jazzy/opt/sdformat_vendor:/opt/ros/jazzy/opt/gz_gui_vendor:/opt/ros/jazzy/opt/gz_transport_vendor:/opt/ros/jazzy/opt/gz_rendering_vendor:/opt/ros/jazzy/opt/gz_plugin_vendor:/opt/ros/jazzy/opt/gz_fuel_tools_vendor:/opt/ros/jazzy/opt/gz_msgs_vendor:/opt/ros/jazzy/opt/gz_common_vendor:/opt/ros/jazzy/opt/gz_math_vendor:/opt/ros/jazzy/opt/gz_utils_vendor:/opt/ros/jazzy/opt/gz_tools_vendor:/opt/ros/jazzy/opt/gz_ogre_next_vendor:/opt/ros/jazzy/opt/gz_dartsim_vendor:/opt/ros/jazzy/opt/gz_cmake_vendor:/opt/ros/jazzy LD_LIBRARY_PATH=/Bt/install/yolo_msgs/lib:${LD_LIBRARY_PATH} PYTHONPATH=/Bt/install/yolo_ros/lib/python3.12/site-packages:/Bt/install/yolo_msgs/lib/python3.12/site-packages:${PYTHONPATH} /usr/bin/cmake --build /Bt/build/yolo_bringup -- -j8 -l8
[0.749s] Invoked command in '/Bt/build/yolo_bringup' returned '0': AMENT_PREFIX_PATH=/Bt/install/yolo_ros:/Bt/install/yolo_msgs:${AMENT_PREFIX_PATH} CMAKE_PREFIX_PATH=/Bt/install/yolo_msgs:/opt/ros/jazzy/opt/gz_sim_vendor:/opt/ros/jazzy/opt/gz_sensors_vendor:/opt/ros/jazzy/opt/gz_physics_vendor:/opt/ros/jazzy/opt/sdformat_vendor:/opt/ros/jazzy/opt/gz_gui_vendor:/opt/ros/jazzy/opt/gz_transport_vendor:/opt/ros/jazzy/opt/gz_rendering_vendor:/opt/ros/jazzy/opt/gz_plugin_vendor:/opt/ros/jazzy/opt/gz_fuel_tools_vendor:/opt/ros/jazzy/opt/gz_msgs_vendor:/opt/ros/jazzy/opt/gz_common_vendor:/opt/ros/jazzy/opt/gz_math_vendor:/opt/ros/jazzy/opt/gz_utils_vendor:/opt/ros/jazzy/opt/gz_tools_vendor:/opt/ros/jazzy/opt/gz_ogre_next_vendor:/opt/ros/jazzy/opt/gz_dartsim_vendor:/opt/ros/jazzy/opt/gz_cmake_vendor:/opt/ros/jazzy LD_LIBRARY_PATH=/Bt/install/yolo_msgs/lib:${LD_LIBRARY_PATH} PYTHONPATH=/Bt/install/yolo_ros/lib/python3.12/site-packages:/Bt/install/yolo_msgs/lib/python3.12/site-packages:${PYTHONPATH} /usr/bin/cmake --build /Bt/build/yolo_bringup -- -j8 -l8
[0.867s] Invoking command in '/Bt/build/yolo_bringup': AMENT_PREFIX_PATH=/Bt/install/yolo_ros:/Bt/install/yolo_msgs:${AMENT_PREFIX_PATH} CMAKE_PREFIX_PATH=/Bt/install/yolo_msgs:/opt/ros/jazzy/opt/gz_sim_vendor:/opt/ros/jazzy/opt/gz_sensors_vendor:/opt/ros/jazzy/opt/gz_physics_vendor:/opt/ros/jazzy/opt/sdformat_vendor:/opt/ros/jazzy/opt/gz_gui_vendor:/opt/ros/jazzy/opt/gz_transport_vendor:/opt/ros/jazzy/opt/gz_rendering_vendor:/opt/ros/jazzy/opt/gz_plugin_vendor:/opt/ros/jazzy/opt/gz_fuel_tools_vendor:/opt/ros/jazzy/opt/gz_msgs_vendor:/opt/ros/jazzy/opt/gz_common_vendor:/opt/ros/jazzy/opt/gz_math_vendor:/opt/ros/jazzy/opt/gz_utils_vendor:/opt/ros/jazzy/opt/gz_tools_vendor:/opt/ros/jazzy/opt/gz_ogre_next_vendor:/opt/ros/jazzy/opt/gz_dartsim_vendor:/opt/ros/jazzy/opt/gz_cmake_vendor:/opt/ros/jazzy LD_LIBRARY_PATH=/Bt/install/yolo_msgs/lib:${LD_LIBRARY_PATH} PYTHONPATH=/Bt/install/yolo_ros/lib/python3.12/site-packages:/Bt/install/yolo_msgs/lib/python3.12/site-packages:${PYTHONPATH} /usr/bin/cmake --install /Bt/build/yolo_bringup
[0.950s] -- Install configuration: ""
[0.950s] -- Up-to-date: /Bt/install/yolo_bringup/share/yolo_bringup//launch
[0.975s] -- Up-to-date: /Bt/install/yolo_bringup/share/yolo_bringup//launch/yolov5.launch.py
[0.975s] -- Up-to-date: /Bt/install/yolo_bringup/share/yolo_bringup//launch/yolov9.launch.py
[0.975s] -- Up-to-date: /Bt/install/yolo_bringup/share/yolo_bringup//launch/yolo.launch.py
[0.975s] -- Up-to-date: /Bt/install/yolo_bringup/share/yolo_bringup//launch/yoloe.launch.py
[0.975s] -- Up-to-date: /Bt/install/yolo_bringup/share/yolo_bringup//launch/yolov12.launch.py
[0.976s] -- Up-to-date: /Bt/install/yolo_bringup/share/yolo_bringup//launch/yolo-world.launch.py
[0.976s] -- Up-to-date: /Bt/install/yolo_bringup/share/yolo_bringup//launch/yolov8.launch.py
[0.976s] -- Up-to-date: /Bt/install/yolo_bringup/share/yolo_bringup//launch/yolov10.launch.py
[0.976s] -- Up-to-date: /Bt/install/yolo_bringup/share/yolo_bringup//launch/yolov11.launch.py
[0.976s] -- Up-to-date: /Bt/install/yolo_bringup/share/ament_index/resource_index/package_run_dependencies/yolo_bringup
[0.976s] -- Up-to-date: /Bt/install/yolo_bringup/share/ament_index/resource_index/parent_prefix_path/yolo_bringup
[0.976s] -- Up-to-date: /Bt/install/yolo_bringup/share/yolo_bringup/environment/ament_prefix_path.sh
[0.976s] -- Up-to-date: /Bt/install/yolo_bringup/share/yolo_bringup/environment/ament_prefix_path.dsv
[0.976s] -- Up-to-date: /Bt/install/yolo_bringup/share/yolo_bringup/environment/path.sh
[0.976s] -- Up-to-date: /Bt/install/yolo_bringup/share/yolo_bringup/environment/path.dsv
[0.977s] -- Up-to-date: /Bt/install/yolo_bringup/share/yolo_bringup/local_setup.bash
[0.977s] -- Up-to-date: /Bt/install/yolo_bringup/share/yolo_bringup/local_setup.sh
[0.977s] -- Up-to-date: /Bt/install/yolo_bringup/share/yolo_bringup/local_setup.zsh
[0.977s] -- Up-to-date: /Bt/install/yolo_bringup/share/yolo_bringup/local_setup.dsv
[0.977s] -- Installing: /Bt/install/yolo_bringup/share/yolo_bringup/package.dsv
[0.986s] -- Up-to-date: /Bt/install/yolo_bringup/share/ament_index/resource_index/packages/yolo_bringup
[0.986s] -- Up-to-date: /Bt/install/yolo_bringup/share/yolo_bringup/cmake/yolo_bringupConfig.cmake
[0.986s] -- Up-to-date: /Bt/install/yolo_bringup/share/yolo_bringup/cmake/yolo_bringupConfig-version.cmake
[0.987s] -- Up-to-date: /Bt/install/yolo_bringup/share/yolo_bringup/package.xml
[1.003s] Invoked command in '/Bt/build/yolo_bringup' returned '0': AMENT_PREFIX_PATH=/Bt/install/yolo_ros:/Bt/install/yolo_msgs:${AMENT_PREFIX_PATH} CMAKE_PREFIX_PATH=/Bt/install/yolo_msgs:/opt/ros/jazzy/opt/gz_sim_vendor:/opt/ros/jazzy/opt/gz_sensors_vendor:/opt/ros/jazzy/opt/gz_physics_vendor:/opt/ros/jazzy/opt/sdformat_vendor:/opt/ros/jazzy/opt/gz_gui_vendor:/opt/ros/jazzy/opt/gz_transport_vendor:/opt/ros/jazzy/opt/gz_rendering_vendor:/opt/ros/jazzy/opt/gz_plugin_vendor:/opt/ros/jazzy/opt/gz_fuel_tools_vendor:/opt/ros/jazzy/opt/gz_msgs_vendor:/opt/ros/jazzy/opt/gz_common_vendor:/opt/ros/jazzy/opt/gz_math_vendor:/opt/ros/jazzy/opt/gz_utils_vendor:/opt/ros/jazzy/opt/gz_tools_vendor:/opt/ros/jazzy/opt/gz_ogre_next_vendor:/opt/ros/jazzy/opt/gz_dartsim_vendor:/opt/ros/jazzy/opt/gz_cmake_vendor:/opt/ros/jazzy LD_LIBRARY_PATH=/Bt/install/yolo_msgs/lib:${LD_LIBRARY_PATH} PYTHONPATH=/Bt/install/yolo_ros/lib/python3.12/site-packages:/Bt/install/yolo_msgs/lib/python3.12/site-packages:${PYTHONPATH} /usr/bin/cmake --install /Bt/build/yolo_bringup
