-- The C compiler identification is GNU 13.3.0
-- The CXX compiler identification is GNU 13.3.0
-- Detecting C compiler ABI info
-- Detecting C compiler ABI info - done
-- Check for working C compiler: /usr/bin/cc - skipped
-- Detecting C compile features
-- Detecting C compile features - done
-- Detecting CXX compiler ABI info
-- Detecting CXX compiler ABI info - done
-- Check for working CXX compiler: /usr/bin/c++ - skipped
-- Detecting CXX compile features
-- Detecting CXX compile features - done
-- Found ament_cmake_auto: 2.5.4 (/opt/ros/jazzy/share/ament_cmake_auto/cmake)
-- Found Python3: /usr/bin/python3 (found version "3.12.3") found components: Interpreter 
-- Found ament_lint_auto: 0.17.3 (/opt/ros/jazzy/share/ament_lint_auto/cmake)
-- Found python_cmake_module: 0.11.1 (/opt/ros/jazzy/share/python_cmake_module/cmake)
-- Found PythonExtra: /usr/bin/python3  
-- Added test 'copyright' to check source files copyright and LICENSE
-- Added test 'flake8' to check Python code syntax and style conventions
-- Configured 'flake8' exclude dirs and/or files: 
-- Added test 'lint_cmake' to check CMake code style
-- Added test 'pep257' to check Python code against some of the docstring style conventions in PEP 257
-- Added test 'xmllint' to check XML markup files
-- Configuring done (1.8s)
-- Generating done (0.0s)
-- Build files have been written to: /Bt/build/omni_base_description
Built target ament_cmake_python_copy_omni_base_description
running egg_info
creating omni_base_description.egg-info
writing omni_base_description.egg-info/PKG-INFO
writing dependency_links to omni_base_description.egg-info/dependency_links.txt
writing top-level names to omni_base_description.egg-info/top_level.txt
writing manifest file 'omni_base_description.egg-info/SOURCES.txt'
reading manifest file 'omni_base_description.egg-info/SOURCES.txt'
writing manifest file 'omni_base_description.egg-info/SOURCES.txt'
Built target ament_cmake_python_build_omni_base_description_egg
-- Install configuration: ""
-- Installing: /Bt/install/omni_base_description/share/omni_base_description/environment/pythonpath.sh
-- Installing: /Bt/install/omni_base_description/share/omni_base_description/environment/pythonpath.dsv
-- Installing: /Bt/install/omni_base_description/lib/python3.12/site-packages/omni_base_description-2.0.19-py3.12.egg-info
-- Installing: /Bt/install/omni_base_description/lib/python3.12/site-packages/omni_base_description-2.0.19-py3.12.egg-info/top_level.txt
-- Installing: /Bt/install/omni_base_description/lib/python3.12/site-packages/omni_base_description-2.0.19-py3.12.egg-info/PKG-INFO
-- Installing: /Bt/install/omni_base_description/lib/python3.12/site-packages/omni_base_description-2.0.19-py3.12.egg-info/SOURCES.txt
-- Installing: /Bt/install/omni_base_description/lib/python3.12/site-packages/omni_base_description-2.0.19-py3.12.egg-info/dependency_links.txt
-- Installing: /Bt/install/omni_base_description/lib/python3.12/site-packages/omni_base_description
-- Installing: /Bt/install/omni_base_description/lib/python3.12/site-packages/omni_base_description/launch_arguments.py
-- Installing: /Bt/install/omni_base_description/lib/python3.12/site-packages/omni_base_description/__init__.py
Listing '/Bt/install/omni_base_description/lib/python3.12/site-packages/omni_base_description'...
Compiling '/Bt/install/omni_base_description/lib/python3.12/site-packages/omni_base_description/__init__.py'...
Compiling '/Bt/install/omni_base_description/lib/python3.12/site-packages/omni_base_description/launch_arguments.py'...
-- Installing: /Bt/install/omni_base_description/share/omni_base_description/rviz
-- Installing: /Bt/install/omni_base_description/share/omni_base_description/rviz/omni_base.rviz
-- Installing: /Bt/install/omni_base_description/share/omni_base_description/launch
-- Installing: /Bt/install/omni_base_description/share/omni_base_description/launch/robot_state_publisher.launch.py
-- Installing: /Bt/install/omni_base_description/share/omni_base_description/launch/show.launch.py
-- Installing: /Bt/install/omni_base_description/share/omni_base_description/meshes
-- Installing: /Bt/install/omni_base_description/share/omni_base_description/meshes/cameras_add_on
-- Installing: /Bt/install/omni_base_description/share/omni_base_description/meshes/cameras_add_on/cameras_add_on.stl
-- Installing: /Bt/install/omni_base_description/share/omni_base_description/meshes/base
-- Installing: /Bt/install/omni_base_description/share/omni_base_description/meshes/base/base_dock_link.stl
-- Installing: /Bt/install/omni_base_description/share/omni_base_description/meshes/base/base_antena_link.stl
-- Installing: /Bt/install/omni_base_description/share/omni_base_description/meshes/base/base_link.stl
-- Installing: /Bt/install/omni_base_description/share/omni_base_description/meshes/sensors
-- Installing: /Bt/install/omni_base_description/share/omni_base_description/meshes/sensors/hokuyo_urg_04lx_ug01.stl
-- Installing: /Bt/install/omni_base_description/share/omni_base_description/meshes/sensors/sick_tim551.stl
-- Installing: /Bt/install/omni_base_description/share/omni_base_description/meshes/wheels
-- Installing: /Bt/install/omni_base_description/share/omni_base_description/meshes/wheels/suspension_rear_link.stl
-- Installing: /Bt/install/omni_base_description/share/omni_base_description/meshes/wheels/suspension_front_link.stl
-- Installing: /Bt/install/omni_base_description/share/omni_base_description/meshes/wheels/wheel_link.stl
-- Installing: /Bt/install/omni_base_description/share/omni_base_description/config
-- Installing: /Bt/install/omni_base_description/share/omni_base_description/config/omni_base_configuration.yaml
-- Installing: /Bt/install/omni_base_description/share/omni_base_description/robots
-- Installing: /Bt/install/omni_base_description/share/omni_base_description/robots/omni_base.urdf.xacro
-- Installing: /Bt/install/omni_base_description/share/omni_base_description/ros2_control
-- Installing: /Bt/install/omni_base_description/share/omni_base_description/ros2_control/ros2_control.urdf.xacro
-- Installing: /Bt/install/omni_base_description/share/omni_base_description/ros2_control/gazebo_controller_manager_cfg.yaml
-- Installing: /Bt/install/omni_base_description/share/omni_base_description/urdf
-- Installing: /Bt/install/omni_base_description/share/omni_base_description/urdf/cameras_add_on
-- Installing: /Bt/install/omni_base_description/share/omni_base_description/urdf/cameras_add_on/base_omni_base_calib.urdf.xacro
-- Installing: /Bt/install/omni_base_description/share/omni_base_description/urdf/cameras_add_on/cameras_add_on.urdf.xacro
-- Installing: /Bt/install/omni_base_description/share/omni_base_description/urdf/objects
-- Installing: /Bt/install/omni_base_description/share/omni_base_description/urdf/objects/antenna.urdf.xacro
-- Installing: /Bt/install/omni_base_description/share/omni_base_description/urdf/base
-- Installing: /Bt/install/omni_base_description/share/omni_base_description/urdf/base/base.urdf.xacro
-- Installing: /Bt/install/omni_base_description/share/omni_base_description/urdf/base/base_sensors.urdf.xacro
-- Installing: /Bt/install/omni_base_description/share/omni_base_description/urdf/base/base.gazebo.xacro
-- Installing: /Bt/install/omni_base_description/share/omni_base_description/urdf/sensors
-- Installing: /Bt/install/omni_base_description/share/omni_base_description/urdf/sensors/sick_tim561_laser.gazebo.xacro
-- Installing: /Bt/install/omni_base_description/share/omni_base_description/urdf/sensors/hokuyo_urg_04lx_ug01_laser.gazebo.xacro
-- Installing: /Bt/install/omni_base_description/share/omni_base_description/urdf/sensors/sick_tim551_laser.urdf.xacro
-- Installing: /Bt/install/omni_base_description/share/omni_base_description/urdf/sensors/hokuyo_urg_04lx_ug01_laser.urdf.xacro
-- Installing: /Bt/install/omni_base_description/share/omni_base_description/urdf/sensors/imu.urdf.xacro
-- Installing: /Bt/install/omni_base_description/share/omni_base_description/urdf/sensors/imu.gazebo.xacro
-- Installing: /Bt/install/omni_base_description/share/omni_base_description/urdf/sensors/sensors.ros2_control.xacro
-- Installing: /Bt/install/omni_base_description/share/omni_base_description/urdf/sensors/sick_tim571_laser.urdf.xacro
-- Installing: /Bt/install/omni_base_description/share/omni_base_description/urdf/sensors/courier.urdf.xacro
-- Installing: /Bt/install/omni_base_description/share/omni_base_description/urdf/sensors/sick_tim551_laser.gazebo.xacro
-- Installing: /Bt/install/omni_base_description/share/omni_base_description/urdf/sensors/sick_tim571_laser.gazebo.xacro
-- Installing: /Bt/install/omni_base_description/share/omni_base_description/urdf/sensors/sick_tim561_laser.urdf.xacro
-- Installing: /Bt/install/omni_base_description/share/omni_base_description/urdf/wheels
-- Installing: /Bt/install/omni_base_description/share/omni_base_description/urdf/wheels/wheel.ros2_control.xacro
-- Installing: /Bt/install/omni_base_description/share/omni_base_description/urdf/wheels/wheel.urdf.xacro
-- Installing: /Bt/install/omni_base_description/share/omni_base_description/urdf/wheels/wheel.gazebo.xacro
-- Installing: /Bt/install/omni_base_description/share/ament_index/resource_index/package_run_dependencies/omni_base_description
-- Installing: /Bt/install/omni_base_description/share/ament_index/resource_index/parent_prefix_path/omni_base_description
-- Installing: /Bt/install/omni_base_description/share/omni_base_description/environment/ament_prefix_path.sh
-- Installing: /Bt/install/omni_base_description/share/omni_base_description/environment/ament_prefix_path.dsv
-- Installing: /Bt/install/omni_base_description/share/omni_base_description/environment/path.sh
-- Installing: /Bt/install/omni_base_description/share/omni_base_description/environment/path.dsv
-- Installing: /Bt/install/omni_base_description/share/omni_base_description/local_setup.bash
-- Installing: /Bt/install/omni_base_description/share/omni_base_description/local_setup.sh
-- Installing: /Bt/install/omni_base_description/share/omni_base_description/local_setup.zsh
-- Installing: /Bt/install/omni_base_description/share/omni_base_description/local_setup.dsv
-- Installing: /Bt/install/omni_base_description/share/omni_base_description/package.dsv
-- Installing: /Bt/install/omni_base_description/share/ament_index/resource_index/packages/omni_base_description
-- Installing: /Bt/install/omni_base_description/share/omni_base_description/cmake/omni_base_descriptionConfig.cmake
-- Installing: /Bt/install/omni_base_description/share/omni_base_description/cmake/omni_base_descriptionConfig-version.cmake
-- Installing: /Bt/install/omni_base_description/share/omni_base_description/package.xml
