[0.056s] Invoking command in '/Bt/build/omni_base_bringup': AMENT_PREFIX_PATH=/Bt/install/omni_base_description:/Bt/install/pal_urdf_utils:/Bt/install/omni_base_controller_configuration:/Bt/install/launch_pal:${AMENT_PREFIX_PATH} CMAKE_PREFIX_PATH=/Bt/install/omni_base_description:/Bt/install/pal_urdf_utils:/Bt/install/omni_base_controller_configuration:/opt/ros/jazzy/opt/gz_sim_vendor:/opt/ros/jazzy/opt/gz_sensors_vendor:/opt/ros/jazzy/opt/gz_physics_vendor:/opt/ros/jazzy/opt/sdformat_vendor:/opt/ros/jazzy/opt/gz_gui_vendor:/opt/ros/jazzy/opt/gz_transport_vendor:/opt/ros/jazzy/opt/gz_rendering_vendor:/opt/ros/jazzy/opt/gz_plugin_vendor:/opt/ros/jazzy/opt/gz_fuel_tools_vendor:/opt/ros/jazzy/opt/gz_msgs_vendor:/opt/ros/jazzy/opt/gz_common_vendor:/opt/ros/jazzy/opt/gz_math_vendor:/opt/ros/jazzy/opt/gz_utils_vendor:/opt/ros/jazzy/opt/gz_tools_vendor:/opt/ros/jazzy/opt/gz_ogre_next_vendor:/opt/ros/jazzy/opt/gz_dartsim_vendor:/opt/ros/jazzy/opt/gz_cmake_vendor:/opt/ros/jazzy PYTHONPATH=/Bt/install/omni_base_description/lib/python3.12/site-packages:/Bt/install/launch_pal/lib/python3.12/site-packages:${PYTHONPATH} /usr/bin/cmake --build /Bt/build/omni_base_bringup -- -j8 -l8
[0.125s] Invoked command in '/Bt/build/omni_base_bringup' returned '0': AMENT_PREFIX_PATH=/Bt/install/omni_base_description:/Bt/install/pal_urdf_utils:/Bt/install/omni_base_controller_configuration:/Bt/install/launch_pal:${AMENT_PREFIX_PATH} CMAKE_PREFIX_PATH=/Bt/install/omni_base_description:/Bt/install/pal_urdf_utils:/Bt/install/omni_base_controller_configuration:/opt/ros/jazzy/opt/gz_sim_vendor:/opt/ros/jazzy/opt/gz_sensors_vendor:/opt/ros/jazzy/opt/gz_physics_vendor:/opt/ros/jazzy/opt/sdformat_vendor:/opt/ros/jazzy/opt/gz_gui_vendor:/opt/ros/jazzy/opt/gz_transport_vendor:/opt/ros/jazzy/opt/gz_rendering_vendor:/opt/ros/jazzy/opt/gz_plugin_vendor:/opt/ros/jazzy/opt/gz_fuel_tools_vendor:/opt/ros/jazzy/opt/gz_msgs_vendor:/opt/ros/jazzy/opt/gz_common_vendor:/opt/ros/jazzy/opt/gz_math_vendor:/opt/ros/jazzy/opt/gz_utils_vendor:/opt/ros/jazzy/opt/gz_tools_vendor:/opt/ros/jazzy/opt/gz_ogre_next_vendor:/opt/ros/jazzy/opt/gz_dartsim_vendor:/opt/ros/jazzy/opt/gz_cmake_vendor:/opt/ros/jazzy PYTHONPATH=/Bt/install/omni_base_description/lib/python3.12/site-packages:/Bt/install/launch_pal/lib/python3.12/site-packages:${PYTHONPATH} /usr/bin/cmake --build /Bt/build/omni_base_bringup -- -j8 -l8
[0.126s] Invoking command in '/Bt/build/omni_base_bringup': AMENT_PREFIX_PATH=/Bt/install/omni_base_description:/Bt/install/pal_urdf_utils:/Bt/install/omni_base_controller_configuration:/Bt/install/launch_pal:${AMENT_PREFIX_PATH} CMAKE_PREFIX_PATH=/Bt/install/omni_base_description:/Bt/install/pal_urdf_utils:/Bt/install/omni_base_controller_configuration:/opt/ros/jazzy/opt/gz_sim_vendor:/opt/ros/jazzy/opt/gz_sensors_vendor:/opt/ros/jazzy/opt/gz_physics_vendor:/opt/ros/jazzy/opt/sdformat_vendor:/opt/ros/jazzy/opt/gz_gui_vendor:/opt/ros/jazzy/opt/gz_transport_vendor:/opt/ros/jazzy/opt/gz_rendering_vendor:/opt/ros/jazzy/opt/gz_plugin_vendor:/opt/ros/jazzy/opt/gz_fuel_tools_vendor:/opt/ros/jazzy/opt/gz_msgs_vendor:/opt/ros/jazzy/opt/gz_common_vendor:/opt/ros/jazzy/opt/gz_math_vendor:/opt/ros/jazzy/opt/gz_utils_vendor:/opt/ros/jazzy/opt/gz_tools_vendor:/opt/ros/jazzy/opt/gz_ogre_next_vendor:/opt/ros/jazzy/opt/gz_dartsim_vendor:/opt/ros/jazzy/opt/gz_cmake_vendor:/opt/ros/jazzy PYTHONPATH=/Bt/install/omni_base_description/lib/python3.12/site-packages:/Bt/install/launch_pal/lib/python3.12/site-packages:${PYTHONPATH} /usr/bin/cmake --install /Bt/build/omni_base_bringup
[0.139s] -- Install configuration: ""
[0.139s] -- Up-to-date: /Bt/install/omni_base_bringup/share/omni_base_bringup/config
[0.140s] -- Up-to-date: /Bt/install/omni_base_bringup/share/omni_base_bringup/config/joy_teleop
[0.140s] -- Up-to-date: /Bt/install/omni_base_bringup/share/omni_base_bringup/config/joy_teleop/joy_config.yaml
[0.140s] -- Up-to-date: /Bt/install/omni_base_bringup/share/omni_base_bringup/config/joy_teleop/joy_teleop.yaml
[0.140s] -- Up-to-date: /Bt/install/omni_base_bringup/share/omni_base_bringup/config/twist_mux
[0.141s] -- Up-to-date: /Bt/install/omni_base_bringup/share/omni_base_bringup/config/twist_mux/joystick.yaml
[0.141s] -- Up-to-date: /Bt/install/omni_base_bringup/share/omni_base_bringup/config/twist_mux/twist_mux_locks.yaml
[0.141s] -- Up-to-date: /Bt/install/omni_base_bringup/share/omni_base_bringup/config/twist_mux/twist_mux_topics.yaml
[0.141s] -- Up-to-date: /Bt/install/omni_base_bringup/share/omni_base_bringup/launch
[0.142s] -- Up-to-date: /Bt/install/omni_base_bringup/share/omni_base_bringup/launch/twist_mux.launch.py
[0.144s] -- Up-to-date: /Bt/install/omni_base_bringup/share/omni_base_bringup/launch/joystick_teleop.launch.py
[0.144s] -- Up-to-date: /Bt/install/omni_base_bringup/share/omni_base_bringup/launch/omni_base_bringup.launch.py
[0.144s] -- Up-to-date: /Bt/install/omni_base_bringup/share/ament_index/resource_index/package_run_dependencies/omni_base_bringup
[0.144s] -- Up-to-date: /Bt/install/omni_base_bringup/share/ament_index/resource_index/parent_prefix_path/omni_base_bringup
[0.144s] -- Up-to-date: /Bt/install/omni_base_bringup/share/omni_base_bringup/environment/ament_prefix_path.sh
[0.144s] -- Up-to-date: /Bt/install/omni_base_bringup/share/omni_base_bringup/environment/ament_prefix_path.dsv
[0.144s] -- Up-to-date: /Bt/install/omni_base_bringup/share/omni_base_bringup/environment/path.sh
[0.145s] -- Up-to-date: /Bt/install/omni_base_bringup/share/omni_base_bringup/environment/path.dsv
[0.145s] -- Up-to-date: /Bt/install/omni_base_bringup/share/omni_base_bringup/local_setup.bash
[0.145s] -- Up-to-date: /Bt/install/omni_base_bringup/share/omni_base_bringup/local_setup.sh
[0.145s] -- Up-to-date: /Bt/install/omni_base_bringup/share/omni_base_bringup/local_setup.zsh
[0.145s] -- Up-to-date: /Bt/install/omni_base_bringup/share/omni_base_bringup/local_setup.dsv
[0.145s] -- Installing: /Bt/install/omni_base_bringup/share/omni_base_bringup/package.dsv
[0.145s] -- Up-to-date: /Bt/install/omni_base_bringup/share/ament_index/resource_index/packages/omni_base_bringup
[0.145s] -- Up-to-date: /Bt/install/omni_base_bringup/share/omni_base_bringup/cmake/omni_base_bringupConfig.cmake
[0.145s] -- Up-to-date: /Bt/install/omni_base_bringup/share/omni_base_bringup/cmake/omni_base_bringupConfig-version.cmake
[0.146s] -- Up-to-date: /Bt/install/omni_base_bringup/share/omni_base_bringup/package.xml
[0.191s] Invoked command in '/Bt/build/omni_base_bringup' returned '0': AMENT_PREFIX_PATH=/Bt/install/omni_base_description:/Bt/install/pal_urdf_utils:/Bt/install/omni_base_controller_configuration:/Bt/install/launch_pal:${AMENT_PREFIX_PATH} CMAKE_PREFIX_PATH=/Bt/install/omni_base_description:/Bt/install/pal_urdf_utils:/Bt/install/omni_base_controller_configuration:/opt/ros/jazzy/opt/gz_sim_vendor:/opt/ros/jazzy/opt/gz_sensors_vendor:/opt/ros/jazzy/opt/gz_physics_vendor:/opt/ros/jazzy/opt/sdformat_vendor:/opt/ros/jazzy/opt/gz_gui_vendor:/opt/ros/jazzy/opt/gz_transport_vendor:/opt/ros/jazzy/opt/gz_rendering_vendor:/opt/ros/jazzy/opt/gz_plugin_vendor:/opt/ros/jazzy/opt/gz_fuel_tools_vendor:/opt/ros/jazzy/opt/gz_msgs_vendor:/opt/ros/jazzy/opt/gz_common_vendor:/opt/ros/jazzy/opt/gz_math_vendor:/opt/ros/jazzy/opt/gz_utils_vendor:/opt/ros/jazzy/opt/gz_tools_vendor:/opt/ros/jazzy/opt/gz_ogre_next_vendor:/opt/ros/jazzy/opt/gz_dartsim_vendor:/opt/ros/jazzy/opt/gz_cmake_vendor:/opt/ros/jazzy PYTHONPATH=/Bt/install/omni_base_description/lib/python3.12/site-packages:/Bt/install/launch_pal/lib/python3.12/site-packages:${PYTHONPATH} /usr/bin/cmake --install /Bt/build/omni_base_bringup
