[0.222s] Invoking command in '/Bt/build/tiago_aruco_broadcast': AMENT_PREFIX_PATH=/Bt/install/ros2_aruco_interfaces:${AMENT_PREFIX_PATH} CMAKE_PREFIX_PATH=/Bt/install/ros2_aruco_interfaces:/opt/ros/jazzy/opt/gz_sim_vendor:/opt/ros/jazzy/opt/gz_sensors_vendor:/opt/ros/jazzy/opt/gz_physics_vendor:/opt/ros/jazzy/opt/sdformat_vendor:/opt/ros/jazzy/opt/gz_gui_vendor:/opt/ros/jazzy/opt/gz_transport_vendor:/opt/ros/jazzy/opt/gz_rendering_vendor:/opt/ros/jazzy/opt/gz_plugin_vendor:/opt/ros/jazzy/opt/gz_fuel_tools_vendor:/opt/ros/jazzy/opt/gz_msgs_vendor:/opt/ros/jazzy/opt/gz_common_vendor:/opt/ros/jazzy/opt/gz_math_vendor:/opt/ros/jazzy/opt/gz_utils_vendor:/opt/ros/jazzy/opt/gz_tools_vendor:/opt/ros/jazzy/opt/gz_ogre_next_vendor:/opt/ros/jazzy/opt/gz_dartsim_vendor:/opt/ros/jazzy/opt/gz_cmake_vendor:/opt/ros/jazzy LD_LIBRARY_PATH=/Bt/install/ros2_aruco_interfaces/lib:${LD_LIBRARY_PATH} PYTHONPATH=/Bt/install/ros2_aruco_interfaces/lib/python3.12/site-packages:${PYTHONPATH} /usr/bin/cmake --build /Bt/build/tiago_aruco_broadcast -- -j8 -l8
[1.836s] [ 50%] [32mBuilding CXX object CMakeFiles/aruco_broadcast.dir/src/aruco_broadcast.cpp.o[0m
[23.402s] [100%] [32m[1mLinking CXX executable aruco_broadcast[0m
[25.000s] [100%] Built target aruco_broadcast
[25.011s] Invoked command in '/Bt/build/tiago_aruco_broadcast' returned '0': AMENT_PREFIX_PATH=/Bt/install/ros2_aruco_interfaces:${AMENT_PREFIX_PATH} CMAKE_PREFIX_PATH=/Bt/install/ros2_aruco_interfaces:/opt/ros/jazzy/opt/gz_sim_vendor:/opt/ros/jazzy/opt/gz_sensors_vendor:/opt/ros/jazzy/opt/gz_physics_vendor:/opt/ros/jazzy/opt/sdformat_vendor:/opt/ros/jazzy/opt/gz_gui_vendor:/opt/ros/jazzy/opt/gz_transport_vendor:/opt/ros/jazzy/opt/gz_rendering_vendor:/opt/ros/jazzy/opt/gz_plugin_vendor:/opt/ros/jazzy/opt/gz_fuel_tools_vendor:/opt/ros/jazzy/opt/gz_msgs_vendor:/opt/ros/jazzy/opt/gz_common_vendor:/opt/ros/jazzy/opt/gz_math_vendor:/opt/ros/jazzy/opt/gz_utils_vendor:/opt/ros/jazzy/opt/gz_tools_vendor:/opt/ros/jazzy/opt/gz_ogre_next_vendor:/opt/ros/jazzy/opt/gz_dartsim_vendor:/opt/ros/jazzy/opt/gz_cmake_vendor:/opt/ros/jazzy LD_LIBRARY_PATH=/Bt/install/ros2_aruco_interfaces/lib:${LD_LIBRARY_PATH} PYTHONPATH=/Bt/install/ros2_aruco_interfaces/lib/python3.12/site-packages:${PYTHONPATH} /usr/bin/cmake --build /Bt/build/tiago_aruco_broadcast -- -j8 -l8
[25.032s] Invoking command in '/Bt/build/tiago_aruco_broadcast': AMENT_PREFIX_PATH=/Bt/install/ros2_aruco_interfaces:${AMENT_PREFIX_PATH} CMAKE_PREFIX_PATH=/Bt/install/ros2_aruco_interfaces:/opt/ros/jazzy/opt/gz_sim_vendor:/opt/ros/jazzy/opt/gz_sensors_vendor:/opt/ros/jazzy/opt/gz_physics_vendor:/opt/ros/jazzy/opt/sdformat_vendor:/opt/ros/jazzy/opt/gz_gui_vendor:/opt/ros/jazzy/opt/gz_transport_vendor:/opt/ros/jazzy/opt/gz_rendering_vendor:/opt/ros/jazzy/opt/gz_plugin_vendor:/opt/ros/jazzy/opt/gz_fuel_tools_vendor:/opt/ros/jazzy/opt/gz_msgs_vendor:/opt/ros/jazzy/opt/gz_common_vendor:/opt/ros/jazzy/opt/gz_math_vendor:/opt/ros/jazzy/opt/gz_utils_vendor:/opt/ros/jazzy/opt/gz_tools_vendor:/opt/ros/jazzy/opt/gz_ogre_next_vendor:/opt/ros/jazzy/opt/gz_dartsim_vendor:/opt/ros/jazzy/opt/gz_cmake_vendor:/opt/ros/jazzy LD_LIBRARY_PATH=/Bt/install/ros2_aruco_interfaces/lib:${LD_LIBRARY_PATH} PYTHONPATH=/Bt/install/ros2_aruco_interfaces/lib/python3.12/site-packages:${PYTHONPATH} /usr/bin/cmake --install /Bt/build/tiago_aruco_broadcast
[25.059s] -- Install configuration: ""
[25.102s] -- Installing: /Bt/install/tiago_aruco_broadcast/lib/tiago_aruco_broadcast/aruco_broadcast
[25.116s] -- Set non-toolchain portion of runtime path of "/Bt/install/tiago_aruco_broadcast/lib/tiago_aruco_broadcast/aruco_broadcast" to ""
[25.116s] -- Up-to-date: /Bt/install/tiago_aruco_broadcast/share/tiago_aruco_broadcast//config
[25.117s] -- Up-to-date: /Bt/install/tiago_aruco_broadcast/share/tiago_aruco_broadcast//config/aruco_params.yaml
[25.117s] -- Up-to-date: /Bt/install/tiago_aruco_broadcast/share/tiago_aruco_broadcast//launch
[25.118s] -- Up-to-date: /Bt/install/tiago_aruco_broadcast/share/tiago_aruco_broadcast//launch/aruco.launch.py
[25.118s] -- Up-to-date: /Bt/install/tiago_aruco_broadcast/share/ament_index/resource_index/package_run_dependencies/tiago_aruco_broadcast
[25.118s] -- Up-to-date: /Bt/install/tiago_aruco_broadcast/share/ament_index/resource_index/parent_prefix_path/tiago_aruco_broadcast
[25.119s] -- Up-to-date: /Bt/install/tiago_aruco_broadcast/share/tiago_aruco_broadcast/environment/ament_prefix_path.sh
[25.119s] -- Up-to-date: /Bt/install/tiago_aruco_broadcast/share/tiago_aruco_broadcast/environment/ament_prefix_path.dsv
[25.120s] -- Up-to-date: /Bt/install/tiago_aruco_broadcast/share/tiago_aruco_broadcast/environment/path.sh
[25.120s] -- Up-to-date: /Bt/install/tiago_aruco_broadcast/share/tiago_aruco_broadcast/environment/path.dsv
[25.120s] -- Up-to-date: /Bt/install/tiago_aruco_broadcast/share/tiago_aruco_broadcast/local_setup.bash
[25.121s] -- Up-to-date: /Bt/install/tiago_aruco_broadcast/share/tiago_aruco_broadcast/local_setup.sh
[25.121s] -- Up-to-date: /Bt/install/tiago_aruco_broadcast/share/tiago_aruco_broadcast/local_setup.zsh
[25.121s] -- Up-to-date: /Bt/install/tiago_aruco_broadcast/share/tiago_aruco_broadcast/local_setup.dsv
[25.122s] -- Installing: /Bt/install/tiago_aruco_broadcast/share/tiago_aruco_broadcast/package.dsv
[25.123s] -- Up-to-date: /Bt/install/tiago_aruco_broadcast/share/ament_index/resource_index/packages/tiago_aruco_broadcast
[25.124s] -- Up-to-date: /Bt/install/tiago_aruco_broadcast/share/tiago_aruco_broadcast/cmake/tiago_aruco_broadcastConfig.cmake
[25.124s] -- Up-to-date: /Bt/install/tiago_aruco_broadcast/share/tiago_aruco_broadcast/cmake/tiago_aruco_broadcastConfig-version.cmake
[25.125s] -- Up-to-date: /Bt/install/tiago_aruco_broadcast/share/tiago_aruco_broadcast/package.xml
[25.132s] Invoked command in '/Bt/build/tiago_aruco_broadcast' returned '0': AMENT_PREFIX_PATH=/Bt/install/ros2_aruco_interfaces:${AMENT_PREFIX_PATH} CMAKE_PREFIX_PATH=/Bt/install/ros2_aruco_interfaces:/opt/ros/jazzy/opt/gz_sim_vendor:/opt/ros/jazzy/opt/gz_sensors_vendor:/opt/ros/jazzy/opt/gz_physics_vendor:/opt/ros/jazzy/opt/sdformat_vendor:/opt/ros/jazzy/opt/gz_gui_vendor:/opt/ros/jazzy/opt/gz_transport_vendor:/opt/ros/jazzy/opt/gz_rendering_vendor:/opt/ros/jazzy/opt/gz_plugin_vendor:/opt/ros/jazzy/opt/gz_fuel_tools_vendor:/opt/ros/jazzy/opt/gz_msgs_vendor:/opt/ros/jazzy/opt/gz_common_vendor:/opt/ros/jazzy/opt/gz_math_vendor:/opt/ros/jazzy/opt/gz_utils_vendor:/opt/ros/jazzy/opt/gz_tools_vendor:/opt/ros/jazzy/opt/gz_ogre_next_vendor:/opt/ros/jazzy/opt/gz_dartsim_vendor:/opt/ros/jazzy/opt/gz_cmake_vendor:/opt/ros/jazzy LD_LIBRARY_PATH=/Bt/install/ros2_aruco_interfaces/lib:${LD_LIBRARY_PATH} PYTHONPATH=/Bt/install/ros2_aruco_interfaces/lib/python3.12/site-packages:${PYTHONPATH} /usr/bin/cmake --install /Bt/build/tiago_aruco_broadcast
