-- Install configuration: ""
-- Up-to-date: /Bt/install/tiago_nav/share/tiago_nav/launch
-- Up-to-date: /Bt/install/tiago_nav/share/tiago_nav/launch/tiago_nav2.launch.py
-- Up-to-date: /Bt/install/tiago_nav/share/tiago_nav/config
-- Up-to-date: /Bt/install/tiago_nav/share/tiago_nav/config/bt_navigator.yaml
-- Up-to-date: /Bt/install/tiago_nav/share/tiago_nav/config/nova_carter_docking.yaml
-- Up-to-date: /Bt/install/tiago_nav/share/tiago_nav/config/recovery.yaml
-- Up-to-date: /Bt/install/tiago_nav/share/tiago_nav/config/tiago_amcl.yaml
-- Up-to-date: /Bt/install/tiago_nav/share/tiago_nav/config/controller.yaml
-- Up-to-date: /Bt/install/tiago_nav/share/tiago_nav/config/planner_server.yaml
-- Up-to-date: /Bt/install/tiago_nav/share/tiago_nav/config/dock_database.yaml
-- Up-to-date: /Bt/install/tiago_nav/share/tiago_nav/maps
-- Up-to-date: /Bt/install/tiago_nav/share/tiago_nav/maps/map.yaml
-- Up-to-date: /Bt/install/tiago_nav/share/tiago_nav/maps/map.pgm
-- Up-to-date: /Bt/install/tiago_nav/share/tiago_nav/rviz
-- Up-to-date: /Bt/install/tiago_nav/share/tiago_nav/rviz/tiago_nav.rviz
-- Up-to-date: /Bt/install/tiago_nav/share/ament_index/resource_index/package_run_dependencies/tiago_nav
-- Up-to-date: /Bt/install/tiago_nav/share/ament_index/resource_index/parent_prefix_path/tiago_nav
-- Up-to-date: /Bt/install/tiago_nav/share/tiago_nav/environment/ament_prefix_path.sh
-- Up-to-date: /Bt/install/tiago_nav/share/tiago_nav/environment/ament_prefix_path.dsv
-- Up-to-date: /Bt/install/tiago_nav/share/tiago_nav/environment/path.sh
-- Up-to-date: /Bt/install/tiago_nav/share/tiago_nav/environment/path.dsv
-- Up-to-date: /Bt/install/tiago_nav/share/tiago_nav/local_setup.bash
-- Up-to-date: /Bt/install/tiago_nav/share/tiago_nav/local_setup.sh
-- Up-to-date: /Bt/install/tiago_nav/share/tiago_nav/local_setup.zsh
-- Up-to-date: /Bt/install/tiago_nav/share/tiago_nav/local_setup.dsv
-- Up-to-date: /Bt/install/tiago_nav/share/tiago_nav/package.dsv
-- Up-to-date: /Bt/install/tiago_nav/share/ament_index/resource_index/packages/tiago_nav
-- Up-to-date: /Bt/install/tiago_nav/share/tiago_nav/cmake/tiago_navConfig.cmake
-- Up-to-date: /Bt/install/tiago_nav/share/tiago_nav/cmake/tiago_navConfig-version.cmake
-- Up-to-date: /Bt/install/tiago_nav/share/tiago_nav/package.xml
