[0.071s] Invoking command in '/Bt/build/pal_maps': CMAKE_PREFIX_PATH=${CMAKE_PREFIX_PATH}:/opt/ros/jazzy /usr/bin/cmake --build /Bt/build/pal_maps -- -j8 -l8
[4.517s] Invoked command in '/Bt/build/pal_maps' returned '0': CMAKE_PREFIX_PATH=${CMAKE_PREFIX_PATH}:/opt/ros/jazzy /usr/bin/cmake --build /Bt/build/pal_maps -- -j8 -l8
[4.723s] Invoking command in '/Bt/build/pal_maps': CMAKE_PREFIX_PATH=${CMAKE_PREFIX_PATH}:/opt/ros/jazzy /usr/bin/cmake --install /Bt/build/pal_maps
[4.814s] -- Install configuration: ""
[4.814s] -- Up-to-date: /Bt/install/pal_maps/share/pal_maps/maps
[4.814s] -- Up-to-date: /Bt/install/pal_maps/share/pal_maps/maps/obstacle_avoidance_world
[4.814s] -- Up-to-date: /Bt/install/pal_maps/share/pal_maps/maps/obstacle_avoidance_world/map.yaml
[4.814s] -- Up-to-date: /Bt/install/pal_maps/share/pal_maps/maps/obstacle_avoidance_world/map.pgm
[4.814s] -- Up-to-date: /Bt/install/pal_maps/share/pal_maps/maps/pal_office_7th_floor
[4.815s] -- Up-to-date: /Bt/install/pal_maps/share/pal_maps/maps/pal_office_7th_floor/map.yaml
[4.815s] -- Up-to-date: /Bt/install/pal_maps/share/pal_maps/maps/pal_office_7th_floor/map.pgm
[4.815s] -- Up-to-date: /Bt/install/pal_maps/share/pal_maps/maps/corridor_85cm
[4.815s] -- Up-to-date: /Bt/install/pal_maps/share/pal_maps/maps/corridor_85cm/map.yaml
[4.815s] -- Up-to-date: /Bt/install/pal_maps/share/pal_maps/maps/corridor_85cm/map.pgm
[4.815s] -- Up-to-date: /Bt/install/pal_maps/share/pal_maps/maps/home
[4.815s] -- Up-to-date: /Bt/install/pal_maps/share/pal_maps/maps/home/map.yaml
[4.815s] -- Up-to-date: /Bt/install/pal_maps/share/pal_maps/maps/home/map.pgm
[4.815s] -- Up-to-date: /Bt/install/pal_maps/share/pal_maps/maps/pal_office
[4.815s] -- Up-to-date: /Bt/install/pal_maps/share/pal_maps/maps/pal_office/map.yaml
[4.815s] -- Up-to-date: /Bt/install/pal_maps/share/pal_maps/maps/pal_office/map.pgm
[4.816s] -- Up-to-date: /Bt/install/pal_maps/share/pal_maps/maps/corridor_95cm
[4.828s] -- Up-to-date: /Bt/install/pal_maps/share/pal_maps/maps/corridor_95cm/map.yaml
[4.829s] -- Up-to-date: /Bt/install/pal_maps/share/pal_maps/maps/corridor_95cm/map.pgm
[4.830s] -- Up-to-date: /Bt/install/pal_maps/share/pal_maps/maps/hospital_with_aruco
[4.834s] -- Up-to-date: /Bt/install/pal_maps/share/pal_maps/maps/hospital_with_aruco/map.yaml
[4.834s] -- Up-to-date: /Bt/install/pal_maps/share/pal_maps/maps/hospital_with_aruco/map.pgm
[4.835s] -- Up-to-date: /Bt/install/pal_maps/share/pal_maps/maps/small_warehouse
[4.893s] -- Up-to-date: /Bt/install/pal_maps/share/pal_maps/maps/small_warehouse/map.yaml
[4.894s] -- Up-to-date: /Bt/install/pal_maps/share/pal_maps/maps/small_warehouse/map.pgm
[4.894s] -- Up-to-date: /Bt/install/pal_maps/share/pal_maps/maps/corridor_110cm
[4.904s] -- Up-to-date: /Bt/install/pal_maps/share/pal_maps/maps/corridor_110cm/map.yaml
[4.906s] -- Up-to-date: /Bt/install/pal_maps/share/pal_maps/maps/corridor_110cm/map.pgm
[4.906s] -- Up-to-date: /Bt/install/pal_maps/share/pal_maps/maps/hospital
[4.906s] -- Up-to-date: /Bt/install/pal_maps/share/pal_maps/maps/hospital/map.yaml
[4.907s] -- Up-to-date: /Bt/install/pal_maps/share/pal_maps/maps/hospital/map.pgm
[4.907s] -- Up-to-date: /Bt/install/pal_maps/share/pal_maps/maps/dynamic_obstacle_avoidance_world
[4.915s] -- Up-to-date: /Bt/install/pal_maps/share/pal_maps/maps/dynamic_obstacle_avoidance_world/map.yaml
[4.917s] -- Up-to-date: /Bt/install/pal_maps/share/pal_maps/maps/dynamic_obstacle_avoidance_world/map.pgm
[4.917s] -- Up-to-date: /Bt/install/pal_maps/share/pal_maps/maps/roscon_es_25
[4.923s] -- Up-to-date: /Bt/install/pal_maps/share/pal_maps/maps/roscon_es_25/map.yaml
[4.924s] -- Up-to-date: /Bt/install/pal_maps/share/pal_maps/maps/roscon_es_25/map.pgm
[4.924s] -- Up-to-date: /Bt/install/pal_maps/share/pal_maps/maps/willow_garage
[4.984s] -- Up-to-date: /Bt/install/pal_maps/share/pal_maps/maps/willow_garage/map.yaml
[4.985s] -- Up-to-date: /Bt/install/pal_maps/share/pal_maps/maps/willow_garage/map.pgm
[4.986s] -- Up-to-date: /Bt/install/pal_maps/share/pal_maps/maps/small_office
[4.993s] -- Up-to-date: /Bt/install/pal_maps/share/pal_maps/maps/small_office/map.yaml
[4.994s] -- Up-to-date: /Bt/install/pal_maps/share/pal_maps/maps/small_office/map.pgm
[4.994s] -- Up-to-date: /Bt/install/pal_maps/share/pal_maps/maps/small_house
[5.081s] -- Up-to-date: /Bt/install/pal_maps/share/pal_maps/maps/small_house/map.yaml
[5.082s] -- Up-to-date: /Bt/install/pal_maps/share/pal_maps/maps/small_house/map.pgm
[5.083s] -- Up-to-date: /Bt/install/pal_maps/share/ament_index/resource_index/package_run_dependencies/pal_maps
[5.083s] -- Up-to-date: /Bt/install/pal_maps/share/ament_index/resource_index/parent_prefix_path/pal_maps
[5.084s] -- Up-to-date: /Bt/install/pal_maps/share/pal_maps/environment/ament_prefix_path.sh
[5.084s] -- Up-to-date: /Bt/install/pal_maps/share/pal_maps/environment/ament_prefix_path.dsv
[5.085s] -- Up-to-date: /Bt/install/pal_maps/share/pal_maps/environment/path.sh
[5.085s] -- Up-to-date: /Bt/install/pal_maps/share/pal_maps/environment/path.dsv
[5.086s] -- Up-to-date: /Bt/install/pal_maps/share/pal_maps/local_setup.bash
[5.086s] -- Up-to-date: /Bt/install/pal_maps/share/pal_maps/local_setup.sh
[5.086s] -- Up-to-date: /Bt/install/pal_maps/share/pal_maps/local_setup.zsh
[5.087s] -- Up-to-date: /Bt/install/pal_maps/share/pal_maps/local_setup.dsv
[5.087s] -- Installing: /Bt/install/pal_maps/share/pal_maps/package.dsv
[5.098s] -- Up-to-date: /Bt/install/pal_maps/share/ament_index/resource_index/packages/pal_maps
[5.098s] -- Up-to-date: /Bt/install/pal_maps/share/pal_maps/cmake/pal_mapsConfig.cmake
[5.099s] -- Up-to-date: /Bt/install/pal_maps/share/pal_maps/cmake/pal_mapsConfig-version.cmake
[5.099s] -- Up-to-date: /Bt/install/pal_maps/share/pal_maps/package.xml
[5.584s] Invoked command in '/Bt/build/pal_maps' returned '0': CMAKE_PREFIX_PATH=${CMAKE_PREFIX_PATH}:/opt/ros/jazzy /usr/bin/cmake --install /Bt/build/pal_maps
