/Bt/install/yolo_ros/lib/python3.12/site-packages/yolo_ros/detect_3d_node.py
/Bt/install/yolo_ros/lib/python3.12/site-packages/yolo_ros/__init__.py
/Bt/install/yolo_ros/lib/python3.12/site-packages/yolo_ros/debug_node.py
/Bt/install/yolo_ros/lib/python3.12/site-packages/yolo_ros/yolo_node.py
/Bt/install/yolo_ros/lib/python3.12/site-packages/yolo_ros/tracking_node.py
/Bt/install/yolo_ros/lib/python3.12/site-packages/yolo_ros/__pycache__/detect_3d_node.cpython-312.pyc
/Bt/install/yolo_ros/lib/python3.12/site-packages/yolo_ros/__pycache__/__init__.cpython-312.pyc
/Bt/install/yolo_ros/lib/python3.12/site-packages/yolo_ros/__pycache__/debug_node.cpython-312.pyc
/Bt/install/yolo_ros/lib/python3.12/site-packages/yolo_ros/__pycache__/yolo_node.cpython-312.pyc
/Bt/install/yolo_ros/lib/python3.12/site-packages/yolo_ros/__pycache__/tracking_node.cpython-312.pyc
/Bt/install/yolo_ros/share/ament_index/resource_index/packages/yolo_ros
/Bt/install/yolo_ros/share/yolo_ros/package.xml
/Bt/install/yolo_ros/lib/python3.12/site-packages/yolo_ros-0.0.0-py3.12.egg-info/zip-safe
/Bt/install/yolo_ros/lib/python3.12/site-packages/yolo_ros-0.0.0-py3.12.egg-info/requires.txt
/Bt/install/yolo_ros/lib/python3.12/site-packages/yolo_ros-0.0.0-py3.12.egg-info/entry_points.txt
/Bt/install/yolo_ros/lib/python3.12/site-packages/yolo_ros-0.0.0-py3.12.egg-info/top_level.txt
/Bt/install/yolo_ros/lib/python3.12/site-packages/yolo_ros-0.0.0-py3.12.egg-info/PKG-INFO
/Bt/install/yolo_ros/lib/python3.12/site-packages/yolo_ros-0.0.0-py3.12.egg-info/SOURCES.txt
/Bt/install/yolo_ros/lib/python3.12/site-packages/yolo_ros-0.0.0-py3.12.egg-info/dependency_links.txt
/Bt/install/yolo_ros/lib/yolo_ros/debug_node
/Bt/install/yolo_ros/lib/yolo_ros/detect_3d_node
/Bt/install/yolo_ros/lib/yolo_ros/tracking_node
/Bt/install/yolo_ros/lib/yolo_ros/yolo_node
