[0.029s] Invoking command in '/Bt/build/ros2_aruco_interfaces': CMAKE_PREFIX_PATH=${CMAKE_PREFIX_PATH}:/Bt/install/yolo_ros:/Bt/install/ros2_aruco:/Bt/install/launch_pal:/Bt/install/grab2_curobo_planner:/opt/ros/jazzy /usr/bin/cmake --build /Bt/build/ros2_aruco_interfaces -- -j8 -l8
[0.683s] [  2%] Built target ros2_aruco_interfaces__rosidl_generator_type_description
[0.724s] [  5%] Built target ros2_aruco_interfaces__cpp
[0.781s] [ 20%] Built target ros2_aruco_interfaces__rosidl_generator_c
[0.884s] [ 20%] Built target ament_cmake_python_copy_ros2_aruco_interfaces
[0.905s] [ 29%] Built target ros2_aruco_interfaces__rosidl_typesupport_fastrtps_c
[0.905s] [ 38%] Built target ros2_aruco_interfaces__rosidl_typesupport_fastrtps_cpp
[0.907s] [ 47%] Built target ros2_aruco_interfaces__rosidl_typesupport_c
[0.916s] [ 55%] Built target ros2_aruco_interfaces__rosidl_typesupport_introspection_cpp
[0.923s] [ 73%] Built target ros2_aruco_interfaces__rosidl_typesupport_introspection_c
[0.923s] [ 73%] Built target ros2_aruco_interfaces__rosidl_typesupport_cpp
[1.027s] [ 73%] Built target ros2_aruco_interfaces
[1.087s] [ 76%] Built target ros2_aruco_interfaces__py
[1.282s] [ 82%] Built target ros2_aruco_interfaces__rosidl_generator_py
[1.305s] [ 88%] Built target ros2_aruco_interfaces_s__rosidl_typesupport_introspection_c
[1.306s] [ 94%] Built target ros2_aruco_interfaces_s__rosidl_typesupport_fastrtps_c
[1.306s] [100%] Built target ros2_aruco_interfaces_s__rosidl_typesupport_c
[1.348s] running egg_info
[1.380s] writing ros2_aruco_interfaces.egg-info/PKG-INFO
[1.381s] writing dependency_links to ros2_aruco_interfaces.egg-info/dependency_links.txt
[1.381s] writing top-level names to ros2_aruco_interfaces.egg-info/top_level.txt
[1.492s] reading manifest file 'ros2_aruco_interfaces.egg-info/SOURCES.txt'
[1.493s] writing manifest file 'ros2_aruco_interfaces.egg-info/SOURCES.txt'
[1.550s] [100%] Built target ament_cmake_python_build_ros2_aruco_interfaces_egg
[1.573s] Invoked command in '/Bt/build/ros2_aruco_interfaces' returned '0': CMAKE_PREFIX_PATH=${CMAKE_PREFIX_PATH}:/Bt/install/yolo_ros:/Bt/install/ros2_aruco:/Bt/install/launch_pal:/Bt/install/grab2_curobo_planner:/opt/ros/jazzy /usr/bin/cmake --build /Bt/build/ros2_aruco_interfaces -- -j8 -l8
[1.575s] Invoking command in '/Bt/build/ros2_aruco_interfaces': CMAKE_PREFIX_PATH=${CMAKE_PREFIX_PATH}:/Bt/install/yolo_ros:/Bt/install/ros2_aruco:/Bt/install/launch_pal:/Bt/install/grab2_curobo_planner:/opt/ros/jazzy /usr/bin/cmake --install /Bt/build/ros2_aruco_interfaces
[1.794s] -- Install configuration: ""
[1.794s] -- Up-to-date: /Bt/install/ros2_aruco_interfaces/share/ament_index/resource_index/rosidl_interfaces/ros2_aruco_interfaces
[1.794s] -- Up-to-date: /Bt/install/ros2_aruco_interfaces/share/ros2_aruco_interfaces/msg/ArucoMarkers.json
[1.795s] -- Up-to-date: /Bt/install/ros2_aruco_interfaces/include/ros2_aruco_interfaces/ros2_aruco_interfaces
[1.795s] -- Up-to-date: /Bt/install/ros2_aruco_interfaces/include/ros2_aruco_interfaces/ros2_aruco_interfaces/msg
[1.795s] -- Up-to-date: /Bt/install/ros2_aruco_interfaces/include/ros2_aruco_interfaces/ros2_aruco_interfaces/msg/rosidl_generator_c__visibility_control.h
[1.795s] -- Up-to-date: /Bt/install/ros2_aruco_interfaces/include/ros2_aruco_interfaces/ros2_aruco_interfaces/msg/aruco_markers.h
[1.795s] -- Up-to-date: /Bt/install/ros2_aruco_interfaces/include/ros2_aruco_interfaces/ros2_aruco_interfaces/msg/detail
[1.795s] -- Up-to-date: /Bt/install/ros2_aruco_interfaces/include/ros2_aruco_interfaces/ros2_aruco_interfaces/msg/detail/aruco_markers__functions.h
[1.795s] -- Up-to-date: /Bt/install/ros2_aruco_interfaces/include/ros2_aruco_interfaces/ros2_aruco_interfaces/msg/detail/aruco_markers__functions.c
[1.795s] -- Installing: /Bt/install/ros2_aruco_interfaces/include/ros2_aruco_interfaces/ros2_aruco_interfaces/msg/detail/aruco_markers__type_support.c
[1.795s] -- Up-to-date: /Bt/install/ros2_aruco_interfaces/include/ros2_aruco_interfaces/ros2_aruco_interfaces/msg/detail/aruco_markers__type_support.h
[1.795s] -- Up-to-date: /Bt/install/ros2_aruco_interfaces/include/ros2_aruco_interfaces/ros2_aruco_interfaces/msg/detail/aruco_markers__description.c
[1.796s] -- Up-to-date: /Bt/install/ros2_aruco_interfaces/include/ros2_aruco_interfaces/ros2_aruco_interfaces/msg/detail/aruco_markers__struct.h
[1.796s] -- Up-to-date: /Bt/install/ros2_aruco_interfaces/share/ros2_aruco_interfaces/environment/library_path.sh
[1.796s] -- Up-to-date: /Bt/install/ros2_aruco_interfaces/share/ros2_aruco_interfaces/environment/library_path.dsv
[1.796s] -- Up-to-date: /Bt/install/ros2_aruco_interfaces/lib/libros2_aruco_interfaces__rosidl_generator_c.so
[1.796s] -- Up-to-date: /Bt/install/ros2_aruco_interfaces/include/ros2_aruco_interfaces/ros2_aruco_interfaces
[1.796s] -- Up-to-date: /Bt/install/ros2_aruco_interfaces/include/ros2_aruco_interfaces/ros2_aruco_interfaces/msg
[1.796s] -- Up-to-date: /Bt/install/ros2_aruco_interfaces/include/ros2_aruco_interfaces/ros2_aruco_interfaces/msg/detail
[1.796s] -- Up-to-date: /Bt/install/ros2_aruco_interfaces/include/ros2_aruco_interfaces/ros2_aruco_interfaces/msg/detail/aruco_markers__rosidl_typesupport_fastrtps_c.h
[1.797s] -- Up-to-date: /Bt/install/ros2_aruco_interfaces/include/ros2_aruco_interfaces/ros2_aruco_interfaces/msg/rosidl_typesupport_fastrtps_c__visibility_control.h
[1.797s] -- Up-to-date: /Bt/install/ros2_aruco_interfaces/lib/libros2_aruco_interfaces__rosidl_typesupport_fastrtps_c.so
[1.797s] -- Up-to-date: /Bt/install/ros2_aruco_interfaces/include/ros2_aruco_interfaces/ros2_aruco_interfaces
[1.797s] -- Up-to-date: /Bt/install/ros2_aruco_interfaces/include/ros2_aruco_interfaces/ros2_aruco_interfaces/msg
[1.797s] -- Up-to-date: /Bt/install/ros2_aruco_interfaces/include/ros2_aruco_interfaces/ros2_aruco_interfaces/msg/aruco_markers.hpp
[1.797s] -- Up-to-date: /Bt/install/ros2_aruco_interfaces/include/ros2_aruco_interfaces/ros2_aruco_interfaces/msg/detail
[1.797s] -- Up-to-date: /Bt/install/ros2_aruco_interfaces/include/ros2_aruco_interfaces/ros2_aruco_interfaces/msg/detail/aruco_markers__type_support.hpp
[1.798s] -- Up-to-date: /Bt/install/ros2_aruco_interfaces/include/ros2_aruco_interfaces/ros2_aruco_interfaces/msg/detail/aruco_markers__struct.hpp
[1.799s] -- Up-to-date: /Bt/install/ros2_aruco_interfaces/include/ros2_aruco_interfaces/ros2_aruco_interfaces/msg/detail/aruco_markers__traits.hpp
[1.799s] -- Up-to-date: /Bt/install/ros2_aruco_interfaces/include/ros2_aruco_interfaces/ros2_aruco_interfaces/msg/detail/aruco_markers__builder.hpp
[1.799s] -- Up-to-date: /Bt/install/ros2_aruco_interfaces/include/ros2_aruco_interfaces/ros2_aruco_interfaces/msg/rosidl_generator_cpp__visibility_control.hpp
[1.799s] -- Up-to-date: /Bt/install/ros2_aruco_interfaces/include/ros2_aruco_interfaces/ros2_aruco_interfaces
[1.799s] -- Up-to-date: /Bt/install/ros2_aruco_interfaces/include/ros2_aruco_interfaces/ros2_aruco_interfaces/msg
[1.800s] -- Up-to-date: /Bt/install/ros2_aruco_interfaces/include/ros2_aruco_interfaces/ros2_aruco_interfaces/msg/detail
[1.800s] -- Up-to-date: /Bt/install/ros2_aruco_interfaces/include/ros2_aruco_interfaces/ros2_aruco_interfaces/msg/detail/dds_fastrtps
[1.800s] -- Up-to-date: /Bt/install/ros2_aruco_interfaces/include/ros2_aruco_interfaces/ros2_aruco_interfaces/msg/detail/aruco_markers__rosidl_typesupport_fastrtps_cpp.hpp
[1.801s] -- Up-to-date: /Bt/install/ros2_aruco_interfaces/include/ros2_aruco_interfaces/ros2_aruco_interfaces/msg/rosidl_typesupport_fastrtps_cpp__visibility_control.h
[1.801s] -- Up-to-date: /Bt/install/ros2_aruco_interfaces/lib/libros2_aruco_interfaces__rosidl_typesupport_fastrtps_cpp.so
[1.801s] -- Up-to-date: /Bt/install/ros2_aruco_interfaces/include/ros2_aruco_interfaces/ros2_aruco_interfaces
[1.801s] -- Up-to-date: /Bt/install/ros2_aruco_interfaces/include/ros2_aruco_interfaces/ros2_aruco_interfaces/msg
[1.801s] -- Up-to-date: /Bt/install/ros2_aruco_interfaces/include/ros2_aruco_interfaces/ros2_aruco_interfaces/msg/rosidl_typesupport_introspection_c__visibility_control.h
[1.801s] -- Up-to-date: /Bt/install/ros2_aruco_interfaces/include/ros2_aruco_interfaces/ros2_aruco_interfaces/msg/detail
[1.801s] -- Up-to-date: /Bt/install/ros2_aruco_interfaces/include/ros2_aruco_interfaces/ros2_aruco_interfaces/msg/detail/aruco_markers__rosidl_typesupport_introspection_c.h
[1.802s] -- Installing: /Bt/install/ros2_aruco_interfaces/include/ros2_aruco_interfaces/ros2_aruco_interfaces/msg/detail/aruco_markers__type_support.c
[1.802s] -- Up-to-date: /Bt/install/ros2_aruco_interfaces/lib/libros2_aruco_interfaces__rosidl_typesupport_introspection_c.so
[1.802s] -- Up-to-date: /Bt/install/ros2_aruco_interfaces/lib/libros2_aruco_interfaces__rosidl_typesupport_c.so
[1.802s] -- Up-to-date: /Bt/install/ros2_aruco_interfaces/include/ros2_aruco_interfaces/ros2_aruco_interfaces
[1.802s] -- Up-to-date: /Bt/install/ros2_aruco_interfaces/include/ros2_aruco_interfaces/ros2_aruco_interfaces/msg
[1.802s] -- Up-to-date: /Bt/install/ros2_aruco_interfaces/include/ros2_aruco_interfaces/ros2_aruco_interfaces/msg/detail
[1.803s] -- Up-to-date: /Bt/install/ros2_aruco_interfaces/include/ros2_aruco_interfaces/ros2_aruco_interfaces/msg/detail/aruco_markers__type_support.cpp
[1.803s] -- Up-to-date: /Bt/install/ros2_aruco_interfaces/include/ros2_aruco_interfaces/ros2_aruco_interfaces/msg/detail/aruco_markers__rosidl_typesupport_introspection_cpp.hpp
[1.803s] -- Up-to-date: /Bt/install/ros2_aruco_interfaces/lib/libros2_aruco_interfaces__rosidl_typesupport_introspection_cpp.so
[1.803s] -- Up-to-date: /Bt/install/ros2_aruco_interfaces/lib/libros2_aruco_interfaces__rosidl_typesupport_cpp.so
[1.803s] -- Up-to-date: /Bt/install/ros2_aruco_interfaces/share/ros2_aruco_interfaces/environment/pythonpath.sh
[1.804s] -- Up-to-date: /Bt/install/ros2_aruco_interfaces/share/ros2_aruco_interfaces/environment/pythonpath.dsv
[1.804s] -- Up-to-date: /Bt/install/ros2_aruco_interfaces/lib/python3.12/site-packages/ros2_aruco_interfaces-0.1.0-py3.12.egg-info
[1.804s] -- Installing: /Bt/install/ros2_aruco_interfaces/lib/python3.12/site-packages/ros2_aruco_interfaces-0.1.0-py3.12.egg-info/top_level.txt
[1.804s] -- Installing: /Bt/install/ros2_aruco_interfaces/lib/python3.12/site-packages/ros2_aruco_interfaces-0.1.0-py3.12.egg-info/PKG-INFO
[1.804s] -- Installing: /Bt/install/ros2_aruco_interfaces/lib/python3.12/site-packages/ros2_aruco_interfaces-0.1.0-py3.12.egg-info/SOURCES.txt
[1.804s] -- Installing: /Bt/install/ros2_aruco_interfaces/lib/python3.12/site-packages/ros2_aruco_interfaces-0.1.0-py3.12.egg-info/dependency_links.txt
[1.805s] -- Up-to-date: /Bt/install/ros2_aruco_interfaces/lib/python3.12/site-packages/ros2_aruco_interfaces
[1.805s] -- Up-to-date: /Bt/install/ros2_aruco_interfaces/lib/python3.12/site-packages/ros2_aruco_interfaces/_ros2_aruco_interfaces_s.ep.rosidl_typesupport_introspection_c.c
[1.805s] -- Up-to-date: /Bt/install/ros2_aruco_interfaces/lib/python3.12/site-packages/ros2_aruco_interfaces/__init__.py
[1.805s] -- Up-to-date: /Bt/install/ros2_aruco_interfaces/lib/python3.12/site-packages/ros2_aruco_interfaces/ros2_aruco_interfaces_s__rosidl_typesupport_fastrtps_c.so
[1.806s] -- Up-to-date: /Bt/install/ros2_aruco_interfaces/lib/python3.12/site-packages/ros2_aruco_interfaces/_ros2_aruco_interfaces_s.ep.rosidl_typesupport_fastrtps_c.c
[1.806s] -- Up-to-date: /Bt/install/ros2_aruco_interfaces/lib/python3.12/site-packages/ros2_aruco_interfaces/_ros2_aruco_interfaces_s.ep.rosidl_typesupport_c.c
[1.806s] -- Up-to-date: /Bt/install/ros2_aruco_interfaces/lib/python3.12/site-packages/ros2_aruco_interfaces/ros2_aruco_interfaces_s__rosidl_typesupport_introspection_c.so
[1.806s] -- Up-to-date: /Bt/install/ros2_aruco_interfaces/lib/python3.12/site-packages/ros2_aruco_interfaces/msg
[1.806s] -- Up-to-date: /Bt/install/ros2_aruco_interfaces/lib/python3.12/site-packages/ros2_aruco_interfaces/msg/_aruco_markers.py
[1.807s] -- Up-to-date: /Bt/install/ros2_aruco_interfaces/lib/python3.12/site-packages/ros2_aruco_interfaces/msg/__init__.py
[1.807s] -- Up-to-date: /Bt/install/ros2_aruco_interfaces/lib/python3.12/site-packages/ros2_aruco_interfaces/msg/_aruco_markers_s.c
[1.807s] -- Up-to-date: /Bt/install/ros2_aruco_interfaces/lib/python3.12/site-packages/ros2_aruco_interfaces/ros2_aruco_interfaces_s__rosidl_typesupport_c.so
[1.807s] Listing '/Bt/install/ros2_aruco_interfaces/lib/python3.12/site-packages/ros2_aruco_interfaces'...
[1.807s] Listing '/Bt/install/ros2_aruco_interfaces/lib/python3.12/site-packages/ros2_aruco_interfaces/msg'...
[1.807s] -- Up-to-date: /Bt/install/ros2_aruco_interfaces/lib/python3.12/site-packages/ros2_aruco_interfaces/ros2_aruco_interfaces_s__rosidl_typesupport_fastrtps_c.so
[1.808s] -- Up-to-date: /Bt/install/ros2_aruco_interfaces/lib/python3.12/site-packages/ros2_aruco_interfaces/ros2_aruco_interfaces_s__rosidl_typesupport_introspection_c.so
[1.808s] -- Up-to-date: /Bt/install/ros2_aruco_interfaces/lib/python3.12/site-packages/ros2_aruco_interfaces/ros2_aruco_interfaces_s__rosidl_typesupport_c.so
[1.808s] -- Up-to-date: /Bt/install/ros2_aruco_interfaces/lib/libros2_aruco_interfaces__rosidl_generator_py.so
[1.808s] -- Up-to-date: /Bt/install/ros2_aruco_interfaces/share/ros2_aruco_interfaces/msg/ArucoMarkers.idl
[1.808s] -- Up-to-date: /Bt/install/ros2_aruco_interfaces/share/ros2_aruco_interfaces/msg/ArucoMarkers.msg
[1.809s] -- Up-to-date: /Bt/install/ros2_aruco_interfaces/share/ament_index/resource_index/package_run_dependencies/ros2_aruco_interfaces
[1.809s] -- Up-to-date: /Bt/install/ros2_aruco_interfaces/share/ament_index/resource_index/parent_prefix_path/ros2_aruco_interfaces
[1.809s] -- Up-to-date: /Bt/install/ros2_aruco_interfaces/share/ros2_aruco_interfaces/environment/ament_prefix_path.sh
[1.809s] -- Up-to-date: /Bt/install/ros2_aruco_interfaces/share/ros2_aruco_interfaces/environment/ament_prefix_path.dsv
[1.809s] -- Up-to-date: /Bt/install/ros2_aruco_interfaces/share/ros2_aruco_interfaces/environment/path.sh
[1.809s] -- Up-to-date: /Bt/install/ros2_aruco_interfaces/share/ros2_aruco_interfaces/environment/path.dsv
[1.810s] -- Up-to-date: /Bt/install/ros2_aruco_interfaces/share/ros2_aruco_interfaces/local_setup.bash
[1.810s] -- Up-to-date: /Bt/install/ros2_aruco_interfaces/share/ros2_aruco_interfaces/local_setup.sh
[1.810s] -- Up-to-date: /Bt/install/ros2_aruco_interfaces/share/ros2_aruco_interfaces/local_setup.zsh
[1.810s] -- Up-to-date: /Bt/install/ros2_aruco_interfaces/share/ros2_aruco_interfaces/local_setup.dsv
[1.810s] -- Installing: /Bt/install/ros2_aruco_interfaces/share/ros2_aruco_interfaces/package.dsv
[1.820s] -- Up-to-date: /Bt/install/ros2_aruco_interfaces/share/ament_index/resource_index/packages/ros2_aruco_interfaces
[1.857s] -- Up-to-date: /Bt/install/ros2_aruco_interfaces/share/ros2_aruco_interfaces/cmake/export_ros2_aruco_interfaces__rosidl_generator_cExport.cmake
[1.857s] -- Up-to-date: /Bt/install/ros2_aruco_interfaces/share/ros2_aruco_interfaces/cmake/export_ros2_aruco_interfaces__rosidl_generator_cExport-noconfig.cmake
[1.886s] -- Up-to-date: /Bt/install/ros2_aruco_interfaces/share/ros2_aruco_interfaces/cmake/export_ros2_aruco_interfaces__rosidl_typesupport_fastrtps_cExport.cmake
[1.887s] -- Up-to-date: /Bt/install/ros2_aruco_interfaces/share/ros2_aruco_interfaces/cmake/export_ros2_aruco_interfaces__rosidl_typesupport_fastrtps_cExport-noconfig.cmake
[1.900s] -- Up-to-date: /Bt/install/ros2_aruco_interfaces/share/ros2_aruco_interfaces/cmake/export_ros2_aruco_interfaces__rosidl_generator_cppExport.cmake
[1.904s] -- Up-to-date: /Bt/install/ros2_aruco_interfaces/share/ros2_aruco_interfaces/cmake/export_ros2_aruco_interfaces__rosidl_typesupport_fastrtps_cppExport.cmake
[1.905s] -- Up-to-date: /Bt/install/ros2_aruco_interfaces/share/ros2_aruco_interfaces/cmake/export_ros2_aruco_interfaces__rosidl_typesupport_fastrtps_cppExport-noconfig.cmake
[1.911s] -- Up-to-date: /Bt/install/ros2_aruco_interfaces/share/ros2_aruco_interfaces/cmake/ros2_aruco_interfaces__rosidl_typesupport_introspection_cExport.cmake
[1.911s] -- Up-to-date: /Bt/install/ros2_aruco_interfaces/share/ros2_aruco_interfaces/cmake/ros2_aruco_interfaces__rosidl_typesupport_introspection_cExport-noconfig.cmake
[1.911s] -- Up-to-date: /Bt/install/ros2_aruco_interfaces/share/ros2_aruco_interfaces/cmake/ros2_aruco_interfaces__rosidl_typesupport_cExport.cmake
[1.911s] -- Up-to-date: /Bt/install/ros2_aruco_interfaces/share/ros2_aruco_interfaces/cmake/ros2_aruco_interfaces__rosidl_typesupport_cExport-noconfig.cmake
[1.912s] -- Up-to-date: /Bt/install/ros2_aruco_interfaces/share/ros2_aruco_interfaces/cmake/ros2_aruco_interfaces__rosidl_typesupport_introspection_cppExport.cmake
[1.912s] -- Up-to-date: /Bt/install/ros2_aruco_interfaces/share/ros2_aruco_interfaces/cmake/ros2_aruco_interfaces__rosidl_typesupport_introspection_cppExport-noconfig.cmake
[1.912s] -- Up-to-date: /Bt/install/ros2_aruco_interfaces/share/ros2_aruco_interfaces/cmake/ros2_aruco_interfaces__rosidl_typesupport_cppExport.cmake
[1.913s] -- Up-to-date: /Bt/install/ros2_aruco_interfaces/share/ros2_aruco_interfaces/cmake/ros2_aruco_interfaces__rosidl_typesupport_cppExport-noconfig.cmake
[1.920s] -- Up-to-date: /Bt/install/ros2_aruco_interfaces/share/ros2_aruco_interfaces/cmake/export_ros2_aruco_interfaces__rosidl_generator_pyExport.cmake
[1.921s] -- Up-to-date: /Bt/install/ros2_aruco_interfaces/share/ros2_aruco_interfaces/cmake/export_ros2_aruco_interfaces__rosidl_generator_pyExport-noconfig.cmake
[1.922s] -- Up-to-date: /Bt/install/ros2_aruco_interfaces/share/ros2_aruco_interfaces/cmake/rosidl_cmake-extras.cmake
[1.922s] -- Up-to-date: /Bt/install/ros2_aruco_interfaces/share/ros2_aruco_interfaces/cmake/ament_cmake_export_dependencies-extras.cmake
[1.922s] -- Up-to-date: /Bt/install/ros2_aruco_interfaces/share/ros2_aruco_interfaces/cmake/ament_cmake_export_include_directories-extras.cmake
[1.922s] -- Up-to-date: /Bt/install/ros2_aruco_interfaces/share/ros2_aruco_interfaces/cmake/ament_cmake_export_libraries-extras.cmake
[1.922s] -- Up-to-date: /Bt/install/ros2_aruco_interfaces/share/ros2_aruco_interfaces/cmake/ament_cmake_export_targets-extras.cmake
[1.923s] -- Up-to-date: /Bt/install/ros2_aruco_interfaces/share/ros2_aruco_interfaces/cmake/rosidl_cmake_export_typesupport_targets-extras.cmake
[1.923s] -- Up-to-date: /Bt/install/ros2_aruco_interfaces/share/ros2_aruco_interfaces/cmake/rosidl_cmake_export_typesupport_libraries-extras.cmake
[1.923s] -- Up-to-date: /Bt/install/ros2_aruco_interfaces/share/ros2_aruco_interfaces/cmake/ros2_aruco_interfacesConfig.cmake
[1.924s] -- Up-to-date: /Bt/install/ros2_aruco_interfaces/share/ros2_aruco_interfaces/cmake/ros2_aruco_interfacesConfig-version.cmake
[1.924s] -- Up-to-date: /Bt/install/ros2_aruco_interfaces/share/ros2_aruco_interfaces/package.xml
[1.929s] Invoked command in '/Bt/build/ros2_aruco_interfaces' returned '0': CMAKE_PREFIX_PATH=${CMAKE_PREFIX_PATH}:/Bt/install/yolo_ros:/Bt/install/ros2_aruco:/Bt/install/launch_pal:/Bt/install/grab2_curobo_planner:/opt/ros/jazzy /usr/bin/cmake --install /Bt/build/ros2_aruco_interfaces
