[0.394s] Invoking command in '/Bt/build/play_motion2_msgs': CMAKE_PREFIX_PATH=${CMAKE_PREFIX_PATH}:/opt/ros/jazzy /usr/bin/cmake --build /Bt/build/play_motion2_msgs -- -j8 -l8
[1.213s] [  1%] Built target play_motion2_msgs__rosidl_generator_type_description
[1.256s] [  2%] Built target play_motion2_msgs__cpp
[1.555s] [ 26%] Built target play_motion2_msgs__rosidl_generator_c
[1.721s] [ 36%] Built target play_motion2_msgs__rosidl_typesupport_fastrtps_c
[1.805s] [ 45%] Built target play_motion2_msgs__rosidl_typesupport_cpp
[1.806s] [ 55%] Built target play_motion2_msgs__rosidl_typesupport_c
[1.855s] [ 64%] Built target play_motion2_msgs__rosidl_typesupport_fastrtps_cpp
[1.965s] [ 74%] Built target play_motion2_msgs__rosidl_typesupport_introspection_cpp
[2.150s] [ 75%] Built target ament_cmake_python_copy_play_motion2_msgs
[2.150s] [ 84%] Built target play_motion2_msgs__rosidl_typesupport_introspection_c
[2.199s] [ 84%] Built target play_motion2_msgs
[2.336s] [ 85%] Built target play_motion2_msgs__py
[2.568s] [ 93%] Built target play_motion2_msgs__rosidl_generator_py
[2.813s] running egg_info
[2.837s] writing play_motion2_msgs.egg-info/PKG-INFO
[2.837s] writing dependency_links to play_motion2_msgs.egg-info/dependency_links.txt
[2.838s] writing top-level names to play_motion2_msgs.egg-info/top_level.txt
[2.910s] reading manifest file 'play_motion2_msgs.egg-info/SOURCES.txt'
[2.958s] writing manifest file 'play_motion2_msgs.egg-info/SOURCES.txt'
[2.997s] [ 93%] Built target ament_cmake_python_build_play_motion2_msgs_egg
[3.058s] [ 95%] Built target play_motion2_msgs_s__rosidl_typesupport_introspection_c
[3.064s] [100%] Built target play_motion2_msgs_s__rosidl_typesupport_fastrtps_c
[3.065s] [100%] Built target play_motion2_msgs_s__rosidl_typesupport_c
[3.134s] Invoked command in '/Bt/build/play_motion2_msgs' returned '0': CMAKE_PREFIX_PATH=${CMAKE_PREFIX_PATH}:/opt/ros/jazzy /usr/bin/cmake --build /Bt/build/play_motion2_msgs -- -j8 -l8
[3.173s] Invoking command in '/Bt/build/play_motion2_msgs': CMAKE_PREFIX_PATH=${CMAKE_PREFIX_PATH}:/opt/ros/jazzy /usr/bin/cmake --install /Bt/build/play_motion2_msgs
[3.187s] -- Install configuration: ""
[3.187s] -- Up-to-date: /Bt/install/play_motion2_msgs/share/ament_index/resource_index/rosidl_interfaces/play_motion2_msgs
[3.187s] -- Up-to-date: /Bt/install/play_motion2_msgs/share/play_motion2_msgs/action/PlayMotion2.json
[3.188s] -- Up-to-date: /Bt/install/play_motion2_msgs/share/play_motion2_msgs/msg/Motion.json
[3.188s] -- Up-to-date: /Bt/install/play_motion2_msgs/share/play_motion2_msgs/srv/AddMotion.json
[3.188s] -- Up-to-date: /Bt/install/play_motion2_msgs/share/play_motion2_msgs/srv/GetMotionInfo.json
[3.188s] -- Up-to-date: /Bt/install/play_motion2_msgs/share/play_motion2_msgs/srv/IsMotionReady.json
[3.188s] -- Up-to-date: /Bt/install/play_motion2_msgs/share/play_motion2_msgs/srv/ListMotions.json
[3.188s] -- Up-to-date: /Bt/install/play_motion2_msgs/share/play_motion2_msgs/srv/RemoveMotion.json
[3.188s] -- Up-to-date: /Bt/install/play_motion2_msgs/include/play_motion2_msgs/play_motion2_msgs
[3.189s] -- Up-to-date: /Bt/install/play_motion2_msgs/include/play_motion2_msgs/play_motion2_msgs/action
[3.189s] -- Up-to-date: /Bt/install/play_motion2_msgs/include/play_motion2_msgs/play_motion2_msgs/action/play_motion2.h
[3.189s] -- Up-to-date: /Bt/install/play_motion2_msgs/include/play_motion2_msgs/play_motion2_msgs/action/detail
[3.189s] -- Up-to-date: /Bt/install/play_motion2_msgs/include/play_motion2_msgs/play_motion2_msgs/action/detail/play_motion2__functions.h
[3.189s] -- Up-to-date: /Bt/install/play_motion2_msgs/include/play_motion2_msgs/play_motion2_msgs/action/detail/play_motion2__type_support.h
[3.190s] -- Up-to-date: /Bt/install/play_motion2_msgs/include/play_motion2_msgs/play_motion2_msgs/action/detail/play_motion2__struct.h
[3.190s] -- Installing: /Bt/install/play_motion2_msgs/include/play_motion2_msgs/play_motion2_msgs/action/detail/play_motion2__type_support.c
[3.201s] -- Up-to-date: /Bt/install/play_motion2_msgs/include/play_motion2_msgs/play_motion2_msgs/action/detail/play_motion2__description.c
[3.201s] -- Up-to-date: /Bt/install/play_motion2_msgs/include/play_motion2_msgs/play_motion2_msgs/action/detail/play_motion2__functions.c
[3.202s] -- Up-to-date: /Bt/install/play_motion2_msgs/include/play_motion2_msgs/play_motion2_msgs/msg
[3.202s] -- Up-to-date: /Bt/install/play_motion2_msgs/include/play_motion2_msgs/play_motion2_msgs/msg/rosidl_generator_c__visibility_control.h
[3.202s] -- Up-to-date: /Bt/install/play_motion2_msgs/include/play_motion2_msgs/play_motion2_msgs/msg/detail
[3.202s] -- Up-to-date: /Bt/install/play_motion2_msgs/include/play_motion2_msgs/play_motion2_msgs/msg/detail/motion__struct.h
[3.202s] -- Installing: /Bt/install/play_motion2_msgs/include/play_motion2_msgs/play_motion2_msgs/msg/detail/motion__type_support.c
[3.235s] -- Up-to-date: /Bt/install/play_motion2_msgs/include/play_motion2_msgs/play_motion2_msgs/msg/detail/motion__functions.h
[3.235s] -- Up-to-date: /Bt/install/play_motion2_msgs/include/play_motion2_msgs/play_motion2_msgs/msg/detail/motion__description.c
[3.235s] -- Up-to-date: /Bt/install/play_motion2_msgs/include/play_motion2_msgs/play_motion2_msgs/msg/detail/motion__functions.c
[3.235s] -- Up-to-date: /Bt/install/play_motion2_msgs/include/play_motion2_msgs/play_motion2_msgs/msg/detail/motion__type_support.h
[3.235s] -- Up-to-date: /Bt/install/play_motion2_msgs/include/play_motion2_msgs/play_motion2_msgs/msg/motion.h
[3.235s] -- Up-to-date: /Bt/install/play_motion2_msgs/include/play_motion2_msgs/play_motion2_msgs/srv
[3.235s] -- Up-to-date: /Bt/install/play_motion2_msgs/include/play_motion2_msgs/play_motion2_msgs/srv/get_motion_info.h
[3.235s] -- Up-to-date: /Bt/install/play_motion2_msgs/include/play_motion2_msgs/play_motion2_msgs/srv/remove_motion.h
[3.235s] -- Up-to-date: /Bt/install/play_motion2_msgs/include/play_motion2_msgs/play_motion2_msgs/srv/add_motion.h
[3.236s] -- Up-to-date: /Bt/install/play_motion2_msgs/include/play_motion2_msgs/play_motion2_msgs/srv/list_motions.h
[3.236s] -- Up-to-date: /Bt/install/play_motion2_msgs/include/play_motion2_msgs/play_motion2_msgs/srv/is_motion_ready.h
[3.236s] -- Up-to-date: /Bt/install/play_motion2_msgs/include/play_motion2_msgs/play_motion2_msgs/srv/detail
[3.236s] -- Installing: /Bt/install/play_motion2_msgs/include/play_motion2_msgs/play_motion2_msgs/srv/detail/get_motion_info__type_support.c
[3.261s] -- Up-to-date: /Bt/install/play_motion2_msgs/include/play_motion2_msgs/play_motion2_msgs/srv/detail/add_motion__struct.h
[3.261s] -- Up-to-date: /Bt/install/play_motion2_msgs/include/play_motion2_msgs/play_motion2_msgs/srv/detail/get_motion_info__functions.h
[3.261s] -- Up-to-date: /Bt/install/play_motion2_msgs/include/play_motion2_msgs/play_motion2_msgs/srv/detail/list_motions__description.c
[3.261s] -- Installing: /Bt/install/play_motion2_msgs/include/play_motion2_msgs/play_motion2_msgs/srv/detail/list_motions__type_support.c
[3.271s] -- Up-to-date: /Bt/install/play_motion2_msgs/include/play_motion2_msgs/play_motion2_msgs/srv/detail/get_motion_info__struct.h
[3.271s] -- Up-to-date: /Bt/install/play_motion2_msgs/include/play_motion2_msgs/play_motion2_msgs/srv/detail/list_motions__functions.h
[3.271s] -- Installing: /Bt/install/play_motion2_msgs/include/play_motion2_msgs/play_motion2_msgs/srv/detail/is_motion_ready__type_support.c
[3.289s] -- Installing: /Bt/install/play_motion2_msgs/include/play_motion2_msgs/play_motion2_msgs/srv/detail/remove_motion__type_support.c
[3.320s] -- Up-to-date: /Bt/install/play_motion2_msgs/include/play_motion2_msgs/play_motion2_msgs/srv/detail/add_motion__description.c
[3.320s] -- Up-to-date: /Bt/install/play_motion2_msgs/include/play_motion2_msgs/play_motion2_msgs/srv/detail/add_motion__type_support.h
[3.321s] -- Up-to-date: /Bt/install/play_motion2_msgs/include/play_motion2_msgs/play_motion2_msgs/srv/detail/remove_motion__struct.h
[3.321s] -- Up-to-date: /Bt/install/play_motion2_msgs/include/play_motion2_msgs/play_motion2_msgs/srv/detail/remove_motion__description.c
[3.321s] -- Up-to-date: /Bt/install/play_motion2_msgs/include/play_motion2_msgs/play_motion2_msgs/srv/detail/list_motions__functions.c
[3.321s] -- Up-to-date: /Bt/install/play_motion2_msgs/include/play_motion2_msgs/play_motion2_msgs/srv/detail/is_motion_ready__functions.c
[3.321s] -- Up-to-date: /Bt/install/play_motion2_msgs/include/play_motion2_msgs/play_motion2_msgs/srv/detail/get_motion_info__description.c
[3.321s] -- Up-to-date: /Bt/install/play_motion2_msgs/include/play_motion2_msgs/play_motion2_msgs/srv/detail/get_motion_info__functions.c
[3.322s] -- Up-to-date: /Bt/install/play_motion2_msgs/include/play_motion2_msgs/play_motion2_msgs/srv/detail/remove_motion__type_support.h
[3.322s] -- Up-to-date: /Bt/install/play_motion2_msgs/include/play_motion2_msgs/play_motion2_msgs/srv/detail/get_motion_info__type_support.h
[3.322s] -- Up-to-date: /Bt/install/play_motion2_msgs/include/play_motion2_msgs/play_motion2_msgs/srv/detail/remove_motion__functions.c
[3.322s] -- Up-to-date: /Bt/install/play_motion2_msgs/include/play_motion2_msgs/play_motion2_msgs/srv/detail/is_motion_ready__functions.h
[3.322s] -- Up-to-date: /Bt/install/play_motion2_msgs/include/play_motion2_msgs/play_motion2_msgs/srv/detail/is_motion_ready__type_support.h
[3.322s] -- Up-to-date: /Bt/install/play_motion2_msgs/include/play_motion2_msgs/play_motion2_msgs/srv/detail/list_motions__struct.h
[3.322s] -- Installing: /Bt/install/play_motion2_msgs/include/play_motion2_msgs/play_motion2_msgs/srv/detail/add_motion__type_support.c
[3.351s] -- Up-to-date: /Bt/install/play_motion2_msgs/include/play_motion2_msgs/play_motion2_msgs/srv/detail/is_motion_ready__struct.h
[3.352s] -- Up-to-date: /Bt/install/play_motion2_msgs/include/play_motion2_msgs/play_motion2_msgs/srv/detail/remove_motion__functions.h
[3.353s] -- Up-to-date: /Bt/install/play_motion2_msgs/include/play_motion2_msgs/play_motion2_msgs/srv/detail/is_motion_ready__description.c
[3.353s] -- Up-to-date: /Bt/install/play_motion2_msgs/include/play_motion2_msgs/play_motion2_msgs/srv/detail/list_motions__type_support.h
[3.353s] -- Up-to-date: /Bt/install/play_motion2_msgs/include/play_motion2_msgs/play_motion2_msgs/srv/detail/add_motion__functions.c
[3.353s] -- Up-to-date: /Bt/install/play_motion2_msgs/include/play_motion2_msgs/play_motion2_msgs/srv/detail/add_motion__functions.h
[3.353s] -- Up-to-date: /Bt/install/play_motion2_msgs/share/play_motion2_msgs/environment/library_path.sh
[3.353s] -- Up-to-date: /Bt/install/play_motion2_msgs/share/play_motion2_msgs/environment/library_path.dsv
[3.391s] -- Up-to-date: /Bt/install/play_motion2_msgs/lib/libplay_motion2_msgs__rosidl_generator_c.so
[3.391s] -- Up-to-date: /Bt/install/play_motion2_msgs/include/play_motion2_msgs/play_motion2_msgs
[3.392s] -- Up-to-date: /Bt/install/play_motion2_msgs/include/play_motion2_msgs/play_motion2_msgs/action
[3.392s] -- Up-to-date: /Bt/install/play_motion2_msgs/include/play_motion2_msgs/play_motion2_msgs/action/detail
[3.392s] -- Up-to-date: /Bt/install/play_motion2_msgs/include/play_motion2_msgs/play_motion2_msgs/action/detail/play_motion2__rosidl_typesupport_fastrtps_c.h
[3.392s] -- Up-to-date: /Bt/install/play_motion2_msgs/include/play_motion2_msgs/play_motion2_msgs/msg
[3.392s] -- Up-to-date: /Bt/install/play_motion2_msgs/include/play_motion2_msgs/play_motion2_msgs/msg/detail
[3.392s] -- Up-to-date: /Bt/install/play_motion2_msgs/include/play_motion2_msgs/play_motion2_msgs/msg/detail/motion__rosidl_typesupport_fastrtps_c.h
[3.392s] -- Up-to-date: /Bt/install/play_motion2_msgs/include/play_motion2_msgs/play_motion2_msgs/msg/rosidl_typesupport_fastrtps_c__visibility_control.h
[3.393s] -- Up-to-date: /Bt/install/play_motion2_msgs/include/play_motion2_msgs/play_motion2_msgs/srv
[3.393s] -- Up-to-date: /Bt/install/play_motion2_msgs/include/play_motion2_msgs/play_motion2_msgs/srv/detail
[3.393s] -- Up-to-date: /Bt/install/play_motion2_msgs/include/play_motion2_msgs/play_motion2_msgs/srv/detail/get_motion_info__rosidl_typesupport_fastrtps_c.h
[3.393s] -- Up-to-date: /Bt/install/play_motion2_msgs/include/play_motion2_msgs/play_motion2_msgs/srv/detail/add_motion__rosidl_typesupport_fastrtps_c.h
[3.393s] -- Up-to-date: /Bt/install/play_motion2_msgs/include/play_motion2_msgs/play_motion2_msgs/srv/detail/is_motion_ready__rosidl_typesupport_fastrtps_c.h
[3.393s] -- Up-to-date: /Bt/install/play_motion2_msgs/include/play_motion2_msgs/play_motion2_msgs/srv/detail/remove_motion__rosidl_typesupport_fastrtps_c.h
[3.393s] -- Up-to-date: /Bt/install/play_motion2_msgs/include/play_motion2_msgs/play_motion2_msgs/srv/detail/list_motions__rosidl_typesupport_fastrtps_c.h
[3.475s] -- Up-to-date: /Bt/install/play_motion2_msgs/lib/libplay_motion2_msgs__rosidl_typesupport_fastrtps_c.so
[3.476s] -- Up-to-date: /Bt/install/play_motion2_msgs/include/play_motion2_msgs/play_motion2_msgs
[3.476s] -- Up-to-date: /Bt/install/play_motion2_msgs/include/play_motion2_msgs/play_motion2_msgs/action
[3.476s] -- Up-to-date: /Bt/install/play_motion2_msgs/include/play_motion2_msgs/play_motion2_msgs/action/detail
[3.476s] -- Up-to-date: /Bt/install/play_motion2_msgs/include/play_motion2_msgs/play_motion2_msgs/action/detail/play_motion2__traits.hpp
[3.476s] -- Up-to-date: /Bt/install/play_motion2_msgs/include/play_motion2_msgs/play_motion2_msgs/action/detail/play_motion2__builder.hpp
[3.476s] -- Up-to-date: /Bt/install/play_motion2_msgs/include/play_motion2_msgs/play_motion2_msgs/action/detail/play_motion2__type_support.hpp
[3.476s] -- Up-to-date: /Bt/install/play_motion2_msgs/include/play_motion2_msgs/play_motion2_msgs/action/detail/play_motion2__struct.hpp
[3.476s] -- Up-to-date: /Bt/install/play_motion2_msgs/include/play_motion2_msgs/play_motion2_msgs/action/play_motion2.hpp
[3.477s] -- Up-to-date: /Bt/install/play_motion2_msgs/include/play_motion2_msgs/play_motion2_msgs/msg
[3.477s] -- Up-to-date: /Bt/install/play_motion2_msgs/include/play_motion2_msgs/play_motion2_msgs/msg/motion.hpp
[3.477s] -- Up-to-date: /Bt/install/play_motion2_msgs/include/play_motion2_msgs/play_motion2_msgs/msg/detail
[3.477s] -- Up-to-date: /Bt/install/play_motion2_msgs/include/play_motion2_msgs/play_motion2_msgs/msg/detail/motion__type_support.hpp
[3.477s] -- Up-to-date: /Bt/install/play_motion2_msgs/include/play_motion2_msgs/play_motion2_msgs/msg/detail/motion__struct.hpp
[3.477s] -- Up-to-date: /Bt/install/play_motion2_msgs/include/play_motion2_msgs/play_motion2_msgs/msg/detail/motion__builder.hpp
[3.477s] -- Up-to-date: /Bt/install/play_motion2_msgs/include/play_motion2_msgs/play_motion2_msgs/msg/detail/motion__traits.hpp
[3.477s] -- Up-to-date: /Bt/install/play_motion2_msgs/include/play_motion2_msgs/play_motion2_msgs/msg/rosidl_generator_cpp__visibility_control.hpp
[3.477s] -- Up-to-date: /Bt/install/play_motion2_msgs/include/play_motion2_msgs/play_motion2_msgs/srv
[3.478s] -- Up-to-date: /Bt/install/play_motion2_msgs/include/play_motion2_msgs/play_motion2_msgs/srv/list_motions.hpp
[3.478s] -- Up-to-date: /Bt/install/play_motion2_msgs/include/play_motion2_msgs/play_motion2_msgs/srv/remove_motion.hpp
[3.478s] -- Up-to-date: /Bt/install/play_motion2_msgs/include/play_motion2_msgs/play_motion2_msgs/srv/get_motion_info.hpp
[3.478s] -- Up-to-date: /Bt/install/play_motion2_msgs/include/play_motion2_msgs/play_motion2_msgs/srv/detail
[3.478s] -- Up-to-date: /Bt/install/play_motion2_msgs/include/play_motion2_msgs/play_motion2_msgs/srv/detail/add_motion__builder.hpp
[3.478s] -- Up-to-date: /Bt/install/play_motion2_msgs/include/play_motion2_msgs/play_motion2_msgs/srv/detail/is_motion_ready__type_support.hpp
[3.478s] -- Up-to-date: /Bt/install/play_motion2_msgs/include/play_motion2_msgs/play_motion2_msgs/srv/detail/remove_motion__type_support.hpp
[3.478s] -- Up-to-date: /Bt/install/play_motion2_msgs/include/play_motion2_msgs/play_motion2_msgs/srv/detail/list_motions__builder.hpp
[3.478s] -- Up-to-date: /Bt/install/play_motion2_msgs/include/play_motion2_msgs/play_motion2_msgs/srv/detail/get_motion_info__builder.hpp
[3.478s] -- Up-to-date: /Bt/install/play_motion2_msgs/include/play_motion2_msgs/play_motion2_msgs/srv/detail/is_motion_ready__builder.hpp
[3.478s] -- Up-to-date: /Bt/install/play_motion2_msgs/include/play_motion2_msgs/play_motion2_msgs/srv/detail/get_motion_info__traits.hpp
[3.479s] -- Up-to-date: /Bt/install/play_motion2_msgs/include/play_motion2_msgs/play_motion2_msgs/srv/detail/is_motion_ready__struct.hpp
[3.479s] -- Up-to-date: /Bt/install/play_motion2_msgs/include/play_motion2_msgs/play_motion2_msgs/srv/detail/add_motion__struct.hpp
[3.479s] -- Up-to-date: /Bt/install/play_motion2_msgs/include/play_motion2_msgs/play_motion2_msgs/srv/detail/add_motion__type_support.hpp
[3.479s] -- Up-to-date: /Bt/install/play_motion2_msgs/include/play_motion2_msgs/play_motion2_msgs/srv/detail/get_motion_info__struct.hpp
[3.479s] -- Up-to-date: /Bt/install/play_motion2_msgs/include/play_motion2_msgs/play_motion2_msgs/srv/detail/list_motions__type_support.hpp
[3.479s] -- Up-to-date: /Bt/install/play_motion2_msgs/include/play_motion2_msgs/play_motion2_msgs/srv/detail/add_motion__traits.hpp
[3.479s] -- Up-to-date: /Bt/install/play_motion2_msgs/include/play_motion2_msgs/play_motion2_msgs/srv/detail/list_motions__struct.hpp
[3.479s] -- Up-to-date: /Bt/install/play_motion2_msgs/include/play_motion2_msgs/play_motion2_msgs/srv/detail/get_motion_info__type_support.hpp
[3.479s] -- Up-to-date: /Bt/install/play_motion2_msgs/include/play_motion2_msgs/play_motion2_msgs/srv/detail/list_motions__traits.hpp
[3.479s] -- Up-to-date: /Bt/install/play_motion2_msgs/include/play_motion2_msgs/play_motion2_msgs/srv/detail/remove_motion__traits.hpp
[3.479s] -- Up-to-date: /Bt/install/play_motion2_msgs/include/play_motion2_msgs/play_motion2_msgs/srv/detail/remove_motion__builder.hpp
[3.479s] -- Up-to-date: /Bt/install/play_motion2_msgs/include/play_motion2_msgs/play_motion2_msgs/srv/detail/remove_motion__struct.hpp
[3.479s] -- Up-to-date: /Bt/install/play_motion2_msgs/include/play_motion2_msgs/play_motion2_msgs/srv/detail/is_motion_ready__traits.hpp
[3.479s] -- Up-to-date: /Bt/install/play_motion2_msgs/include/play_motion2_msgs/play_motion2_msgs/srv/is_motion_ready.hpp
[3.480s] -- Up-to-date: /Bt/install/play_motion2_msgs/include/play_motion2_msgs/play_motion2_msgs/srv/add_motion.hpp
[3.480s] -- Up-to-date: /Bt/install/play_motion2_msgs/include/play_motion2_msgs/play_motion2_msgs
[3.480s] -- Up-to-date: /Bt/install/play_motion2_msgs/include/play_motion2_msgs/play_motion2_msgs/action
[3.480s] -- Up-to-date: /Bt/install/play_motion2_msgs/include/play_motion2_msgs/play_motion2_msgs/action/detail
[3.480s] -- Up-to-date: /Bt/install/play_motion2_msgs/include/play_motion2_msgs/play_motion2_msgs/action/detail/play_motion2__rosidl_typesupport_fastrtps_cpp.hpp
[3.480s] -- Up-to-date: /Bt/install/play_motion2_msgs/include/play_motion2_msgs/play_motion2_msgs/action/detail/dds_fastrtps
[3.480s] -- Up-to-date: /Bt/install/play_motion2_msgs/include/play_motion2_msgs/play_motion2_msgs/msg
[3.480s] -- Up-to-date: /Bt/install/play_motion2_msgs/include/play_motion2_msgs/play_motion2_msgs/msg/detail
[3.480s] -- Up-to-date: /Bt/install/play_motion2_msgs/include/play_motion2_msgs/play_motion2_msgs/msg/detail/dds_fastrtps
[3.480s] -- Up-to-date: /Bt/install/play_motion2_msgs/include/play_motion2_msgs/play_motion2_msgs/msg/detail/motion__rosidl_typesupport_fastrtps_cpp.hpp
[3.480s] -- Up-to-date: /Bt/install/play_motion2_msgs/include/play_motion2_msgs/play_motion2_msgs/msg/rosidl_typesupport_fastrtps_cpp__visibility_control.h
[3.480s] -- Up-to-date: /Bt/install/play_motion2_msgs/include/play_motion2_msgs/play_motion2_msgs/srv
[3.480s] -- Up-to-date: /Bt/install/play_motion2_msgs/include/play_motion2_msgs/play_motion2_msgs/srv/detail
[3.480s] -- Up-to-date: /Bt/install/play_motion2_msgs/include/play_motion2_msgs/play_motion2_msgs/srv/detail/list_motions__rosidl_typesupport_fastrtps_cpp.hpp
[3.481s] -- Up-to-date: /Bt/install/play_motion2_msgs/include/play_motion2_msgs/play_motion2_msgs/srv/detail/get_motion_info__rosidl_typesupport_fastrtps_cpp.hpp
[3.481s] -- Up-to-date: /Bt/install/play_motion2_msgs/include/play_motion2_msgs/play_motion2_msgs/srv/detail/add_motion__rosidl_typesupport_fastrtps_cpp.hpp
[3.481s] -- Up-to-date: /Bt/install/play_motion2_msgs/include/play_motion2_msgs/play_motion2_msgs/srv/detail/remove_motion__rosidl_typesupport_fastrtps_cpp.hpp
[3.481s] -- Up-to-date: /Bt/install/play_motion2_msgs/include/play_motion2_msgs/play_motion2_msgs/srv/detail/is_motion_ready__rosidl_typesupport_fastrtps_cpp.hpp
[3.481s] -- Up-to-date: /Bt/install/play_motion2_msgs/include/play_motion2_msgs/play_motion2_msgs/srv/detail/dds_fastrtps
[3.576s] -- Up-to-date: /Bt/install/play_motion2_msgs/lib/libplay_motion2_msgs__rosidl_typesupport_fastrtps_cpp.so
[3.578s] -- Up-to-date: /Bt/install/play_motion2_msgs/include/play_motion2_msgs/play_motion2_msgs
[3.578s] -- Up-to-date: /Bt/install/play_motion2_msgs/include/play_motion2_msgs/play_motion2_msgs/action
[3.579s] -- Up-to-date: /Bt/install/play_motion2_msgs/include/play_motion2_msgs/play_motion2_msgs/action/detail
[3.579s] -- Installing: /Bt/install/play_motion2_msgs/include/play_motion2_msgs/play_motion2_msgs/action/detail/play_motion2__type_support.c
[3.644s] -- Up-to-date: /Bt/install/play_motion2_msgs/include/play_motion2_msgs/play_motion2_msgs/action/detail/play_motion2__rosidl_typesupport_introspection_c.h
[3.644s] -- Up-to-date: /Bt/install/play_motion2_msgs/include/play_motion2_msgs/play_motion2_msgs/msg
[3.644s] -- Up-to-date: /Bt/install/play_motion2_msgs/include/play_motion2_msgs/play_motion2_msgs/msg/rosidl_typesupport_introspection_c__visibility_control.h
[3.645s] -- Up-to-date: /Bt/install/play_motion2_msgs/include/play_motion2_msgs/play_motion2_msgs/msg/detail
[3.645s] -- Installing: /Bt/install/play_motion2_msgs/include/play_motion2_msgs/play_motion2_msgs/msg/detail/motion__type_support.c
[3.683s] -- Up-to-date: /Bt/install/play_motion2_msgs/include/play_motion2_msgs/play_motion2_msgs/msg/detail/motion__rosidl_typesupport_introspection_c.h
[3.684s] -- Up-to-date: /Bt/install/play_motion2_msgs/include/play_motion2_msgs/play_motion2_msgs/srv
[3.684s] -- Up-to-date: /Bt/install/play_motion2_msgs/include/play_motion2_msgs/play_motion2_msgs/srv/detail
[3.684s] -- Installing: /Bt/install/play_motion2_msgs/include/play_motion2_msgs/play_motion2_msgs/srv/detail/get_motion_info__type_support.c
[3.888s] -- Up-to-date: /Bt/install/play_motion2_msgs/include/play_motion2_msgs/play_motion2_msgs/srv/detail/list_motions__rosidl_typesupport_introspection_c.h
[3.888s] -- Installing: /Bt/install/play_motion2_msgs/include/play_motion2_msgs/play_motion2_msgs/srv/detail/list_motions__type_support.c
[4.126s] -- Installing: /Bt/install/play_motion2_msgs/include/play_motion2_msgs/play_motion2_msgs/srv/detail/is_motion_ready__type_support.c
[4.346s] -- Up-to-date: /Bt/install/play_motion2_msgs/include/play_motion2_msgs/play_motion2_msgs/srv/detail/is_motion_ready__rosidl_typesupport_introspection_c.h
[4.346s] -- Installing: /Bt/install/play_motion2_msgs/include/play_motion2_msgs/play_motion2_msgs/srv/detail/remove_motion__type_support.c
[4.499s] -- Up-to-date: /Bt/install/play_motion2_msgs/include/play_motion2_msgs/play_motion2_msgs/srv/detail/get_motion_info__rosidl_typesupport_introspection_c.h
[4.499s] -- Up-to-date: /Bt/install/play_motion2_msgs/include/play_motion2_msgs/play_motion2_msgs/srv/detail/add_motion__rosidl_typesupport_introspection_c.h
[4.502s] -- Up-to-date: /Bt/install/play_motion2_msgs/include/play_motion2_msgs/play_motion2_msgs/srv/detail/remove_motion__rosidl_typesupport_introspection_c.h
[4.502s] -- Installing: /Bt/install/play_motion2_msgs/include/play_motion2_msgs/play_motion2_msgs/srv/detail/add_motion__type_support.c
[4.815s] -- Up-to-date: /Bt/install/play_motion2_msgs/lib/libplay_motion2_msgs__rosidl_typesupport_introspection_c.so
[4.908s] -- Up-to-date: /Bt/install/play_motion2_msgs/lib/libplay_motion2_msgs__rosidl_typesupport_c.so
[4.911s] -- Up-to-date: /Bt/install/play_motion2_msgs/include/play_motion2_msgs/play_motion2_msgs
[4.911s] -- Up-to-date: /Bt/install/play_motion2_msgs/include/play_motion2_msgs/play_motion2_msgs/action
[4.911s] -- Up-to-date: /Bt/install/play_motion2_msgs/include/play_motion2_msgs/play_motion2_msgs/action/detail
[4.911s] -- Up-to-date: /Bt/install/play_motion2_msgs/include/play_motion2_msgs/play_motion2_msgs/action/detail/play_motion2__type_support.cpp
[4.912s] -- Up-to-date: /Bt/install/play_motion2_msgs/include/play_motion2_msgs/play_motion2_msgs/action/detail/play_motion2__rosidl_typesupport_introspection_cpp.hpp
[4.912s] -- Up-to-date: /Bt/install/play_motion2_msgs/include/play_motion2_msgs/play_motion2_msgs/msg
[4.912s] -- Up-to-date: /Bt/install/play_motion2_msgs/include/play_motion2_msgs/play_motion2_msgs/msg/detail
[4.912s] -- Up-to-date: /Bt/install/play_motion2_msgs/include/play_motion2_msgs/play_motion2_msgs/msg/detail/motion__type_support.cpp
[4.912s] -- Up-to-date: /Bt/install/play_motion2_msgs/include/play_motion2_msgs/play_motion2_msgs/msg/detail/motion__rosidl_typesupport_introspection_cpp.hpp
[4.913s] -- Up-to-date: /Bt/install/play_motion2_msgs/include/play_motion2_msgs/play_motion2_msgs/srv
[4.913s] -- Up-to-date: /Bt/install/play_motion2_msgs/include/play_motion2_msgs/play_motion2_msgs/srv/detail
[4.913s] -- Up-to-date: /Bt/install/play_motion2_msgs/include/play_motion2_msgs/play_motion2_msgs/srv/detail/list_motions__rosidl_typesupport_introspection_cpp.hpp
[4.913s] -- Up-to-date: /Bt/install/play_motion2_msgs/include/play_motion2_msgs/play_motion2_msgs/srv/detail/add_motion__type_support.cpp
[4.913s] -- Up-to-date: /Bt/install/play_motion2_msgs/include/play_motion2_msgs/play_motion2_msgs/srv/detail/list_motions__type_support.cpp
[4.913s] -- Up-to-date: /Bt/install/play_motion2_msgs/include/play_motion2_msgs/play_motion2_msgs/srv/detail/add_motion__rosidl_typesupport_introspection_cpp.hpp
[4.913s] -- Up-to-date: /Bt/install/play_motion2_msgs/include/play_motion2_msgs/play_motion2_msgs/srv/detail/is_motion_ready__rosidl_typesupport_introspection_cpp.hpp
[4.913s] -- Up-to-date: /Bt/install/play_motion2_msgs/include/play_motion2_msgs/play_motion2_msgs/srv/detail/is_motion_ready__type_support.cpp
[4.913s] -- Up-to-date: /Bt/install/play_motion2_msgs/include/play_motion2_msgs/play_motion2_msgs/srv/detail/get_motion_info__rosidl_typesupport_introspection_cpp.hpp
[4.913s] -- Up-to-date: /Bt/install/play_motion2_msgs/include/play_motion2_msgs/play_motion2_msgs/srv/detail/remove_motion__type_support.cpp
[4.913s] -- Up-to-date: /Bt/install/play_motion2_msgs/include/play_motion2_msgs/play_motion2_msgs/srv/detail/remove_motion__rosidl_typesupport_introspection_cpp.hpp
[4.913s] -- Up-to-date: /Bt/install/play_motion2_msgs/include/play_motion2_msgs/play_motion2_msgs/srv/detail/get_motion_info__type_support.cpp
[5.010s] -- Up-to-date: /Bt/install/play_motion2_msgs/lib/libplay_motion2_msgs__rosidl_typesupport_introspection_cpp.so
[5.146s] -- Up-to-date: /Bt/install/play_motion2_msgs/lib/libplay_motion2_msgs__rosidl_typesupport_cpp.so
[5.147s] -- Up-to-date: /Bt/install/play_motion2_msgs/share/play_motion2_msgs/environment/pythonpath.sh
[5.148s] -- Up-to-date: /Bt/install/play_motion2_msgs/share/play_motion2_msgs/environment/pythonpath.dsv
[5.148s] -- Up-to-date: /Bt/install/play_motion2_msgs/lib/python3.12/site-packages/play_motion2_msgs-1.5.1-py3.12.egg-info
[5.149s] -- Installing: /Bt/install/play_motion2_msgs/lib/python3.12/site-packages/play_motion2_msgs-1.5.1-py3.12.egg-info/top_level.txt
[5.149s] -- Installing: /Bt/install/play_motion2_msgs/lib/python3.12/site-packages/play_motion2_msgs-1.5.1-py3.12.egg-info/PKG-INFO
[5.150s] -- Installing: /Bt/install/play_motion2_msgs/lib/python3.12/site-packages/play_motion2_msgs-1.5.1-py3.12.egg-info/SOURCES.txt
[5.150s] -- Installing: /Bt/install/play_motion2_msgs/lib/python3.12/site-packages/play_motion2_msgs-1.5.1-py3.12.egg-info/dependency_links.txt
[5.151s] -- Up-to-date: /Bt/install/play_motion2_msgs/lib/python3.12/site-packages/play_motion2_msgs
[5.151s] -- Up-to-date: /Bt/install/play_motion2_msgs/lib/python3.12/site-packages/play_motion2_msgs/_play_motion2_msgs_s.ep.rosidl_typesupport_c.c
[5.152s] -- Up-to-date: /Bt/install/play_motion2_msgs/lib/python3.12/site-packages/play_motion2_msgs/_play_motion2_msgs_s.ep.rosidl_typesupport_fastrtps_c.c
[5.152s] -- Up-to-date: /Bt/install/play_motion2_msgs/lib/python3.12/site-packages/play_motion2_msgs/__init__.py
[5.153s] -- Up-to-date: /Bt/install/play_motion2_msgs/lib/python3.12/site-packages/play_motion2_msgs/action
[5.153s] -- Up-to-date: /Bt/install/play_motion2_msgs/lib/python3.12/site-packages/play_motion2_msgs/action/_play_motion2.py
[5.154s] -- Up-to-date: /Bt/install/play_motion2_msgs/lib/python3.12/site-packages/play_motion2_msgs/action/__init__.py
[5.155s] -- Up-to-date: /Bt/install/play_motion2_msgs/lib/python3.12/site-packages/play_motion2_msgs/action/_play_motion2_s.c
[5.155s] -- Up-to-date: /Bt/install/play_motion2_msgs/lib/python3.12/site-packages/play_motion2_msgs/play_motion2_msgs_s__rosidl_typesupport_introspection_c.so
[5.155s] -- Up-to-date: /Bt/install/play_motion2_msgs/lib/python3.12/site-packages/play_motion2_msgs/msg
[5.156s] -- Up-to-date: /Bt/install/play_motion2_msgs/lib/python3.12/site-packages/play_motion2_msgs/msg/__init__.py
[5.156s] -- Up-to-date: /Bt/install/play_motion2_msgs/lib/python3.12/site-packages/play_motion2_msgs/msg/_motion.py
[5.156s] -- Up-to-date: /Bt/install/play_motion2_msgs/lib/python3.12/site-packages/play_motion2_msgs/msg/_motion_s.c
[5.156s] -- Up-to-date: /Bt/install/play_motion2_msgs/lib/python3.12/site-packages/play_motion2_msgs/srv
[5.157s] -- Up-to-date: /Bt/install/play_motion2_msgs/lib/python3.12/site-packages/play_motion2_msgs/srv/_get_motion_info.py
[5.157s] -- Up-to-date: /Bt/install/play_motion2_msgs/lib/python3.12/site-packages/play_motion2_msgs/srv/_is_motion_ready_s.c
[5.157s] -- Up-to-date: /Bt/install/play_motion2_msgs/lib/python3.12/site-packages/play_motion2_msgs/srv/_remove_motion_s.c
[5.158s] -- Up-to-date: /Bt/install/play_motion2_msgs/lib/python3.12/site-packages/play_motion2_msgs/srv/__init__.py
[5.158s] -- Up-to-date: /Bt/install/play_motion2_msgs/lib/python3.12/site-packages/play_motion2_msgs/srv/_is_motion_ready.py
[5.158s] -- Up-to-date: /Bt/install/play_motion2_msgs/lib/python3.12/site-packages/play_motion2_msgs/srv/_list_motions.py
[5.159s] -- Up-to-date: /Bt/install/play_motion2_msgs/lib/python3.12/site-packages/play_motion2_msgs/srv/_get_motion_info_s.c
[5.159s] -- Up-to-date: /Bt/install/play_motion2_msgs/lib/python3.12/site-packages/play_motion2_msgs/srv/_add_motion.py
[5.159s] -- Up-to-date: /Bt/install/play_motion2_msgs/lib/python3.12/site-packages/play_motion2_msgs/srv/_list_motions_s.c
[5.159s] -- Up-to-date: /Bt/install/play_motion2_msgs/lib/python3.12/site-packages/play_motion2_msgs/srv/_add_motion_s.c
[5.160s] -- Up-to-date: /Bt/install/play_motion2_msgs/lib/python3.12/site-packages/play_motion2_msgs/srv/_remove_motion.py
[5.160s] -- Up-to-date: /Bt/install/play_motion2_msgs/lib/python3.12/site-packages/play_motion2_msgs/play_motion2_msgs_s__rosidl_typesupport_c.so
[5.160s] -- Up-to-date: /Bt/install/play_motion2_msgs/lib/python3.12/site-packages/play_motion2_msgs/_play_motion2_msgs_s.ep.rosidl_typesupport_introspection_c.c
[5.161s] -- Up-to-date: /Bt/install/play_motion2_msgs/lib/python3.12/site-packages/play_motion2_msgs/play_motion2_msgs_s__rosidl_typesupport_fastrtps_c.so
[5.592s] Listing '/Bt/install/play_motion2_msgs/lib/python3.12/site-packages/play_motion2_msgs'...
[5.593s] Listing '/Bt/install/play_motion2_msgs/lib/python3.12/site-packages/play_motion2_msgs/action'...
[5.593s] Listing '/Bt/install/play_motion2_msgs/lib/python3.12/site-packages/play_motion2_msgs/msg'...
[5.593s] Listing '/Bt/install/play_motion2_msgs/lib/python3.12/site-packages/play_motion2_msgs/srv'...
[5.681s] -- Up-to-date: /Bt/install/play_motion2_msgs/lib/python3.12/site-packages/play_motion2_msgs/play_motion2_msgs_s__rosidl_typesupport_fastrtps_c.so
[5.726s] -- Up-to-date: /Bt/install/play_motion2_msgs/lib/python3.12/site-packages/play_motion2_msgs/play_motion2_msgs_s__rosidl_typesupport_introspection_c.so
[5.774s] -- Up-to-date: /Bt/install/play_motion2_msgs/lib/python3.12/site-packages/play_motion2_msgs/play_motion2_msgs_s__rosidl_typesupport_c.so
[5.820s] -- Up-to-date: /Bt/install/play_motion2_msgs/lib/libplay_motion2_msgs__rosidl_generator_py.so
[5.822s] -- Up-to-date: /Bt/install/play_motion2_msgs/share/play_motion2_msgs/action/PlayMotion2.idl
[5.823s] -- Up-to-date: /Bt/install/play_motion2_msgs/share/play_motion2_msgs/msg/Motion.idl
[5.825s] -- Up-to-date: /Bt/install/play_motion2_msgs/share/play_motion2_msgs/srv/AddMotion.idl
[5.825s] -- Up-to-date: /Bt/install/play_motion2_msgs/share/play_motion2_msgs/srv/GetMotionInfo.idl
[5.826s] -- Up-to-date: /Bt/install/play_motion2_msgs/share/play_motion2_msgs/srv/IsMotionReady.idl
[5.828s] -- Up-to-date: /Bt/install/play_motion2_msgs/share/play_motion2_msgs/srv/ListMotions.idl
[5.828s] -- Up-to-date: /Bt/install/play_motion2_msgs/share/play_motion2_msgs/srv/RemoveMotion.idl
[5.829s] -- Up-to-date: /Bt/install/play_motion2_msgs/share/play_motion2_msgs/action/PlayMotion2.action
[5.829s] -- Up-to-date: /Bt/install/play_motion2_msgs/share/play_motion2_msgs/msg/Motion.msg
[5.829s] -- Up-to-date: /Bt/install/play_motion2_msgs/share/play_motion2_msgs/srv/AddMotion.srv
[5.830s] -- Up-to-date: /Bt/install/play_motion2_msgs/share/play_motion2_msgs/srv/GetMotionInfo.srv
[5.830s] -- Up-to-date: /Bt/install/play_motion2_msgs/share/play_motion2_msgs/srv/IsMotionReady.srv
[5.830s] -- Up-to-date: /Bt/install/play_motion2_msgs/share/play_motion2_msgs/srv/ListMotions.srv
[5.830s] -- Up-to-date: /Bt/install/play_motion2_msgs/share/play_motion2_msgs/srv/RemoveMotion.srv
[5.831s] -- Up-to-date: /Bt/install/play_motion2_msgs/share/ament_index/resource_index/package_run_dependencies/play_motion2_msgs
[5.831s] -- Up-to-date: /Bt/install/play_motion2_msgs/share/ament_index/resource_index/parent_prefix_path/play_motion2_msgs
[5.831s] -- Up-to-date: /Bt/install/play_motion2_msgs/share/play_motion2_msgs/environment/ament_prefix_path.sh
[5.832s] -- Up-to-date: /Bt/install/play_motion2_msgs/share/play_motion2_msgs/environment/ament_prefix_path.dsv
[5.832s] -- Up-to-date: /Bt/install/play_motion2_msgs/share/play_motion2_msgs/environment/path.sh
[5.832s] -- Up-to-date: /Bt/install/play_motion2_msgs/share/play_motion2_msgs/environment/path.dsv
[5.832s] -- Up-to-date: /Bt/install/play_motion2_msgs/share/play_motion2_msgs/local_setup.bash
[5.833s] -- Up-to-date: /Bt/install/play_motion2_msgs/share/play_motion2_msgs/local_setup.sh
[5.833s] -- Up-to-date: /Bt/install/play_motion2_msgs/share/play_motion2_msgs/local_setup.zsh
[5.833s] -- Up-to-date: /Bt/install/play_motion2_msgs/share/play_motion2_msgs/local_setup.dsv
[5.833s] -- Installing: /Bt/install/play_motion2_msgs/share/play_motion2_msgs/package.dsv
[5.835s] -- Up-to-date: /Bt/install/play_motion2_msgs/share/ament_index/resource_index/packages/play_motion2_msgs
[5.863s] -- Up-to-date: /Bt/install/play_motion2_msgs/share/play_motion2_msgs/cmake/export_play_motion2_msgs__rosidl_generator_cExport.cmake
[5.864s] -- Up-to-date: /Bt/install/play_motion2_msgs/share/play_motion2_msgs/cmake/export_play_motion2_msgs__rosidl_generator_cExport-noconfig.cmake
[5.865s] -- Up-to-date: /Bt/install/play_motion2_msgs/share/play_motion2_msgs/cmake/export_play_motion2_msgs__rosidl_typesupport_fastrtps_cExport.cmake
[5.865s] -- Up-to-date: /Bt/install/play_motion2_msgs/share/play_motion2_msgs/cmake/export_play_motion2_msgs__rosidl_typesupport_fastrtps_cExport-noconfig.cmake
[5.885s] -- Up-to-date: /Bt/install/play_motion2_msgs/share/play_motion2_msgs/cmake/export_play_motion2_msgs__rosidl_generator_cppExport.cmake
[5.901s] -- Up-to-date: /Bt/install/play_motion2_msgs/share/play_motion2_msgs/cmake/export_play_motion2_msgs__rosidl_typesupport_fastrtps_cppExport.cmake
[5.901s] -- Up-to-date: /Bt/install/play_motion2_msgs/share/play_motion2_msgs/cmake/export_play_motion2_msgs__rosidl_typesupport_fastrtps_cppExport-noconfig.cmake
[5.919s] -- Up-to-date: /Bt/install/play_motion2_msgs/share/play_motion2_msgs/cmake/play_motion2_msgs__rosidl_typesupport_introspection_cExport.cmake
[5.919s] -- Up-to-date: /Bt/install/play_motion2_msgs/share/play_motion2_msgs/cmake/play_motion2_msgs__rosidl_typesupport_introspection_cExport-noconfig.cmake
[5.932s] -- Up-to-date: /Bt/install/play_motion2_msgs/share/play_motion2_msgs/cmake/play_motion2_msgs__rosidl_typesupport_cExport.cmake
[5.932s] -- Up-to-date: /Bt/install/play_motion2_msgs/share/play_motion2_msgs/cmake/play_motion2_msgs__rosidl_typesupport_cExport-noconfig.cmake
[5.941s] -- Up-to-date: /Bt/install/play_motion2_msgs/share/play_motion2_msgs/cmake/play_motion2_msgs__rosidl_typesupport_introspection_cppExport.cmake
[5.941s] -- Up-to-date: /Bt/install/play_motion2_msgs/share/play_motion2_msgs/cmake/play_motion2_msgs__rosidl_typesupport_introspection_cppExport-noconfig.cmake
[5.953s] -- Up-to-date: /Bt/install/play_motion2_msgs/share/play_motion2_msgs/cmake/play_motion2_msgs__rosidl_typesupport_cppExport.cmake
[5.954s] -- Up-to-date: /Bt/install/play_motion2_msgs/share/play_motion2_msgs/cmake/play_motion2_msgs__rosidl_typesupport_cppExport-noconfig.cmake
[5.962s] -- Up-to-date: /Bt/install/play_motion2_msgs/share/play_motion2_msgs/cmake/export_play_motion2_msgs__rosidl_generator_pyExport.cmake
[5.963s] -- Up-to-date: /Bt/install/play_motion2_msgs/share/play_motion2_msgs/cmake/export_play_motion2_msgs__rosidl_generator_pyExport-noconfig.cmake
[5.966s] -- Up-to-date: /Bt/install/play_motion2_msgs/share/play_motion2_msgs/cmake/rosidl_cmake-extras.cmake
[5.967s] -- Up-to-date: /Bt/install/play_motion2_msgs/share/play_motion2_msgs/cmake/ament_cmake_export_dependencies-extras.cmake
[5.968s] -- Up-to-date: /Bt/install/play_motion2_msgs/share/play_motion2_msgs/cmake/ament_cmake_export_include_directories-extras.cmake
[5.969s] -- Up-to-date: /Bt/install/play_motion2_msgs/share/play_motion2_msgs/cmake/ament_cmake_export_libraries-extras.cmake
[5.969s] -- Up-to-date: /Bt/install/play_motion2_msgs/share/play_motion2_msgs/cmake/ament_cmake_export_targets-extras.cmake
[5.970s] -- Up-to-date: /Bt/install/play_motion2_msgs/share/play_motion2_msgs/cmake/rosidl_cmake_export_typesupport_targets-extras.cmake
[5.971s] -- Up-to-date: /Bt/install/play_motion2_msgs/share/play_motion2_msgs/cmake/rosidl_cmake_export_typesupport_libraries-extras.cmake
[5.972s] -- Up-to-date: /Bt/install/play_motion2_msgs/share/play_motion2_msgs/cmake/play_motion2_msgsConfig.cmake
[5.972s] -- Up-to-date: /Bt/install/play_motion2_msgs/share/play_motion2_msgs/cmake/play_motion2_msgsConfig-version.cmake
[5.973s] -- Up-to-date: /Bt/install/play_motion2_msgs/share/play_motion2_msgs/package.xml
[6.027s] Invoked command in '/Bt/build/play_motion2_msgs' returned '0': CMAKE_PREFIX_PATH=${CMAKE_PREFIX_PATH}:/opt/ros/jazzy /usr/bin/cmake --install /Bt/build/play_motion2_msgs
