[0.545s] Invoking command in '/Bt/build/pal_urdf_utils': CMAKE_PREFIX_PATH=${CMAKE_PREFIX_PATH}:/opt/ros/jazzy:/Bt/install/yolo_ros:/Bt/install/ros2_aruco:/Bt/install/launch_pal:/Bt/install/grab2_curobo_planner /usr/bin/cmake --build /Bt/build/pal_urdf_utils -- -j8 -l8
[1.130s] Invoked command in '/Bt/build/pal_urdf_utils' returned '0': CMAKE_PREFIX_PATH=${CMAKE_PREFIX_PATH}:/opt/ros/jazzy:/Bt/install/yolo_ros:/Bt/install/ros2_aruco:/Bt/install/launch_pal:/Bt/install/grab2_curobo_planner /usr/bin/cmake --build /Bt/build/pal_urdf_utils -- -j8 -l8
[1.134s] Invoking command in '/Bt/build/pal_urdf_utils': CMAKE_PREFIX_PATH=${CMAKE_PREFIX_PATH}:/opt/ros/jazzy:/Bt/install/yolo_ros:/Bt/install/ros2_aruco:/Bt/install/launch_pal:/Bt/install/grab2_curobo_planner /usr/bin/cmake --install /Bt/build/pal_urdf_utils
[1.202s] -- Install configuration: ""
[1.202s] -- Up-to-date: /Bt/install/pal_urdf_utils/share/pal_urdf_utils/urdf
[1.203s] -- Up-to-date: /Bt/install/pal_urdf_utils/share/pal_urdf_utils/urdf/deg_to_rad.urdf.xacro
[1.203s] -- Up-to-date: /Bt/install/pal_urdf_utils/share/pal_urdf_utils/urdf/pi.urdf.xacro
[1.203s] -- Up-to-date: /Bt/install/pal_urdf_utils/share/pal_urdf_utils/urdf/materials.urdf.xacro
[1.203s] -- Up-to-date: /Bt/install/pal_urdf_utils/share/ament_index/resource_index/package_run_dependencies/pal_urdf_utils
[1.203s] -- Up-to-date: /Bt/install/pal_urdf_utils/share/ament_index/resource_index/parent_prefix_path/pal_urdf_utils
[1.204s] -- Up-to-date: /Bt/install/pal_urdf_utils/share/pal_urdf_utils/environment/ament_prefix_path.sh
[1.204s] -- Up-to-date: /Bt/install/pal_urdf_utils/share/pal_urdf_utils/environment/ament_prefix_path.dsv
[1.204s] -- Up-to-date: /Bt/install/pal_urdf_utils/share/pal_urdf_utils/environment/path.sh
[1.204s] -- Up-to-date: /Bt/install/pal_urdf_utils/share/pal_urdf_utils/environment/path.dsv
[1.204s] -- Up-to-date: /Bt/install/pal_urdf_utils/share/pal_urdf_utils/local_setup.bash
[1.205s] -- Up-to-date: /Bt/install/pal_urdf_utils/share/pal_urdf_utils/local_setup.sh
[1.205s] -- Up-to-date: /Bt/install/pal_urdf_utils/share/pal_urdf_utils/local_setup.zsh
[1.205s] -- Up-to-date: /Bt/install/pal_urdf_utils/share/pal_urdf_utils/local_setup.dsv
[1.205s] -- Installing: /Bt/install/pal_urdf_utils/share/pal_urdf_utils/package.dsv
[1.205s] -- Up-to-date: /Bt/install/pal_urdf_utils/share/ament_index/resource_index/packages/pal_urdf_utils
[1.205s] -- Up-to-date: /Bt/install/pal_urdf_utils/share/pal_urdf_utils/cmake/pal_urdf_utilsConfig.cmake
[1.212s] -- Up-to-date: /Bt/install/pal_urdf_utils/share/pal_urdf_utils/cmake/pal_urdf_utilsConfig-version.cmake
[1.218s] -- Up-to-date: /Bt/install/pal_urdf_utils/share/pal_urdf_utils/package.xml
[1.318s] Invoked command in '/Bt/build/pal_urdf_utils' returned '0': CMAKE_PREFIX_PATH=${CMAKE_PREFIX_PATH}:/opt/ros/jazzy:/Bt/install/yolo_ros:/Bt/install/ros2_aruco:/Bt/install/launch_pal:/Bt/install/grab2_curobo_planner /usr/bin/cmake --install /Bt/build/pal_urdf_utils
