[0.584s] Invoking command in '/Bt/build/pal_maps': CMAKE_PREFIX_PATH=${CMAKE_PREFIX_PATH}:/Bt/install/yolo_ros:/Bt/install/ros2_aruco:/Bt/install/launch_pal:/Bt/install/grab2_curobo_planner:/opt/ros/jazzy /usr/bin/cmake --build /Bt/build/pal_maps -- -j8 -l8
[0.930s] Invoked command in '/Bt/build/pal_maps' returned '0': CMAKE_PREFIX_PATH=${CMAKE_PREFIX_PATH}:/Bt/install/yolo_ros:/Bt/install/ros2_aruco:/Bt/install/launch_pal:/Bt/install/grab2_curobo_planner:/opt/ros/jazzy /usr/bin/cmake --build /Bt/build/pal_maps -- -j8 -l8
[0.931s] Invoking command in '/Bt/build/pal_maps': CMAKE_PREFIX_PATH=${CMAKE_PREFIX_PATH}:/Bt/install/yolo_ros:/Bt/install/ros2_aruco:/Bt/install/launch_pal:/Bt/install/grab2_curobo_planner:/opt/ros/jazzy /usr/bin/cmake --install /Bt/build/pal_maps
[1.007s] -- Install configuration: ""
[1.009s] -- Up-to-date: /Bt/install/pal_maps/share/pal_maps/maps
[1.009s] -- Up-to-date: /Bt/install/pal_maps/share/pal_maps/maps/obstacle_avoidance_world
[1.009s] -- Up-to-date: /Bt/install/pal_maps/share/pal_maps/maps/obstacle_avoidance_world/map.yaml
[1.010s] -- Up-to-date: /Bt/install/pal_maps/share/pal_maps/maps/obstacle_avoidance_world/map.pgm
[1.010s] -- Up-to-date: /Bt/install/pal_maps/share/pal_maps/maps/pal_office_7th_floor
[1.010s] -- Up-to-date: /Bt/install/pal_maps/share/pal_maps/maps/pal_office_7th_floor/map.yaml
[1.010s] -- Up-to-date: /Bt/install/pal_maps/share/pal_maps/maps/pal_office_7th_floor/map.pgm
[1.010s] -- Up-to-date: /Bt/install/pal_maps/share/pal_maps/maps/corridor_85cm
[1.010s] -- Up-to-date: /Bt/install/pal_maps/share/pal_maps/maps/corridor_85cm/map.yaml
[1.010s] -- Up-to-date: /Bt/install/pal_maps/share/pal_maps/maps/corridor_85cm/map.pgm
[1.010s] -- Up-to-date: /Bt/install/pal_maps/share/pal_maps/maps/home
[1.010s] -- Up-to-date: /Bt/install/pal_maps/share/pal_maps/maps/home/map.yaml
[1.010s] -- Up-to-date: /Bt/install/pal_maps/share/pal_maps/maps/home/map.pgm
[1.010s] -- Up-to-date: /Bt/install/pal_maps/share/pal_maps/maps/pal_office
[1.012s] -- Up-to-date: /Bt/install/pal_maps/share/pal_maps/maps/pal_office/map.yaml
[1.012s] -- Up-to-date: /Bt/install/pal_maps/share/pal_maps/maps/pal_office/map.pgm
[1.012s] -- Up-to-date: /Bt/install/pal_maps/share/pal_maps/maps/corridor_95cm
[1.012s] -- Up-to-date: /Bt/install/pal_maps/share/pal_maps/maps/corridor_95cm/map.yaml
[1.012s] -- Up-to-date: /Bt/install/pal_maps/share/pal_maps/maps/corridor_95cm/map.pgm
[1.013s] -- Up-to-date: /Bt/install/pal_maps/share/pal_maps/maps/hospital_with_aruco
[1.013s] -- Up-to-date: /Bt/install/pal_maps/share/pal_maps/maps/hospital_with_aruco/map.yaml
[1.013s] -- Up-to-date: /Bt/install/pal_maps/share/pal_maps/maps/hospital_with_aruco/map.pgm
[1.013s] -- Up-to-date: /Bt/install/pal_maps/share/pal_maps/maps/small_warehouse
[1.013s] -- Up-to-date: /Bt/install/pal_maps/share/pal_maps/maps/small_warehouse/map.yaml
[1.013s] -- Up-to-date: /Bt/install/pal_maps/share/pal_maps/maps/small_warehouse/map.pgm
[1.013s] -- Up-to-date: /Bt/install/pal_maps/share/pal_maps/maps/corridor_110cm
[1.013s] -- Up-to-date: /Bt/install/pal_maps/share/pal_maps/maps/corridor_110cm/map.yaml
[1.014s] -- Up-to-date: /Bt/install/pal_maps/share/pal_maps/maps/corridor_110cm/map.pgm
[1.014s] -- Up-to-date: /Bt/install/pal_maps/share/pal_maps/maps/hospital
[1.014s] -- Up-to-date: /Bt/install/pal_maps/share/pal_maps/maps/hospital/map.yaml
[1.014s] -- Up-to-date: /Bt/install/pal_maps/share/pal_maps/maps/hospital/map.pgm
[1.014s] -- Up-to-date: /Bt/install/pal_maps/share/pal_maps/maps/dynamic_obstacle_avoidance_world
[1.014s] -- Up-to-date: /Bt/install/pal_maps/share/pal_maps/maps/dynamic_obstacle_avoidance_world/map.yaml
[1.015s] -- Up-to-date: /Bt/install/pal_maps/share/pal_maps/maps/dynamic_obstacle_avoidance_world/map.pgm
[1.015s] -- Up-to-date: /Bt/install/pal_maps/share/pal_maps/maps/roscon_es_25
[1.015s] -- Up-to-date: /Bt/install/pal_maps/share/pal_maps/maps/roscon_es_25/map.yaml
[1.015s] -- Up-to-date: /Bt/install/pal_maps/share/pal_maps/maps/roscon_es_25/map.pgm
[1.015s] -- Up-to-date: /Bt/install/pal_maps/share/pal_maps/maps/willow_garage
[1.015s] -- Up-to-date: /Bt/install/pal_maps/share/pal_maps/maps/willow_garage/map.yaml
[1.015s] -- Up-to-date: /Bt/install/pal_maps/share/pal_maps/maps/willow_garage/map.pgm
[1.015s] -- Up-to-date: /Bt/install/pal_maps/share/pal_maps/maps/small_office
[1.016s] -- Up-to-date: /Bt/install/pal_maps/share/pal_maps/maps/small_office/map.yaml
[1.016s] -- Up-to-date: /Bt/install/pal_maps/share/pal_maps/maps/small_office/map.pgm
[1.016s] -- Up-to-date: /Bt/install/pal_maps/share/pal_maps/maps/small_house
[1.016s] -- Up-to-date: /Bt/install/pal_maps/share/pal_maps/maps/small_house/map.yaml
[1.016s] -- Up-to-date: /Bt/install/pal_maps/share/pal_maps/maps/small_house/map.pgm
[1.016s] -- Up-to-date: /Bt/install/pal_maps/share/ament_index/resource_index/package_run_dependencies/pal_maps
[1.016s] -- Up-to-date: /Bt/install/pal_maps/share/ament_index/resource_index/parent_prefix_path/pal_maps
[1.017s] -- Up-to-date: /Bt/install/pal_maps/share/pal_maps/environment/ament_prefix_path.sh
[1.017s] -- Up-to-date: /Bt/install/pal_maps/share/pal_maps/environment/ament_prefix_path.dsv
[1.020s] -- Up-to-date: /Bt/install/pal_maps/share/pal_maps/environment/path.sh
[1.021s] -- Up-to-date: /Bt/install/pal_maps/share/pal_maps/environment/path.dsv
[1.036s] -- Up-to-date: /Bt/install/pal_maps/share/pal_maps/local_setup.bash
[1.036s] -- Up-to-date: /Bt/install/pal_maps/share/pal_maps/local_setup.sh
[1.036s] -- Up-to-date: /Bt/install/pal_maps/share/pal_maps/local_setup.zsh
[1.036s] -- Up-to-date: /Bt/install/pal_maps/share/pal_maps/local_setup.dsv
[1.036s] -- Installing: /Bt/install/pal_maps/share/pal_maps/package.dsv
[1.036s] -- Up-to-date: /Bt/install/pal_maps/share/ament_index/resource_index/packages/pal_maps
[1.036s] -- Up-to-date: /Bt/install/pal_maps/share/pal_maps/cmake/pal_mapsConfig.cmake
[1.037s] -- Up-to-date: /Bt/install/pal_maps/share/pal_maps/cmake/pal_mapsConfig-version.cmake
[1.037s] -- Up-to-date: /Bt/install/pal_maps/share/pal_maps/package.xml
[1.082s] Invoked command in '/Bt/build/pal_maps' returned '0': CMAKE_PREFIX_PATH=${CMAKE_PREFIX_PATH}:/Bt/install/yolo_ros:/Bt/install/ros2_aruco:/Bt/install/launch_pal:/Bt/install/grab2_curobo_planner:/opt/ros/jazzy /usr/bin/cmake --install /Bt/build/pal_maps
