[0.077s] Invoking command in '/Bt/build/tiago_controller_configuration': AMENT_PREFIX_PATH=/Bt/install/pmb2_controller_configuration:/Bt/install/pal_robotiq_controller_configuration:/Bt/install/pal_hey5_controller_configuration:/Bt/install/pal_gripper_controller_configuration:/Bt/install/omni_base_controller_configuration:/Bt/install/launch_pal:${AMENT_PREFIX_PATH} CMAKE_PREFIX_PATH=/Bt/install/pmb2_controller_configuration:/Bt/install/pal_robotiq_controller_configuration:/Bt/install/pal_hey5_controller_configuration:/Bt/install/pal_gripper_controller_configuration:/Bt/install/omni_base_controller_configuration:/opt/ros/jazzy/opt/gz_sim_vendor:/opt/ros/jazzy/opt/gz_sensors_vendor:/opt/ros/jazzy/opt/gz_physics_vendor:/opt/ros/jazzy/opt/sdformat_vendor:/opt/ros/jazzy/opt/gz_gui_vendor:/opt/ros/jazzy/opt/gz_transport_vendor:/opt/ros/jazzy/opt/gz_rendering_vendor:/opt/ros/jazzy/opt/gz_plugin_vendor:/opt/ros/jazzy/opt/gz_fuel_tools_vendor:/opt/ros/jazzy/opt/gz_msgs_vendor:/opt/ros/jazzy/opt/gz_common_vendor:/opt/ros/jazzy/opt/gz_math_vendor:/opt/ros/jazzy/opt/gz_utils_vendor:/opt/ros/jazzy/opt/gz_tools_vendor:/opt/ros/jazzy/opt/gz_ogre_next_vendor:/opt/ros/jazzy/opt/gz_dartsim_vendor:/opt/ros/jazzy/opt/gz_cmake_vendor:/opt/ros/jazzy PYTHONPATH=/Bt/install/launch_pal/lib/python3.12/site-packages:${PYTHONPATH} /usr/bin/cmake --build /Bt/build/tiago_controller_configuration -- -j8 -l8
[0.139s] Invoked command in '/Bt/build/tiago_controller_configuration' returned '0': AMENT_PREFIX_PATH=/Bt/install/pmb2_controller_configuration:/Bt/install/pal_robotiq_controller_configuration:/Bt/install/pal_hey5_controller_configuration:/Bt/install/pal_gripper_controller_configuration:/Bt/install/omni_base_controller_configuration:/Bt/install/launch_pal:${AMENT_PREFIX_PATH} CMAKE_PREFIX_PATH=/Bt/install/pmb2_controller_configuration:/Bt/install/pal_robotiq_controller_configuration:/Bt/install/pal_hey5_controller_configuration:/Bt/install/pal_gripper_controller_configuration:/Bt/install/omni_base_controller_configuration:/opt/ros/jazzy/opt/gz_sim_vendor:/opt/ros/jazzy/opt/gz_sensors_vendor:/opt/ros/jazzy/opt/gz_physics_vendor:/opt/ros/jazzy/opt/sdformat_vendor:/opt/ros/jazzy/opt/gz_gui_vendor:/opt/ros/jazzy/opt/gz_transport_vendor:/opt/ros/jazzy/opt/gz_rendering_vendor:/opt/ros/jazzy/opt/gz_plugin_vendor:/opt/ros/jazzy/opt/gz_fuel_tools_vendor:/opt/ros/jazzy/opt/gz_msgs_vendor:/opt/ros/jazzy/opt/gz_common_vendor:/opt/ros/jazzy/opt/gz_math_vendor:/opt/ros/jazzy/opt/gz_utils_vendor:/opt/ros/jazzy/opt/gz_tools_vendor:/opt/ros/jazzy/opt/gz_ogre_next_vendor:/opt/ros/jazzy/opt/gz_dartsim_vendor:/opt/ros/jazzy/opt/gz_cmake_vendor:/opt/ros/jazzy PYTHONPATH=/Bt/install/launch_pal/lib/python3.12/site-packages:${PYTHONPATH} /usr/bin/cmake --build /Bt/build/tiago_controller_configuration -- -j8 -l8
[0.145s] Invoking command in '/Bt/build/tiago_controller_configuration': AMENT_PREFIX_PATH=/Bt/install/pmb2_controller_configuration:/Bt/install/pal_robotiq_controller_configuration:/Bt/install/pal_hey5_controller_configuration:/Bt/install/pal_gripper_controller_configuration:/Bt/install/omni_base_controller_configuration:/Bt/install/launch_pal:${AMENT_PREFIX_PATH} CMAKE_PREFIX_PATH=/Bt/install/pmb2_controller_configuration:/Bt/install/pal_robotiq_controller_configuration:/Bt/install/pal_hey5_controller_configuration:/Bt/install/pal_gripper_controller_configuration:/Bt/install/omni_base_controller_configuration:/opt/ros/jazzy/opt/gz_sim_vendor:/opt/ros/jazzy/opt/gz_sensors_vendor:/opt/ros/jazzy/opt/gz_physics_vendor:/opt/ros/jazzy/opt/sdformat_vendor:/opt/ros/jazzy/opt/gz_gui_vendor:/opt/ros/jazzy/opt/gz_transport_vendor:/opt/ros/jazzy/opt/gz_rendering_vendor:/opt/ros/jazzy/opt/gz_plugin_vendor:/opt/ros/jazzy/opt/gz_fuel_tools_vendor:/opt/ros/jazzy/opt/gz_msgs_vendor:/opt/ros/jazzy/opt/gz_common_vendor:/opt/ros/jazzy/opt/gz_math_vendor:/opt/ros/jazzy/opt/gz_utils_vendor:/opt/ros/jazzy/opt/gz_tools_vendor:/opt/ros/jazzy/opt/gz_ogre_next_vendor:/opt/ros/jazzy/opt/gz_dartsim_vendor:/opt/ros/jazzy/opt/gz_cmake_vendor:/opt/ros/jazzy PYTHONPATH=/Bt/install/launch_pal/lib/python3.12/site-packages:${PYTHONPATH} /usr/bin/cmake --install /Bt/build/tiago_controller_configuration
[0.154s] -- Install configuration: ""
[0.155s] -- Up-to-date: /Bt/install/tiago_controller_configuration/share/tiago_controller_configuration/config
[0.155s] -- Up-to-date: /Bt/install/tiago_controller_configuration/share/tiago_controller_configuration/config/gravity_compensation_controller.yaml
[0.155s] -- Up-to-date: /Bt/install/tiago_controller_configuration/share/tiago_controller_configuration/config/imu_sensor_broadcaster.yaml
[0.156s] -- Up-to-date: /Bt/install/tiago_controller_configuration/share/tiago_controller_configuration/config/torso_controller.yaml
[0.156s] -- Up-to-date: /Bt/install/tiago_controller_configuration/share/tiago_controller_configuration/config/ft_sensor_controller.yaml
[0.156s] -- Up-to-date: /Bt/install/tiago_controller_configuration/share/tiago_controller_configuration/config/head_controller.yaml
[0.156s] -- Up-to-date: /Bt/install/tiago_controller_configuration/share/tiago_controller_configuration/config/joint_state_broadcaster.yaml
[0.156s] -- Up-to-date: /Bt/install/tiago_controller_configuration/share/tiago_controller_configuration/config/arm_controller.yaml
[0.157s] -- Up-to-date: /Bt/install/tiago_controller_configuration/share/tiago_controller_configuration/launch
[0.157s] -- Up-to-date: /Bt/install/tiago_controller_configuration/share/tiago_controller_configuration/launch/gravity_compensation_controller.launch.py
[0.157s] -- Up-to-date: /Bt/install/tiago_controller_configuration/share/tiago_controller_configuration/launch/default_controllers.launch.py
[0.157s] -- Up-to-date: /Bt/install/tiago_controller_configuration/share/ament_index/resource_index/package_run_dependencies/tiago_controller_configuration
[0.157s] -- Up-to-date: /Bt/install/tiago_controller_configuration/share/ament_index/resource_index/parent_prefix_path/tiago_controller_configuration
[0.158s] -- Up-to-date: /Bt/install/tiago_controller_configuration/share/tiago_controller_configuration/environment/ament_prefix_path.sh
[0.158s] -- Up-to-date: /Bt/install/tiago_controller_configuration/share/tiago_controller_configuration/environment/ament_prefix_path.dsv
[0.158s] -- Up-to-date: /Bt/install/tiago_controller_configuration/share/tiago_controller_configuration/environment/path.sh
[0.158s] -- Up-to-date: /Bt/install/tiago_controller_configuration/share/tiago_controller_configuration/environment/path.dsv
[0.158s] -- Up-to-date: /Bt/install/tiago_controller_configuration/share/tiago_controller_configuration/local_setup.bash
[0.158s] -- Up-to-date: /Bt/install/tiago_controller_configuration/share/tiago_controller_configuration/local_setup.sh
[0.158s] -- Up-to-date: /Bt/install/tiago_controller_configuration/share/tiago_controller_configuration/local_setup.zsh
[0.159s] -- Up-to-date: /Bt/install/tiago_controller_configuration/share/tiago_controller_configuration/local_setup.dsv
[0.159s] -- Installing: /Bt/install/tiago_controller_configuration/share/tiago_controller_configuration/package.dsv
[0.159s] -- Up-to-date: /Bt/install/tiago_controller_configuration/share/ament_index/resource_index/packages/tiago_controller_configuration
[0.159s] -- Up-to-date: /Bt/install/tiago_controller_configuration/share/tiago_controller_configuration/cmake/tiago_controller_configurationConfig.cmake
[0.159s] -- Up-to-date: /Bt/install/tiago_controller_configuration/share/tiago_controller_configuration/cmake/tiago_controller_configurationConfig-version.cmake
[0.159s] -- Up-to-date: /Bt/install/tiago_controller_configuration/share/tiago_controller_configuration/package.xml
[0.194s] Invoked command in '/Bt/build/tiago_controller_configuration' returned '0': AMENT_PREFIX_PATH=/Bt/install/pmb2_controller_configuration:/Bt/install/pal_robotiq_controller_configuration:/Bt/install/pal_hey5_controller_configuration:/Bt/install/pal_gripper_controller_configuration:/Bt/install/omni_base_controller_configuration:/Bt/install/launch_pal:${AMENT_PREFIX_PATH} CMAKE_PREFIX_PATH=/Bt/install/pmb2_controller_configuration:/Bt/install/pal_robotiq_controller_configuration:/Bt/install/pal_hey5_controller_configuration:/Bt/install/pal_gripper_controller_configuration:/Bt/install/omni_base_controller_configuration:/opt/ros/jazzy/opt/gz_sim_vendor:/opt/ros/jazzy/opt/gz_sensors_vendor:/opt/ros/jazzy/opt/gz_physics_vendor:/opt/ros/jazzy/opt/sdformat_vendor:/opt/ros/jazzy/opt/gz_gui_vendor:/opt/ros/jazzy/opt/gz_transport_vendor:/opt/ros/jazzy/opt/gz_rendering_vendor:/opt/ros/jazzy/opt/gz_plugin_vendor:/opt/ros/jazzy/opt/gz_fuel_tools_vendor:/opt/ros/jazzy/opt/gz_msgs_vendor:/opt/ros/jazzy/opt/gz_common_vendor:/opt/ros/jazzy/opt/gz_math_vendor:/opt/ros/jazzy/opt/gz_utils_vendor:/opt/ros/jazzy/opt/gz_tools_vendor:/opt/ros/jazzy/opt/gz_ogre_next_vendor:/opt/ros/jazzy/opt/gz_dartsim_vendor:/opt/ros/jazzy/opt/gz_cmake_vendor:/opt/ros/jazzy PYTHONPATH=/Bt/install/launch_pal/lib/python3.12/site-packages:${PYTHONPATH} /usr/bin/cmake --install /Bt/build/tiago_controller_configuration
