[0.119s] Invoking command in '/Bt/build/ros2_aruco_interfaces': CMAKE_PREFIX_PATH=${CMAKE_PREFIX_PATH}:/Bt/install/yolo_ros:/Bt/install/ros2_aruco:/Bt/install/launch_pal:/Bt/install/grab2_curobo_planner:/opt/ros/jazzy /usr/bin/cmake --build /Bt/build/ros2_aruco_interfaces -- -j8 -l8
[0.269s] [  2%] Built target ros2_aruco_interfaces__rosidl_generator_type_description
[0.304s] [  2%] Built target ament_cmake_python_copy_ros2_aruco_interfaces
[0.321s] [  5%] Built target ros2_aruco_interfaces__cpp
[0.367s] [ 20%] Built target ros2_aruco_interfaces__rosidl_generator_c
[0.442s] [ 29%] Built target ros2_aruco_interfaces__rosidl_typesupport_fastrtps_cpp
[0.457s] [ 38%] Built target ros2_aruco_interfaces__rosidl_typesupport_introspection_c
[0.458s] [ 47%] Built target ros2_aruco_interfaces__rosidl_typesupport_c
[0.462s] [ 55%] Built target ros2_aruco_interfaces__rosidl_typesupport_fastrtps_c
[0.462s] [ 64%] Built target ros2_aruco_interfaces__rosidl_typesupport_cpp
[0.467s] [ 73%] Built target ros2_aruco_interfaces__rosidl_typesupport_introspection_cpp
[0.503s] [ 73%] Built target ros2_aruco_interfaces
[0.540s] [ 76%] Built target ros2_aruco_interfaces__py
[0.578s] [ 82%] Built target ros2_aruco_interfaces__rosidl_generator_py
[0.618s] [100%] Built target ros2_aruco_interfaces_s__rosidl_typesupport_c
[0.618s] [100%] Built target ros2_aruco_interfaces_s__rosidl_typesupport_fastrtps_c
[0.618s] [100%] Built target ros2_aruco_interfaces_s__rosidl_typesupport_introspection_c
[0.703s] running egg_info
[0.728s] writing ros2_aruco_interfaces.egg-info/PKG-INFO
[0.728s] writing dependency_links to ros2_aruco_interfaces.egg-info/dependency_links.txt
[0.728s] writing top-level names to ros2_aruco_interfaces.egg-info/top_level.txt
[0.872s] reading manifest file 'ros2_aruco_interfaces.egg-info/SOURCES.txt'
[0.874s] writing manifest file 'ros2_aruco_interfaces.egg-info/SOURCES.txt'
[0.884s] [100%] Built target ament_cmake_python_build_ros2_aruco_interfaces_egg
[0.955s] Invoked command in '/Bt/build/ros2_aruco_interfaces' returned '0': CMAKE_PREFIX_PATH=${CMAKE_PREFIX_PATH}:/Bt/install/yolo_ros:/Bt/install/ros2_aruco:/Bt/install/launch_pal:/Bt/install/grab2_curobo_planner:/opt/ros/jazzy /usr/bin/cmake --build /Bt/build/ros2_aruco_interfaces -- -j8 -l8
[0.956s] Invoking command in '/Bt/build/ros2_aruco_interfaces': CMAKE_PREFIX_PATH=${CMAKE_PREFIX_PATH}:/Bt/install/yolo_ros:/Bt/install/ros2_aruco:/Bt/install/launch_pal:/Bt/install/grab2_curobo_planner:/opt/ros/jazzy /usr/bin/cmake --install /Bt/build/ros2_aruco_interfaces
[0.970s] -- Install configuration: ""
[0.971s] -- Up-to-date: /Bt/install/ros2_aruco_interfaces/share/ament_index/resource_index/rosidl_interfaces/ros2_aruco_interfaces
[0.971s] -- Up-to-date: /Bt/install/ros2_aruco_interfaces/share/ros2_aruco_interfaces/msg/ArucoMarkers.json
[0.971s] -- Up-to-date: /Bt/install/ros2_aruco_interfaces/include/ros2_aruco_interfaces/ros2_aruco_interfaces
[0.971s] -- Up-to-date: /Bt/install/ros2_aruco_interfaces/include/ros2_aruco_interfaces/ros2_aruco_interfaces/msg
[0.972s] -- Up-to-date: /Bt/install/ros2_aruco_interfaces/include/ros2_aruco_interfaces/ros2_aruco_interfaces/msg/rosidl_generator_c__visibility_control.h
[0.992s] -- Up-to-date: /Bt/install/ros2_aruco_interfaces/include/ros2_aruco_interfaces/ros2_aruco_interfaces/msg/aruco_markers.h
[0.992s] -- Up-to-date: /Bt/install/ros2_aruco_interfaces/include/ros2_aruco_interfaces/ros2_aruco_interfaces/msg/detail
[0.992s] -- Up-to-date: /Bt/install/ros2_aruco_interfaces/include/ros2_aruco_interfaces/ros2_aruco_interfaces/msg/detail/aruco_markers__functions.h
[0.992s] -- Up-to-date: /Bt/install/ros2_aruco_interfaces/include/ros2_aruco_interfaces/ros2_aruco_interfaces/msg/detail/aruco_markers__functions.c
[0.992s] -- Installing: /Bt/install/ros2_aruco_interfaces/include/ros2_aruco_interfaces/ros2_aruco_interfaces/msg/detail/aruco_markers__type_support.c
[0.992s] -- Up-to-date: /Bt/install/ros2_aruco_interfaces/include/ros2_aruco_interfaces/ros2_aruco_interfaces/msg/detail/aruco_markers__type_support.h
[0.992s] -- Up-to-date: /Bt/install/ros2_aruco_interfaces/include/ros2_aruco_interfaces/ros2_aruco_interfaces/msg/detail/aruco_markers__description.c
[0.993s] -- Up-to-date: /Bt/install/ros2_aruco_interfaces/include/ros2_aruco_interfaces/ros2_aruco_interfaces/msg/detail/aruco_markers__struct.h
[0.993s] -- Up-to-date: /Bt/install/ros2_aruco_interfaces/share/ros2_aruco_interfaces/environment/library_path.sh
[0.993s] -- Up-to-date: /Bt/install/ros2_aruco_interfaces/share/ros2_aruco_interfaces/environment/library_path.dsv
[0.993s] -- Up-to-date: /Bt/install/ros2_aruco_interfaces/lib/libros2_aruco_interfaces__rosidl_generator_c.so
[0.993s] -- Up-to-date: /Bt/install/ros2_aruco_interfaces/include/ros2_aruco_interfaces/ros2_aruco_interfaces
[0.993s] -- Up-to-date: /Bt/install/ros2_aruco_interfaces/include/ros2_aruco_interfaces/ros2_aruco_interfaces/msg
[0.993s] -- Up-to-date: /Bt/install/ros2_aruco_interfaces/include/ros2_aruco_interfaces/ros2_aruco_interfaces/msg/detail
[0.993s] -- Up-to-date: /Bt/install/ros2_aruco_interfaces/include/ros2_aruco_interfaces/ros2_aruco_interfaces/msg/detail/aruco_markers__rosidl_typesupport_fastrtps_c.h
[0.993s] -- Up-to-date: /Bt/install/ros2_aruco_interfaces/include/ros2_aruco_interfaces/ros2_aruco_interfaces/msg/rosidl_typesupport_fastrtps_c__visibility_control.h
[0.994s] -- Up-to-date: /Bt/install/ros2_aruco_interfaces/lib/libros2_aruco_interfaces__rosidl_typesupport_fastrtps_c.so
[0.994s] -- Up-to-date: /Bt/install/ros2_aruco_interfaces/include/ros2_aruco_interfaces/ros2_aruco_interfaces
[0.994s] -- Up-to-date: /Bt/install/ros2_aruco_interfaces/include/ros2_aruco_interfaces/ros2_aruco_interfaces/msg
[0.994s] -- Up-to-date: /Bt/install/ros2_aruco_interfaces/include/ros2_aruco_interfaces/ros2_aruco_interfaces/msg/aruco_markers.hpp
[0.994s] -- Up-to-date: /Bt/install/ros2_aruco_interfaces/include/ros2_aruco_interfaces/ros2_aruco_interfaces/msg/detail
[0.994s] -- Up-to-date: /Bt/install/ros2_aruco_interfaces/include/ros2_aruco_interfaces/ros2_aruco_interfaces/msg/detail/aruco_markers__type_support.hpp
[0.994s] -- Up-to-date: /Bt/install/ros2_aruco_interfaces/include/ros2_aruco_interfaces/ros2_aruco_interfaces/msg/detail/aruco_markers__struct.hpp
[0.994s] -- Up-to-date: /Bt/install/ros2_aruco_interfaces/include/ros2_aruco_interfaces/ros2_aruco_interfaces/msg/detail/aruco_markers__traits.hpp
[0.995s] -- Up-to-date: /Bt/install/ros2_aruco_interfaces/include/ros2_aruco_interfaces/ros2_aruco_interfaces/msg/detail/aruco_markers__builder.hpp
[0.995s] -- Up-to-date: /Bt/install/ros2_aruco_interfaces/include/ros2_aruco_interfaces/ros2_aruco_interfaces/msg/rosidl_generator_cpp__visibility_control.hpp
[0.995s] -- Up-to-date: /Bt/install/ros2_aruco_interfaces/include/ros2_aruco_interfaces/ros2_aruco_interfaces
[0.995s] -- Up-to-date: /Bt/install/ros2_aruco_interfaces/include/ros2_aruco_interfaces/ros2_aruco_interfaces/msg
[0.995s] -- Up-to-date: /Bt/install/ros2_aruco_interfaces/include/ros2_aruco_interfaces/ros2_aruco_interfaces/msg/detail
[0.995s] -- Up-to-date: /Bt/install/ros2_aruco_interfaces/include/ros2_aruco_interfaces/ros2_aruco_interfaces/msg/detail/dds_fastrtps
[0.995s] -- Up-to-date: /Bt/install/ros2_aruco_interfaces/include/ros2_aruco_interfaces/ros2_aruco_interfaces/msg/detail/aruco_markers__rosidl_typesupport_fastrtps_cpp.hpp
[0.995s] -- Up-to-date: /Bt/install/ros2_aruco_interfaces/include/ros2_aruco_interfaces/ros2_aruco_interfaces/msg/rosidl_typesupport_fastrtps_cpp__visibility_control.h
[0.995s] -- Up-to-date: /Bt/install/ros2_aruco_interfaces/lib/libros2_aruco_interfaces__rosidl_typesupport_fastrtps_cpp.so
[0.995s] -- Up-to-date: /Bt/install/ros2_aruco_interfaces/include/ros2_aruco_interfaces/ros2_aruco_interfaces
[0.995s] -- Up-to-date: /Bt/install/ros2_aruco_interfaces/include/ros2_aruco_interfaces/ros2_aruco_interfaces/msg
[0.995s] -- Up-to-date: /Bt/install/ros2_aruco_interfaces/include/ros2_aruco_interfaces/ros2_aruco_interfaces/msg/rosidl_typesupport_introspection_c__visibility_control.h
[0.996s] -- Up-to-date: /Bt/install/ros2_aruco_interfaces/include/ros2_aruco_interfaces/ros2_aruco_interfaces/msg/detail
[0.996s] -- Up-to-date: /Bt/install/ros2_aruco_interfaces/include/ros2_aruco_interfaces/ros2_aruco_interfaces/msg/detail/aruco_markers__rosidl_typesupport_introspection_c.h
[0.996s] -- Installing: /Bt/install/ros2_aruco_interfaces/include/ros2_aruco_interfaces/ros2_aruco_interfaces/msg/detail/aruco_markers__type_support.c
[0.996s] -- Up-to-date: /Bt/install/ros2_aruco_interfaces/lib/libros2_aruco_interfaces__rosidl_typesupport_introspection_c.so
[0.997s] -- Up-to-date: /Bt/install/ros2_aruco_interfaces/lib/libros2_aruco_interfaces__rosidl_typesupport_c.so
[0.997s] -- Up-to-date: /Bt/install/ros2_aruco_interfaces/include/ros2_aruco_interfaces/ros2_aruco_interfaces
[0.997s] -- Up-to-date: /Bt/install/ros2_aruco_interfaces/include/ros2_aruco_interfaces/ros2_aruco_interfaces/msg
[0.997s] -- Up-to-date: /Bt/install/ros2_aruco_interfaces/include/ros2_aruco_interfaces/ros2_aruco_interfaces/msg/detail
[0.997s] -- Up-to-date: /Bt/install/ros2_aruco_interfaces/include/ros2_aruco_interfaces/ros2_aruco_interfaces/msg/detail/aruco_markers__type_support.cpp
[0.997s] -- Up-to-date: /Bt/install/ros2_aruco_interfaces/include/ros2_aruco_interfaces/ros2_aruco_interfaces/msg/detail/aruco_markers__rosidl_typesupport_introspection_cpp.hpp
[0.997s] -- Up-to-date: /Bt/install/ros2_aruco_interfaces/lib/libros2_aruco_interfaces__rosidl_typesupport_introspection_cpp.so
[0.998s] -- Up-to-date: /Bt/install/ros2_aruco_interfaces/lib/libros2_aruco_interfaces__rosidl_typesupport_cpp.so
[0.998s] -- Up-to-date: /Bt/install/ros2_aruco_interfaces/share/ros2_aruco_interfaces/environment/pythonpath.sh
[0.998s] -- Up-to-date: /Bt/install/ros2_aruco_interfaces/share/ros2_aruco_interfaces/environment/pythonpath.dsv
[0.998s] -- Up-to-date: /Bt/install/ros2_aruco_interfaces/lib/python3.12/site-packages/ros2_aruco_interfaces-0.1.0-py3.12.egg-info
[0.998s] -- Installing: /Bt/install/ros2_aruco_interfaces/lib/python3.12/site-packages/ros2_aruco_interfaces-0.1.0-py3.12.egg-info/top_level.txt
[0.998s] -- Installing: /Bt/install/ros2_aruco_interfaces/lib/python3.12/site-packages/ros2_aruco_interfaces-0.1.0-py3.12.egg-info/PKG-INFO
[0.999s] -- Installing: /Bt/install/ros2_aruco_interfaces/lib/python3.12/site-packages/ros2_aruco_interfaces-0.1.0-py3.12.egg-info/SOURCES.txt
[0.999s] -- Installing: /Bt/install/ros2_aruco_interfaces/lib/python3.12/site-packages/ros2_aruco_interfaces-0.1.0-py3.12.egg-info/dependency_links.txt
[0.999s] -- Up-to-date: /Bt/install/ros2_aruco_interfaces/lib/python3.12/site-packages/ros2_aruco_interfaces
[0.999s] -- Up-to-date: /Bt/install/ros2_aruco_interfaces/lib/python3.12/site-packages/ros2_aruco_interfaces/_ros2_aruco_interfaces_s.ep.rosidl_typesupport_introspection_c.c
[0.999s] -- Up-to-date: /Bt/install/ros2_aruco_interfaces/lib/python3.12/site-packages/ros2_aruco_interfaces/__init__.py
[1.000s] -- Up-to-date: /Bt/install/ros2_aruco_interfaces/lib/python3.12/site-packages/ros2_aruco_interfaces/ros2_aruco_interfaces_s__rosidl_typesupport_fastrtps_c.so
[1.000s] -- Up-to-date: /Bt/install/ros2_aruco_interfaces/lib/python3.12/site-packages/ros2_aruco_interfaces/_ros2_aruco_interfaces_s.ep.rosidl_typesupport_fastrtps_c.c
[1.000s] -- Up-to-date: /Bt/install/ros2_aruco_interfaces/lib/python3.12/site-packages/ros2_aruco_interfaces/_ros2_aruco_interfaces_s.ep.rosidl_typesupport_c.c
[1.000s] -- Up-to-date: /Bt/install/ros2_aruco_interfaces/lib/python3.12/site-packages/ros2_aruco_interfaces/ros2_aruco_interfaces_s__rosidl_typesupport_introspection_c.so
[1.000s] -- Up-to-date: /Bt/install/ros2_aruco_interfaces/lib/python3.12/site-packages/ros2_aruco_interfaces/msg
[1.000s] -- Up-to-date: /Bt/install/ros2_aruco_interfaces/lib/python3.12/site-packages/ros2_aruco_interfaces/msg/_aruco_markers.py
[1.000s] -- Up-to-date: /Bt/install/ros2_aruco_interfaces/lib/python3.12/site-packages/ros2_aruco_interfaces/msg/__init__.py
[1.000s] -- Up-to-date: /Bt/install/ros2_aruco_interfaces/lib/python3.12/site-packages/ros2_aruco_interfaces/msg/_aruco_markers_s.c
[1.000s] -- Up-to-date: /Bt/install/ros2_aruco_interfaces/lib/python3.12/site-packages/ros2_aruco_interfaces/ros2_aruco_interfaces_s__rosidl_typesupport_c.so
[1.071s] Listing '/Bt/install/ros2_aruco_interfaces/lib/python3.12/site-packages/ros2_aruco_interfaces'...
[1.071s] Listing '/Bt/install/ros2_aruco_interfaces/lib/python3.12/site-packages/ros2_aruco_interfaces/msg'...
[1.072s] -- Up-to-date: /Bt/install/ros2_aruco_interfaces/lib/python3.12/site-packages/ros2_aruco_interfaces/ros2_aruco_interfaces_s__rosidl_typesupport_fastrtps_c.so
[1.072s] -- Up-to-date: /Bt/install/ros2_aruco_interfaces/lib/python3.12/site-packages/ros2_aruco_interfaces/ros2_aruco_interfaces_s__rosidl_typesupport_introspection_c.so
[1.072s] -- Up-to-date: /Bt/install/ros2_aruco_interfaces/lib/python3.12/site-packages/ros2_aruco_interfaces/ros2_aruco_interfaces_s__rosidl_typesupport_c.so
[1.072s] -- Up-to-date: /Bt/install/ros2_aruco_interfaces/lib/libros2_aruco_interfaces__rosidl_generator_py.so
[1.073s] -- Up-to-date: /Bt/install/ros2_aruco_interfaces/share/ros2_aruco_interfaces/msg/ArucoMarkers.idl
[1.073s] -- Up-to-date: /Bt/install/ros2_aruco_interfaces/share/ros2_aruco_interfaces/msg/ArucoMarkers.msg
[1.073s] -- Up-to-date: /Bt/install/ros2_aruco_interfaces/share/ament_index/resource_index/package_run_dependencies/ros2_aruco_interfaces
[1.073s] -- Up-to-date: /Bt/install/ros2_aruco_interfaces/share/ament_index/resource_index/parent_prefix_path/ros2_aruco_interfaces
[1.073s] -- Up-to-date: /Bt/install/ros2_aruco_interfaces/share/ros2_aruco_interfaces/environment/ament_prefix_path.sh
[1.073s] -- Up-to-date: /Bt/install/ros2_aruco_interfaces/share/ros2_aruco_interfaces/environment/ament_prefix_path.dsv
[1.073s] -- Up-to-date: /Bt/install/ros2_aruco_interfaces/share/ros2_aruco_interfaces/environment/path.sh
[1.074s] -- Up-to-date: /Bt/install/ros2_aruco_interfaces/share/ros2_aruco_interfaces/environment/path.dsv
[1.074s] -- Up-to-date: /Bt/install/ros2_aruco_interfaces/share/ros2_aruco_interfaces/local_setup.bash
[1.074s] -- Up-to-date: /Bt/install/ros2_aruco_interfaces/share/ros2_aruco_interfaces/local_setup.sh
[1.074s] -- Up-to-date: /Bt/install/ros2_aruco_interfaces/share/ros2_aruco_interfaces/local_setup.zsh
[1.074s] -- Up-to-date: /Bt/install/ros2_aruco_interfaces/share/ros2_aruco_interfaces/local_setup.dsv
[1.075s] -- Installing: /Bt/install/ros2_aruco_interfaces/share/ros2_aruco_interfaces/package.dsv
[1.075s] -- Up-to-date: /Bt/install/ros2_aruco_interfaces/share/ament_index/resource_index/packages/ros2_aruco_interfaces
[1.075s] -- Up-to-date: /Bt/install/ros2_aruco_interfaces/share/ros2_aruco_interfaces/cmake/export_ros2_aruco_interfaces__rosidl_generator_cExport.cmake
[1.075s] -- Up-to-date: /Bt/install/ros2_aruco_interfaces/share/ros2_aruco_interfaces/cmake/export_ros2_aruco_interfaces__rosidl_generator_cExport-noconfig.cmake
[1.075s] -- Up-to-date: /Bt/install/ros2_aruco_interfaces/share/ros2_aruco_interfaces/cmake/export_ros2_aruco_interfaces__rosidl_typesupport_fastrtps_cExport.cmake
[1.075s] -- Up-to-date: /Bt/install/ros2_aruco_interfaces/share/ros2_aruco_interfaces/cmake/export_ros2_aruco_interfaces__rosidl_typesupport_fastrtps_cExport-noconfig.cmake
[1.075s] -- Up-to-date: /Bt/install/ros2_aruco_interfaces/share/ros2_aruco_interfaces/cmake/export_ros2_aruco_interfaces__rosidl_generator_cppExport.cmake
[1.076s] -- Up-to-date: /Bt/install/ros2_aruco_interfaces/share/ros2_aruco_interfaces/cmake/export_ros2_aruco_interfaces__rosidl_typesupport_fastrtps_cppExport.cmake
[1.076s] -- Up-to-date: /Bt/install/ros2_aruco_interfaces/share/ros2_aruco_interfaces/cmake/export_ros2_aruco_interfaces__rosidl_typesupport_fastrtps_cppExport-noconfig.cmake
[1.076s] -- Up-to-date: /Bt/install/ros2_aruco_interfaces/share/ros2_aruco_interfaces/cmake/ros2_aruco_interfaces__rosidl_typesupport_introspection_cExport.cmake
[1.076s] -- Up-to-date: /Bt/install/ros2_aruco_interfaces/share/ros2_aruco_interfaces/cmake/ros2_aruco_interfaces__rosidl_typesupport_introspection_cExport-noconfig.cmake
[1.076s] -- Up-to-date: /Bt/install/ros2_aruco_interfaces/share/ros2_aruco_interfaces/cmake/ros2_aruco_interfaces__rosidl_typesupport_cExport.cmake
[1.076s] -- Up-to-date: /Bt/install/ros2_aruco_interfaces/share/ros2_aruco_interfaces/cmake/ros2_aruco_interfaces__rosidl_typesupport_cExport-noconfig.cmake
[1.076s] -- Up-to-date: /Bt/install/ros2_aruco_interfaces/share/ros2_aruco_interfaces/cmake/ros2_aruco_interfaces__rosidl_typesupport_introspection_cppExport.cmake
[1.076s] -- Up-to-date: /Bt/install/ros2_aruco_interfaces/share/ros2_aruco_interfaces/cmake/ros2_aruco_interfaces__rosidl_typesupport_introspection_cppExport-noconfig.cmake
[1.105s] -- Up-to-date: /Bt/install/ros2_aruco_interfaces/share/ros2_aruco_interfaces/cmake/ros2_aruco_interfaces__rosidl_typesupport_cppExport.cmake
[1.105s] -- Up-to-date: /Bt/install/ros2_aruco_interfaces/share/ros2_aruco_interfaces/cmake/ros2_aruco_interfaces__rosidl_typesupport_cppExport-noconfig.cmake
[1.106s] -- Up-to-date: /Bt/install/ros2_aruco_interfaces/share/ros2_aruco_interfaces/cmake/export_ros2_aruco_interfaces__rosidl_generator_pyExport.cmake
[1.106s] -- Up-to-date: /Bt/install/ros2_aruco_interfaces/share/ros2_aruco_interfaces/cmake/export_ros2_aruco_interfaces__rosidl_generator_pyExport-noconfig.cmake
[1.106s] -- Up-to-date: /Bt/install/ros2_aruco_interfaces/share/ros2_aruco_interfaces/cmake/rosidl_cmake-extras.cmake
[1.106s] -- Up-to-date: /Bt/install/ros2_aruco_interfaces/share/ros2_aruco_interfaces/cmake/ament_cmake_export_dependencies-extras.cmake
[1.106s] -- Up-to-date: /Bt/install/ros2_aruco_interfaces/share/ros2_aruco_interfaces/cmake/ament_cmake_export_include_directories-extras.cmake
[1.106s] -- Up-to-date: /Bt/install/ros2_aruco_interfaces/share/ros2_aruco_interfaces/cmake/ament_cmake_export_libraries-extras.cmake
[1.106s] -- Up-to-date: /Bt/install/ros2_aruco_interfaces/share/ros2_aruco_interfaces/cmake/ament_cmake_export_targets-extras.cmake
[1.109s] -- Up-to-date: /Bt/install/ros2_aruco_interfaces/share/ros2_aruco_interfaces/cmake/rosidl_cmake_export_typesupport_targets-extras.cmake
[1.109s] -- Up-to-date: /Bt/install/ros2_aruco_interfaces/share/ros2_aruco_interfaces/cmake/rosidl_cmake_export_typesupport_libraries-extras.cmake
[1.109s] -- Up-to-date: /Bt/install/ros2_aruco_interfaces/share/ros2_aruco_interfaces/cmake/ros2_aruco_interfacesConfig.cmake
[1.109s] -- Up-to-date: /Bt/install/ros2_aruco_interfaces/share/ros2_aruco_interfaces/cmake/ros2_aruco_interfacesConfig-version.cmake
[1.110s] -- Up-to-date: /Bt/install/ros2_aruco_interfaces/share/ros2_aruco_interfaces/package.xml
[1.498s] Invoked command in '/Bt/build/ros2_aruco_interfaces' returned '0': CMAKE_PREFIX_PATH=${CMAKE_PREFIX_PATH}:/Bt/install/yolo_ros:/Bt/install/ros2_aruco:/Bt/install/launch_pal:/Bt/install/grab2_curobo_planner:/opt/ros/jazzy /usr/bin/cmake --install /Bt/build/ros2_aruco_interfaces
