[0.009s] Invoking command in '/Bt/build/pal_robotiq_controller_configuration': CMAKE_PREFIX_PATH=${CMAKE_PREFIX_PATH}:/opt/ros/jazzy:/Bt/install/yolo_ros:/Bt/install/ros2_aruco:/Bt/install/launch_pal:/Bt/install/grab2_curobo_planner /usr/bin/cmake /Bt/ThirdParty/pal_robotiq_gripper/pal_robotiq_controller_configuration -DCMAKE_INSTALL_PREFIX=/Bt/install/pal_robotiq_controller_configuration
[0.274s] -- The C compiler identification is GNU 13.3.0
[0.369s] -- The CXX compiler identification is GNU 13.3.0
[0.433s] -- Detecting C compiler ABI info
[0.588s] -- Detecting C compiler ABI info - done
[0.603s] -- Check for working C compiler: /usr/bin/cc - skipped
[0.603s] -- Detecting C compile features
[0.603s] -- Detecting C compile features - done
[0.612s] -- Detecting CXX compiler ABI info
[0.807s] -- Detecting CXX compiler ABI info - done
[0.820s] -- Check for working CXX compiler: /usr/bin/c++ - skipped
[0.821s] -- Detecting CXX compile features
[0.821s] -- Detecting CXX compile features - done
[0.829s] -- Found ament_cmake_auto: 2.5.4 (/opt/ros/jazzy/share/ament_cmake_auto/cmake)
[1.094s] -- Found Python3: /usr/bin/python3 (found version "3.12.3") found components: Interpreter 
[1.520s] -- Found ament_lint_auto: 0.17.3 (/opt/ros/jazzy/share/ament_lint_auto/cmake)
[1.620s] -- Added test 'copyright' to check source files copyright and LICENSE
[1.623s] -- Added test 'flake8' to check Python code syntax and style conventions
[1.623s] -- Configured 'flake8' exclude dirs and/or files: 
[1.626s] -- Added test 'lint_cmake' to check CMake code style
[1.629s] -- Added test 'pep257' to check Python code against some of the docstring style conventions in PEP 257
[1.634s] -- Added test 'xmllint' to check XML markup files
[1.638s] -- Configuring done (1.6s)
[1.644s] -- Generating done (0.0s)
[1.647s] -- Build files have been written to: /Bt/build/pal_robotiq_controller_configuration
[1.657s] Invoked command in '/Bt/build/pal_robotiq_controller_configuration' returned '0': CMAKE_PREFIX_PATH=${CMAKE_PREFIX_PATH}:/opt/ros/jazzy:/Bt/install/yolo_ros:/Bt/install/ros2_aruco:/Bt/install/launch_pal:/Bt/install/grab2_curobo_planner /usr/bin/cmake /Bt/ThirdParty/pal_robotiq_gripper/pal_robotiq_controller_configuration -DCMAKE_INSTALL_PREFIX=/Bt/install/pal_robotiq_controller_configuration
[1.659s] Invoking command in '/Bt/build/pal_robotiq_controller_configuration': CMAKE_PREFIX_PATH=${CMAKE_PREFIX_PATH}:/opt/ros/jazzy:/Bt/install/yolo_ros:/Bt/install/ros2_aruco:/Bt/install/launch_pal:/Bt/install/grab2_curobo_planner /usr/bin/cmake --build /Bt/build/pal_robotiq_controller_configuration -- -j8 -l8
[1.860s] Invoked command in '/Bt/build/pal_robotiq_controller_configuration' returned '0': CMAKE_PREFIX_PATH=${CMAKE_PREFIX_PATH}:/opt/ros/jazzy:/Bt/install/yolo_ros:/Bt/install/ros2_aruco:/Bt/install/launch_pal:/Bt/install/grab2_curobo_planner /usr/bin/cmake --build /Bt/build/pal_robotiq_controller_configuration -- -j8 -l8
[1.860s] Invoking command in '/Bt/build/pal_robotiq_controller_configuration': CMAKE_PREFIX_PATH=${CMAKE_PREFIX_PATH}:/opt/ros/jazzy:/Bt/install/yolo_ros:/Bt/install/ros2_aruco:/Bt/install/launch_pal:/Bt/install/grab2_curobo_planner /usr/bin/cmake --install /Bt/build/pal_robotiq_controller_configuration
[1.912s] -- Install configuration: ""
[1.913s] -- Installing: /Bt/install/pal_robotiq_controller_configuration/share/pal_robotiq_controller_configuration/config
[1.913s] -- Installing: /Bt/install/pal_robotiq_controller_configuration/share/pal_robotiq_controller_configuration/config/robotiq_gripper_controller.yaml
[1.913s] -- Installing: /Bt/install/pal_robotiq_controller_configuration/share/pal_robotiq_controller_configuration/launch
[1.913s] -- Installing: /Bt/install/pal_robotiq_controller_configuration/share/pal_robotiq_controller_configuration/launch/robotiq_gripper_controller.launch.py
[1.914s] -- Installing: /Bt/install/pal_robotiq_controller_configuration/share/ament_index/resource_index/package_run_dependencies/pal_robotiq_controller_configuration
[1.914s] -- Installing: /Bt/install/pal_robotiq_controller_configuration/share/ament_index/resource_index/parent_prefix_path/pal_robotiq_controller_configuration
[1.914s] -- Installing: /Bt/install/pal_robotiq_controller_configuration/share/pal_robotiq_controller_configuration/environment/ament_prefix_path.sh
[1.915s] -- Installing: /Bt/install/pal_robotiq_controller_configuration/share/pal_robotiq_controller_configuration/environment/ament_prefix_path.dsv
[1.916s] -- Installing: /Bt/install/pal_robotiq_controller_configuration/share/pal_robotiq_controller_configuration/environment/path.sh
[1.916s] -- Installing: /Bt/install/pal_robotiq_controller_configuration/share/pal_robotiq_controller_configuration/environment/path.dsv
[1.916s] -- Installing: /Bt/install/pal_robotiq_controller_configuration/share/pal_robotiq_controller_configuration/local_setup.bash
[1.916s] -- Installing: /Bt/install/pal_robotiq_controller_configuration/share/pal_robotiq_controller_configuration/local_setup.sh
[1.916s] -- Installing: /Bt/install/pal_robotiq_controller_configuration/share/pal_robotiq_controller_configuration/local_setup.zsh
[1.916s] -- Installing: /Bt/install/pal_robotiq_controller_configuration/share/pal_robotiq_controller_configuration/local_setup.dsv
[1.917s] -- Installing: /Bt/install/pal_robotiq_controller_configuration/share/pal_robotiq_controller_configuration/package.dsv
[1.917s] -- Installing: /Bt/install/pal_robotiq_controller_configuration/share/ament_index/resource_index/packages/pal_robotiq_controller_configuration
[1.917s] -- Installing: /Bt/install/pal_robotiq_controller_configuration/share/pal_robotiq_controller_configuration/cmake/pal_robotiq_controller_configurationConfig.cmake
[1.917s] -- Installing: /Bt/install/pal_robotiq_controller_configuration/share/pal_robotiq_controller_configuration/cmake/pal_robotiq_controller_configurationConfig-version.cmake
[1.917s] -- Installing: /Bt/install/pal_robotiq_controller_configuration/share/pal_robotiq_controller_configuration/package.xml
[1.922s] Invoked command in '/Bt/build/pal_robotiq_controller_configuration' returned '0': CMAKE_PREFIX_PATH=${CMAKE_PREFIX_PATH}:/opt/ros/jazzy:/Bt/install/yolo_ros:/Bt/install/ros2_aruco:/Bt/install/launch_pal:/Bt/install/grab2_curobo_planner /usr/bin/cmake --install /Bt/build/pal_robotiq_controller_configuration
