-- The C compiler identification is GNU 13.3.0
-- The CXX compiler identification is GNU 13.3.0
-- Detecting C compiler ABI info
-- Detecting C compiler ABI info - done
-- Check for working C compiler: /usr/bin/cc - skipped
-- Detecting C compile features
-- Detecting C compile features - done
-- Detecting CXX compiler ABI info
-- Detecting CXX compiler ABI info - done
-- Check for working CXX compiler: /usr/bin/c++ - skipped
-- Detecting CXX compile features
-- Detecting CXX compile features - done
-- Found ament_cmake: 2.5.4 (/opt/ros/jazzy/share/ament_cmake/cmake)
-- Found Python3: /usr/bin/python3 (found version "3.12.3") found components: Interpreter 
-- Found rclcpp: 28.1.12 (/opt/ros/jazzy/share/rclcpp/cmake)
-- Found rosidl_generator_c: 4.6.6 (/opt/ros/jazzy/share/rosidl_generator_c/cmake)
-- Found rosidl_generator_cpp: 4.6.6 (/opt/ros/jazzy/share/rosidl_generator_cpp/cmake)
-- Using all available rosidl_typesupport_c: rosidl_typesupport_fastrtps_c;rosidl_typesupport_introspection_c
-- Using all available rosidl_typesupport_cpp: rosidl_typesupport_fastrtps_cpp;rosidl_typesupport_introspection_cpp
-- Found rmw_implementation_cmake: 7.3.2 (/opt/ros/jazzy/share/rmw_implementation_cmake/cmake)
-- Found rmw_fastrtps_cpp: 8.4.3 (/opt/ros/jazzy/share/rmw_fastrtps_cpp/cmake)
-- Found OpenSSL: /usr/lib/x86_64-linux-gnu/libcrypto.so (found version "3.0.13")  
-- Found FastRTPS: /opt/ros/jazzy/include (Required is at least version "2.13") 
-- Using RMW implementation 'rmw_fastrtps_cpp' as default
-- Found behaviortree_cpp: 4.7.1 (/opt/ros/jazzy/share/behaviortree_cpp/cmake)
-- Found tiago_nav: 1.0.0 (/Bt/install/tiago_nav/share/tiago_nav/cmake)
-- Found tiago_grab: 0.0.0 (/Bt/install/tiago_grab/share/tiago_grab/cmake)
-- Found nav2_util: 1.3.10 (/opt/ros/jazzy/share/nav2_util/cmake)
-- Found eigen3_cmake_module: 0.3.0 (/opt/ros/jazzy/share/eigen3_cmake_module/cmake)
-- Found Eigen3: TRUE (found version "3.4.0") 
-- Ensuring Eigen3 include directory is part of orocos-kdl CMake target
-- Found nav2_behavior_tree: 1.3.10 (/opt/ros/jazzy/share/nav2_behavior_tree/cmake)
-- Found grab2_behavior_tree: 0.0.0 (/Bt/install/grab2_behavior_tree/share/grab2_behavior_tree/cmake)
-- Found trajectory_msgs: 5.3.6 (/opt/ros/jazzy/share/trajectory_msgs/cmake)
-- Found ament_lint_auto: 0.17.3 (/opt/ros/jazzy/share/ament_lint_auto/cmake)
-- Added test 'cppcheck' to perform static code analysis on C / C++ code
-- Configured cppcheck include dirs: $<BUILD_INTERFACE:/Bt/tiago_demos/include>
-- Configured cppcheck exclude dirs and/or files: 
-- Added test 'flake8' to check Python code syntax and style conventions
-- Configured 'flake8' exclude dirs and/or files: 
-- Added test 'lint_cmake' to check CMake code style
-- Added test 'pep257' to check Python code against some of the docstring style conventions in PEP 257
-- Added test 'uncrustify' to check C / C++ code style
-- Configured uncrustify additional arguments: 
-- Added test 'xmllint' to check XML markup files
-- Configuring done (3.5s)
-- Generating done (1.8s)
-- Build files have been written to: /Bt/build/tiago_demos
[ 50%] [32mBuilding CXX object CMakeFiles/btcpp_engine.dir/src/btcpp_engine.cpp.o[0m
[100%] [32m[1mLinking CXX executable btcpp_engine[0m
[100%] Built target btcpp_engine
-- Install configuration: ""
-- Installing: /Bt/install/tiago_demos/include/tiago_demos
-- Installing: /Bt/install/tiago_demos/include/tiago_demos/tiago_demos
-- Installing: /Bt/install/tiago_demos/include/tiago_demos/tiago_demos/utils.hpp
-- Installing: /Bt/install/tiago_demos/lib/tiago_demos/btcpp_engine
-- Set non-toolchain portion of runtime path of "/Bt/install/tiago_demos/lib/tiago_demos/btcpp_engine" to ""
-- Installing: /Bt/install/tiago_demos/share/tiago_demos//trees
-- Installing: /Bt/install/tiago_demos/share/tiago_demos//trees/our_map_example.xml
-- Installing: /Bt/install/tiago_demos/share/tiago_demos//trees/pick_object_example.xml
-- Installing: /Bt/install/tiago_demos/share/tiago_demos//config
-- Installing: /Bt/install/tiago_demos/share/tiago_demos//config/map_locations.yaml
-- Installing: /Bt/install/tiago_demos/share/tiago_demos//launch
-- Installing: /Bt/install/tiago_demos/share/tiago_demos//launch/tiago_demo.launch.py
-- Installing: /Bt/install/tiago_demos/share/tiago_demos//launch/tiago_bringup.launch.py
-- Installing: /Bt/install/tiago_demos/share/ament_index/resource_index/package_run_dependencies/tiago_demos
-- Installing: /Bt/install/tiago_demos/share/ament_index/resource_index/parent_prefix_path/tiago_demos
-- Installing: /Bt/install/tiago_demos/share/tiago_demos/environment/ament_prefix_path.sh
-- Installing: /Bt/install/tiago_demos/share/tiago_demos/environment/ament_prefix_path.dsv
-- Installing: /Bt/install/tiago_demos/share/tiago_demos/environment/path.sh
-- Installing: /Bt/install/tiago_demos/share/tiago_demos/environment/path.dsv
-- Installing: /Bt/install/tiago_demos/share/tiago_demos/local_setup.bash
-- Installing: /Bt/install/tiago_demos/share/tiago_demos/local_setup.sh
-- Installing: /Bt/install/tiago_demos/share/tiago_demos/local_setup.zsh
-- Installing: /Bt/install/tiago_demos/share/tiago_demos/local_setup.dsv
-- Installing: /Bt/install/tiago_demos/share/tiago_demos/package.dsv
-- Installing: /Bt/install/tiago_demos/share/ament_index/resource_index/packages/tiago_demos
-- Installing: /Bt/install/tiago_demos/share/tiago_demos/cmake/tiago_demosConfig.cmake
-- Installing: /Bt/install/tiago_demos/share/tiago_demos/cmake/tiago_demosConfig-version.cmake
-- Installing: /Bt/install/tiago_demos/share/tiago_demos/package.xml
