[0.075s] Invoking command in '/Bt/build/pmb2_rgbd_sensors': AMENT_PREFIX_PATH=/Bt/install/launch_pal:${AMENT_PREFIX_PATH} CMAKE_PREFIX_PATH=${CMAKE_PREFIX_PATH}:/opt/ros/jazzy PYTHONPATH=/Bt/install/launch_pal/lib/python3.12/site-packages:${PYTHONPATH} /usr/bin/cmake --build /Bt/build/pmb2_rgbd_sensors -- -j8 -l8
[0.139s] Invoked command in '/Bt/build/pmb2_rgbd_sensors' returned '0': AMENT_PREFIX_PATH=/Bt/install/launch_pal:${AMENT_PREFIX_PATH} CMAKE_PREFIX_PATH=${CMAKE_PREFIX_PATH}:/opt/ros/jazzy PYTHONPATH=/Bt/install/launch_pal/lib/python3.12/site-packages:${PYTHONPATH} /usr/bin/cmake --build /Bt/build/pmb2_rgbd_sensors -- -j8 -l8
[0.140s] Invoking command in '/Bt/build/pmb2_rgbd_sensors': AMENT_PREFIX_PATH=/Bt/install/launch_pal:${AMENT_PREFIX_PATH} CMAKE_PREFIX_PATH=${CMAKE_PREFIX_PATH}:/opt/ros/jazzy PYTHONPATH=/Bt/install/launch_pal/lib/python3.12/site-packages:${PYTHONPATH} /usr/bin/cmake --install /Bt/build/pmb2_rgbd_sensors
[0.167s] -- Install configuration: ""
[0.167s] -- Up-to-date: /Bt/install/pmb2_rgbd_sensors/share/pmb2_rgbd_sensors/config
[0.167s] -- Up-to-date: /Bt/install/pmb2_rgbd_sensors/share/pmb2_rgbd_sensors/config/rgbd_analyzers.yaml
[0.168s] -- Up-to-date: /Bt/install/pmb2_rgbd_sensors/share/pmb2_rgbd_sensors/launch
[0.168s] -- Up-to-date: /Bt/install/pmb2_rgbd_sensors/share/pmb2_rgbd_sensors/launch/rgbd.launch.py
[0.168s] -- Up-to-date: /Bt/install/pmb2_rgbd_sensors/share/pmb2_rgbd_sensors/launch/rgbd_sim.launch.py
[0.168s] -- Up-to-date: /Bt/install/pmb2_rgbd_sensors/share/ament_index/resource_index/package_run_dependencies/pmb2_rgbd_sensors
[0.168s] -- Up-to-date: /Bt/install/pmb2_rgbd_sensors/share/ament_index/resource_index/parent_prefix_path/pmb2_rgbd_sensors
[0.168s] -- Up-to-date: /Bt/install/pmb2_rgbd_sensors/share/pmb2_rgbd_sensors/environment/ament_prefix_path.sh
[0.169s] -- Up-to-date: /Bt/install/pmb2_rgbd_sensors/share/pmb2_rgbd_sensors/environment/ament_prefix_path.dsv
[0.169s] -- Up-to-date: /Bt/install/pmb2_rgbd_sensors/share/pmb2_rgbd_sensors/environment/path.sh
[0.169s] -- Up-to-date: /Bt/install/pmb2_rgbd_sensors/share/pmb2_rgbd_sensors/environment/path.dsv
[0.169s] -- Up-to-date: /Bt/install/pmb2_rgbd_sensors/share/pmb2_rgbd_sensors/local_setup.bash
[0.170s] -- Up-to-date: /Bt/install/pmb2_rgbd_sensors/share/pmb2_rgbd_sensors/local_setup.sh
[0.170s] -- Up-to-date: /Bt/install/pmb2_rgbd_sensors/share/pmb2_rgbd_sensors/local_setup.zsh
[0.170s] -- Up-to-date: /Bt/install/pmb2_rgbd_sensors/share/pmb2_rgbd_sensors/local_setup.dsv
[0.170s] -- Installing: /Bt/install/pmb2_rgbd_sensors/share/pmb2_rgbd_sensors/package.dsv
[0.171s] -- Up-to-date: /Bt/install/pmb2_rgbd_sensors/share/ament_index/resource_index/packages/pmb2_rgbd_sensors
[0.171s] -- Up-to-date: /Bt/install/pmb2_rgbd_sensors/share/pmb2_rgbd_sensors/cmake/pmb2_rgbd_sensorsConfig.cmake
[0.171s] -- Up-to-date: /Bt/install/pmb2_rgbd_sensors/share/pmb2_rgbd_sensors/cmake/pmb2_rgbd_sensorsConfig-version.cmake
[0.171s] -- Up-to-date: /Bt/install/pmb2_rgbd_sensors/share/pmb2_rgbd_sensors/package.xml
[0.173s] Invoked command in '/Bt/build/pmb2_rgbd_sensors' returned '0': AMENT_PREFIX_PATH=/Bt/install/launch_pal:${AMENT_PREFIX_PATH} CMAKE_PREFIX_PATH=${CMAKE_PREFIX_PATH}:/opt/ros/jazzy PYTHONPATH=/Bt/install/launch_pal/lib/python3.12/site-packages:${PYTHONPATH} /usr/bin/cmake --install /Bt/build/pmb2_rgbd_sensors
