[0.073s] Invoking command in '/Bt/build/yolo_msgs': CMAKE_PREFIX_PATH=${CMAKE_PREFIX_PATH}:/Bt/install/yolo_ros:/Bt/install/ros2_aruco:/Bt/install/launch_pal:/Bt/install/grab2_curobo_planner:/opt/ros/jazzy /usr/bin/cmake --build /Bt/build/yolo_msgs -- -j8 -l8
[0.299s] [  0%] Built target yolo_msgs__rosidl_generator_type_description
[0.391s] [  0%] Built target ament_cmake_python_copy_yolo_msgs
[0.476s] [ 26%] Built target yolo_msgs__rosidl_generator_c
[1.226s] running egg_info
[1.307s] writing yolo_msgs.egg-info/PKG-INFO
[1.307s] writing dependency_links to yolo_msgs.egg-info/dependency_links.txt
[1.308s] writing top-level names to yolo_msgs.egg-info/top_level.txt
[1.568s] reading manifest file 'yolo_msgs.egg-info/SOURCES.txt'
[1.569s] writing manifest file 'yolo_msgs.egg-info/SOURCES.txt'
[1.677s] [ 26%] Built target ament_cmake_python_build_yolo_msgs_egg
[1.875s] [ 36%] Built target yolo_msgs__rosidl_typesupport_c
[2.045s] [ 46%] Built target yolo_msgs__rosidl_typesupport_introspection_c
[2.051s] [ 55%] Built target yolo_msgs__rosidl_typesupport_fastrtps_c
[2.135s] [ 55%] Built target yolo_msgs__cpp
[2.232s] [ 65%] Built target yolo_msgs__rosidl_typesupport_cpp
[2.329s] [ 75%] Built target yolo_msgs__rosidl_typesupport_introspection_cpp
[2.450s] [ 85%] Built target yolo_msgs__rosidl_typesupport_fastrtps_cpp
[2.511s] [ 85%] Built target yolo_msgs
[2.611s] [ 86%] Built target yolo_msgs__py
[2.716s] [ 96%] Built target yolo_msgs__rosidl_generator_py
[2.775s] [ 97%] Built target yolo_msgs_s__rosidl_typesupport_fastrtps_c
[2.859s] [ 98%] Built target yolo_msgs_s__rosidl_typesupport_c
[2.943s] [100%] Built target yolo_msgs_s__rosidl_typesupport_introspection_c
[2.991s] Invoked command in '/Bt/build/yolo_msgs' returned '0': CMAKE_PREFIX_PATH=${CMAKE_PREFIX_PATH}:/Bt/install/yolo_ros:/Bt/install/ros2_aruco:/Bt/install/launch_pal:/Bt/install/grab2_curobo_planner:/opt/ros/jazzy /usr/bin/cmake --build /Bt/build/yolo_msgs -- -j8 -l8
[2.992s] Invoking command in '/Bt/build/yolo_msgs': CMAKE_PREFIX_PATH=${CMAKE_PREFIX_PATH}:/Bt/install/yolo_ros:/Bt/install/ros2_aruco:/Bt/install/launch_pal:/Bt/install/grab2_curobo_planner:/opt/ros/jazzy /usr/bin/cmake --install /Bt/build/yolo_msgs
[3.053s] -- Install configuration: ""
[3.055s] -- Up-to-date: /Bt/install/yolo_msgs/share/ament_index/resource_index/rosidl_interfaces/yolo_msgs
[3.055s] -- Up-to-date: /Bt/install/yolo_msgs/share/yolo_msgs/msg/Point2D.json
[3.055s] -- Up-to-date: /Bt/install/yolo_msgs/share/yolo_msgs/msg/Vector2.json
[3.057s] -- Up-to-date: /Bt/install/yolo_msgs/share/yolo_msgs/msg/Pose2D.json
[3.058s] -- Up-to-date: /Bt/install/yolo_msgs/share/yolo_msgs/msg/BoundingBox2D.json
[3.060s] -- Up-to-date: /Bt/install/yolo_msgs/share/yolo_msgs/msg/BoundingBox3D.json
[3.061s] -- Up-to-date: /Bt/install/yolo_msgs/share/yolo_msgs/msg/Mask.json
[3.062s] -- Up-to-date: /Bt/install/yolo_msgs/share/yolo_msgs/msg/KeyPoint2D.json
[3.062s] -- Up-to-date: /Bt/install/yolo_msgs/share/yolo_msgs/msg/KeyPoint2DArray.json
[3.063s] -- Up-to-date: /Bt/install/yolo_msgs/share/yolo_msgs/msg/KeyPoint3D.json
[3.063s] -- Up-to-date: /Bt/install/yolo_msgs/share/yolo_msgs/msg/KeyPoint3DArray.json
[3.063s] -- Up-to-date: /Bt/install/yolo_msgs/share/yolo_msgs/msg/Detection.json
[3.066s] -- Up-to-date: /Bt/install/yolo_msgs/share/yolo_msgs/msg/DetectionArray.json
[3.067s] -- Up-to-date: /Bt/install/yolo_msgs/share/yolo_msgs/srv/SetClasses.json
[3.067s] -- Up-to-date: /Bt/install/yolo_msgs/include/yolo_msgs/yolo_msgs
[3.068s] -- Up-to-date: /Bt/install/yolo_msgs/include/yolo_msgs/yolo_msgs/msg
[3.069s] -- Up-to-date: /Bt/install/yolo_msgs/include/yolo_msgs/yolo_msgs/msg/detection.h
[3.069s] -- Up-to-date: /Bt/install/yolo_msgs/include/yolo_msgs/yolo_msgs/msg/point2_d.h
[3.069s] -- Up-to-date: /Bt/install/yolo_msgs/include/yolo_msgs/yolo_msgs/msg/bounding_box2_d.h
[3.069s] -- Up-to-date: /Bt/install/yolo_msgs/include/yolo_msgs/yolo_msgs/msg/key_point2_d.h
[3.070s] -- Up-to-date: /Bt/install/yolo_msgs/include/yolo_msgs/yolo_msgs/msg/mask.h
[3.070s] -- Up-to-date: /Bt/install/yolo_msgs/include/yolo_msgs/yolo_msgs/msg/rosidl_generator_c__visibility_control.h
[3.070s] -- Up-to-date: /Bt/install/yolo_msgs/include/yolo_msgs/yolo_msgs/msg/vector2.h
[3.070s] -- Up-to-date: /Bt/install/yolo_msgs/include/yolo_msgs/yolo_msgs/msg/pose2_d.h
[3.074s] -- Up-to-date: /Bt/install/yolo_msgs/include/yolo_msgs/yolo_msgs/msg/detail
[3.074s] -- Installing: /Bt/install/yolo_msgs/include/yolo_msgs/yolo_msgs/msg/detail/detection__type_support.c
[3.076s] -- Up-to-date: /Bt/install/yolo_msgs/include/yolo_msgs/yolo_msgs/msg/detail/key_point2_d_array__type_support.h
[3.076s] -- Up-to-date: /Bt/install/yolo_msgs/include/yolo_msgs/yolo_msgs/msg/detail/bounding_box3_d__type_support.h
[3.076s] -- Installing: /Bt/install/yolo_msgs/include/yolo_msgs/yolo_msgs/msg/detail/bounding_box3_d__type_support.c
[3.077s] -- Installing: /Bt/install/yolo_msgs/include/yolo_msgs/yolo_msgs/msg/detail/detection_array__type_support.c
[3.077s] -- Up-to-date: /Bt/install/yolo_msgs/include/yolo_msgs/yolo_msgs/msg/detail/pose2_d__struct.h
[3.077s] -- Installing: /Bt/install/yolo_msgs/include/yolo_msgs/yolo_msgs/msg/detail/key_point2_d__type_support.c
[3.077s] -- Up-to-date: /Bt/install/yolo_msgs/include/yolo_msgs/yolo_msgs/msg/detail/detection__type_support.h
[3.077s] -- Up-to-date: /Bt/install/yolo_msgs/include/yolo_msgs/yolo_msgs/msg/detail/bounding_box3_d__description.c
[3.077s] -- Up-to-date: /Bt/install/yolo_msgs/include/yolo_msgs/yolo_msgs/msg/detail/point2_d__struct.h
[3.077s] -- Up-to-date: /Bt/install/yolo_msgs/include/yolo_msgs/yolo_msgs/msg/detail/key_point2_d__functions.c
[3.078s] -- Up-to-date: /Bt/install/yolo_msgs/include/yolo_msgs/yolo_msgs/msg/detail/mask__description.c
[3.078s] -- Up-to-date: /Bt/install/yolo_msgs/include/yolo_msgs/yolo_msgs/msg/detail/vector2__functions.h
[3.078s] -- Up-to-date: /Bt/install/yolo_msgs/include/yolo_msgs/yolo_msgs/msg/detail/detection_array__struct.h
[3.083s] -- Up-to-date: /Bt/install/yolo_msgs/include/yolo_msgs/yolo_msgs/msg/detail/key_point3_d__functions.c
[3.083s] -- Up-to-date: /Bt/install/yolo_msgs/include/yolo_msgs/yolo_msgs/msg/detail/point2_d__type_support.h
[3.084s] -- Up-to-date: /Bt/install/yolo_msgs/include/yolo_msgs/yolo_msgs/msg/detail/detection__description.c
[3.084s] -- Up-to-date: /Bt/install/yolo_msgs/include/yolo_msgs/yolo_msgs/msg/detail/key_point2_d__functions.h
[3.084s] -- Up-to-date: /Bt/install/yolo_msgs/include/yolo_msgs/yolo_msgs/msg/detail/key_point2_d_array__functions.c
[3.084s] -- Up-to-date: /Bt/install/yolo_msgs/include/yolo_msgs/yolo_msgs/msg/detail/bounding_box2_d__functions.h
[3.084s] -- Up-to-date: /Bt/install/yolo_msgs/include/yolo_msgs/yolo_msgs/msg/detail/point2_d__functions.h
[3.084s] -- Up-to-date: /Bt/install/yolo_msgs/include/yolo_msgs/yolo_msgs/msg/detail/vector2__functions.c
[3.084s] -- Up-to-date: /Bt/install/yolo_msgs/include/yolo_msgs/yolo_msgs/msg/detail/pose2_d__functions.h
[3.085s] -- Up-to-date: /Bt/install/yolo_msgs/include/yolo_msgs/yolo_msgs/msg/detail/key_point3_d_array__type_support.h
[3.085s] -- Up-to-date: /Bt/install/yolo_msgs/include/yolo_msgs/yolo_msgs/msg/detail/mask__functions.h
[3.085s] -- Up-to-date: /Bt/install/yolo_msgs/include/yolo_msgs/yolo_msgs/msg/detail/vector2__struct.h
[3.085s] -- Up-to-date: /Bt/install/yolo_msgs/include/yolo_msgs/yolo_msgs/msg/detail/detection_array__description.c
[3.085s] -- Up-to-date: /Bt/install/yolo_msgs/include/yolo_msgs/yolo_msgs/msg/detail/key_point3_d_array__functions.c
[3.085s] -- Up-to-date: /Bt/install/yolo_msgs/include/yolo_msgs/yolo_msgs/msg/detail/detection_array__functions.h
[3.086s] -- Up-to-date: /Bt/install/yolo_msgs/include/yolo_msgs/yolo_msgs/msg/detail/key_point2_d__struct.h
[3.088s] -- Up-to-date: /Bt/install/yolo_msgs/include/yolo_msgs/yolo_msgs/msg/detail/key_point2_d__description.c
[3.088s] -- Up-to-date: /Bt/install/yolo_msgs/include/yolo_msgs/yolo_msgs/msg/detail/key_point2_d_array__functions.h
[3.088s] -- Up-to-date: /Bt/install/yolo_msgs/include/yolo_msgs/yolo_msgs/msg/detail/detection__functions.c
[3.088s] -- Up-to-date: /Bt/install/yolo_msgs/include/yolo_msgs/yolo_msgs/msg/detail/mask__struct.h
[3.088s] -- Up-to-date: /Bt/install/yolo_msgs/include/yolo_msgs/yolo_msgs/msg/detail/key_point3_d_array__description.c
[3.089s] -- Installing: /Bt/install/yolo_msgs/include/yolo_msgs/yolo_msgs/msg/detail/bounding_box2_d__type_support.c
[3.089s] -- Up-to-date: /Bt/install/yolo_msgs/include/yolo_msgs/yolo_msgs/msg/detail/key_point3_d__functions.h
[3.089s] -- Up-to-date: /Bt/install/yolo_msgs/include/yolo_msgs/yolo_msgs/msg/detail/vector2__description.c
[3.089s] -- Up-to-date: /Bt/install/yolo_msgs/include/yolo_msgs/yolo_msgs/msg/detail/key_point3_d__type_support.h
[3.089s] -- Up-to-date: /Bt/install/yolo_msgs/include/yolo_msgs/yolo_msgs/msg/detail/bounding_box2_d__description.c
[3.089s] -- Installing: /Bt/install/yolo_msgs/include/yolo_msgs/yolo_msgs/msg/detail/key_point2_d_array__type_support.c
[3.089s] -- Up-to-date: /Bt/install/yolo_msgs/include/yolo_msgs/yolo_msgs/msg/detail/bounding_box2_d__functions.c
[3.090s] -- Up-to-date: /Bt/install/yolo_msgs/include/yolo_msgs/yolo_msgs/msg/detail/key_point3_d__description.c
[3.090s] -- Up-to-date: /Bt/install/yolo_msgs/include/yolo_msgs/yolo_msgs/msg/detail/detection_array__functions.c
[3.090s] -- Up-to-date: /Bt/install/yolo_msgs/include/yolo_msgs/yolo_msgs/msg/detail/bounding_box2_d__struct.h
[3.090s] -- Up-to-date: /Bt/install/yolo_msgs/include/yolo_msgs/yolo_msgs/msg/detail/key_point3_d_array__functions.h
[3.095s] -- Up-to-date: /Bt/install/yolo_msgs/include/yolo_msgs/yolo_msgs/msg/detail/point2_d__functions.c
[3.096s] -- Up-to-date: /Bt/install/yolo_msgs/include/yolo_msgs/yolo_msgs/msg/detail/pose2_d__description.c
[3.096s] -- Up-to-date: /Bt/install/yolo_msgs/include/yolo_msgs/yolo_msgs/msg/detail/key_point2_d__type_support.h
[3.096s] -- Installing: /Bt/install/yolo_msgs/include/yolo_msgs/yolo_msgs/msg/detail/key_point3_d__type_support.c
[3.096s] -- Installing: /Bt/install/yolo_msgs/include/yolo_msgs/yolo_msgs/msg/detail/pose2_d__type_support.c
[3.096s] -- Installing: /Bt/install/yolo_msgs/include/yolo_msgs/yolo_msgs/msg/detail/point2_d__type_support.c
[3.096s] -- Up-to-date: /Bt/install/yolo_msgs/include/yolo_msgs/yolo_msgs/msg/detail/mask__functions.c
[3.097s] -- Up-to-date: /Bt/install/yolo_msgs/include/yolo_msgs/yolo_msgs/msg/detail/bounding_box2_d__type_support.h
[3.097s] -- Up-to-date: /Bt/install/yolo_msgs/include/yolo_msgs/yolo_msgs/msg/detail/bounding_box3_d__struct.h
[3.097s] -- Up-to-date: /Bt/install/yolo_msgs/include/yolo_msgs/yolo_msgs/msg/detail/bounding_box3_d__functions.h
[3.097s] -- Up-to-date: /Bt/install/yolo_msgs/include/yolo_msgs/yolo_msgs/msg/detail/key_point3_d_array__struct.h
[3.097s] -- Up-to-date: /Bt/install/yolo_msgs/include/yolo_msgs/yolo_msgs/msg/detail/detection_array__type_support.h
[3.097s] -- Up-to-date: /Bt/install/yolo_msgs/include/yolo_msgs/yolo_msgs/msg/detail/detection__struct.h
[3.098s] -- Up-to-date: /Bt/install/yolo_msgs/include/yolo_msgs/yolo_msgs/msg/detail/pose2_d__functions.c
[3.098s] -- Up-to-date: /Bt/install/yolo_msgs/include/yolo_msgs/yolo_msgs/msg/detail/vector2__type_support.h
[3.098s] -- Installing: /Bt/install/yolo_msgs/include/yolo_msgs/yolo_msgs/msg/detail/mask__type_support.c
[3.098s] -- Up-to-date: /Bt/install/yolo_msgs/include/yolo_msgs/yolo_msgs/msg/detail/detection__functions.h
[3.098s] -- Installing: /Bt/install/yolo_msgs/include/yolo_msgs/yolo_msgs/msg/detail/key_point3_d_array__type_support.c
[3.098s] -- Up-to-date: /Bt/install/yolo_msgs/include/yolo_msgs/yolo_msgs/msg/detail/mask__type_support.h
[3.098s] -- Installing: /Bt/install/yolo_msgs/include/yolo_msgs/yolo_msgs/msg/detail/vector2__type_support.c
[3.098s] -- Up-to-date: /Bt/install/yolo_msgs/include/yolo_msgs/yolo_msgs/msg/detail/key_point3_d__struct.h
[3.099s] -- Up-to-date: /Bt/install/yolo_msgs/include/yolo_msgs/yolo_msgs/msg/detail/bounding_box3_d__functions.c
[3.099s] -- Up-to-date: /Bt/install/yolo_msgs/include/yolo_msgs/yolo_msgs/msg/detail/pose2_d__type_support.h
[3.099s] -- Up-to-date: /Bt/install/yolo_msgs/include/yolo_msgs/yolo_msgs/msg/detail/point2_d__description.c
[3.099s] -- Up-to-date: /Bt/install/yolo_msgs/include/yolo_msgs/yolo_msgs/msg/detail/key_point2_d_array__description.c
[3.099s] -- Up-to-date: /Bt/install/yolo_msgs/include/yolo_msgs/yolo_msgs/msg/detail/key_point2_d_array__struct.h
[3.101s] -- Up-to-date: /Bt/install/yolo_msgs/include/yolo_msgs/yolo_msgs/msg/key_point2_d_array.h
[3.101s] -- Up-to-date: /Bt/install/yolo_msgs/include/yolo_msgs/yolo_msgs/msg/key_point3_d.h
[3.101s] -- Up-to-date: /Bt/install/yolo_msgs/include/yolo_msgs/yolo_msgs/msg/detection_array.h
[3.102s] -- Up-to-date: /Bt/install/yolo_msgs/include/yolo_msgs/yolo_msgs/msg/bounding_box3_d.h
[3.102s] -- Up-to-date: /Bt/install/yolo_msgs/include/yolo_msgs/yolo_msgs/msg/key_point3_d_array.h
[3.102s] -- Up-to-date: /Bt/install/yolo_msgs/include/yolo_msgs/yolo_msgs/srv
[3.102s] -- Up-to-date: /Bt/install/yolo_msgs/include/yolo_msgs/yolo_msgs/srv/set_classes.h
[3.102s] -- Up-to-date: /Bt/install/yolo_msgs/include/yolo_msgs/yolo_msgs/srv/detail
[3.102s] -- Up-to-date: /Bt/install/yolo_msgs/include/yolo_msgs/yolo_msgs/srv/detail/set_classes__type_support.h
[3.102s] -- Installing: /Bt/install/yolo_msgs/include/yolo_msgs/yolo_msgs/srv/detail/set_classes__type_support.c
[3.103s] -- Up-to-date: /Bt/install/yolo_msgs/include/yolo_msgs/yolo_msgs/srv/detail/set_classes__description.c
[3.104s] -- Up-to-date: /Bt/install/yolo_msgs/include/yolo_msgs/yolo_msgs/srv/detail/set_classes__functions.c
[3.105s] -- Up-to-date: /Bt/install/yolo_msgs/include/yolo_msgs/yolo_msgs/srv/detail/set_classes__struct.h
[3.105s] -- Up-to-date: /Bt/install/yolo_msgs/include/yolo_msgs/yolo_msgs/srv/detail/set_classes__functions.h
[3.108s] -- Up-to-date: /Bt/install/yolo_msgs/share/yolo_msgs/environment/library_path.sh
[3.108s] -- Up-to-date: /Bt/install/yolo_msgs/share/yolo_msgs/environment/library_path.dsv
[3.111s] -- Up-to-date: /Bt/install/yolo_msgs/lib/libyolo_msgs__rosidl_generator_c.so
[3.111s] -- Up-to-date: /Bt/install/yolo_msgs/include/yolo_msgs/yolo_msgs
[3.112s] -- Up-to-date: /Bt/install/yolo_msgs/include/yolo_msgs/yolo_msgs/msg
[3.114s] -- Up-to-date: /Bt/install/yolo_msgs/include/yolo_msgs/yolo_msgs/msg/detail
[3.115s] -- Up-to-date: /Bt/install/yolo_msgs/include/yolo_msgs/yolo_msgs/msg/detail/bounding_box3_d__rosidl_typesupport_fastrtps_c.h
[3.115s] -- Up-to-date: /Bt/install/yolo_msgs/include/yolo_msgs/yolo_msgs/msg/detail/detection__rosidl_typesupport_fastrtps_c.h
[3.116s] -- Up-to-date: /Bt/install/yolo_msgs/include/yolo_msgs/yolo_msgs/msg/detail/key_point2_d_array__rosidl_typesupport_fastrtps_c.h
[3.117s] -- Up-to-date: /Bt/install/yolo_msgs/include/yolo_msgs/yolo_msgs/msg/detail/key_point2_d__rosidl_typesupport_fastrtps_c.h
[3.118s] -- Up-to-date: /Bt/install/yolo_msgs/include/yolo_msgs/yolo_msgs/msg/detail/key_point3_d_array__rosidl_typesupport_fastrtps_c.h
[3.120s] -- Up-to-date: /Bt/install/yolo_msgs/include/yolo_msgs/yolo_msgs/msg/detail/point2_d__rosidl_typesupport_fastrtps_c.h
[3.121s] -- Up-to-date: /Bt/install/yolo_msgs/include/yolo_msgs/yolo_msgs/msg/detail/mask__rosidl_typesupport_fastrtps_c.h
[3.121s] -- Up-to-date: /Bt/install/yolo_msgs/include/yolo_msgs/yolo_msgs/msg/detail/bounding_box2_d__rosidl_typesupport_fastrtps_c.h
[3.124s] -- Up-to-date: /Bt/install/yolo_msgs/include/yolo_msgs/yolo_msgs/msg/detail/vector2__rosidl_typesupport_fastrtps_c.h
[3.124s] -- Up-to-date: /Bt/install/yolo_msgs/include/yolo_msgs/yolo_msgs/msg/detail/pose2_d__rosidl_typesupport_fastrtps_c.h
[3.124s] -- Up-to-date: /Bt/install/yolo_msgs/include/yolo_msgs/yolo_msgs/msg/detail/key_point3_d__rosidl_typesupport_fastrtps_c.h
[3.125s] -- Up-to-date: /Bt/install/yolo_msgs/include/yolo_msgs/yolo_msgs/msg/detail/detection_array__rosidl_typesupport_fastrtps_c.h
[3.125s] -- Up-to-date: /Bt/install/yolo_msgs/include/yolo_msgs/yolo_msgs/msg/rosidl_typesupport_fastrtps_c__visibility_control.h
[3.128s] -- Up-to-date: /Bt/install/yolo_msgs/include/yolo_msgs/yolo_msgs/srv
[3.128s] -- Up-to-date: /Bt/install/yolo_msgs/include/yolo_msgs/yolo_msgs/srv/detail
[3.128s] -- Up-to-date: /Bt/install/yolo_msgs/include/yolo_msgs/yolo_msgs/srv/detail/set_classes__rosidl_typesupport_fastrtps_c.h
[3.128s] -- Up-to-date: /Bt/install/yolo_msgs/lib/libyolo_msgs__rosidl_typesupport_fastrtps_c.so
[3.129s] -- Up-to-date: /Bt/install/yolo_msgs/include/yolo_msgs/yolo_msgs
[3.129s] -- Up-to-date: /Bt/install/yolo_msgs/include/yolo_msgs/yolo_msgs/msg
[3.129s] -- Up-to-date: /Bt/install/yolo_msgs/include/yolo_msgs/yolo_msgs/msg/rosidl_typesupport_introspection_c__visibility_control.h
[3.129s] -- Up-to-date: /Bt/install/yolo_msgs/include/yolo_msgs/yolo_msgs/msg/detail
[3.129s] -- Installing: /Bt/install/yolo_msgs/include/yolo_msgs/yolo_msgs/msg/detail/detection__type_support.c
[3.129s] -- Up-to-date: /Bt/install/yolo_msgs/include/yolo_msgs/yolo_msgs/msg/detail/key_point2_d_array__rosidl_typesupport_introspection_c.h
[3.130s] -- Up-to-date: /Bt/install/yolo_msgs/include/yolo_msgs/yolo_msgs/msg/detail/bounding_box2_d__rosidl_typesupport_introspection_c.h
[3.130s] -- Installing: /Bt/install/yolo_msgs/include/yolo_msgs/yolo_msgs/msg/detail/bounding_box3_d__type_support.c
[3.130s] -- Up-to-date: /Bt/install/yolo_msgs/include/yolo_msgs/yolo_msgs/msg/detail/vector2__rosidl_typesupport_introspection_c.h
[3.130s] -- Installing: /Bt/install/yolo_msgs/include/yolo_msgs/yolo_msgs/msg/detail/detection_array__type_support.c
[3.130s] -- Installing: /Bt/install/yolo_msgs/include/yolo_msgs/yolo_msgs/msg/detail/key_point2_d__type_support.c
[3.130s] -- Up-to-date: /Bt/install/yolo_msgs/include/yolo_msgs/yolo_msgs/msg/detail/point2_d__rosidl_typesupport_introspection_c.h
[3.130s] -- Up-to-date: /Bt/install/yolo_msgs/include/yolo_msgs/yolo_msgs/msg/detail/key_point2_d__rosidl_typesupport_introspection_c.h
[3.130s] -- Up-to-date: /Bt/install/yolo_msgs/include/yolo_msgs/yolo_msgs/msg/detail/mask__rosidl_typesupport_introspection_c.h
[3.132s] -- Installing: /Bt/install/yolo_msgs/include/yolo_msgs/yolo_msgs/msg/detail/bounding_box2_d__type_support.c
[3.132s] -- Up-to-date: /Bt/install/yolo_msgs/include/yolo_msgs/yolo_msgs/msg/detail/key_point3_d__rosidl_typesupport_introspection_c.h
[3.133s] -- Installing: /Bt/install/yolo_msgs/include/yolo_msgs/yolo_msgs/msg/detail/key_point2_d_array__type_support.c
[3.134s] -- Installing: /Bt/install/yolo_msgs/include/yolo_msgs/yolo_msgs/msg/detail/key_point3_d__type_support.c
[3.135s] -- Installing: /Bt/install/yolo_msgs/include/yolo_msgs/yolo_msgs/msg/detail/pose2_d__type_support.c
[3.136s] -- Installing: /Bt/install/yolo_msgs/include/yolo_msgs/yolo_msgs/msg/detail/point2_d__type_support.c
[3.137s] -- Up-to-date: /Bt/install/yolo_msgs/include/yolo_msgs/yolo_msgs/msg/detail/key_point3_d_array__rosidl_typesupport_introspection_c.h
[3.137s] -- Up-to-date: /Bt/install/yolo_msgs/include/yolo_msgs/yolo_msgs/msg/detail/pose2_d__rosidl_typesupport_introspection_c.h
[3.137s] -- Installing: /Bt/install/yolo_msgs/include/yolo_msgs/yolo_msgs/msg/detail/mask__type_support.c
[3.137s] -- Installing: /Bt/install/yolo_msgs/include/yolo_msgs/yolo_msgs/msg/detail/key_point3_d_array__type_support.c
[3.137s] -- Installing: /Bt/install/yolo_msgs/include/yolo_msgs/yolo_msgs/msg/detail/vector2__type_support.c
[3.138s] -- Up-to-date: /Bt/install/yolo_msgs/include/yolo_msgs/yolo_msgs/msg/detail/detection__rosidl_typesupport_introspection_c.h
[3.138s] -- Up-to-date: /Bt/install/yolo_msgs/include/yolo_msgs/yolo_msgs/msg/detail/detection_array__rosidl_typesupport_introspection_c.h
[3.138s] -- Up-to-date: /Bt/install/yolo_msgs/include/yolo_msgs/yolo_msgs/msg/detail/bounding_box3_d__rosidl_typesupport_introspection_c.h
[3.138s] -- Up-to-date: /Bt/install/yolo_msgs/include/yolo_msgs/yolo_msgs/srv
[3.138s] -- Up-to-date: /Bt/install/yolo_msgs/include/yolo_msgs/yolo_msgs/srv/detail
[3.138s] -- Installing: /Bt/install/yolo_msgs/include/yolo_msgs/yolo_msgs/srv/detail/set_classes__type_support.c
[3.138s] -- Up-to-date: /Bt/install/yolo_msgs/include/yolo_msgs/yolo_msgs/srv/detail/set_classes__rosidl_typesupport_introspection_c.h
[3.139s] -- Up-to-date: /Bt/install/yolo_msgs/lib/libyolo_msgs__rosidl_typesupport_introspection_c.so
[3.139s] -- Up-to-date: /Bt/install/yolo_msgs/lib/libyolo_msgs__rosidl_typesupport_c.so
[3.139s] -- Up-to-date: /Bt/install/yolo_msgs/include/yolo_msgs/yolo_msgs
[3.139s] -- Up-to-date: /Bt/install/yolo_msgs/include/yolo_msgs/yolo_msgs/msg
[3.139s] -- Up-to-date: /Bt/install/yolo_msgs/include/yolo_msgs/yolo_msgs/msg/detection_array.hpp
[3.140s] -- Up-to-date: /Bt/install/yolo_msgs/include/yolo_msgs/yolo_msgs/msg/key_point3_d.hpp
[3.140s] -- Up-to-date: /Bt/install/yolo_msgs/include/yolo_msgs/yolo_msgs/msg/point2_d.hpp
[3.147s] -- Up-to-date: /Bt/install/yolo_msgs/include/yolo_msgs/yolo_msgs/msg/pose2_d.hpp
[3.147s] -- Up-to-date: /Bt/install/yolo_msgs/include/yolo_msgs/yolo_msgs/msg/key_point2_d.hpp
[3.147s] -- Up-to-date: /Bt/install/yolo_msgs/include/yolo_msgs/yolo_msgs/msg/key_point2_d_array.hpp
[3.147s] -- Up-to-date: /Bt/install/yolo_msgs/include/yolo_msgs/yolo_msgs/msg/vector2.hpp
[3.147s] -- Up-to-date: /Bt/install/yolo_msgs/include/yolo_msgs/yolo_msgs/msg/detail
[3.147s] -- Up-to-date: /Bt/install/yolo_msgs/include/yolo_msgs/yolo_msgs/msg/detail/vector2__struct.hpp
[3.147s] -- Up-to-date: /Bt/install/yolo_msgs/include/yolo_msgs/yolo_msgs/msg/detail/key_point2_d_array__type_support.hpp
[3.148s] -- Up-to-date: /Bt/install/yolo_msgs/include/yolo_msgs/yolo_msgs/msg/detail/key_point3_d__builder.hpp
[3.148s] -- Up-to-date: /Bt/install/yolo_msgs/include/yolo_msgs/yolo_msgs/msg/detail/key_point2_d__struct.hpp
[3.148s] -- Up-to-date: /Bt/install/yolo_msgs/include/yolo_msgs/yolo_msgs/msg/detail/detection_array__type_support.hpp
[3.148s] -- Up-to-date: /Bt/install/yolo_msgs/include/yolo_msgs/yolo_msgs/msg/detail/bounding_box2_d__struct.hpp
[3.148s] -- Up-to-date: /Bt/install/yolo_msgs/include/yolo_msgs/yolo_msgs/msg/detail/key_point3_d_array__traits.hpp
[3.151s] -- Up-to-date: /Bt/install/yolo_msgs/include/yolo_msgs/yolo_msgs/msg/detail/mask__builder.hpp
[3.151s] -- Up-to-date: /Bt/install/yolo_msgs/include/yolo_msgs/yolo_msgs/msg/detail/detection__type_support.hpp
[3.152s] -- Up-to-date: /Bt/install/yolo_msgs/include/yolo_msgs/yolo_msgs/msg/detail/key_point3_d_array__builder.hpp
[3.152s] -- Up-to-date: /Bt/install/yolo_msgs/include/yolo_msgs/yolo_msgs/msg/detail/bounding_box2_d__type_support.hpp
[3.153s] -- Up-to-date: /Bt/install/yolo_msgs/include/yolo_msgs/yolo_msgs/msg/detail/point2_d__struct.hpp
[3.153s] -- Up-to-date: /Bt/install/yolo_msgs/include/yolo_msgs/yolo_msgs/msg/detail/detection__traits.hpp
[3.154s] -- Up-to-date: /Bt/install/yolo_msgs/include/yolo_msgs/yolo_msgs/msg/detail/bounding_box3_d__struct.hpp
[3.154s] -- Up-to-date: /Bt/install/yolo_msgs/include/yolo_msgs/yolo_msgs/msg/detail/key_point2_d_array__builder.hpp
[3.154s] -- Up-to-date: /Bt/install/yolo_msgs/include/yolo_msgs/yolo_msgs/msg/detail/point2_d__type_support.hpp
[3.154s] -- Up-to-date: /Bt/install/yolo_msgs/include/yolo_msgs/yolo_msgs/msg/detail/pose2_d__traits.hpp
[3.154s] -- Up-to-date: /Bt/install/yolo_msgs/include/yolo_msgs/yolo_msgs/msg/detail/vector2__type_support.hpp
[3.159s] -- Up-to-date: /Bt/install/yolo_msgs/include/yolo_msgs/yolo_msgs/msg/detail/bounding_box3_d__builder.hpp
[3.159s] -- Up-to-date: /Bt/install/yolo_msgs/include/yolo_msgs/yolo_msgs/msg/detail/key_point3_d__traits.hpp
[3.159s] -- Up-to-date: /Bt/install/yolo_msgs/include/yolo_msgs/yolo_msgs/msg/detail/detection__struct.hpp
[3.159s] -- Up-to-date: /Bt/install/yolo_msgs/include/yolo_msgs/yolo_msgs/msg/detail/key_point2_d__type_support.hpp
[3.160s] -- Up-to-date: /Bt/install/yolo_msgs/include/yolo_msgs/yolo_msgs/msg/detail/pose2_d__struct.hpp
[3.160s] -- Up-to-date: /Bt/install/yolo_msgs/include/yolo_msgs/yolo_msgs/msg/detail/mask__struct.hpp
[3.165s] -- Up-to-date: /Bt/install/yolo_msgs/include/yolo_msgs/yolo_msgs/msg/detail/detection_array__struct.hpp
[3.167s] -- Up-to-date: /Bt/install/yolo_msgs/include/yolo_msgs/yolo_msgs/msg/detail/point2_d__traits.hpp
[3.167s] -- Up-to-date: /Bt/install/yolo_msgs/include/yolo_msgs/yolo_msgs/msg/detail/mask__type_support.hpp
[3.167s] -- Up-to-date: /Bt/install/yolo_msgs/include/yolo_msgs/yolo_msgs/msg/detail/bounding_box3_d__traits.hpp
[3.167s] -- Up-to-date: /Bt/install/yolo_msgs/include/yolo_msgs/yolo_msgs/msg/detail/bounding_box2_d__builder.hpp
[3.169s] -- Up-to-date: /Bt/install/yolo_msgs/include/yolo_msgs/yolo_msgs/msg/detail/vector2__traits.hpp
[3.169s] -- Up-to-date: /Bt/install/yolo_msgs/include/yolo_msgs/yolo_msgs/msg/detail/pose2_d__type_support.hpp
[3.171s] -- Up-to-date: /Bt/install/yolo_msgs/include/yolo_msgs/yolo_msgs/msg/detail/key_point2_d__traits.hpp
[3.172s] -- Up-to-date: /Bt/install/yolo_msgs/include/yolo_msgs/yolo_msgs/msg/detail/mask__traits.hpp
[3.172s] -- Up-to-date: /Bt/install/yolo_msgs/include/yolo_msgs/yolo_msgs/msg/detail/pose2_d__builder.hpp
[3.175s] -- Up-to-date: /Bt/install/yolo_msgs/include/yolo_msgs/yolo_msgs/msg/detail/key_point2_d_array__struct.hpp
[3.175s] -- Up-to-date: /Bt/install/yolo_msgs/include/yolo_msgs/yolo_msgs/msg/detail/key_point3_d_array__struct.hpp
[3.176s] -- Up-to-date: /Bt/install/yolo_msgs/include/yolo_msgs/yolo_msgs/msg/detail/key_point3_d__struct.hpp
[3.177s] -- Up-to-date: /Bt/install/yolo_msgs/include/yolo_msgs/yolo_msgs/msg/detail/detection__builder.hpp
[3.177s] -- Up-to-date: /Bt/install/yolo_msgs/include/yolo_msgs/yolo_msgs/msg/detail/bounding_box3_d__type_support.hpp
[3.177s] -- Up-to-date: /Bt/install/yolo_msgs/include/yolo_msgs/yolo_msgs/msg/detail/key_point2_d__builder.hpp
[3.178s] -- Up-to-date: /Bt/install/yolo_msgs/include/yolo_msgs/yolo_msgs/msg/detail/detection_array__builder.hpp
[3.178s] -- Up-to-date: /Bt/install/yolo_msgs/include/yolo_msgs/yolo_msgs/msg/detail/point2_d__builder.hpp
[3.178s] -- Up-to-date: /Bt/install/yolo_msgs/include/yolo_msgs/yolo_msgs/msg/detail/key_point3_d_array__type_support.hpp
[3.180s] -- Up-to-date: /Bt/install/yolo_msgs/include/yolo_msgs/yolo_msgs/msg/detail/vector2__builder.hpp
[3.182s] -- Up-to-date: /Bt/install/yolo_msgs/include/yolo_msgs/yolo_msgs/msg/detail/bounding_box2_d__traits.hpp
[3.183s] -- Up-to-date: /Bt/install/yolo_msgs/include/yolo_msgs/yolo_msgs/msg/detail/detection_array__traits.hpp
[3.184s] -- Up-to-date: /Bt/install/yolo_msgs/include/yolo_msgs/yolo_msgs/msg/detail/key_point3_d__type_support.hpp
[3.184s] -- Up-to-date: /Bt/install/yolo_msgs/include/yolo_msgs/yolo_msgs/msg/detail/key_point2_d_array__traits.hpp
[3.184s] -- Up-to-date: /Bt/install/yolo_msgs/include/yolo_msgs/yolo_msgs/msg/bounding_box3_d.hpp
[3.185s] -- Up-to-date: /Bt/install/yolo_msgs/include/yolo_msgs/yolo_msgs/msg/key_point3_d_array.hpp
[3.185s] -- Up-to-date: /Bt/install/yolo_msgs/include/yolo_msgs/yolo_msgs/msg/detection.hpp
[3.186s] -- Up-to-date: /Bt/install/yolo_msgs/include/yolo_msgs/yolo_msgs/msg/bounding_box2_d.hpp
[3.186s] -- Up-to-date: /Bt/install/yolo_msgs/include/yolo_msgs/yolo_msgs/msg/mask.hpp
[3.186s] -- Up-to-date: /Bt/install/yolo_msgs/include/yolo_msgs/yolo_msgs/msg/rosidl_generator_cpp__visibility_control.hpp
[3.190s] -- Up-to-date: /Bt/install/yolo_msgs/include/yolo_msgs/yolo_msgs/srv
[3.190s] -- Up-to-date: /Bt/install/yolo_msgs/include/yolo_msgs/yolo_msgs/srv/set_classes.hpp
[3.190s] -- Up-to-date: /Bt/install/yolo_msgs/include/yolo_msgs/yolo_msgs/srv/detail
[3.191s] -- Up-to-date: /Bt/install/yolo_msgs/include/yolo_msgs/yolo_msgs/srv/detail/set_classes__builder.hpp
[3.191s] -- Up-to-date: /Bt/install/yolo_msgs/include/yolo_msgs/yolo_msgs/srv/detail/set_classes__struct.hpp
[3.191s] -- Up-to-date: /Bt/install/yolo_msgs/include/yolo_msgs/yolo_msgs/srv/detail/set_classes__type_support.hpp
[3.192s] -- Up-to-date: /Bt/install/yolo_msgs/include/yolo_msgs/yolo_msgs/srv/detail/set_classes__traits.hpp
[3.192s] -- Up-to-date: /Bt/install/yolo_msgs/include/yolo_msgs/yolo_msgs
[3.192s] -- Up-to-date: /Bt/install/yolo_msgs/include/yolo_msgs/yolo_msgs/msg
[3.192s] -- Up-to-date: /Bt/install/yolo_msgs/include/yolo_msgs/yolo_msgs/msg/detail
[3.193s] -- Up-to-date: /Bt/install/yolo_msgs/include/yolo_msgs/yolo_msgs/msg/detail/key_point2_d_array__rosidl_typesupport_fastrtps_cpp.hpp
[3.193s] -- Up-to-date: /Bt/install/yolo_msgs/include/yolo_msgs/yolo_msgs/msg/detail/mask__rosidl_typesupport_fastrtps_cpp.hpp
[3.193s] -- Up-to-date: /Bt/install/yolo_msgs/include/yolo_msgs/yolo_msgs/msg/detail/key_point3_d_array__rosidl_typesupport_fastrtps_cpp.hpp
[3.193s] -- Up-to-date: /Bt/install/yolo_msgs/include/yolo_msgs/yolo_msgs/msg/detail/point2_d__rosidl_typesupport_fastrtps_cpp.hpp
[3.194s] -- Up-to-date: /Bt/install/yolo_msgs/include/yolo_msgs/yolo_msgs/msg/detail/key_point3_d__rosidl_typesupport_fastrtps_cpp.hpp
[3.194s] -- Up-to-date: /Bt/install/yolo_msgs/include/yolo_msgs/yolo_msgs/msg/detail/bounding_box3_d__rosidl_typesupport_fastrtps_cpp.hpp
[3.194s] -- Up-to-date: /Bt/install/yolo_msgs/include/yolo_msgs/yolo_msgs/msg/detail/detection_array__rosidl_typesupport_fastrtps_cpp.hpp
[3.195s] -- Up-to-date: /Bt/install/yolo_msgs/include/yolo_msgs/yolo_msgs/msg/detail/key_point2_d__rosidl_typesupport_fastrtps_cpp.hpp
[3.204s] -- Up-to-date: /Bt/install/yolo_msgs/include/yolo_msgs/yolo_msgs/msg/detail/detection__rosidl_typesupport_fastrtps_cpp.hpp
[3.204s] -- Up-to-date: /Bt/install/yolo_msgs/include/yolo_msgs/yolo_msgs/msg/detail/vector2__rosidl_typesupport_fastrtps_cpp.hpp
[3.204s] -- Up-to-date: /Bt/install/yolo_msgs/include/yolo_msgs/yolo_msgs/msg/detail/dds_fastrtps
[3.204s] -- Up-to-date: /Bt/install/yolo_msgs/include/yolo_msgs/yolo_msgs/msg/detail/pose2_d__rosidl_typesupport_fastrtps_cpp.hpp
[3.204s] -- Up-to-date: /Bt/install/yolo_msgs/include/yolo_msgs/yolo_msgs/msg/detail/bounding_box2_d__rosidl_typesupport_fastrtps_cpp.hpp
[3.204s] -- Up-to-date: /Bt/install/yolo_msgs/include/yolo_msgs/yolo_msgs/msg/rosidl_typesupport_fastrtps_cpp__visibility_control.h
[3.204s] -- Up-to-date: /Bt/install/yolo_msgs/include/yolo_msgs/yolo_msgs/srv
[3.205s] -- Up-to-date: /Bt/install/yolo_msgs/include/yolo_msgs/yolo_msgs/srv/detail
[3.205s] -- Up-to-date: /Bt/install/yolo_msgs/include/yolo_msgs/yolo_msgs/srv/detail/set_classes__rosidl_typesupport_fastrtps_cpp.hpp
[3.205s] -- Up-to-date: /Bt/install/yolo_msgs/include/yolo_msgs/yolo_msgs/srv/detail/dds_fastrtps
[3.205s] -- Up-to-date: /Bt/install/yolo_msgs/lib/libyolo_msgs__rosidl_typesupport_fastrtps_cpp.so
[3.205s] -- Up-to-date: /Bt/install/yolo_msgs/include/yolo_msgs/yolo_msgs
[3.205s] -- Up-to-date: /Bt/install/yolo_msgs/include/yolo_msgs/yolo_msgs/msg
[3.205s] -- Up-to-date: /Bt/install/yolo_msgs/include/yolo_msgs/yolo_msgs/msg/detail
[3.205s] -- Up-to-date: /Bt/install/yolo_msgs/include/yolo_msgs/yolo_msgs/msg/detail/key_point2_d__type_support.cpp
[3.206s] -- Up-to-date: /Bt/install/yolo_msgs/include/yolo_msgs/yolo_msgs/msg/detail/vector2__type_support.cpp
[3.206s] -- Up-to-date: /Bt/install/yolo_msgs/include/yolo_msgs/yolo_msgs/msg/detail/mask__type_support.cpp
[3.206s] -- Up-to-date: /Bt/install/yolo_msgs/include/yolo_msgs/yolo_msgs/msg/detail/detection__type_support.cpp
[3.206s] -- Up-to-date: /Bt/install/yolo_msgs/include/yolo_msgs/yolo_msgs/msg/detail/bounding_box2_d__type_support.cpp
[3.206s] -- Up-to-date: /Bt/install/yolo_msgs/include/yolo_msgs/yolo_msgs/msg/detail/key_point2_d__rosidl_typesupport_introspection_cpp.hpp
[3.206s] -- Up-to-date: /Bt/install/yolo_msgs/include/yolo_msgs/yolo_msgs/msg/detail/mask__rosidl_typesupport_introspection_cpp.hpp
[3.206s] -- Up-to-date: /Bt/install/yolo_msgs/include/yolo_msgs/yolo_msgs/msg/detail/bounding_box3_d__type_support.cpp
[3.206s] -- Up-to-date: /Bt/install/yolo_msgs/include/yolo_msgs/yolo_msgs/msg/detail/key_point3_d_array__rosidl_typesupport_introspection_cpp.hpp
[3.225s] -- Up-to-date: /Bt/install/yolo_msgs/include/yolo_msgs/yolo_msgs/msg/detail/bounding_box2_d__rosidl_typesupport_introspection_cpp.hpp
[3.226s] -- Up-to-date: /Bt/install/yolo_msgs/include/yolo_msgs/yolo_msgs/msg/detail/point2_d__rosidl_typesupport_introspection_cpp.hpp
[3.226s] -- Up-to-date: /Bt/install/yolo_msgs/include/yolo_msgs/yolo_msgs/msg/detail/key_point2_d_array__rosidl_typesupport_introspection_cpp.hpp
[3.226s] -- Up-to-date: /Bt/install/yolo_msgs/include/yolo_msgs/yolo_msgs/msg/detail/pose2_d__rosidl_typesupport_introspection_cpp.hpp
[3.226s] -- Up-to-date: /Bt/install/yolo_msgs/include/yolo_msgs/yolo_msgs/msg/detail/key_point3_d_array__type_support.cpp
[3.226s] -- Up-to-date: /Bt/install/yolo_msgs/include/yolo_msgs/yolo_msgs/msg/detail/vector2__rosidl_typesupport_introspection_cpp.hpp
[3.227s] -- Up-to-date: /Bt/install/yolo_msgs/include/yolo_msgs/yolo_msgs/msg/detail/point2_d__type_support.cpp
[3.227s] -- Up-to-date: /Bt/install/yolo_msgs/include/yolo_msgs/yolo_msgs/msg/detail/key_point3_d__type_support.cpp
[3.227s] -- Up-to-date: /Bt/install/yolo_msgs/include/yolo_msgs/yolo_msgs/msg/detail/key_point2_d_array__type_support.cpp
[3.227s] -- Up-to-date: /Bt/install/yolo_msgs/include/yolo_msgs/yolo_msgs/msg/detail/bounding_box3_d__rosidl_typesupport_introspection_cpp.hpp
[3.228s] -- Up-to-date: /Bt/install/yolo_msgs/include/yolo_msgs/yolo_msgs/msg/detail/detection_array__type_support.cpp
[3.228s] -- Up-to-date: /Bt/install/yolo_msgs/include/yolo_msgs/yolo_msgs/msg/detail/key_point3_d__rosidl_typesupport_introspection_cpp.hpp
[3.231s] -- Up-to-date: /Bt/install/yolo_msgs/include/yolo_msgs/yolo_msgs/msg/detail/pose2_d__type_support.cpp
[3.234s] -- Up-to-date: /Bt/install/yolo_msgs/include/yolo_msgs/yolo_msgs/msg/detail/detection__rosidl_typesupport_introspection_cpp.hpp
[3.234s] -- Up-to-date: /Bt/install/yolo_msgs/include/yolo_msgs/yolo_msgs/msg/detail/detection_array__rosidl_typesupport_introspection_cpp.hpp
[3.234s] -- Up-to-date: /Bt/install/yolo_msgs/include/yolo_msgs/yolo_msgs/srv
[3.235s] -- Up-to-date: /Bt/install/yolo_msgs/include/yolo_msgs/yolo_msgs/srv/detail
[3.235s] -- Up-to-date: /Bt/install/yolo_msgs/include/yolo_msgs/yolo_msgs/srv/detail/set_classes__type_support.cpp
[3.235s] -- Up-to-date: /Bt/install/yolo_msgs/include/yolo_msgs/yolo_msgs/srv/detail/set_classes__rosidl_typesupport_introspection_cpp.hpp
[3.235s] -- Up-to-date: /Bt/install/yolo_msgs/lib/libyolo_msgs__rosidl_typesupport_introspection_cpp.so
[3.235s] -- Up-to-date: /Bt/install/yolo_msgs/lib/libyolo_msgs__rosidl_typesupport_cpp.so
[3.235s] -- Up-to-date: /Bt/install/yolo_msgs/share/yolo_msgs/environment/pythonpath.sh
[3.235s] -- Up-to-date: /Bt/install/yolo_msgs/share/yolo_msgs/environment/pythonpath.dsv
[3.235s] -- Up-to-date: /Bt/install/yolo_msgs/lib/python3.12/site-packages/yolo_msgs-4.4.1-py3.12.egg-info
[3.235s] -- Installing: /Bt/install/yolo_msgs/lib/python3.12/site-packages/yolo_msgs-4.4.1-py3.12.egg-info/top_level.txt
[3.236s] -- Installing: /Bt/install/yolo_msgs/lib/python3.12/site-packages/yolo_msgs-4.4.1-py3.12.egg-info/PKG-INFO
[3.236s] -- Installing: /Bt/install/yolo_msgs/lib/python3.12/site-packages/yolo_msgs-4.4.1-py3.12.egg-info/SOURCES.txt
[3.236s] -- Installing: /Bt/install/yolo_msgs/lib/python3.12/site-packages/yolo_msgs-4.4.1-py3.12.egg-info/dependency_links.txt
[3.236s] -- Up-to-date: /Bt/install/yolo_msgs/lib/python3.12/site-packages/yolo_msgs
[3.236s] -- Up-to-date: /Bt/install/yolo_msgs/lib/python3.12/site-packages/yolo_msgs/_yolo_msgs_s.ep.rosidl_typesupport_c.c
[3.236s] -- Up-to-date: /Bt/install/yolo_msgs/lib/python3.12/site-packages/yolo_msgs/_yolo_msgs_s.ep.rosidl_typesupport_fastrtps_c.c
[3.236s] -- Up-to-date: /Bt/install/yolo_msgs/lib/python3.12/site-packages/yolo_msgs/yolo_msgs_s__rosidl_typesupport_fastrtps_c.so
[3.236s] -- Up-to-date: /Bt/install/yolo_msgs/lib/python3.12/site-packages/yolo_msgs/_yolo_msgs_s.ep.rosidl_typesupport_introspection_c.c
[3.237s] -- Up-to-date: /Bt/install/yolo_msgs/lib/python3.12/site-packages/yolo_msgs/__init__.py
[3.237s] -- Up-to-date: /Bt/install/yolo_msgs/lib/python3.12/site-packages/yolo_msgs/yolo_msgs_s__rosidl_typesupport_c.so
[3.237s] -- Up-to-date: /Bt/install/yolo_msgs/lib/python3.12/site-packages/yolo_msgs/msg
[3.237s] -- Up-to-date: /Bt/install/yolo_msgs/lib/python3.12/site-packages/yolo_msgs/msg/_bounding_box2_d.py
[3.240s] -- Up-to-date: /Bt/install/yolo_msgs/lib/python3.12/site-packages/yolo_msgs/msg/_mask_s.c
[3.243s] -- Up-to-date: /Bt/install/yolo_msgs/lib/python3.12/site-packages/yolo_msgs/msg/_bounding_box3_d_s.c
[3.243s] -- Up-to-date: /Bt/install/yolo_msgs/lib/python3.12/site-packages/yolo_msgs/msg/_key_point3_d.py
[3.243s] -- Up-to-date: /Bt/install/yolo_msgs/lib/python3.12/site-packages/yolo_msgs/msg/_vector2.py
[3.243s] -- Up-to-date: /Bt/install/yolo_msgs/lib/python3.12/site-packages/yolo_msgs/msg/_bounding_box2_d_s.c
[3.244s] -- Up-to-date: /Bt/install/yolo_msgs/lib/python3.12/site-packages/yolo_msgs/msg/_mask.py
[3.244s] -- Up-to-date: /Bt/install/yolo_msgs/lib/python3.12/site-packages/yolo_msgs/msg/__init__.py
[3.244s] -- Up-to-date: /Bt/install/yolo_msgs/lib/python3.12/site-packages/yolo_msgs/msg/_key_point3_d_array.py
[3.244s] -- Up-to-date: /Bt/install/yolo_msgs/lib/python3.12/site-packages/yolo_msgs/msg/_key_point2_d_array.py
[3.245s] -- Up-to-date: /Bt/install/yolo_msgs/lib/python3.12/site-packages/yolo_msgs/msg/_detection_array_s.c
[3.245s] -- Up-to-date: /Bt/install/yolo_msgs/lib/python3.12/site-packages/yolo_msgs/msg/_key_point2_d_s.c
[3.246s] -- Up-to-date: /Bt/install/yolo_msgs/lib/python3.12/site-packages/yolo_msgs/msg/_key_point3_d_array_s.c
[3.246s] -- Up-to-date: /Bt/install/yolo_msgs/lib/python3.12/site-packages/yolo_msgs/msg/_point2_d.py
[3.247s] -- Up-to-date: /Bt/install/yolo_msgs/lib/python3.12/site-packages/yolo_msgs/msg/_key_point3_d_s.c
[3.247s] -- Up-to-date: /Bt/install/yolo_msgs/lib/python3.12/site-packages/yolo_msgs/msg/_bounding_box3_d.py
[3.247s] -- Up-to-date: /Bt/install/yolo_msgs/lib/python3.12/site-packages/yolo_msgs/msg/_detection.py
[3.248s] -- Up-to-date: /Bt/install/yolo_msgs/lib/python3.12/site-packages/yolo_msgs/msg/_pose2_d_s.c
[3.249s] -- Up-to-date: /Bt/install/yolo_msgs/lib/python3.12/site-packages/yolo_msgs/msg/_key_point2_d.py
[3.249s] -- Up-to-date: /Bt/install/yolo_msgs/lib/python3.12/site-packages/yolo_msgs/msg/_pose2_d.py
[3.249s] -- Up-to-date: /Bt/install/yolo_msgs/lib/python3.12/site-packages/yolo_msgs/msg/_detection_s.c
[3.249s] -- Up-to-date: /Bt/install/yolo_msgs/lib/python3.12/site-packages/yolo_msgs/msg/_key_point2_d_array_s.c
[3.249s] -- Up-to-date: /Bt/install/yolo_msgs/lib/python3.12/site-packages/yolo_msgs/msg/_detection_array.py
[3.249s] -- Up-to-date: /Bt/install/yolo_msgs/lib/python3.12/site-packages/yolo_msgs/msg/_point2_d_s.c
[3.249s] -- Up-to-date: /Bt/install/yolo_msgs/lib/python3.12/site-packages/yolo_msgs/msg/_vector2_s.c
[3.249s] -- Up-to-date: /Bt/install/yolo_msgs/lib/python3.12/site-packages/yolo_msgs/srv
[3.250s] -- Up-to-date: /Bt/install/yolo_msgs/lib/python3.12/site-packages/yolo_msgs/srv/_set_classes_s.c
[3.250s] -- Up-to-date: /Bt/install/yolo_msgs/lib/python3.12/site-packages/yolo_msgs/srv/__init__.py
[3.251s] -- Up-to-date: /Bt/install/yolo_msgs/lib/python3.12/site-packages/yolo_msgs/srv/_set_classes.py
[3.251s] -- Up-to-date: /Bt/install/yolo_msgs/lib/python3.12/site-packages/yolo_msgs/yolo_msgs_s__rosidl_typesupport_introspection_c.so
[3.251s] Listing '/Bt/install/yolo_msgs/lib/python3.12/site-packages/yolo_msgs'...
[3.252s] Listing '/Bt/install/yolo_msgs/lib/python3.12/site-packages/yolo_msgs/msg'...
[3.256s] Listing '/Bt/install/yolo_msgs/lib/python3.12/site-packages/yolo_msgs/srv'...
[3.257s] -- Up-to-date: /Bt/install/yolo_msgs/lib/python3.12/site-packages/yolo_msgs/yolo_msgs_s__rosidl_typesupport_fastrtps_c.so
[3.257s] -- Up-to-date: /Bt/install/yolo_msgs/lib/python3.12/site-packages/yolo_msgs/yolo_msgs_s__rosidl_typesupport_introspection_c.so
[3.257s] -- Up-to-date: /Bt/install/yolo_msgs/lib/python3.12/site-packages/yolo_msgs/yolo_msgs_s__rosidl_typesupport_c.so
[3.257s] -- Up-to-date: /Bt/install/yolo_msgs/lib/libyolo_msgs__rosidl_generator_py.so
[3.258s] -- Up-to-date: /Bt/install/yolo_msgs/share/yolo_msgs/msg/Point2D.idl
[3.258s] -- Up-to-date: /Bt/install/yolo_msgs/share/yolo_msgs/msg/Vector2.idl
[3.258s] -- Up-to-date: /Bt/install/yolo_msgs/share/yolo_msgs/msg/Pose2D.idl
[3.258s] -- Up-to-date: /Bt/install/yolo_msgs/share/yolo_msgs/msg/BoundingBox2D.idl
[3.258s] -- Up-to-date: /Bt/install/yolo_msgs/share/yolo_msgs/msg/BoundingBox3D.idl
[3.258s] -- Up-to-date: /Bt/install/yolo_msgs/share/yolo_msgs/msg/Mask.idl
[3.258s] -- Up-to-date: /Bt/install/yolo_msgs/share/yolo_msgs/msg/KeyPoint2D.idl
[3.259s] -- Up-to-date: /Bt/install/yolo_msgs/share/yolo_msgs/msg/KeyPoint2DArray.idl
[3.259s] -- Up-to-date: /Bt/install/yolo_msgs/share/yolo_msgs/msg/KeyPoint3D.idl
[3.259s] -- Up-to-date: /Bt/install/yolo_msgs/share/yolo_msgs/msg/KeyPoint3DArray.idl
[3.259s] -- Up-to-date: /Bt/install/yolo_msgs/share/yolo_msgs/msg/Detection.idl
[3.259s] -- Up-to-date: /Bt/install/yolo_msgs/share/yolo_msgs/msg/DetectionArray.idl
[3.259s] -- Up-to-date: /Bt/install/yolo_msgs/share/yolo_msgs/srv/SetClasses.idl
[3.259s] -- Up-to-date: /Bt/install/yolo_msgs/share/yolo_msgs/msg/Point2D.msg
[3.259s] -- Up-to-date: /Bt/install/yolo_msgs/share/yolo_msgs/msg/Vector2.msg
[3.260s] -- Up-to-date: /Bt/install/yolo_msgs/share/yolo_msgs/msg/Pose2D.msg
[3.261s] -- Up-to-date: /Bt/install/yolo_msgs/share/yolo_msgs/msg/BoundingBox2D.msg
[3.262s] -- Up-to-date: /Bt/install/yolo_msgs/share/yolo_msgs/msg/BoundingBox3D.msg
[3.262s] -- Up-to-date: /Bt/install/yolo_msgs/share/yolo_msgs/msg/Mask.msg
[3.262s] -- Up-to-date: /Bt/install/yolo_msgs/share/yolo_msgs/msg/KeyPoint2D.msg
[3.262s] -- Up-to-date: /Bt/install/yolo_msgs/share/yolo_msgs/msg/KeyPoint2DArray.msg
[3.262s] -- Up-to-date: /Bt/install/yolo_msgs/share/yolo_msgs/msg/KeyPoint3D.msg
[3.263s] -- Up-to-date: /Bt/install/yolo_msgs/share/yolo_msgs/msg/KeyPoint3DArray.msg
[3.263s] -- Up-to-date: /Bt/install/yolo_msgs/share/yolo_msgs/msg/Detection.msg
[3.263s] -- Up-to-date: /Bt/install/yolo_msgs/share/yolo_msgs/msg/DetectionArray.msg
[3.263s] -- Up-to-date: /Bt/install/yolo_msgs/share/yolo_msgs/srv/SetClasses.srv
[3.263s] -- Up-to-date: /Bt/install/yolo_msgs/share/ament_index/resource_index/package_run_dependencies/yolo_msgs
[3.263s] -- Up-to-date: /Bt/install/yolo_msgs/share/ament_index/resource_index/parent_prefix_path/yolo_msgs
[3.263s] -- Up-to-date: /Bt/install/yolo_msgs/share/yolo_msgs/environment/ament_prefix_path.sh
[3.263s] -- Up-to-date: /Bt/install/yolo_msgs/share/yolo_msgs/environment/ament_prefix_path.dsv
[3.263s] -- Up-to-date: /Bt/install/yolo_msgs/share/yolo_msgs/environment/path.sh
[3.264s] -- Up-to-date: /Bt/install/yolo_msgs/share/yolo_msgs/environment/path.dsv
[3.264s] -- Up-to-date: /Bt/install/yolo_msgs/share/yolo_msgs/local_setup.bash
[3.264s] -- Up-to-date: /Bt/install/yolo_msgs/share/yolo_msgs/local_setup.sh
[3.264s] -- Up-to-date: /Bt/install/yolo_msgs/share/yolo_msgs/local_setup.zsh
[3.264s] -- Up-to-date: /Bt/install/yolo_msgs/share/yolo_msgs/local_setup.dsv
[3.264s] -- Installing: /Bt/install/yolo_msgs/share/yolo_msgs/package.dsv
[3.265s] -- Up-to-date: /Bt/install/yolo_msgs/share/ament_index/resource_index/packages/yolo_msgs
[3.265s] -- Up-to-date: /Bt/install/yolo_msgs/share/yolo_msgs/cmake/export_yolo_msgs__rosidl_generator_cExport.cmake
[3.265s] -- Up-to-date: /Bt/install/yolo_msgs/share/yolo_msgs/cmake/export_yolo_msgs__rosidl_generator_cExport-noconfig.cmake
[3.265s] -- Up-to-date: /Bt/install/yolo_msgs/share/yolo_msgs/cmake/export_yolo_msgs__rosidl_typesupport_fastrtps_cExport.cmake
[3.265s] -- Up-to-date: /Bt/install/yolo_msgs/share/yolo_msgs/cmake/export_yolo_msgs__rosidl_typesupport_fastrtps_cExport-noconfig.cmake
[3.267s] -- Up-to-date: /Bt/install/yolo_msgs/share/yolo_msgs/cmake/yolo_msgs__rosidl_typesupport_introspection_cExport.cmake
[3.271s] -- Up-to-date: /Bt/install/yolo_msgs/share/yolo_msgs/cmake/yolo_msgs__rosidl_typesupport_introspection_cExport-noconfig.cmake
[3.271s] -- Up-to-date: /Bt/install/yolo_msgs/share/yolo_msgs/cmake/yolo_msgs__rosidl_typesupport_cExport.cmake
[3.274s] -- Up-to-date: /Bt/install/yolo_msgs/share/yolo_msgs/cmake/yolo_msgs__rosidl_typesupport_cExport-noconfig.cmake
[3.274s] -- Up-to-date: /Bt/install/yolo_msgs/share/yolo_msgs/cmake/export_yolo_msgs__rosidl_generator_cppExport.cmake
[3.275s] -- Up-to-date: /Bt/install/yolo_msgs/share/yolo_msgs/cmake/export_yolo_msgs__rosidl_typesupport_fastrtps_cppExport.cmake
[3.275s] -- Up-to-date: /Bt/install/yolo_msgs/share/yolo_msgs/cmake/export_yolo_msgs__rosidl_typesupport_fastrtps_cppExport-noconfig.cmake
[3.275s] -- Up-to-date: /Bt/install/yolo_msgs/share/yolo_msgs/cmake/yolo_msgs__rosidl_typesupport_introspection_cppExport.cmake
[3.275s] -- Up-to-date: /Bt/install/yolo_msgs/share/yolo_msgs/cmake/yolo_msgs__rosidl_typesupport_introspection_cppExport-noconfig.cmake
[3.275s] -- Up-to-date: /Bt/install/yolo_msgs/share/yolo_msgs/cmake/yolo_msgs__rosidl_typesupport_cppExport.cmake
[3.275s] -- Up-to-date: /Bt/install/yolo_msgs/share/yolo_msgs/cmake/yolo_msgs__rosidl_typesupport_cppExport-noconfig.cmake
[3.278s] -- Up-to-date: /Bt/install/yolo_msgs/share/yolo_msgs/cmake/export_yolo_msgs__rosidl_generator_pyExport.cmake
[3.281s] -- Up-to-date: /Bt/install/yolo_msgs/share/yolo_msgs/cmake/export_yolo_msgs__rosidl_generator_pyExport-noconfig.cmake
[3.282s] -- Up-to-date: /Bt/install/yolo_msgs/share/yolo_msgs/cmake/rosidl_cmake-extras.cmake
[3.282s] -- Up-to-date: /Bt/install/yolo_msgs/share/yolo_msgs/cmake/ament_cmake_export_dependencies-extras.cmake
[3.283s] -- Up-to-date: /Bt/install/yolo_msgs/share/yolo_msgs/cmake/ament_cmake_export_include_directories-extras.cmake
[3.283s] -- Up-to-date: /Bt/install/yolo_msgs/share/yolo_msgs/cmake/ament_cmake_export_libraries-extras.cmake
[3.283s] -- Up-to-date: /Bt/install/yolo_msgs/share/yolo_msgs/cmake/ament_cmake_export_targets-extras.cmake
[3.283s] -- Up-to-date: /Bt/install/yolo_msgs/share/yolo_msgs/cmake/rosidl_cmake_export_typesupport_targets-extras.cmake
[3.283s] -- Up-to-date: /Bt/install/yolo_msgs/share/yolo_msgs/cmake/rosidl_cmake_export_typesupport_libraries-extras.cmake
[3.284s] -- Up-to-date: /Bt/install/yolo_msgs/share/yolo_msgs/cmake/yolo_msgsConfig.cmake
[3.284s] -- Up-to-date: /Bt/install/yolo_msgs/share/yolo_msgs/cmake/yolo_msgsConfig-version.cmake
[3.284s] -- Up-to-date: /Bt/install/yolo_msgs/share/yolo_msgs/package.xml
[3.349s] Invoked command in '/Bt/build/yolo_msgs' returned '0': CMAKE_PREFIX_PATH=${CMAKE_PREFIX_PATH}:/Bt/install/yolo_ros:/Bt/install/ros2_aruco:/Bt/install/launch_pal:/Bt/install/grab2_curobo_planner:/opt/ros/jazzy /usr/bin/cmake --install /Bt/build/yolo_msgs
