running egg_info
creating ../../../build/grab2_curobo_planner/grab2_curobo_planner.egg-info
writing ../../../build/grab2_curobo_planner/grab2_curobo_planner.egg-info/PKG-INFO
writing dependency_links to ../../../build/grab2_curobo_planner/grab2_curobo_planner.egg-info/dependency_links.txt
writing entry points to ../../../build/grab2_curobo_planner/grab2_curobo_planner.egg-info/entry_points.txt
writing requirements to ../../../build/grab2_curobo_planner/grab2_curobo_planner.egg-info/requires.txt
writing top-level names to ../../../build/grab2_curobo_planner/grab2_curobo_planner.egg-info/top_level.txt
writing manifest file '../../../build/grab2_curobo_planner/grab2_curobo_planner.egg-info/SOURCES.txt'
reading manifest file '../../../build/grab2_curobo_planner/grab2_curobo_planner.egg-info/SOURCES.txt'
writing manifest file '../../../build/grab2_curobo_planner/grab2_curobo_planner.egg-info/SOURCES.txt'
running build
running build_py
creating /Bt/build/grab2_curobo_planner/build
creating /Bt/build/grab2_curobo_planner/build/lib
creating /Bt/build/grab2_curobo_planner/build/lib/grab2_curobo_planner
copying grab2_curobo_planner/planning_server.py -> /Bt/build/grab2_curobo_planner/build/lib/grab2_curobo_planner
copying grab2_curobo_planner/__init__.py -> /Bt/build/grab2_curobo_planner/build/lib/grab2_curobo_planner
creating /Bt/build/grab2_curobo_planner/build/lib/grab2_curobo_planner/curobo
copying grab2_curobo_planner/curobo/motion_generation.py -> /Bt/build/grab2_curobo_planner/build/lib/grab2_curobo_planner/curobo
copying grab2_curobo_planner/curobo/__init__.py -> /Bt/build/grab2_curobo_planner/build/lib/grab2_curobo_planner/curobo
running install
running install_lib
creating /Bt/install/grab2_curobo_planner/lib/python3.12/site-packages/grab2_curobo_planner
copying /Bt/build/grab2_curobo_planner/build/lib/grab2_curobo_planner/planning_server.py -> /Bt/install/grab2_curobo_planner/lib/python3.12/site-packages/grab2_curobo_planner
copying /Bt/build/grab2_curobo_planner/build/lib/grab2_curobo_planner/__init__.py -> /Bt/install/grab2_curobo_planner/lib/python3.12/site-packages/grab2_curobo_planner
creating /Bt/install/grab2_curobo_planner/lib/python3.12/site-packages/grab2_curobo_planner/curobo
copying /Bt/build/grab2_curobo_planner/build/lib/grab2_curobo_planner/curobo/motion_generation.py -> /Bt/install/grab2_curobo_planner/lib/python3.12/site-packages/grab2_curobo_planner/curobo
copying /Bt/build/grab2_curobo_planner/build/lib/grab2_curobo_planner/curobo/__init__.py -> /Bt/install/grab2_curobo_planner/lib/python3.12/site-packages/grab2_curobo_planner/curobo
byte-compiling /Bt/install/grab2_curobo_planner/lib/python3.12/site-packages/grab2_curobo_planner/planning_server.py to planning_server.cpython-312.pyc
byte-compiling /Bt/install/grab2_curobo_planner/lib/python3.12/site-packages/grab2_curobo_planner/__init__.py to __init__.cpython-312.pyc
byte-compiling /Bt/install/grab2_curobo_planner/lib/python3.12/site-packages/grab2_curobo_planner/curobo/motion_generation.py to motion_generation.cpython-312.pyc
byte-compiling /Bt/install/grab2_curobo_planner/lib/python3.12/site-packages/grab2_curobo_planner/curobo/__init__.py to __init__.cpython-312.pyc
running install_data
creating /Bt/install/grab2_curobo_planner/share/ament_index
creating /Bt/install/grab2_curobo_planner/share/ament_index/resource_index
creating /Bt/install/grab2_curobo_planner/share/ament_index/resource_index/packages
copying resource/grab2_curobo_planner -> /Bt/install/grab2_curobo_planner/share/ament_index/resource_index/packages
copying package.xml -> /Bt/install/grab2_curobo_planner/share/grab2_curobo_planner
creating /Bt/install/grab2_curobo_planner/share/grab2_curobo_planner/launch
copying launch/planning_server.launch.py -> /Bt/install/grab2_curobo_planner/share/grab2_curobo_planner/launch
creating /Bt/install/grab2_curobo_planner/share/grab2_curobo_planner/config
copying config/table.yaml -> /Bt/install/grab2_curobo_planner/share/grab2_curobo_planner/config
copying config/toybox.yaml -> /Bt/install/grab2_curobo_planner/share/grab2_curobo_planner/config
running install_egg_info
Copying ../../../build/grab2_curobo_planner/grab2_curobo_planner.egg-info to /Bt/install/grab2_curobo_planner/lib/python3.12/site-packages/grab2_curobo_planner-0.0.0-py3.12.egg-info
running install_scripts
Installing planning_server script to /Bt/install/grab2_curobo_planner/lib/grab2_curobo_planner
writing list of installed files to '/Bt/build/grab2_curobo_planner/install.log'
