[0.096s] Invoking command in '/Bt/build/ros2_aruco_interfaces': CMAKE_PREFIX_PATH=${CMAKE_PREFIX_PATH}:/opt/ros/jazzy:/Bt/install/yolo_ros:/Bt/install/ros2_aruco:/Bt/install/launch_pal:/Bt/install/grab2_curobo_planner /usr/bin/cmake --build /Bt/build/ros2_aruco_interfaces -- -j8 -l8
[0.232s] [  2%] Built target ros2_aruco_interfaces__rosidl_generator_type_description
[0.269s] [  2%] Built target ament_cmake_python_copy_ros2_aruco_interfaces
[0.283s] [ 17%] Built target ros2_aruco_interfaces__rosidl_generator_c
[0.315s] [ 20%] Built target ros2_aruco_interfaces__cpp
[0.356s] [ 29%] Built target ros2_aruco_interfaces__rosidl_typesupport_introspection_c
[0.379s] [ 38%] Built target ros2_aruco_interfaces__rosidl_typesupport_c
[0.379s] [ 47%] Built target ros2_aruco_interfaces__rosidl_typesupport_fastrtps_c
[0.395s] [ 55%] Built target ros2_aruco_interfaces__rosidl_typesupport_fastrtps_cpp
[0.396s] [ 64%] Built target ros2_aruco_interfaces__rosidl_typesupport_cpp
[0.397s] [ 73%] Built target ros2_aruco_interfaces__rosidl_typesupport_introspection_cpp
[0.436s] [ 73%] Built target ros2_aruco_interfaces
[0.481s] [ 76%] Built target ros2_aruco_interfaces__py
[0.522s] [ 82%] Built target ros2_aruco_interfaces__rosidl_generator_py
[0.566s] [ 88%] Built target ros2_aruco_interfaces_s__rosidl_typesupport_fastrtps_c
[0.566s] [ 94%] Built target ros2_aruco_interfaces_s__rosidl_typesupport_introspection_c
[0.566s] [100%] Built target ros2_aruco_interfaces_s__rosidl_typesupport_c
[0.712s] running egg_info
[0.750s] writing ros2_aruco_interfaces.egg-info/PKG-INFO
[0.789s] writing dependency_links to ros2_aruco_interfaces.egg-info/dependency_links.txt
[0.791s] writing top-level names to ros2_aruco_interfaces.egg-info/top_level.txt
[0.901s] reading manifest file 'ros2_aruco_interfaces.egg-info/SOURCES.txt'
[0.902s] writing manifest file 'ros2_aruco_interfaces.egg-info/SOURCES.txt'
[0.970s] [100%] Built target ament_cmake_python_build_ros2_aruco_interfaces_egg
[1.088s] Invoked command in '/Bt/build/ros2_aruco_interfaces' returned '0': CMAKE_PREFIX_PATH=${CMAKE_PREFIX_PATH}:/opt/ros/jazzy:/Bt/install/yolo_ros:/Bt/install/ros2_aruco:/Bt/install/launch_pal:/Bt/install/grab2_curobo_planner /usr/bin/cmake --build /Bt/build/ros2_aruco_interfaces -- -j8 -l8
[1.089s] Invoking command in '/Bt/build/ros2_aruco_interfaces': CMAKE_PREFIX_PATH=${CMAKE_PREFIX_PATH}:/opt/ros/jazzy:/Bt/install/yolo_ros:/Bt/install/ros2_aruco:/Bt/install/launch_pal:/Bt/install/grab2_curobo_planner /usr/bin/cmake --install /Bt/build/ros2_aruco_interfaces
[1.132s] -- Install configuration: ""
[1.132s] -- Up-to-date: /Bt/install/ros2_aruco_interfaces/share/ament_index/resource_index/rosidl_interfaces/ros2_aruco_interfaces
[1.133s] -- Up-to-date: /Bt/install/ros2_aruco_interfaces/share/ros2_aruco_interfaces/msg/ArucoMarkers.json
[1.133s] -- Up-to-date: /Bt/install/ros2_aruco_interfaces/include/ros2_aruco_interfaces/ros2_aruco_interfaces
[1.133s] -- Up-to-date: /Bt/install/ros2_aruco_interfaces/include/ros2_aruco_interfaces/ros2_aruco_interfaces/msg
[1.133s] -- Up-to-date: /Bt/install/ros2_aruco_interfaces/include/ros2_aruco_interfaces/ros2_aruco_interfaces/msg/rosidl_generator_c__visibility_control.h
[1.133s] -- Up-to-date: /Bt/install/ros2_aruco_interfaces/include/ros2_aruco_interfaces/ros2_aruco_interfaces/msg/aruco_markers.h
[1.133s] -- Up-to-date: /Bt/install/ros2_aruco_interfaces/include/ros2_aruco_interfaces/ros2_aruco_interfaces/msg/detail
[1.133s] -- Up-to-date: /Bt/install/ros2_aruco_interfaces/include/ros2_aruco_interfaces/ros2_aruco_interfaces/msg/detail/aruco_markers__functions.h
[1.134s] -- Up-to-date: /Bt/install/ros2_aruco_interfaces/include/ros2_aruco_interfaces/ros2_aruco_interfaces/msg/detail/aruco_markers__functions.c
[1.134s] -- Installing: /Bt/install/ros2_aruco_interfaces/include/ros2_aruco_interfaces/ros2_aruco_interfaces/msg/detail/aruco_markers__type_support.c
[1.134s] -- Up-to-date: /Bt/install/ros2_aruco_interfaces/include/ros2_aruco_interfaces/ros2_aruco_interfaces/msg/detail/aruco_markers__type_support.h
[1.134s] -- Up-to-date: /Bt/install/ros2_aruco_interfaces/include/ros2_aruco_interfaces/ros2_aruco_interfaces/msg/detail/aruco_markers__description.c
[1.134s] -- Up-to-date: /Bt/install/ros2_aruco_interfaces/include/ros2_aruco_interfaces/ros2_aruco_interfaces/msg/detail/aruco_markers__struct.h
[1.134s] -- Up-to-date: /Bt/install/ros2_aruco_interfaces/share/ros2_aruco_interfaces/environment/library_path.sh
[1.134s] -- Up-to-date: /Bt/install/ros2_aruco_interfaces/share/ros2_aruco_interfaces/environment/library_path.dsv
[1.135s] -- Up-to-date: /Bt/install/ros2_aruco_interfaces/lib/libros2_aruco_interfaces__rosidl_generator_c.so
[1.135s] -- Up-to-date: /Bt/install/ros2_aruco_interfaces/include/ros2_aruco_interfaces/ros2_aruco_interfaces
[1.135s] -- Up-to-date: /Bt/install/ros2_aruco_interfaces/include/ros2_aruco_interfaces/ros2_aruco_interfaces/msg
[1.135s] -- Up-to-date: /Bt/install/ros2_aruco_interfaces/include/ros2_aruco_interfaces/ros2_aruco_interfaces/msg/detail
[1.135s] -- Up-to-date: /Bt/install/ros2_aruco_interfaces/include/ros2_aruco_interfaces/ros2_aruco_interfaces/msg/detail/aruco_markers__rosidl_typesupport_fastrtps_c.h
[1.135s] -- Up-to-date: /Bt/install/ros2_aruco_interfaces/include/ros2_aruco_interfaces/ros2_aruco_interfaces/msg/rosidl_typesupport_fastrtps_c__visibility_control.h
[1.136s] -- Up-to-date: /Bt/install/ros2_aruco_interfaces/lib/libros2_aruco_interfaces__rosidl_typesupport_fastrtps_c.so
[1.136s] -- Up-to-date: /Bt/install/ros2_aruco_interfaces/include/ros2_aruco_interfaces/ros2_aruco_interfaces
[1.136s] -- Up-to-date: /Bt/install/ros2_aruco_interfaces/include/ros2_aruco_interfaces/ros2_aruco_interfaces/msg
[1.136s] -- Up-to-date: /Bt/install/ros2_aruco_interfaces/include/ros2_aruco_interfaces/ros2_aruco_interfaces/msg/aruco_markers.hpp
[1.136s] -- Up-to-date: /Bt/install/ros2_aruco_interfaces/include/ros2_aruco_interfaces/ros2_aruco_interfaces/msg/detail
[1.137s] -- Up-to-date: /Bt/install/ros2_aruco_interfaces/include/ros2_aruco_interfaces/ros2_aruco_interfaces/msg/detail/aruco_markers__type_support.hpp
[1.137s] -- Up-to-date: /Bt/install/ros2_aruco_interfaces/include/ros2_aruco_interfaces/ros2_aruco_interfaces/msg/detail/aruco_markers__struct.hpp
[1.137s] -- Up-to-date: /Bt/install/ros2_aruco_interfaces/include/ros2_aruco_interfaces/ros2_aruco_interfaces/msg/detail/aruco_markers__traits.hpp
[1.137s] -- Up-to-date: /Bt/install/ros2_aruco_interfaces/include/ros2_aruco_interfaces/ros2_aruco_interfaces/msg/detail/aruco_markers__builder.hpp
[1.137s] -- Up-to-date: /Bt/install/ros2_aruco_interfaces/include/ros2_aruco_interfaces/ros2_aruco_interfaces/msg/rosidl_generator_cpp__visibility_control.hpp
[1.138s] -- Up-to-date: /Bt/install/ros2_aruco_interfaces/include/ros2_aruco_interfaces/ros2_aruco_interfaces
[1.138s] -- Up-to-date: /Bt/install/ros2_aruco_interfaces/include/ros2_aruco_interfaces/ros2_aruco_interfaces/msg
[1.138s] -- Up-to-date: /Bt/install/ros2_aruco_interfaces/include/ros2_aruco_interfaces/ros2_aruco_interfaces/msg/detail
[1.138s] -- Up-to-date: /Bt/install/ros2_aruco_interfaces/include/ros2_aruco_interfaces/ros2_aruco_interfaces/msg/detail/dds_fastrtps
[1.138s] -- Up-to-date: /Bt/install/ros2_aruco_interfaces/include/ros2_aruco_interfaces/ros2_aruco_interfaces/msg/detail/aruco_markers__rosidl_typesupport_fastrtps_cpp.hpp
[1.139s] -- Up-to-date: /Bt/install/ros2_aruco_interfaces/include/ros2_aruco_interfaces/ros2_aruco_interfaces/msg/rosidl_typesupport_fastrtps_cpp__visibility_control.h
[1.139s] -- Up-to-date: /Bt/install/ros2_aruco_interfaces/lib/libros2_aruco_interfaces__rosidl_typesupport_fastrtps_cpp.so
[1.139s] -- Up-to-date: /Bt/install/ros2_aruco_interfaces/include/ros2_aruco_interfaces/ros2_aruco_interfaces
[1.139s] -- Up-to-date: /Bt/install/ros2_aruco_interfaces/include/ros2_aruco_interfaces/ros2_aruco_interfaces/msg
[1.139s] -- Up-to-date: /Bt/install/ros2_aruco_interfaces/include/ros2_aruco_interfaces/ros2_aruco_interfaces/msg/rosidl_typesupport_introspection_c__visibility_control.h
[1.139s] -- Up-to-date: /Bt/install/ros2_aruco_interfaces/include/ros2_aruco_interfaces/ros2_aruco_interfaces/msg/detail
[1.140s] -- Up-to-date: /Bt/install/ros2_aruco_interfaces/include/ros2_aruco_interfaces/ros2_aruco_interfaces/msg/detail/aruco_markers__rosidl_typesupport_introspection_c.h
[1.140s] -- Installing: /Bt/install/ros2_aruco_interfaces/include/ros2_aruco_interfaces/ros2_aruco_interfaces/msg/detail/aruco_markers__type_support.c
[1.140s] -- Up-to-date: /Bt/install/ros2_aruco_interfaces/lib/libros2_aruco_interfaces__rosidl_typesupport_introspection_c.so
[1.140s] -- Up-to-date: /Bt/install/ros2_aruco_interfaces/lib/libros2_aruco_interfaces__rosidl_typesupport_c.so
[1.140s] -- Up-to-date: /Bt/install/ros2_aruco_interfaces/include/ros2_aruco_interfaces/ros2_aruco_interfaces
[1.141s] -- Up-to-date: /Bt/install/ros2_aruco_interfaces/include/ros2_aruco_interfaces/ros2_aruco_interfaces/msg
[1.141s] -- Up-to-date: /Bt/install/ros2_aruco_interfaces/include/ros2_aruco_interfaces/ros2_aruco_interfaces/msg/detail
[1.141s] -- Up-to-date: /Bt/install/ros2_aruco_interfaces/include/ros2_aruco_interfaces/ros2_aruco_interfaces/msg/detail/aruco_markers__type_support.cpp
[1.141s] -- Up-to-date: /Bt/install/ros2_aruco_interfaces/include/ros2_aruco_interfaces/ros2_aruco_interfaces/msg/detail/aruco_markers__rosidl_typesupport_introspection_cpp.hpp
[1.141s] -- Up-to-date: /Bt/install/ros2_aruco_interfaces/lib/libros2_aruco_interfaces__rosidl_typesupport_introspection_cpp.so
[1.141s] -- Up-to-date: /Bt/install/ros2_aruco_interfaces/lib/libros2_aruco_interfaces__rosidl_typesupport_cpp.so
[1.142s] -- Up-to-date: /Bt/install/ros2_aruco_interfaces/share/ros2_aruco_interfaces/environment/pythonpath.sh
[1.142s] -- Up-to-date: /Bt/install/ros2_aruco_interfaces/share/ros2_aruco_interfaces/environment/pythonpath.dsv
[1.142s] -- Up-to-date: /Bt/install/ros2_aruco_interfaces/lib/python3.12/site-packages/ros2_aruco_interfaces-0.1.0-py3.12.egg-info
[1.142s] -- Installing: /Bt/install/ros2_aruco_interfaces/lib/python3.12/site-packages/ros2_aruco_interfaces-0.1.0-py3.12.egg-info/top_level.txt
[1.142s] -- Installing: /Bt/install/ros2_aruco_interfaces/lib/python3.12/site-packages/ros2_aruco_interfaces-0.1.0-py3.12.egg-info/PKG-INFO
[1.142s] -- Installing: /Bt/install/ros2_aruco_interfaces/lib/python3.12/site-packages/ros2_aruco_interfaces-0.1.0-py3.12.egg-info/SOURCES.txt
[1.143s] -- Installing: /Bt/install/ros2_aruco_interfaces/lib/python3.12/site-packages/ros2_aruco_interfaces-0.1.0-py3.12.egg-info/dependency_links.txt
[1.143s] -- Up-to-date: /Bt/install/ros2_aruco_interfaces/lib/python3.12/site-packages/ros2_aruco_interfaces
[1.143s] -- Up-to-date: /Bt/install/ros2_aruco_interfaces/lib/python3.12/site-packages/ros2_aruco_interfaces/_ros2_aruco_interfaces_s.ep.rosidl_typesupport_introspection_c.c
[1.143s] -- Up-to-date: /Bt/install/ros2_aruco_interfaces/lib/python3.12/site-packages/ros2_aruco_interfaces/__init__.py
[1.143s] -- Up-to-date: /Bt/install/ros2_aruco_interfaces/lib/python3.12/site-packages/ros2_aruco_interfaces/ros2_aruco_interfaces_s__rosidl_typesupport_fastrtps_c.so
[1.143s] -- Up-to-date: /Bt/install/ros2_aruco_interfaces/lib/python3.12/site-packages/ros2_aruco_interfaces/_ros2_aruco_interfaces_s.ep.rosidl_typesupport_fastrtps_c.c
[1.143s] -- Up-to-date: /Bt/install/ros2_aruco_interfaces/lib/python3.12/site-packages/ros2_aruco_interfaces/_ros2_aruco_interfaces_s.ep.rosidl_typesupport_c.c
[1.143s] -- Up-to-date: /Bt/install/ros2_aruco_interfaces/lib/python3.12/site-packages/ros2_aruco_interfaces/ros2_aruco_interfaces_s__rosidl_typesupport_introspection_c.so
[1.144s] -- Up-to-date: /Bt/install/ros2_aruco_interfaces/lib/python3.12/site-packages/ros2_aruco_interfaces/msg
[1.144s] -- Up-to-date: /Bt/install/ros2_aruco_interfaces/lib/python3.12/site-packages/ros2_aruco_interfaces/msg/_aruco_markers.py
[1.144s] -- Up-to-date: /Bt/install/ros2_aruco_interfaces/lib/python3.12/site-packages/ros2_aruco_interfaces/msg/__init__.py
[1.144s] -- Up-to-date: /Bt/install/ros2_aruco_interfaces/lib/python3.12/site-packages/ros2_aruco_interfaces/msg/_aruco_markers_s.c
[1.144s] -- Up-to-date: /Bt/install/ros2_aruco_interfaces/lib/python3.12/site-packages/ros2_aruco_interfaces/ros2_aruco_interfaces_s__rosidl_typesupport_c.so
[1.151s] Listing '/Bt/install/ros2_aruco_interfaces/lib/python3.12/site-packages/ros2_aruco_interfaces'...
[1.152s] Listing '/Bt/install/ros2_aruco_interfaces/lib/python3.12/site-packages/ros2_aruco_interfaces/msg'...
[1.158s] -- Up-to-date: /Bt/install/ros2_aruco_interfaces/lib/python3.12/site-packages/ros2_aruco_interfaces/ros2_aruco_interfaces_s__rosidl_typesupport_fastrtps_c.so
[1.158s] -- Up-to-date: /Bt/install/ros2_aruco_interfaces/lib/python3.12/site-packages/ros2_aruco_interfaces/ros2_aruco_interfaces_s__rosidl_typesupport_introspection_c.so
[1.158s] -- Up-to-date: /Bt/install/ros2_aruco_interfaces/lib/python3.12/site-packages/ros2_aruco_interfaces/ros2_aruco_interfaces_s__rosidl_typesupport_c.so
[1.159s] -- Up-to-date: /Bt/install/ros2_aruco_interfaces/lib/libros2_aruco_interfaces__rosidl_generator_py.so
[1.159s] -- Up-to-date: /Bt/install/ros2_aruco_interfaces/share/ros2_aruco_interfaces/msg/ArucoMarkers.idl
[1.159s] -- Up-to-date: /Bt/install/ros2_aruco_interfaces/share/ros2_aruco_interfaces/msg/ArucoMarkers.msg
[1.159s] -- Up-to-date: /Bt/install/ros2_aruco_interfaces/share/ament_index/resource_index/package_run_dependencies/ros2_aruco_interfaces
[1.159s] -- Up-to-date: /Bt/install/ros2_aruco_interfaces/share/ament_index/resource_index/parent_prefix_path/ros2_aruco_interfaces
[1.160s] -- Up-to-date: /Bt/install/ros2_aruco_interfaces/share/ros2_aruco_interfaces/environment/ament_prefix_path.sh
[1.160s] -- Up-to-date: /Bt/install/ros2_aruco_interfaces/share/ros2_aruco_interfaces/environment/ament_prefix_path.dsv
[1.160s] -- Up-to-date: /Bt/install/ros2_aruco_interfaces/share/ros2_aruco_interfaces/environment/path.sh
[1.160s] -- Up-to-date: /Bt/install/ros2_aruco_interfaces/share/ros2_aruco_interfaces/environment/path.dsv
[1.160s] -- Up-to-date: /Bt/install/ros2_aruco_interfaces/share/ros2_aruco_interfaces/local_setup.bash
[1.161s] -- Up-to-date: /Bt/install/ros2_aruco_interfaces/share/ros2_aruco_interfaces/local_setup.sh
[1.161s] -- Up-to-date: /Bt/install/ros2_aruco_interfaces/share/ros2_aruco_interfaces/local_setup.zsh
[1.161s] -- Up-to-date: /Bt/install/ros2_aruco_interfaces/share/ros2_aruco_interfaces/local_setup.dsv
[1.161s] -- Installing: /Bt/install/ros2_aruco_interfaces/share/ros2_aruco_interfaces/package.dsv
[1.161s] -- Up-to-date: /Bt/install/ros2_aruco_interfaces/share/ament_index/resource_index/packages/ros2_aruco_interfaces
[1.161s] -- Up-to-date: /Bt/install/ros2_aruco_interfaces/share/ros2_aruco_interfaces/cmake/export_ros2_aruco_interfaces__rosidl_generator_cExport.cmake
[1.161s] -- Up-to-date: /Bt/install/ros2_aruco_interfaces/share/ros2_aruco_interfaces/cmake/export_ros2_aruco_interfaces__rosidl_generator_cExport-noconfig.cmake
[1.162s] -- Up-to-date: /Bt/install/ros2_aruco_interfaces/share/ros2_aruco_interfaces/cmake/export_ros2_aruco_interfaces__rosidl_typesupport_fastrtps_cExport.cmake
[1.162s] -- Up-to-date: /Bt/install/ros2_aruco_interfaces/share/ros2_aruco_interfaces/cmake/export_ros2_aruco_interfaces__rosidl_typesupport_fastrtps_cExport-noconfig.cmake
[1.162s] -- Up-to-date: /Bt/install/ros2_aruco_interfaces/share/ros2_aruco_interfaces/cmake/export_ros2_aruco_interfaces__rosidl_generator_cppExport.cmake
[1.162s] -- Up-to-date: /Bt/install/ros2_aruco_interfaces/share/ros2_aruco_interfaces/cmake/export_ros2_aruco_interfaces__rosidl_typesupport_fastrtps_cppExport.cmake
[1.162s] -- Up-to-date: /Bt/install/ros2_aruco_interfaces/share/ros2_aruco_interfaces/cmake/export_ros2_aruco_interfaces__rosidl_typesupport_fastrtps_cppExport-noconfig.cmake
[1.162s] -- Up-to-date: /Bt/install/ros2_aruco_interfaces/share/ros2_aruco_interfaces/cmake/ros2_aruco_interfaces__rosidl_typesupport_introspection_cExport.cmake
[1.162s] -- Up-to-date: /Bt/install/ros2_aruco_interfaces/share/ros2_aruco_interfaces/cmake/ros2_aruco_interfaces__rosidl_typesupport_introspection_cExport-noconfig.cmake
[1.163s] -- Up-to-date: /Bt/install/ros2_aruco_interfaces/share/ros2_aruco_interfaces/cmake/ros2_aruco_interfaces__rosidl_typesupport_cExport.cmake
[1.163s] -- Up-to-date: /Bt/install/ros2_aruco_interfaces/share/ros2_aruco_interfaces/cmake/ros2_aruco_interfaces__rosidl_typesupport_cExport-noconfig.cmake
[1.163s] -- Up-to-date: /Bt/install/ros2_aruco_interfaces/share/ros2_aruco_interfaces/cmake/ros2_aruco_interfaces__rosidl_typesupport_introspection_cppExport.cmake
[1.163s] -- Up-to-date: /Bt/install/ros2_aruco_interfaces/share/ros2_aruco_interfaces/cmake/ros2_aruco_interfaces__rosidl_typesupport_introspection_cppExport-noconfig.cmake
[1.163s] -- Up-to-date: /Bt/install/ros2_aruco_interfaces/share/ros2_aruco_interfaces/cmake/ros2_aruco_interfaces__rosidl_typesupport_cppExport.cmake
[1.163s] -- Up-to-date: /Bt/install/ros2_aruco_interfaces/share/ros2_aruco_interfaces/cmake/ros2_aruco_interfaces__rosidl_typesupport_cppExport-noconfig.cmake
[1.163s] -- Up-to-date: /Bt/install/ros2_aruco_interfaces/share/ros2_aruco_interfaces/cmake/export_ros2_aruco_interfaces__rosidl_generator_pyExport.cmake
[1.163s] -- Up-to-date: /Bt/install/ros2_aruco_interfaces/share/ros2_aruco_interfaces/cmake/export_ros2_aruco_interfaces__rosidl_generator_pyExport-noconfig.cmake
[1.164s] -- Up-to-date: /Bt/install/ros2_aruco_interfaces/share/ros2_aruco_interfaces/cmake/rosidl_cmake-extras.cmake
[1.164s] -- Up-to-date: /Bt/install/ros2_aruco_interfaces/share/ros2_aruco_interfaces/cmake/ament_cmake_export_dependencies-extras.cmake
[1.164s] -- Up-to-date: /Bt/install/ros2_aruco_interfaces/share/ros2_aruco_interfaces/cmake/ament_cmake_export_include_directories-extras.cmake
[1.164s] -- Up-to-date: /Bt/install/ros2_aruco_interfaces/share/ros2_aruco_interfaces/cmake/ament_cmake_export_libraries-extras.cmake
[1.164s] -- Up-to-date: /Bt/install/ros2_aruco_interfaces/share/ros2_aruco_interfaces/cmake/ament_cmake_export_targets-extras.cmake
[1.164s] -- Up-to-date: /Bt/install/ros2_aruco_interfaces/share/ros2_aruco_interfaces/cmake/rosidl_cmake_export_typesupport_targets-extras.cmake
[1.164s] -- Up-to-date: /Bt/install/ros2_aruco_interfaces/share/ros2_aruco_interfaces/cmake/rosidl_cmake_export_typesupport_libraries-extras.cmake
[1.165s] -- Up-to-date: /Bt/install/ros2_aruco_interfaces/share/ros2_aruco_interfaces/cmake/ros2_aruco_interfacesConfig.cmake
[1.165s] -- Up-to-date: /Bt/install/ros2_aruco_interfaces/share/ros2_aruco_interfaces/cmake/ros2_aruco_interfacesConfig-version.cmake
[1.165s] -- Up-to-date: /Bt/install/ros2_aruco_interfaces/share/ros2_aruco_interfaces/package.xml
[1.218s] Invoked command in '/Bt/build/ros2_aruco_interfaces' returned '0': CMAKE_PREFIX_PATH=${CMAKE_PREFIX_PATH}:/opt/ros/jazzy:/Bt/install/yolo_ros:/Bt/install/ros2_aruco:/Bt/install/launch_pal:/Bt/install/grab2_curobo_planner /usr/bin/cmake --install /Bt/build/ros2_aruco_interfaces
