[0.246s] Invoking command in '/Bt/build/grab2_msgs': CMAKE_PREFIX_PATH=/Bt/install/btcpp_ros2_interfaces:/Bt/install/yolo_bringup:/Bt/install/yolo_msgs:/Bt/install/tiago_slam:/Bt/install/tiago_simulation:/Bt/install/tiago_sim:/Bt/install/tiago_robot:/Bt/install/tiago_navigation:/Bt/install/tiago_demos:/Bt/install/tiago_nav:/Bt/install/tiago_gazebo:/Bt/install/tiago_moveit_config:/Bt/install/tiago_2dnav:/Bt/install/tiago_laser_sensors:/Bt/install/tiago_grab:/Bt/install/tiago_bringup:/Bt/install/tiago_description:/Bt/install/tiago_controller_configuration:/Bt/install/tiago_behavior_tree:/Bt/install/tiago_aruco_broadcast:/Bt/install/ros2_aruco_interfaces:/Bt/install/pmb2_robot:/Bt/install/pmb2_rgbd_sensors:/Bt/install/pmb2_navigation:/Bt/install/pmb2_laser_sensors:/Bt/install/pmb2_bringup:/Bt/install/pmb2_description:/Bt/install/pmb2_controller_configuration:/Bt/install/pmb2_2dnav:/Bt/install/play_motion2:/Bt/install/play_motion2_msgs:/Bt/install/pal_hey5:/Bt/install/pal_hey5_description:/Bt/install/pal_gripper_simulation:/Bt/install/pal_gripper:/Bt/install/pal_gripper_description:/Bt/install/omni_base_robot:/Bt/install/omni_base_bringup:/Bt/install/omni_base_description:/Bt/install/pal_urdf_utils:/Bt/install/pal_robotiq_gripper:/Bt/install/pal_robotiq_description:/Bt/install/pal_robotiq_controller_configuration:/Bt/install/pal_maps:/Bt/install/pal_hey5_controller_configuration:/Bt/install/pal_gripper_controller_configuration:/Bt/install/omni_base_controller_configuration:/Bt/install/grab2_planner:/Bt/install/grab2_grasp_generator:/Bt/install/grab2_bt_grabber:/Bt/install/grab2_ros_common:/Bt/install/grab2_behavior_tree:/Bt/install/grab2_msgs:/Bt/install/grab2_controller:/Bt/install/btcpp_ros2_samples:/Bt/install/behaviortree_ros2:/opt/ros/jazzy/opt/gz_sim_vendor:/opt/ros/jazzy/opt/gz_sensors_vendor:/opt/ros/jazzy/opt/gz_physics_vendor:/opt/ros/jazzy/opt/sdformat_vendor:/opt/ros/jazzy/opt/gz_gui_vendor:/opt/ros/jazzy/opt/gz_transport_vendor:/opt/ros/jazzy/opt/gz_rendering_vendor:/opt/ros/jazzy/opt/gz_plugin_vendor:/opt/ros/jazzy/opt/gz_fuel_tools_vendor:/opt/ros/jazzy/opt/gz_msgs_vendor:/opt/ros/jazzy/opt/gz_common_vendor:/opt/ros/jazzy/opt/gz_math_vendor:/opt/ros/jazzy/opt/gz_utils_vendor:/opt/ros/jazzy/opt/gz_tools_vendor:/opt/ros/jazzy/opt/gz_ogre_next_vendor:/opt/ros/jazzy/opt/gz_dartsim_vendor:/opt/ros/jazzy/opt/gz_cmake_vendor:/Bt/install/yolo_ros:/Bt/install/ros2_aruco:/Bt/install/launch_pal:/Bt/install/grab2_curobo_planner:/opt/ros/jazzy LD_LIBRARY_PATH=/Bt/install/btcpp_ros2_interfaces/lib:/Bt/install/yolo_msgs/lib:/Bt/install/tiago_behavior_tree/lib:/Bt/install/ros2_aruco_interfaces/lib:/Bt/install/play_motion2/lib:/Bt/install/play_motion2_msgs/lib:/Bt/install/grab2_planner/lib:/Bt/install/grab2_grasp_generator/lib:/Bt/install/grab2_bt_grabber/lib:/Bt/install/grab2_behavior_tree/lib:/Bt/install/grab2_msgs/lib:/Bt/install/behaviortree_ros2/lib:/opt/ros/jazzy/opt/gz_sim_vendor/lib:/opt/ros/jazzy/opt/gz_sensors_vendor/lib:/opt/ros/jazzy/opt/gz_physics_vendor/lib:/opt/ros/jazzy/opt/sdformat_vendor/lib:/opt/ros/jazzy/opt/rviz_ogre_vendor/lib:/opt/ros/jazzy/lib/x86_64-linux-gnu:/opt/ros/jazzy/opt/gz_gui_vendor/lib:/opt/ros/jazzy/opt/gz_transport_vendor/lib:/opt/ros/jazzy/opt/gz_rendering_vendor/lib:/opt/ros/jazzy/opt/gz_plugin_vendor/lib:/opt/ros/jazzy/opt/gz_fuel_tools_vendor/lib:/opt/ros/jazzy/opt/gz_msgs_vendor/lib:/opt/ros/jazzy/opt/gz_common_vendor/lib:/opt/ros/jazzy/opt/gz_math_vendor/lib:/opt/ros/jazzy/opt/gz_utils_vendor/lib:/opt/ros/jazzy/opt/gz_tools_vendor/lib:/opt/ros/jazzy/opt/gz_ogre_next_vendor/lib:/opt/ros/jazzy/opt/gz_dartsim_vendor/lib:/opt/ros/jazzy/opt/gz_cmake_vendor/lib:/opt/ros/jazzy/lib PYTHONPATH=/Bt/install/btcpp_ros2_interfaces/lib/python3.12/site-packages:/Bt/install/yolo_ros/lib/python3.12/site-packages:/Bt/install/yolo_msgs/lib/python3.12/site-packages:/Bt/install/tiago_description/lib/python3.12/site-packages:/Bt/install/ros2_aruco_interfaces/lib/python3.12/site-packages:/Bt/install/ros2_aruco/lib/python3.12/site-packages:/Bt/install/pmb2_description/lib/python3.12/site-packages:/Bt/install/play_motion2_msgs/lib/python3.12/site-packages:/Bt/install/omni_base_description/lib/python3.12/site-packages:/Bt/install/launch_pal/lib/python3.12/site-packages:/Bt/install/grab2_curobo_planner/lib/python3.12/site-packages:/Bt/install/grab2_msgs/lib/python3.12/site-packages:/opt/ros/jazzy/lib/python3.12/site-packages /usr/bin/cmake --build /Bt/build/grab2_msgs -- -j8 -l8
[0.387s] [  1%] Built target grab2_msgs__rosidl_generator_type_description
[0.452s] [  1%] Built target ament_cmake_python_copy_grab2_msgs
[0.528s] [ 23%] Built target grab2_msgs__rosidl_generator_c
[1.113s] running egg_info
[1.162s] writing grab2_msgs.egg-info/PKG-INFO
[1.162s] writing dependency_links to grab2_msgs.egg-info/dependency_links.txt
[1.162s] writing top-level names to grab2_msgs.egg-info/top_level.txt
[1.380s] reading manifest file 'grab2_msgs.egg-info/SOURCES.txt'
[1.380s] writing manifest file 'grab2_msgs.egg-info/SOURCES.txt'
[1.496s] [ 23%] Built target ament_cmake_python_build_grab2_msgs_egg
[1.603s] [ 32%] Built target grab2_msgs__rosidl_typesupport_c
[1.723s] [ 42%] Built target grab2_msgs__rosidl_typesupport_introspection_c
[1.830s] [ 51%] Built target grab2_msgs__rosidl_typesupport_fastrtps_c
[1.951s] [ 53%] Built target grab2_msgs__cpp
[2.020s] [ 62%] Built target grab2_msgs__rosidl_typesupport_cpp
[2.191s] [ 71%] Built target grab2_msgs__rosidl_typesupport_introspection_cpp
[2.301s] [ 81%] Built target grab2_msgs__rosidl_typesupport_fastrtps_cpp
[2.396s] [ 81%] Built target grab2_msgs
[2.496s] [ 82%] Built target grab2_msgs__py
[2.576s] [ 90%] Built target grab2_msgs__rosidl_generator_py
[2.697s] [ 93%] Built target grab2_msgs_s__rosidl_typesupport_fastrtps_c
[2.765s] [ 96%] Built target grab2_msgs_s__rosidl_typesupport_c
[2.877s] [100%] Built target grab2_msgs_s__rosidl_typesupport_introspection_c
[3.031s] Invoked command in '/Bt/build/grab2_msgs' returned '0': CMAKE_PREFIX_PATH=/Bt/install/btcpp_ros2_interfaces:/Bt/install/yolo_bringup:/Bt/install/yolo_msgs:/Bt/install/tiago_slam:/Bt/install/tiago_simulation:/Bt/install/tiago_sim:/Bt/install/tiago_robot:/Bt/install/tiago_navigation:/Bt/install/tiago_demos:/Bt/install/tiago_nav:/Bt/install/tiago_gazebo:/Bt/install/tiago_moveit_config:/Bt/install/tiago_2dnav:/Bt/install/tiago_laser_sensors:/Bt/install/tiago_grab:/Bt/install/tiago_bringup:/Bt/install/tiago_description:/Bt/install/tiago_controller_configuration:/Bt/install/tiago_behavior_tree:/Bt/install/tiago_aruco_broadcast:/Bt/install/ros2_aruco_interfaces:/Bt/install/pmb2_robot:/Bt/install/pmb2_rgbd_sensors:/Bt/install/pmb2_navigation:/Bt/install/pmb2_laser_sensors:/Bt/install/pmb2_bringup:/Bt/install/pmb2_description:/Bt/install/pmb2_controller_configuration:/Bt/install/pmb2_2dnav:/Bt/install/play_motion2:/Bt/install/play_motion2_msgs:/Bt/install/pal_hey5:/Bt/install/pal_hey5_description:/Bt/install/pal_gripper_simulation:/Bt/install/pal_gripper:/Bt/install/pal_gripper_description:/Bt/install/omni_base_robot:/Bt/install/omni_base_bringup:/Bt/install/omni_base_description:/Bt/install/pal_urdf_utils:/Bt/install/pal_robotiq_gripper:/Bt/install/pal_robotiq_description:/Bt/install/pal_robotiq_controller_configuration:/Bt/install/pal_maps:/Bt/install/pal_hey5_controller_configuration:/Bt/install/pal_gripper_controller_configuration:/Bt/install/omni_base_controller_configuration:/Bt/install/grab2_planner:/Bt/install/grab2_grasp_generator:/Bt/install/grab2_bt_grabber:/Bt/install/grab2_ros_common:/Bt/install/grab2_behavior_tree:/Bt/install/grab2_msgs:/Bt/install/grab2_controller:/Bt/install/btcpp_ros2_samples:/Bt/install/behaviortree_ros2:/opt/ros/jazzy/opt/gz_sim_vendor:/opt/ros/jazzy/opt/gz_sensors_vendor:/opt/ros/jazzy/opt/gz_physics_vendor:/opt/ros/jazzy/opt/sdformat_vendor:/opt/ros/jazzy/opt/gz_gui_vendor:/opt/ros/jazzy/opt/gz_transport_vendor:/opt/ros/jazzy/opt/gz_rendering_vendor:/opt/ros/jazzy/opt/gz_plugin_vendor:/opt/ros/jazzy/opt/gz_fuel_tools_vendor:/opt/ros/jazzy/opt/gz_msgs_vendor:/opt/ros/jazzy/opt/gz_common_vendor:/opt/ros/jazzy/opt/gz_math_vendor:/opt/ros/jazzy/opt/gz_utils_vendor:/opt/ros/jazzy/opt/gz_tools_vendor:/opt/ros/jazzy/opt/gz_ogre_next_vendor:/opt/ros/jazzy/opt/gz_dartsim_vendor:/opt/ros/jazzy/opt/gz_cmake_vendor:/Bt/install/yolo_ros:/Bt/install/ros2_aruco:/Bt/install/launch_pal:/Bt/install/grab2_curobo_planner:/opt/ros/jazzy LD_LIBRARY_PATH=/Bt/install/btcpp_ros2_interfaces/lib:/Bt/install/yolo_msgs/lib:/Bt/install/tiago_behavior_tree/lib:/Bt/install/ros2_aruco_interfaces/lib:/Bt/install/play_motion2/lib:/Bt/install/play_motion2_msgs/lib:/Bt/install/grab2_planner/lib:/Bt/install/grab2_grasp_generator/lib:/Bt/install/grab2_bt_grabber/lib:/Bt/install/grab2_behavior_tree/lib:/Bt/install/grab2_msgs/lib:/Bt/install/behaviortree_ros2/lib:/opt/ros/jazzy/opt/gz_sim_vendor/lib:/opt/ros/jazzy/opt/gz_sensors_vendor/lib:/opt/ros/jazzy/opt/gz_physics_vendor/lib:/opt/ros/jazzy/opt/sdformat_vendor/lib:/opt/ros/jazzy/opt/rviz_ogre_vendor/lib:/opt/ros/jazzy/lib/x86_64-linux-gnu:/opt/ros/jazzy/opt/gz_gui_vendor/lib:/opt/ros/jazzy/opt/gz_transport_vendor/lib:/opt/ros/jazzy/opt/gz_rendering_vendor/lib:/opt/ros/jazzy/opt/gz_plugin_vendor/lib:/opt/ros/jazzy/opt/gz_fuel_tools_vendor/lib:/opt/ros/jazzy/opt/gz_msgs_vendor/lib:/opt/ros/jazzy/opt/gz_common_vendor/lib:/opt/ros/jazzy/opt/gz_math_vendor/lib:/opt/ros/jazzy/opt/gz_utils_vendor/lib:/opt/ros/jazzy/opt/gz_tools_vendor/lib:/opt/ros/jazzy/opt/gz_ogre_next_vendor/lib:/opt/ros/jazzy/opt/gz_dartsim_vendor/lib:/opt/ros/jazzy/opt/gz_cmake_vendor/lib:/opt/ros/jazzy/lib PYTHONPATH=/Bt/install/btcpp_ros2_interfaces/lib/python3.12/site-packages:/Bt/install/yolo_ros/lib/python3.12/site-packages:/Bt/install/yolo_msgs/lib/python3.12/site-packages:/Bt/install/tiago_description/lib/python3.12/site-packages:/Bt/install/ros2_aruco_interfaces/lib/python3.12/site-packages:/Bt/install/ros2_aruco/lib/python3.12/site-packages:/Bt/install/pmb2_description/lib/python3.12/site-packages:/Bt/install/play_motion2_msgs/lib/python3.12/site-packages:/Bt/install/omni_base_description/lib/python3.12/site-packages:/Bt/install/launch_pal/lib/python3.12/site-packages:/Bt/install/grab2_curobo_planner/lib/python3.12/site-packages:/Bt/install/grab2_msgs/lib/python3.12/site-packages:/opt/ros/jazzy/lib/python3.12/site-packages /usr/bin/cmake --build /Bt/build/grab2_msgs -- -j8 -l8
[3.034s] Invoking command in '/Bt/build/grab2_msgs': CMAKE_PREFIX_PATH=/Bt/install/btcpp_ros2_interfaces:/Bt/install/yolo_bringup:/Bt/install/yolo_msgs:/Bt/install/tiago_slam:/Bt/install/tiago_simulation:/Bt/install/tiago_sim:/Bt/install/tiago_robot:/Bt/install/tiago_navigation:/Bt/install/tiago_demos:/Bt/install/tiago_nav:/Bt/install/tiago_gazebo:/Bt/install/tiago_moveit_config:/Bt/install/tiago_2dnav:/Bt/install/tiago_laser_sensors:/Bt/install/tiago_grab:/Bt/install/tiago_bringup:/Bt/install/tiago_description:/Bt/install/tiago_controller_configuration:/Bt/install/tiago_behavior_tree:/Bt/install/tiago_aruco_broadcast:/Bt/install/ros2_aruco_interfaces:/Bt/install/pmb2_robot:/Bt/install/pmb2_rgbd_sensors:/Bt/install/pmb2_navigation:/Bt/install/pmb2_laser_sensors:/Bt/install/pmb2_bringup:/Bt/install/pmb2_description:/Bt/install/pmb2_controller_configuration:/Bt/install/pmb2_2dnav:/Bt/install/play_motion2:/Bt/install/play_motion2_msgs:/Bt/install/pal_hey5:/Bt/install/pal_hey5_description:/Bt/install/pal_gripper_simulation:/Bt/install/pal_gripper:/Bt/install/pal_gripper_description:/Bt/install/omni_base_robot:/Bt/install/omni_base_bringup:/Bt/install/omni_base_description:/Bt/install/pal_urdf_utils:/Bt/install/pal_robotiq_gripper:/Bt/install/pal_robotiq_description:/Bt/install/pal_robotiq_controller_configuration:/Bt/install/pal_maps:/Bt/install/pal_hey5_controller_configuration:/Bt/install/pal_gripper_controller_configuration:/Bt/install/omni_base_controller_configuration:/Bt/install/grab2_planner:/Bt/install/grab2_grasp_generator:/Bt/install/grab2_bt_grabber:/Bt/install/grab2_ros_common:/Bt/install/grab2_behavior_tree:/Bt/install/grab2_msgs:/Bt/install/grab2_controller:/Bt/install/btcpp_ros2_samples:/Bt/install/behaviortree_ros2:/opt/ros/jazzy/opt/gz_sim_vendor:/opt/ros/jazzy/opt/gz_sensors_vendor:/opt/ros/jazzy/opt/gz_physics_vendor:/opt/ros/jazzy/opt/sdformat_vendor:/opt/ros/jazzy/opt/gz_gui_vendor:/opt/ros/jazzy/opt/gz_transport_vendor:/opt/ros/jazzy/opt/gz_rendering_vendor:/opt/ros/jazzy/opt/gz_plugin_vendor:/opt/ros/jazzy/opt/gz_fuel_tools_vendor:/opt/ros/jazzy/opt/gz_msgs_vendor:/opt/ros/jazzy/opt/gz_common_vendor:/opt/ros/jazzy/opt/gz_math_vendor:/opt/ros/jazzy/opt/gz_utils_vendor:/opt/ros/jazzy/opt/gz_tools_vendor:/opt/ros/jazzy/opt/gz_ogre_next_vendor:/opt/ros/jazzy/opt/gz_dartsim_vendor:/opt/ros/jazzy/opt/gz_cmake_vendor:/Bt/install/yolo_ros:/Bt/install/ros2_aruco:/Bt/install/launch_pal:/Bt/install/grab2_curobo_planner:/opt/ros/jazzy LD_LIBRARY_PATH=/Bt/install/btcpp_ros2_interfaces/lib:/Bt/install/yolo_msgs/lib:/Bt/install/tiago_behavior_tree/lib:/Bt/install/ros2_aruco_interfaces/lib:/Bt/install/play_motion2/lib:/Bt/install/play_motion2_msgs/lib:/Bt/install/grab2_planner/lib:/Bt/install/grab2_grasp_generator/lib:/Bt/install/grab2_bt_grabber/lib:/Bt/install/grab2_behavior_tree/lib:/Bt/install/grab2_msgs/lib:/Bt/install/behaviortree_ros2/lib:/opt/ros/jazzy/opt/gz_sim_vendor/lib:/opt/ros/jazzy/opt/gz_sensors_vendor/lib:/opt/ros/jazzy/opt/gz_physics_vendor/lib:/opt/ros/jazzy/opt/sdformat_vendor/lib:/opt/ros/jazzy/opt/rviz_ogre_vendor/lib:/opt/ros/jazzy/lib/x86_64-linux-gnu:/opt/ros/jazzy/opt/gz_gui_vendor/lib:/opt/ros/jazzy/opt/gz_transport_vendor/lib:/opt/ros/jazzy/opt/gz_rendering_vendor/lib:/opt/ros/jazzy/opt/gz_plugin_vendor/lib:/opt/ros/jazzy/opt/gz_fuel_tools_vendor/lib:/opt/ros/jazzy/opt/gz_msgs_vendor/lib:/opt/ros/jazzy/opt/gz_common_vendor/lib:/opt/ros/jazzy/opt/gz_math_vendor/lib:/opt/ros/jazzy/opt/gz_utils_vendor/lib:/opt/ros/jazzy/opt/gz_tools_vendor/lib:/opt/ros/jazzy/opt/gz_ogre_next_vendor/lib:/opt/ros/jazzy/opt/gz_dartsim_vendor/lib:/opt/ros/jazzy/opt/gz_cmake_vendor/lib:/opt/ros/jazzy/lib PYTHONPATH=/Bt/install/btcpp_ros2_interfaces/lib/python3.12/site-packages:/Bt/install/yolo_ros/lib/python3.12/site-packages:/Bt/install/yolo_msgs/lib/python3.12/site-packages:/Bt/install/tiago_description/lib/python3.12/site-packages:/Bt/install/ros2_aruco_interfaces/lib/python3.12/site-packages:/Bt/install/ros2_aruco/lib/python3.12/site-packages:/Bt/install/pmb2_description/lib/python3.12/site-packages:/Bt/install/play_motion2_msgs/lib/python3.12/site-packages:/Bt/install/omni_base_description/lib/python3.12/site-packages:/Bt/install/launch_pal/lib/python3.12/site-packages:/Bt/install/grab2_curobo_planner/lib/python3.12/site-packages:/Bt/install/grab2_msgs/lib/python3.12/site-packages:/opt/ros/jazzy/lib/python3.12/site-packages /usr/bin/cmake --install /Bt/build/grab2_msgs
[3.085s] -- Install configuration: ""
[3.085s] -- Up-to-date: /Bt/install/grab2_msgs/share/ament_index/resource_index/rosidl_interfaces/grab2_msgs
[3.085s] -- Up-to-date: /Bt/install/grab2_msgs/share/grab2_msgs/action/ComputePlanToTargetIK.json
[3.086s] -- Up-to-date: /Bt/install/grab2_msgs/share/grab2_msgs/action/ComputePlanThroughPoses.json
[3.086s] -- Up-to-date: /Bt/install/grab2_msgs/share/grab2_msgs/action/GetIsaacGrasp.json
[3.086s] -- Up-to-date: /Bt/install/grab2_msgs/share/grab2_msgs/action/ReachObject.json
[3.090s] -- Up-to-date: /Bt/install/grab2_msgs/include/grab2_msgs/grab2_msgs
[3.090s] -- Up-to-date: /Bt/install/grab2_msgs/include/grab2_msgs/grab2_msgs/action
[3.091s] -- Up-to-date: /Bt/install/grab2_msgs/include/grab2_msgs/grab2_msgs/action/reach_object.h
[3.092s] -- Up-to-date: /Bt/install/grab2_msgs/include/grab2_msgs/grab2_msgs/action/compute_plan_through_poses.h
[3.092s] -- Up-to-date: /Bt/install/grab2_msgs/include/grab2_msgs/grab2_msgs/action/compute_plan_to_target_ik.h
[3.092s] -- Up-to-date: /Bt/install/grab2_msgs/include/grab2_msgs/grab2_msgs/action/detail
[3.092s] -- Up-to-date: /Bt/install/grab2_msgs/include/grab2_msgs/grab2_msgs/action/detail/reach_object__struct.h
[3.092s] -- Installing: /Bt/install/grab2_msgs/include/grab2_msgs/grab2_msgs/action/detail/compute_plan_to_target_ik__type_support.c
[3.092s] -- Up-to-date: /Bt/install/grab2_msgs/include/grab2_msgs/grab2_msgs/action/detail/compute_plan_through_poses__functions.c
[3.092s] -- Up-to-date: /Bt/install/grab2_msgs/include/grab2_msgs/grab2_msgs/action/detail/compute_plan_to_target_ik__type_support.h
[3.093s] -- Up-to-date: /Bt/install/grab2_msgs/include/grab2_msgs/grab2_msgs/action/detail/get_isaac_grasp__type_support.h
[3.093s] -- Up-to-date: /Bt/install/grab2_msgs/include/grab2_msgs/grab2_msgs/action/detail/compute_plan_through_poses__type_support.h
[3.093s] -- Up-to-date: /Bt/install/grab2_msgs/include/grab2_msgs/grab2_msgs/action/detail/compute_plan_through_poses__functions.h
[3.093s] -- Up-to-date: /Bt/install/grab2_msgs/include/grab2_msgs/grab2_msgs/action/detail/get_isaac_grasp__description.c
[3.093s] -- Installing: /Bt/install/grab2_msgs/include/grab2_msgs/grab2_msgs/action/detail/compute_plan_through_poses__type_support.c
[3.093s] -- Up-to-date: /Bt/install/grab2_msgs/include/grab2_msgs/grab2_msgs/action/detail/compute_plan_to_target_ik__description.c
[3.093s] -- Up-to-date: /Bt/install/grab2_msgs/include/grab2_msgs/grab2_msgs/action/detail/reach_object__functions.h
[3.093s] -- Up-to-date: /Bt/install/grab2_msgs/include/grab2_msgs/grab2_msgs/action/detail/compute_plan_through_poses__description.c
[3.094s] -- Up-to-date: /Bt/install/grab2_msgs/include/grab2_msgs/grab2_msgs/action/detail/get_isaac_grasp__functions.h
[3.094s] -- Up-to-date: /Bt/install/grab2_msgs/include/grab2_msgs/grab2_msgs/action/detail/reach_object__functions.c
[3.094s] -- Up-to-date: /Bt/install/grab2_msgs/include/grab2_msgs/grab2_msgs/action/detail/get_isaac_grasp__functions.c
[3.094s] -- Up-to-date: /Bt/install/grab2_msgs/include/grab2_msgs/grab2_msgs/action/detail/get_isaac_grasp__struct.h
[3.094s] -- Up-to-date: /Bt/install/grab2_msgs/include/grab2_msgs/grab2_msgs/action/detail/compute_plan_through_poses__struct.h
[3.094s] -- Up-to-date: /Bt/install/grab2_msgs/include/grab2_msgs/grab2_msgs/action/detail/compute_plan_to_target_ik__functions.c
[3.094s] -- Up-to-date: /Bt/install/grab2_msgs/include/grab2_msgs/grab2_msgs/action/detail/compute_plan_to_target_ik__struct.h
[3.095s] -- Up-to-date: /Bt/install/grab2_msgs/include/grab2_msgs/grab2_msgs/action/detail/reach_object__type_support.h
[3.095s] -- Installing: /Bt/install/grab2_msgs/include/grab2_msgs/grab2_msgs/action/detail/reach_object__type_support.c
[3.095s] -- Up-to-date: /Bt/install/grab2_msgs/include/grab2_msgs/grab2_msgs/action/detail/compute_plan_to_target_ik__functions.h
[3.095s] -- Installing: /Bt/install/grab2_msgs/include/grab2_msgs/grab2_msgs/action/detail/get_isaac_grasp__type_support.c
[3.096s] -- Up-to-date: /Bt/install/grab2_msgs/include/grab2_msgs/grab2_msgs/action/detail/reach_object__description.c
[3.096s] -- Up-to-date: /Bt/install/grab2_msgs/include/grab2_msgs/grab2_msgs/action/get_isaac_grasp.h
[3.096s] -- Up-to-date: /Bt/install/grab2_msgs/include/grab2_msgs/grab2_msgs/msg
[3.148s] -- Up-to-date: /Bt/install/grab2_msgs/include/grab2_msgs/grab2_msgs/msg/rosidl_generator_c__visibility_control.h
[3.152s] -- Up-to-date: /Bt/install/grab2_msgs/share/grab2_msgs/environment/library_path.sh
[3.153s] -- Up-to-date: /Bt/install/grab2_msgs/share/grab2_msgs/environment/library_path.dsv
[3.162s] -- Up-to-date: /Bt/install/grab2_msgs/lib/libgrab2_msgs__rosidl_generator_c.so
[3.162s] -- Up-to-date: /Bt/install/grab2_msgs/include/grab2_msgs/grab2_msgs
[3.162s] -- Up-to-date: /Bt/install/grab2_msgs/include/grab2_msgs/grab2_msgs/action
[3.162s] -- Up-to-date: /Bt/install/grab2_msgs/include/grab2_msgs/grab2_msgs/action/detail
[3.163s] -- Up-to-date: /Bt/install/grab2_msgs/include/grab2_msgs/grab2_msgs/action/detail/get_isaac_grasp__rosidl_typesupport_fastrtps_c.h
[3.163s] -- Up-to-date: /Bt/install/grab2_msgs/include/grab2_msgs/grab2_msgs/action/detail/compute_plan_to_target_ik__rosidl_typesupport_fastrtps_c.h
[3.163s] -- Up-to-date: /Bt/install/grab2_msgs/include/grab2_msgs/grab2_msgs/action/detail/reach_object__rosidl_typesupport_fastrtps_c.h
[3.163s] -- Up-to-date: /Bt/install/grab2_msgs/include/grab2_msgs/grab2_msgs/action/detail/compute_plan_through_poses__rosidl_typesupport_fastrtps_c.h
[3.163s] -- Up-to-date: /Bt/install/grab2_msgs/include/grab2_msgs/grab2_msgs/msg
[3.164s] -- Up-to-date: /Bt/install/grab2_msgs/include/grab2_msgs/grab2_msgs/msg/rosidl_typesupport_fastrtps_c__visibility_control.h
[3.164s] -- Up-to-date: /Bt/install/grab2_msgs/lib/libgrab2_msgs__rosidl_typesupport_fastrtps_c.so
[3.164s] -- Up-to-date: /Bt/install/grab2_msgs/include/grab2_msgs/grab2_msgs
[3.164s] -- Up-to-date: /Bt/install/grab2_msgs/include/grab2_msgs/grab2_msgs/action
[3.164s] -- Up-to-date: /Bt/install/grab2_msgs/include/grab2_msgs/grab2_msgs/action/get_isaac_grasp.hpp
[3.164s] -- Up-to-date: /Bt/install/grab2_msgs/include/grab2_msgs/grab2_msgs/action/compute_plan_to_target_ik.hpp
[3.165s] -- Up-to-date: /Bt/install/grab2_msgs/include/grab2_msgs/grab2_msgs/action/reach_object.hpp
[3.165s] -- Up-to-date: /Bt/install/grab2_msgs/include/grab2_msgs/grab2_msgs/action/compute_plan_through_poses.hpp
[3.165s] -- Up-to-date: /Bt/install/grab2_msgs/include/grab2_msgs/grab2_msgs/action/detail
[3.165s] -- Up-to-date: /Bt/install/grab2_msgs/include/grab2_msgs/grab2_msgs/action/detail/compute_plan_to_target_ik__type_support.hpp
[3.165s] -- Up-to-date: /Bt/install/grab2_msgs/include/grab2_msgs/grab2_msgs/action/detail/compute_plan_through_poses__traits.hpp
[3.165s] -- Up-to-date: /Bt/install/grab2_msgs/include/grab2_msgs/grab2_msgs/action/detail/get_isaac_grasp__type_support.hpp
[3.165s] -- Up-to-date: /Bt/install/grab2_msgs/include/grab2_msgs/grab2_msgs/action/detail/compute_plan_through_poses__builder.hpp
[3.165s] -- Up-to-date: /Bt/install/grab2_msgs/include/grab2_msgs/grab2_msgs/action/detail/reach_object__builder.hpp
[3.170s] -- Up-to-date: /Bt/install/grab2_msgs/include/grab2_msgs/grab2_msgs/action/detail/compute_plan_to_target_ik__builder.hpp
[3.170s] -- Up-to-date: /Bt/install/grab2_msgs/include/grab2_msgs/grab2_msgs/action/detail/reach_object__traits.hpp
[3.170s] -- Up-to-date: /Bt/install/grab2_msgs/include/grab2_msgs/grab2_msgs/action/detail/get_isaac_grasp__traits.hpp
[3.170s] -- Up-to-date: /Bt/install/grab2_msgs/include/grab2_msgs/grab2_msgs/action/detail/compute_plan_through_poses__type_support.hpp
[3.170s] -- Up-to-date: /Bt/install/grab2_msgs/include/grab2_msgs/grab2_msgs/action/detail/compute_plan_to_target_ik__struct.hpp
[3.170s] -- Up-to-date: /Bt/install/grab2_msgs/include/grab2_msgs/grab2_msgs/action/detail/reach_object__type_support.hpp
[3.171s] -- Up-to-date: /Bt/install/grab2_msgs/include/grab2_msgs/grab2_msgs/action/detail/reach_object__struct.hpp
[3.171s] -- Up-to-date: /Bt/install/grab2_msgs/include/grab2_msgs/grab2_msgs/action/detail/compute_plan_through_poses__struct.hpp
[3.171s] -- Up-to-date: /Bt/install/grab2_msgs/include/grab2_msgs/grab2_msgs/action/detail/compute_plan_to_target_ik__traits.hpp
[3.171s] -- Up-to-date: /Bt/install/grab2_msgs/include/grab2_msgs/grab2_msgs/action/detail/get_isaac_grasp__struct.hpp
[3.171s] -- Up-to-date: /Bt/install/grab2_msgs/include/grab2_msgs/grab2_msgs/action/detail/get_isaac_grasp__builder.hpp
[3.171s] -- Up-to-date: /Bt/install/grab2_msgs/include/grab2_msgs/grab2_msgs/msg
[3.171s] -- Up-to-date: /Bt/install/grab2_msgs/include/grab2_msgs/grab2_msgs/msg/rosidl_generator_cpp__visibility_control.hpp
[3.177s] -- Up-to-date: /Bt/install/grab2_msgs/include/grab2_msgs/grab2_msgs
[3.177s] -- Up-to-date: /Bt/install/grab2_msgs/include/grab2_msgs/grab2_msgs/action
[3.177s] -- Up-to-date: /Bt/install/grab2_msgs/include/grab2_msgs/grab2_msgs/action/detail
[3.178s] -- Up-to-date: /Bt/install/grab2_msgs/include/grab2_msgs/grab2_msgs/action/detail/compute_plan_to_target_ik__rosidl_typesupport_fastrtps_cpp.hpp
[3.178s] -- Up-to-date: /Bt/install/grab2_msgs/include/grab2_msgs/grab2_msgs/action/detail/reach_object__rosidl_typesupport_fastrtps_cpp.hpp
[3.178s] -- Up-to-date: /Bt/install/grab2_msgs/include/grab2_msgs/grab2_msgs/action/detail/compute_plan_through_poses__rosidl_typesupport_fastrtps_cpp.hpp
[3.185s] -- Up-to-date: /Bt/install/grab2_msgs/include/grab2_msgs/grab2_msgs/action/detail/dds_fastrtps
[3.185s] -- Up-to-date: /Bt/install/grab2_msgs/include/grab2_msgs/grab2_msgs/action/detail/get_isaac_grasp__rosidl_typesupport_fastrtps_cpp.hpp
[3.185s] -- Up-to-date: /Bt/install/grab2_msgs/include/grab2_msgs/grab2_msgs/msg
[3.190s] -- Up-to-date: /Bt/install/grab2_msgs/include/grab2_msgs/grab2_msgs/msg/rosidl_typesupport_fastrtps_cpp__visibility_control.h
[3.190s] -- Up-to-date: /Bt/install/grab2_msgs/lib/libgrab2_msgs__rosidl_typesupport_fastrtps_cpp.so
[3.190s] -- Up-to-date: /Bt/install/grab2_msgs/include/grab2_msgs/grab2_msgs
[3.191s] -- Up-to-date: /Bt/install/grab2_msgs/include/grab2_msgs/grab2_msgs/action
[3.191s] -- Up-to-date: /Bt/install/grab2_msgs/include/grab2_msgs/grab2_msgs/action/detail
[3.191s] -- Up-to-date: /Bt/install/grab2_msgs/include/grab2_msgs/grab2_msgs/action/detail/get_isaac_grasp__rosidl_typesupport_introspection_c.h
[3.191s] -- Up-to-date: /Bt/install/grab2_msgs/include/grab2_msgs/grab2_msgs/action/detail/compute_plan_to_target_ik__rosidl_typesupport_introspection_c.h
[3.191s] -- Installing: /Bt/install/grab2_msgs/include/grab2_msgs/grab2_msgs/action/detail/compute_plan_to_target_ik__type_support.c
[3.191s] -- Up-to-date: /Bt/install/grab2_msgs/include/grab2_msgs/grab2_msgs/action/detail/reach_object__rosidl_typesupport_introspection_c.h
[3.191s] -- Installing: /Bt/install/grab2_msgs/include/grab2_msgs/grab2_msgs/action/detail/compute_plan_through_poses__type_support.c
[3.192s] -- Installing: /Bt/install/grab2_msgs/include/grab2_msgs/grab2_msgs/action/detail/reach_object__type_support.c
[3.192s] -- Installing: /Bt/install/grab2_msgs/include/grab2_msgs/grab2_msgs/action/detail/get_isaac_grasp__type_support.c
[3.193s] -- Up-to-date: /Bt/install/grab2_msgs/include/grab2_msgs/grab2_msgs/action/detail/compute_plan_through_poses__rosidl_typesupport_introspection_c.h
[3.195s] -- Up-to-date: /Bt/install/grab2_msgs/include/grab2_msgs/grab2_msgs/msg
[3.195s] -- Up-to-date: /Bt/install/grab2_msgs/include/grab2_msgs/grab2_msgs/msg/rosidl_typesupport_introspection_c__visibility_control.h
[3.195s] -- Up-to-date: /Bt/install/grab2_msgs/lib/libgrab2_msgs__rosidl_typesupport_introspection_c.so
[3.195s] -- Up-to-date: /Bt/install/grab2_msgs/lib/libgrab2_msgs__rosidl_typesupport_c.so
[3.195s] -- Up-to-date: /Bt/install/grab2_msgs/include/grab2_msgs/grab2_msgs
[3.196s] -- Up-to-date: /Bt/install/grab2_msgs/include/grab2_msgs/grab2_msgs/action
[3.197s] -- Up-to-date: /Bt/install/grab2_msgs/include/grab2_msgs/grab2_msgs/action/detail
[3.197s] -- Up-to-date: /Bt/install/grab2_msgs/include/grab2_msgs/grab2_msgs/action/detail/compute_plan_to_target_ik__type_support.cpp
[3.197s] -- Up-to-date: /Bt/install/grab2_msgs/include/grab2_msgs/grab2_msgs/action/detail/compute_plan_to_target_ik__rosidl_typesupport_introspection_cpp.hpp
[3.197s] -- Up-to-date: /Bt/install/grab2_msgs/include/grab2_msgs/grab2_msgs/action/detail/reach_object__type_support.cpp
[3.197s] -- Up-to-date: /Bt/install/grab2_msgs/include/grab2_msgs/grab2_msgs/action/detail/get_isaac_grasp__type_support.cpp
[3.197s] -- Up-to-date: /Bt/install/grab2_msgs/include/grab2_msgs/grab2_msgs/action/detail/get_isaac_grasp__rosidl_typesupport_introspection_cpp.hpp
[3.198s] -- Up-to-date: /Bt/install/grab2_msgs/include/grab2_msgs/grab2_msgs/action/detail/compute_plan_through_poses__type_support.cpp
[3.198s] -- Up-to-date: /Bt/install/grab2_msgs/include/grab2_msgs/grab2_msgs/action/detail/reach_object__rosidl_typesupport_introspection_cpp.hpp
[3.198s] -- Up-to-date: /Bt/install/grab2_msgs/include/grab2_msgs/grab2_msgs/action/detail/compute_plan_through_poses__rosidl_typesupport_introspection_cpp.hpp
[3.198s] -- Up-to-date: /Bt/install/grab2_msgs/lib/libgrab2_msgs__rosidl_typesupport_introspection_cpp.so
[3.198s] -- Up-to-date: /Bt/install/grab2_msgs/lib/libgrab2_msgs__rosidl_typesupport_cpp.so
[3.198s] -- Up-to-date: /Bt/install/grab2_msgs/share/grab2_msgs/environment/pythonpath.sh
[3.198s] -- Up-to-date: /Bt/install/grab2_msgs/share/grab2_msgs/environment/pythonpath.dsv
[3.199s] -- Up-to-date: /Bt/install/grab2_msgs/lib/python3.12/site-packages/grab2_msgs-0.0.0-py3.12.egg-info
[3.199s] -- Installing: /Bt/install/grab2_msgs/lib/python3.12/site-packages/grab2_msgs-0.0.0-py3.12.egg-info/top_level.txt
[3.199s] -- Installing: /Bt/install/grab2_msgs/lib/python3.12/site-packages/grab2_msgs-0.0.0-py3.12.egg-info/PKG-INFO
[3.199s] -- Installing: /Bt/install/grab2_msgs/lib/python3.12/site-packages/grab2_msgs-0.0.0-py3.12.egg-info/SOURCES.txt
[3.199s] -- Installing: /Bt/install/grab2_msgs/lib/python3.12/site-packages/grab2_msgs-0.0.0-py3.12.egg-info/dependency_links.txt
[3.201s] -- Up-to-date: /Bt/install/grab2_msgs/lib/python3.12/site-packages/grab2_msgs
[3.201s] -- Up-to-date: /Bt/install/grab2_msgs/lib/python3.12/site-packages/grab2_msgs/grab2_msgs_s__rosidl_typesupport_introspection_c.so
[3.201s] -- Up-to-date: /Bt/install/grab2_msgs/lib/python3.12/site-packages/grab2_msgs/__init__.py
[3.201s] -- Up-to-date: /Bt/install/grab2_msgs/lib/python3.12/site-packages/grab2_msgs/grab2_msgs_s__rosidl_typesupport_c.so
[3.202s] -- Up-to-date: /Bt/install/grab2_msgs/lib/python3.12/site-packages/grab2_msgs/_grab2_msgs_s.ep.rosidl_typesupport_fastrtps_c.c
[3.202s] -- Up-to-date: /Bt/install/grab2_msgs/lib/python3.12/site-packages/grab2_msgs/_grab2_msgs_s.ep.rosidl_typesupport_c.c
[3.202s] -- Up-to-date: /Bt/install/grab2_msgs/lib/python3.12/site-packages/grab2_msgs/action
[3.202s] -- Up-to-date: /Bt/install/grab2_msgs/lib/python3.12/site-packages/grab2_msgs/action/_compute_plan_through_poses.py
[3.202s] -- Up-to-date: /Bt/install/grab2_msgs/lib/python3.12/site-packages/grab2_msgs/action/__init__.py
[3.202s] -- Up-to-date: /Bt/install/grab2_msgs/lib/python3.12/site-packages/grab2_msgs/action/_reach_object_s.c
[3.203s] -- Up-to-date: /Bt/install/grab2_msgs/lib/python3.12/site-packages/grab2_msgs/action/_compute_plan_through_poses_s.c
[3.203s] -- Up-to-date: /Bt/install/grab2_msgs/lib/python3.12/site-packages/grab2_msgs/action/_get_isaac_grasp_s.c
[3.203s] -- Up-to-date: /Bt/install/grab2_msgs/lib/python3.12/site-packages/grab2_msgs/action/_compute_plan_to_target_ik.py
[3.203s] -- Up-to-date: /Bt/install/grab2_msgs/lib/python3.12/site-packages/grab2_msgs/action/_reach_object.py
[3.203s] -- Up-to-date: /Bt/install/grab2_msgs/lib/python3.12/site-packages/grab2_msgs/action/_get_isaac_grasp.py
[3.203s] -- Up-to-date: /Bt/install/grab2_msgs/lib/python3.12/site-packages/grab2_msgs/action/_compute_plan_to_target_ik_s.c
[3.204s] -- Up-to-date: /Bt/install/grab2_msgs/lib/python3.12/site-packages/grab2_msgs/grab2_msgs_s__rosidl_typesupport_fastrtps_c.so
[3.204s] -- Up-to-date: /Bt/install/grab2_msgs/lib/python3.12/site-packages/grab2_msgs/_grab2_msgs_s.ep.rosidl_typesupport_introspection_c.c
[3.295s] Listing '/Bt/install/grab2_msgs/lib/python3.12/site-packages/grab2_msgs'...
[3.295s] Listing '/Bt/install/grab2_msgs/lib/python3.12/site-packages/grab2_msgs/action'...
[3.323s] -- Up-to-date: /Bt/install/grab2_msgs/lib/python3.12/site-packages/grab2_msgs/grab2_msgs_s__rosidl_typesupport_fastrtps_c.so
[3.323s] -- Up-to-date: /Bt/install/grab2_msgs/lib/python3.12/site-packages/grab2_msgs/grab2_msgs_s__rosidl_typesupport_introspection_c.so
[3.325s] -- Up-to-date: /Bt/install/grab2_msgs/lib/python3.12/site-packages/grab2_msgs/grab2_msgs_s__rosidl_typesupport_c.so
[3.325s] -- Up-to-date: /Bt/install/grab2_msgs/lib/libgrab2_msgs__rosidl_generator_py.so
[3.325s] -- Up-to-date: /Bt/install/grab2_msgs/share/grab2_msgs/action/ComputePlanToTargetIK.idl
[3.327s] -- Up-to-date: /Bt/install/grab2_msgs/share/grab2_msgs/action/ComputePlanThroughPoses.idl
[3.330s] -- Up-to-date: /Bt/install/grab2_msgs/share/grab2_msgs/action/GetIsaacGrasp.idl
[3.330s] -- Up-to-date: /Bt/install/grab2_msgs/share/grab2_msgs/action/ReachObject.idl
[3.331s] -- Up-to-date: /Bt/install/grab2_msgs/share/grab2_msgs/action/ComputePlanToTargetIK.action
[3.331s] -- Up-to-date: /Bt/install/grab2_msgs/share/grab2_msgs/action/ComputePlanThroughPoses.action
[3.331s] -- Up-to-date: /Bt/install/grab2_msgs/share/grab2_msgs/action/GetIsaacGrasp.action
[3.331s] -- Up-to-date: /Bt/install/grab2_msgs/share/grab2_msgs/action/ReachObject.action
[3.332s] -- Up-to-date: /Bt/install/grab2_msgs/share/ament_index/resource_index/package_run_dependencies/grab2_msgs
[3.332s] -- Up-to-date: /Bt/install/grab2_msgs/share/ament_index/resource_index/parent_prefix_path/grab2_msgs
[3.332s] -- Up-to-date: /Bt/install/grab2_msgs/share/grab2_msgs/environment/ament_prefix_path.sh
[3.332s] -- Up-to-date: /Bt/install/grab2_msgs/share/grab2_msgs/environment/ament_prefix_path.dsv
[3.332s] -- Up-to-date: /Bt/install/grab2_msgs/share/grab2_msgs/environment/path.sh
[3.332s] -- Up-to-date: /Bt/install/grab2_msgs/share/grab2_msgs/environment/path.dsv
[3.332s] -- Up-to-date: /Bt/install/grab2_msgs/share/grab2_msgs/local_setup.bash
[3.333s] -- Up-to-date: /Bt/install/grab2_msgs/share/grab2_msgs/local_setup.sh
[3.339s] -- Up-to-date: /Bt/install/grab2_msgs/share/grab2_msgs/local_setup.zsh
[3.341s] -- Up-to-date: /Bt/install/grab2_msgs/share/grab2_msgs/local_setup.dsv
[3.341s] -- Installing: /Bt/install/grab2_msgs/share/grab2_msgs/package.dsv
[3.341s] -- Up-to-date: /Bt/install/grab2_msgs/share/ament_index/resource_index/packages/grab2_msgs
[3.342s] -- Up-to-date: /Bt/install/grab2_msgs/share/grab2_msgs/cmake/export_grab2_msgs__rosidl_generator_cExport.cmake
[3.343s] -- Up-to-date: /Bt/install/grab2_msgs/share/grab2_msgs/cmake/export_grab2_msgs__rosidl_generator_cExport-noconfig.cmake
[3.347s] -- Up-to-date: /Bt/install/grab2_msgs/share/grab2_msgs/cmake/export_grab2_msgs__rosidl_typesupport_fastrtps_cExport.cmake
[3.354s] -- Up-to-date: /Bt/install/grab2_msgs/share/grab2_msgs/cmake/export_grab2_msgs__rosidl_typesupport_fastrtps_cExport-noconfig.cmake
[3.375s] -- Up-to-date: /Bt/install/grab2_msgs/share/grab2_msgs/cmake/export_grab2_msgs__rosidl_generator_cppExport.cmake
[3.375s] -- Up-to-date: /Bt/install/grab2_msgs/share/grab2_msgs/cmake/export_grab2_msgs__rosidl_typesupport_fastrtps_cppExport.cmake
[3.375s] -- Up-to-date: /Bt/install/grab2_msgs/share/grab2_msgs/cmake/export_grab2_msgs__rosidl_typesupport_fastrtps_cppExport-noconfig.cmake
[3.375s] -- Up-to-date: /Bt/install/grab2_msgs/share/grab2_msgs/cmake/grab2_msgs__rosidl_typesupport_introspection_cExport.cmake
[3.375s] -- Up-to-date: /Bt/install/grab2_msgs/share/grab2_msgs/cmake/grab2_msgs__rosidl_typesupport_introspection_cExport-noconfig.cmake
[3.376s] -- Up-to-date: /Bt/install/grab2_msgs/share/grab2_msgs/cmake/grab2_msgs__rosidl_typesupport_cExport.cmake
[3.379s] -- Up-to-date: /Bt/install/grab2_msgs/share/grab2_msgs/cmake/grab2_msgs__rosidl_typesupport_cExport-noconfig.cmake
[3.380s] -- Up-to-date: /Bt/install/grab2_msgs/share/grab2_msgs/cmake/grab2_msgs__rosidl_typesupport_introspection_cppExport.cmake
[3.380s] -- Up-to-date: /Bt/install/grab2_msgs/share/grab2_msgs/cmake/grab2_msgs__rosidl_typesupport_introspection_cppExport-noconfig.cmake
[3.380s] -- Up-to-date: /Bt/install/grab2_msgs/share/grab2_msgs/cmake/grab2_msgs__rosidl_typesupport_cppExport.cmake
[3.381s] -- Up-to-date: /Bt/install/grab2_msgs/share/grab2_msgs/cmake/grab2_msgs__rosidl_typesupport_cppExport-noconfig.cmake
[3.381s] -- Up-to-date: /Bt/install/grab2_msgs/share/grab2_msgs/cmake/export_grab2_msgs__rosidl_generator_pyExport.cmake
[3.381s] -- Up-to-date: /Bt/install/grab2_msgs/share/grab2_msgs/cmake/export_grab2_msgs__rosidl_generator_pyExport-noconfig.cmake
[3.381s] -- Up-to-date: /Bt/install/grab2_msgs/share/grab2_msgs/cmake/rosidl_cmake-extras.cmake
[3.381s] -- Up-to-date: /Bt/install/grab2_msgs/share/grab2_msgs/cmake/ament_cmake_export_dependencies-extras.cmake
[3.381s] -- Up-to-date: /Bt/install/grab2_msgs/share/grab2_msgs/cmake/ament_cmake_export_include_directories-extras.cmake
[3.381s] -- Up-to-date: /Bt/install/grab2_msgs/share/grab2_msgs/cmake/ament_cmake_export_libraries-extras.cmake
[3.382s] -- Up-to-date: /Bt/install/grab2_msgs/share/grab2_msgs/cmake/ament_cmake_export_targets-extras.cmake
[3.386s] -- Up-to-date: /Bt/install/grab2_msgs/share/grab2_msgs/cmake/rosidl_cmake_export_typesupport_targets-extras.cmake
[3.386s] -- Up-to-date: /Bt/install/grab2_msgs/share/grab2_msgs/cmake/rosidl_cmake_export_typesupport_libraries-extras.cmake
[3.386s] -- Up-to-date: /Bt/install/grab2_msgs/share/grab2_msgs/cmake/grab2_msgsConfig.cmake
[3.386s] -- Up-to-date: /Bt/install/grab2_msgs/share/grab2_msgs/cmake/grab2_msgsConfig-version.cmake
[3.386s] -- Up-to-date: /Bt/install/grab2_msgs/share/grab2_msgs/package.xml
[3.448s] Invoked command in '/Bt/build/grab2_msgs' returned '0': CMAKE_PREFIX_PATH=/Bt/install/btcpp_ros2_interfaces:/Bt/install/yolo_bringup:/Bt/install/yolo_msgs:/Bt/install/tiago_slam:/Bt/install/tiago_simulation:/Bt/install/tiago_sim:/Bt/install/tiago_robot:/Bt/install/tiago_navigation:/Bt/install/tiago_demos:/Bt/install/tiago_nav:/Bt/install/tiago_gazebo:/Bt/install/tiago_moveit_config:/Bt/install/tiago_2dnav:/Bt/install/tiago_laser_sensors:/Bt/install/tiago_grab:/Bt/install/tiago_bringup:/Bt/install/tiago_description:/Bt/install/tiago_controller_configuration:/Bt/install/tiago_behavior_tree:/Bt/install/tiago_aruco_broadcast:/Bt/install/ros2_aruco_interfaces:/Bt/install/pmb2_robot:/Bt/install/pmb2_rgbd_sensors:/Bt/install/pmb2_navigation:/Bt/install/pmb2_laser_sensors:/Bt/install/pmb2_bringup:/Bt/install/pmb2_description:/Bt/install/pmb2_controller_configuration:/Bt/install/pmb2_2dnav:/Bt/install/play_motion2:/Bt/install/play_motion2_msgs:/Bt/install/pal_hey5:/Bt/install/pal_hey5_description:/Bt/install/pal_gripper_simulation:/Bt/install/pal_gripper:/Bt/install/pal_gripper_description:/Bt/install/omni_base_robot:/Bt/install/omni_base_bringup:/Bt/install/omni_base_description:/Bt/install/pal_urdf_utils:/Bt/install/pal_robotiq_gripper:/Bt/install/pal_robotiq_description:/Bt/install/pal_robotiq_controller_configuration:/Bt/install/pal_maps:/Bt/install/pal_hey5_controller_configuration:/Bt/install/pal_gripper_controller_configuration:/Bt/install/omni_base_controller_configuration:/Bt/install/grab2_planner:/Bt/install/grab2_grasp_generator:/Bt/install/grab2_bt_grabber:/Bt/install/grab2_ros_common:/Bt/install/grab2_behavior_tree:/Bt/install/grab2_msgs:/Bt/install/grab2_controller:/Bt/install/btcpp_ros2_samples:/Bt/install/behaviortree_ros2:/opt/ros/jazzy/opt/gz_sim_vendor:/opt/ros/jazzy/opt/gz_sensors_vendor:/opt/ros/jazzy/opt/gz_physics_vendor:/opt/ros/jazzy/opt/sdformat_vendor:/opt/ros/jazzy/opt/gz_gui_vendor:/opt/ros/jazzy/opt/gz_transport_vendor:/opt/ros/jazzy/opt/gz_rendering_vendor:/opt/ros/jazzy/opt/gz_plugin_vendor:/opt/ros/jazzy/opt/gz_fuel_tools_vendor:/opt/ros/jazzy/opt/gz_msgs_vendor:/opt/ros/jazzy/opt/gz_common_vendor:/opt/ros/jazzy/opt/gz_math_vendor:/opt/ros/jazzy/opt/gz_utils_vendor:/opt/ros/jazzy/opt/gz_tools_vendor:/opt/ros/jazzy/opt/gz_ogre_next_vendor:/opt/ros/jazzy/opt/gz_dartsim_vendor:/opt/ros/jazzy/opt/gz_cmake_vendor:/Bt/install/yolo_ros:/Bt/install/ros2_aruco:/Bt/install/launch_pal:/Bt/install/grab2_curobo_planner:/opt/ros/jazzy LD_LIBRARY_PATH=/Bt/install/btcpp_ros2_interfaces/lib:/Bt/install/yolo_msgs/lib:/Bt/install/tiago_behavior_tree/lib:/Bt/install/ros2_aruco_interfaces/lib:/Bt/install/play_motion2/lib:/Bt/install/play_motion2_msgs/lib:/Bt/install/grab2_planner/lib:/Bt/install/grab2_grasp_generator/lib:/Bt/install/grab2_bt_grabber/lib:/Bt/install/grab2_behavior_tree/lib:/Bt/install/grab2_msgs/lib:/Bt/install/behaviortree_ros2/lib:/opt/ros/jazzy/opt/gz_sim_vendor/lib:/opt/ros/jazzy/opt/gz_sensors_vendor/lib:/opt/ros/jazzy/opt/gz_physics_vendor/lib:/opt/ros/jazzy/opt/sdformat_vendor/lib:/opt/ros/jazzy/opt/rviz_ogre_vendor/lib:/opt/ros/jazzy/lib/x86_64-linux-gnu:/opt/ros/jazzy/opt/gz_gui_vendor/lib:/opt/ros/jazzy/opt/gz_transport_vendor/lib:/opt/ros/jazzy/opt/gz_rendering_vendor/lib:/opt/ros/jazzy/opt/gz_plugin_vendor/lib:/opt/ros/jazzy/opt/gz_fuel_tools_vendor/lib:/opt/ros/jazzy/opt/gz_msgs_vendor/lib:/opt/ros/jazzy/opt/gz_common_vendor/lib:/opt/ros/jazzy/opt/gz_math_vendor/lib:/opt/ros/jazzy/opt/gz_utils_vendor/lib:/opt/ros/jazzy/opt/gz_tools_vendor/lib:/opt/ros/jazzy/opt/gz_ogre_next_vendor/lib:/opt/ros/jazzy/opt/gz_dartsim_vendor/lib:/opt/ros/jazzy/opt/gz_cmake_vendor/lib:/opt/ros/jazzy/lib PYTHONPATH=/Bt/install/btcpp_ros2_interfaces/lib/python3.12/site-packages:/Bt/install/yolo_ros/lib/python3.12/site-packages:/Bt/install/yolo_msgs/lib/python3.12/site-packages:/Bt/install/tiago_description/lib/python3.12/site-packages:/Bt/install/ros2_aruco_interfaces/lib/python3.12/site-packages:/Bt/install/ros2_aruco/lib/python3.12/site-packages:/Bt/install/pmb2_description/lib/python3.12/site-packages:/Bt/install/play_motion2_msgs/lib/python3.12/site-packages:/Bt/install/omni_base_description/lib/python3.12/site-packages:/Bt/install/launch_pal/lib/python3.12/site-packages:/Bt/install/grab2_curobo_planner/lib/python3.12/site-packages:/Bt/install/grab2_msgs/lib/python3.12/site-packages:/opt/ros/jazzy/lib/python3.12/site-packages /usr/bin/cmake --install /Bt/build/grab2_msgs
