-- The C compiler identification is GNU 13.3.0
-- The CXX compiler identification is GNU 13.3.0
-- Detecting C compiler ABI info
-- Detecting C compiler ABI info - done
-- Check for working C compiler: /usr/bin/cc - skipped
-- Detecting C compile features
-- Detecting C compile features - done
-- Detecting CXX compiler ABI info
-- Detecting CXX compiler ABI info - done
-- Check for working CXX compiler: /usr/bin/c++ - skipped
-- Detecting CXX compile features
-- Detecting CXX compile features - done
-- Found ament_cmake: 2.5.4 (/opt/ros/jazzy/share/ament_cmake/cmake)
-- Found Python3: /usr/bin/python3 (found version "3.12.3") found components: Interpreter 
-- Found builtin_interfaces: 2.0.3 (/opt/ros/jazzy/share/builtin_interfaces/cmake)
-- Found rosidl_generator_c: 4.6.6 (/opt/ros/jazzy/share/rosidl_generator_c/cmake)
-- Found rosidl_generator_cpp: 4.6.6 (/opt/ros/jazzy/share/rosidl_generator_cpp/cmake)
-- Using all available rosidl_typesupport_c: rosidl_typesupport_fastrtps_c;rosidl_typesupport_introspection_c
-- Using all available rosidl_typesupport_cpp: rosidl_typesupport_fastrtps_cpp;rosidl_typesupport_introspection_cpp
-- Found action_msgs: 2.0.3 (/opt/ros/jazzy/share/action_msgs/cmake)
-- Found std_msgs: 5.3.6 (/opt/ros/jazzy/share/std_msgs/cmake)
-- Found control_msgs: 5.5.0 (/opt/ros/jazzy/share/control_msgs/cmake)
-- Found moveit_msgs: 2.6.0 (/opt/ros/jazzy/share/moveit_msgs/cmake)
-- Found btcpp_ros2_interfaces: 0.3.0 (/Bt/install/btcpp_ros2_interfaces/share/btcpp_ros2_interfaces/cmake)
-- Found rosidl_default_generators: 1.6.0 (/opt/ros/jazzy/share/rosidl_default_generators/cmake)
-- Found rosidl_adapter: 4.6.6 (/opt/ros/jazzy/share/rosidl_adapter/cmake)
-- Found ament_cmake_ros: 0.12.0 (/opt/ros/jazzy/share/ament_cmake_ros/cmake)
-- Using all available rosidl_typesupport_c: rosidl_typesupport_fastrtps_c;rosidl_typesupport_introspection_c
-- Using all available rosidl_typesupport_cpp: rosidl_typesupport_fastrtps_cpp;rosidl_typesupport_introspection_cpp
-- Found python_cmake_module: 0.11.1 (/opt/ros/jazzy/share/python_cmake_module/cmake)
-- Found PythonExtra: /usr/bin/python3  
-- Found Python3: /usr/bin/python3 (found version "3.12.3") found components: Interpreter Development NumPy Development.Module Development.Embed 
-- Configuring done (6.0s)
-- Generating done (0.1s)
-- Build files have been written to: /Bt/build/grab2_msgs
[  1%] [34m[1mGenerating type hashes for ROS interfaces[0m
[  1%] Built target grab2_msgs__rosidl_generator_type_description
[  1%] Built target ament_cmake_python_copy_grab2_msgs
[  3%] [34m[1mGenerating C code for ROS interfaces[0m
[  4%] [32mBuilding C object CMakeFiles/grab2_msgs__rosidl_generator_c.dir/rosidl_generator_c/grab2_msgs/action/detail/compute_plan_to_target_ik__description.c.o[0m
[  6%] [32mBuilding C object CMakeFiles/grab2_msgs__rosidl_generator_c.dir/rosidl_generator_c/grab2_msgs/action/detail/compute_plan_through_poses__type_support.c.o[0m
[  7%] [32mBuilding C object CMakeFiles/grab2_msgs__rosidl_generator_c.dir/rosidl_generator_c/grab2_msgs/action/detail/get_isaac_grasp__description.c.o[0m
[  9%] [32mBuilding C object CMakeFiles/grab2_msgs__rosidl_generator_c.dir/rosidl_generator_c/grab2_msgs/action/detail/get_isaac_grasp__functions.c.o[0m
[ 10%] [32mBuilding C object CMakeFiles/grab2_msgs__rosidl_generator_c.dir/rosidl_generator_c/grab2_msgs/action/detail/get_isaac_grasp__type_support.c.o[0m
[ 12%] [32mBuilding C object CMakeFiles/grab2_msgs__rosidl_generator_c.dir/rosidl_generator_c/grab2_msgs/action/detail/reach_object__description.c.o[0m
[ 14%] [32mBuilding C object CMakeFiles/grab2_msgs__rosidl_generator_c.dir/rosidl_generator_c/grab2_msgs/action/detail/reach_object__functions.c.o[0m
[ 15%] [32mBuilding C object CMakeFiles/grab2_msgs__rosidl_generator_c.dir/rosidl_generator_c/grab2_msgs/action/detail/reach_object__type_support.c.o[0m
[ 17%] [32mBuilding C object CMakeFiles/grab2_msgs__rosidl_generator_c.dir/rosidl_generator_c/grab2_msgs/action/detail/compute_plan_through_poses__functions.c.o[0m
[ 18%] [32mBuilding C object CMakeFiles/grab2_msgs__rosidl_generator_c.dir/rosidl_generator_c/grab2_msgs/action/detail/compute_plan_through_poses__description.c.o[0m
[ 20%] [32mBuilding C object CMakeFiles/grab2_msgs__rosidl_generator_c.dir/rosidl_generator_c/grab2_msgs/action/detail/compute_plan_to_target_ik__type_support.c.o[0m
[ 21%] [32mBuilding C object CMakeFiles/grab2_msgs__rosidl_generator_c.dir/rosidl_generator_c/grab2_msgs/action/detail/compute_plan_to_target_ik__functions.c.o[0m
[ 23%] [32m[1mLinking C shared library libgrab2_msgs__rosidl_generator_c.so[0m
[ 23%] Built target grab2_msgs__rosidl_generator_c
running egg_info
creating grab2_msgs.egg-info
writing grab2_msgs.egg-info/PKG-INFO
writing dependency_links to grab2_msgs.egg-info/dependency_links.txt
writing top-level names to grab2_msgs.egg-info/top_level.txt
writing manifest file 'grab2_msgs.egg-info/SOURCES.txt'
reading manifest file 'grab2_msgs.egg-info/SOURCES.txt'
writing manifest file 'grab2_msgs.egg-info/SOURCES.txt'
[ 23%] Built target ament_cmake_python_build_grab2_msgs_egg
[ 25%] [34m[1mGenerating C type support dispatch for ROS interfaces[0m
[ 26%] [32mBuilding CXX object CMakeFiles/grab2_msgs__rosidl_typesupport_c.dir/rosidl_typesupport_c/grab2_msgs/action/compute_plan_to_target_ik__type_support.cpp.o[0m
[ 28%] [32mBuilding CXX object CMakeFiles/grab2_msgs__rosidl_typesupport_c.dir/rosidl_typesupport_c/grab2_msgs/action/reach_object__type_support.cpp.o[0m
[ 29%] [32mBuilding CXX object CMakeFiles/grab2_msgs__rosidl_typesupport_c.dir/rosidl_typesupport_c/grab2_msgs/action/get_isaac_grasp__type_support.cpp.o[0m
[ 31%] [32mBuilding CXX object CMakeFiles/grab2_msgs__rosidl_typesupport_c.dir/rosidl_typesupport_c/grab2_msgs/action/compute_plan_through_poses__type_support.cpp.o[0m
[ 32%] [32m[1mLinking CXX shared library libgrab2_msgs__rosidl_typesupport_c.so[0m
[ 32%] Built target grab2_msgs__rosidl_typesupport_c
[ 34%] [34m[1mGenerating C introspection for ROS interfaces[0m
[ 35%] [32mBuilding C object CMakeFiles/grab2_msgs__rosidl_typesupport_introspection_c.dir/rosidl_typesupport_introspection_c/grab2_msgs/action/detail/compute_plan_to_target_ik__type_support.c.o[0m
[ 37%] [32mBuilding C object CMakeFiles/grab2_msgs__rosidl_typesupport_introspection_c.dir/rosidl_typesupport_introspection_c/grab2_msgs/action/detail/reach_object__type_support.c.o[0m
[ 39%] [32mBuilding C object CMakeFiles/grab2_msgs__rosidl_typesupport_introspection_c.dir/rosidl_typesupport_introspection_c/grab2_msgs/action/detail/get_isaac_grasp__type_support.c.o[0m
[ 40%] [32mBuilding C object CMakeFiles/grab2_msgs__rosidl_typesupport_introspection_c.dir/rosidl_typesupport_introspection_c/grab2_msgs/action/detail/compute_plan_through_poses__type_support.c.o[0m
[ 42%] [32m[1mLinking C shared library libgrab2_msgs__rosidl_typesupport_introspection_c.so[0m
[ 42%] Built target grab2_msgs__rosidl_typesupport_introspection_c
[ 43%] [34m[1mGenerating C type support for eProsima Fast-RTPS[0m
[ 45%] [32mBuilding CXX object CMakeFiles/grab2_msgs__rosidl_typesupport_fastrtps_c.dir/rosidl_typesupport_fastrtps_c/grab2_msgs/action/detail/compute_plan_to_target_ik__type_support_c.cpp.o[0m
[ 46%] [32mBuilding CXX object CMakeFiles/grab2_msgs__rosidl_typesupport_fastrtps_c.dir/rosidl_typesupport_fastrtps_c/grab2_msgs/action/detail/reach_object__type_support_c.cpp.o[0m
[ 48%] [32mBuilding CXX object CMakeFiles/grab2_msgs__rosidl_typesupport_fastrtps_c.dir/rosidl_typesupport_fastrtps_c/grab2_msgs/action/detail/get_isaac_grasp__type_support_c.cpp.o[0m
[ 50%] [32mBuilding CXX object CMakeFiles/grab2_msgs__rosidl_typesupport_fastrtps_c.dir/rosidl_typesupport_fastrtps_c/grab2_msgs/action/detail/compute_plan_through_poses__type_support_c.cpp.o[0m
[ 51%] [32m[1mLinking CXX shared library libgrab2_msgs__rosidl_typesupport_fastrtps_c.so[0m
[ 51%] Built target grab2_msgs__rosidl_typesupport_fastrtps_c
[ 53%] [34m[1mGenerating C++ code for ROS interfaces[0m
[ 53%] Built target grab2_msgs__cpp
[ 54%] [34m[1mGenerating C++ type support dispatch for ROS interfaces[0m
[ 56%] [32mBuilding CXX object CMakeFiles/grab2_msgs__rosidl_typesupport_cpp.dir/rosidl_typesupport_cpp/grab2_msgs/action/compute_plan_to_target_ik__type_support.cpp.o[0m
[ 57%] [32mBuilding CXX object CMakeFiles/grab2_msgs__rosidl_typesupport_cpp.dir/rosidl_typesupport_cpp/grab2_msgs/action/compute_plan_through_poses__type_support.cpp.o[0m
[ 60%] [32mBuilding CXX object CMakeFiles/grab2_msgs__rosidl_typesupport_cpp.dir/rosidl_typesupport_cpp/grab2_msgs/action/get_isaac_grasp__type_support.cpp.o[0m
[ 60%] [32mBuilding CXX object CMakeFiles/grab2_msgs__rosidl_typesupport_cpp.dir/rosidl_typesupport_cpp/grab2_msgs/action/reach_object__type_support.cpp.o[0m
[ 62%] [32m[1mLinking CXX shared library libgrab2_msgs__rosidl_typesupport_cpp.so[0m
[ 62%] Built target grab2_msgs__rosidl_typesupport_cpp
[ 65%] [34m[1mGenerating C++ type support for eProsima Fast-RTPS[0m
[ 65%] [34m[1mGenerating C++ introspection for ROS interfaces[0m
[ 67%] [32mBuilding CXX object CMakeFiles/grab2_msgs__rosidl_typesupport_introspection_cpp.dir/rosidl_typesupport_introspection_cpp/grab2_msgs/action/detail/compute_plan_through_poses__type_support.cpp.o[0m
[ 68%] [32mBuilding CXX object CMakeFiles/grab2_msgs__rosidl_typesupport_introspection_cpp.dir/rosidl_typesupport_introspection_cpp/grab2_msgs/action/detail/compute_plan_to_target_ik__type_support.cpp.o[0m
[ 70%] [32mBuilding CXX object CMakeFiles/grab2_msgs__rosidl_typesupport_introspection_cpp.dir/rosidl_typesupport_introspection_cpp/grab2_msgs/action/detail/get_isaac_grasp__type_support.cpp.o[0m
[ 71%] [32mBuilding CXX object CMakeFiles/grab2_msgs__rosidl_typesupport_fastrtps_cpp.dir/rosidl_typesupport_fastrtps_cpp/grab2_msgs/action/detail/dds_fastrtps/get_isaac_grasp__type_support.cpp.o[0m
[ 73%] [32mBuilding CXX object CMakeFiles/grab2_msgs__rosidl_typesupport_fastrtps_cpp.dir/rosidl_typesupport_fastrtps_cpp/grab2_msgs/action/detail/dds_fastrtps/compute_plan_to_target_ik__type_support.cpp.o[0m
[ 75%] [32mBuilding CXX object CMakeFiles/grab2_msgs__rosidl_typesupport_fastrtps_cpp.dir/rosidl_typesupport_fastrtps_cpp/grab2_msgs/action/detail/dds_fastrtps/compute_plan_through_poses__type_support.cpp.o[0m
[ 76%] [32mBuilding CXX object CMakeFiles/grab2_msgs__rosidl_typesupport_introspection_cpp.dir/rosidl_typesupport_introspection_cpp/grab2_msgs/action/detail/reach_object__type_support.cpp.o[0m
[ 78%] [32m[1mLinking CXX shared library libgrab2_msgs__rosidl_typesupport_introspection_cpp.so[0m
[ 79%] [32mBuilding CXX object CMakeFiles/grab2_msgs__rosidl_typesupport_fastrtps_cpp.dir/rosidl_typesupport_fastrtps_cpp/grab2_msgs/action/detail/dds_fastrtps/reach_object__type_support.cpp.o[0m
[ 79%] Built target grab2_msgs__rosidl_typesupport_introspection_cpp
[ 81%] [32m[1mLinking CXX shared library libgrab2_msgs__rosidl_typesupport_fastrtps_cpp.so[0m
[ 81%] Built target grab2_msgs__rosidl_typesupport_fastrtps_cpp
[ 81%] Built target grab2_msgs
[ 82%] [34m[1mGenerating Python code for ROS interfaces[0m
[ 82%] Built target grab2_msgs__py
[ 85%] [32mBuilding C object CMakeFiles/grab2_msgs__rosidl_generator_py.dir/rosidl_generator_py/grab2_msgs/action/_get_isaac_grasp_s.c.o[0m
[ 85%] [32mBuilding C object CMakeFiles/grab2_msgs__rosidl_generator_py.dir/rosidl_generator_py/grab2_msgs/action/_compute_plan_through_poses_s.c.o[0m
[ 87%] [32mBuilding C object CMakeFiles/grab2_msgs__rosidl_generator_py.dir/rosidl_generator_py/grab2_msgs/action/_compute_plan_to_target_ik_s.c.o[0m
[ 89%] [32mBuilding C object CMakeFiles/grab2_msgs__rosidl_generator_py.dir/rosidl_generator_py/grab2_msgs/action/_reach_object_s.c.o[0m
[ 90%] [32m[1mLinking C shared library libgrab2_msgs__rosidl_generator_py.so[0m
[ 90%] Built target grab2_msgs__rosidl_generator_py
[ 92%] [32mBuilding C object CMakeFiles/grab2_msgs_s__rosidl_typesupport_c.dir/rosidl_generator_py/grab2_msgs/_grab2_msgs_s.ep.rosidl_typesupport_c.c.o[0m
[ 93%] [32mBuilding C object CMakeFiles/grab2_msgs_s__rosidl_typesupport_fastrtps_c.dir/rosidl_generator_py/grab2_msgs/_grab2_msgs_s.ep.rosidl_typesupport_fastrtps_c.c.o[0m
[ 95%] [32mBuilding C object CMakeFiles/grab2_msgs_s__rosidl_typesupport_introspection_c.dir/rosidl_generator_py/grab2_msgs/_grab2_msgs_s.ep.rosidl_typesupport_introspection_c.c.o[0m
[ 96%] [32m[1mLinking C shared module rosidl_generator_py/grab2_msgs/grab2_msgs_s__rosidl_typesupport_introspection_c.so[0m
[ 98%] [32m[1mLinking C shared module rosidl_generator_py/grab2_msgs/grab2_msgs_s__rosidl_typesupport_fastrtps_c.so[0m
[ 98%] Built target grab2_msgs_s__rosidl_typesupport_introspection_c
[ 98%] Built target grab2_msgs_s__rosidl_typesupport_fastrtps_c
[100%] [32m[1mLinking C shared module rosidl_generator_py/grab2_msgs/grab2_msgs_s__rosidl_typesupport_c.so[0m
[100%] Built target grab2_msgs_s__rosidl_typesupport_c
-- Install configuration: ""
-- Installing: /Bt/install/grab2_msgs/share/ament_index/resource_index/rosidl_interfaces/grab2_msgs
-- Installing: /Bt/install/grab2_msgs/share/grab2_msgs/action/ComputePlanToTargetIK.json
-- Installing: /Bt/install/grab2_msgs/share/grab2_msgs/action/ComputePlanThroughPoses.json
-- Installing: /Bt/install/grab2_msgs/share/grab2_msgs/action/GetIsaacGrasp.json
-- Installing: /Bt/install/grab2_msgs/share/grab2_msgs/action/ReachObject.json
-- Installing: /Bt/install/grab2_msgs/include/grab2_msgs/grab2_msgs
-- Installing: /Bt/install/grab2_msgs/include/grab2_msgs/grab2_msgs/action
-- Installing: /Bt/install/grab2_msgs/include/grab2_msgs/grab2_msgs/action/reach_object.h
-- Installing: /Bt/install/grab2_msgs/include/grab2_msgs/grab2_msgs/action/compute_plan_through_poses.h
-- Installing: /Bt/install/grab2_msgs/include/grab2_msgs/grab2_msgs/action/compute_plan_to_target_ik.h
-- Installing: /Bt/install/grab2_msgs/include/grab2_msgs/grab2_msgs/action/detail
-- Installing: /Bt/install/grab2_msgs/include/grab2_msgs/grab2_msgs/action/detail/reach_object__struct.h
-- Installing: /Bt/install/grab2_msgs/include/grab2_msgs/grab2_msgs/action/detail/compute_plan_to_target_ik__type_support.c
-- Installing: /Bt/install/grab2_msgs/include/grab2_msgs/grab2_msgs/action/detail/compute_plan_through_poses__functions.c
-- Installing: /Bt/install/grab2_msgs/include/grab2_msgs/grab2_msgs/action/detail/compute_plan_to_target_ik__type_support.h
-- Installing: /Bt/install/grab2_msgs/include/grab2_msgs/grab2_msgs/action/detail/get_isaac_grasp__type_support.h
-- Installing: /Bt/install/grab2_msgs/include/grab2_msgs/grab2_msgs/action/detail/compute_plan_through_poses__type_support.h
-- Installing: /Bt/install/grab2_msgs/include/grab2_msgs/grab2_msgs/action/detail/compute_plan_through_poses__functions.h
-- Installing: /Bt/install/grab2_msgs/include/grab2_msgs/grab2_msgs/action/detail/get_isaac_grasp__description.c
-- Installing: /Bt/install/grab2_msgs/include/grab2_msgs/grab2_msgs/action/detail/compute_plan_through_poses__type_support.c
-- Installing: /Bt/install/grab2_msgs/include/grab2_msgs/grab2_msgs/action/detail/compute_plan_to_target_ik__description.c
-- Installing: /Bt/install/grab2_msgs/include/grab2_msgs/grab2_msgs/action/detail/reach_object__functions.h
-- Installing: /Bt/install/grab2_msgs/include/grab2_msgs/grab2_msgs/action/detail/compute_plan_through_poses__description.c
-- Installing: /Bt/install/grab2_msgs/include/grab2_msgs/grab2_msgs/action/detail/get_isaac_grasp__functions.h
-- Installing: /Bt/install/grab2_msgs/include/grab2_msgs/grab2_msgs/action/detail/reach_object__functions.c
-- Installing: /Bt/install/grab2_msgs/include/grab2_msgs/grab2_msgs/action/detail/get_isaac_grasp__functions.c
-- Installing: /Bt/install/grab2_msgs/include/grab2_msgs/grab2_msgs/action/detail/get_isaac_grasp__struct.h
-- Installing: /Bt/install/grab2_msgs/include/grab2_msgs/grab2_msgs/action/detail/compute_plan_through_poses__struct.h
-- Installing: /Bt/install/grab2_msgs/include/grab2_msgs/grab2_msgs/action/detail/compute_plan_to_target_ik__functions.c
-- Installing: /Bt/install/grab2_msgs/include/grab2_msgs/grab2_msgs/action/detail/compute_plan_to_target_ik__struct.h
-- Installing: /Bt/install/grab2_msgs/include/grab2_msgs/grab2_msgs/action/detail/reach_object__type_support.h
-- Installing: /Bt/install/grab2_msgs/include/grab2_msgs/grab2_msgs/action/detail/reach_object__type_support.c
-- Installing: /Bt/install/grab2_msgs/include/grab2_msgs/grab2_msgs/action/detail/compute_plan_to_target_ik__functions.h
-- Installing: /Bt/install/grab2_msgs/include/grab2_msgs/grab2_msgs/action/detail/get_isaac_grasp__type_support.c
-- Installing: /Bt/install/grab2_msgs/include/grab2_msgs/grab2_msgs/action/detail/reach_object__description.c
-- Installing: /Bt/install/grab2_msgs/include/grab2_msgs/grab2_msgs/action/get_isaac_grasp.h
-- Installing: /Bt/install/grab2_msgs/include/grab2_msgs/grab2_msgs/msg
-- Installing: /Bt/install/grab2_msgs/include/grab2_msgs/grab2_msgs/msg/rosidl_generator_c__visibility_control.h
-- Installing: /Bt/install/grab2_msgs/share/grab2_msgs/environment/library_path.sh
-- Installing: /Bt/install/grab2_msgs/share/grab2_msgs/environment/library_path.dsv
-- Installing: /Bt/install/grab2_msgs/lib/libgrab2_msgs__rosidl_generator_c.so
-- Set non-toolchain portion of runtime path of "/Bt/install/grab2_msgs/lib/libgrab2_msgs__rosidl_generator_c.so" to ""
-- Up-to-date: /Bt/install/grab2_msgs/include/grab2_msgs/grab2_msgs
-- Up-to-date: /Bt/install/grab2_msgs/include/grab2_msgs/grab2_msgs/action
-- Up-to-date: /Bt/install/grab2_msgs/include/grab2_msgs/grab2_msgs/action/detail
-- Installing: /Bt/install/grab2_msgs/include/grab2_msgs/grab2_msgs/action/detail/get_isaac_grasp__rosidl_typesupport_fastrtps_c.h
-- Installing: /Bt/install/grab2_msgs/include/grab2_msgs/grab2_msgs/action/detail/compute_plan_to_target_ik__rosidl_typesupport_fastrtps_c.h
-- Installing: /Bt/install/grab2_msgs/include/grab2_msgs/grab2_msgs/action/detail/reach_object__rosidl_typesupport_fastrtps_c.h
-- Installing: /Bt/install/grab2_msgs/include/grab2_msgs/grab2_msgs/action/detail/compute_plan_through_poses__rosidl_typesupport_fastrtps_c.h
-- Up-to-date: /Bt/install/grab2_msgs/include/grab2_msgs/grab2_msgs/msg
-- Installing: /Bt/install/grab2_msgs/include/grab2_msgs/grab2_msgs/msg/rosidl_typesupport_fastrtps_c__visibility_control.h
-- Installing: /Bt/install/grab2_msgs/lib/libgrab2_msgs__rosidl_typesupport_fastrtps_c.so
-- Set non-toolchain portion of runtime path of "/Bt/install/grab2_msgs/lib/libgrab2_msgs__rosidl_typesupport_fastrtps_c.so" to ""
-- Up-to-date: /Bt/install/grab2_msgs/include/grab2_msgs/grab2_msgs
-- Up-to-date: /Bt/install/grab2_msgs/include/grab2_msgs/grab2_msgs/action
-- Installing: /Bt/install/grab2_msgs/include/grab2_msgs/grab2_msgs/action/get_isaac_grasp.hpp
-- Installing: /Bt/install/grab2_msgs/include/grab2_msgs/grab2_msgs/action/compute_plan_to_target_ik.hpp
-- Installing: /Bt/install/grab2_msgs/include/grab2_msgs/grab2_msgs/action/reach_object.hpp
-- Installing: /Bt/install/grab2_msgs/include/grab2_msgs/grab2_msgs/action/compute_plan_through_poses.hpp
-- Up-to-date: /Bt/install/grab2_msgs/include/grab2_msgs/grab2_msgs/action/detail
-- Installing: /Bt/install/grab2_msgs/include/grab2_msgs/grab2_msgs/action/detail/compute_plan_to_target_ik__type_support.hpp
-- Installing: /Bt/install/grab2_msgs/include/grab2_msgs/grab2_msgs/action/detail/compute_plan_through_poses__traits.hpp
-- Installing: /Bt/install/grab2_msgs/include/grab2_msgs/grab2_msgs/action/detail/get_isaac_grasp__type_support.hpp
-- Installing: /Bt/install/grab2_msgs/include/grab2_msgs/grab2_msgs/action/detail/compute_plan_through_poses__builder.hpp
-- Installing: /Bt/install/grab2_msgs/include/grab2_msgs/grab2_msgs/action/detail/reach_object__builder.hpp
-- Installing: /Bt/install/grab2_msgs/include/grab2_msgs/grab2_msgs/action/detail/compute_plan_to_target_ik__builder.hpp
-- Installing: /Bt/install/grab2_msgs/include/grab2_msgs/grab2_msgs/action/detail/reach_object__traits.hpp
-- Installing: /Bt/install/grab2_msgs/include/grab2_msgs/grab2_msgs/action/detail/get_isaac_grasp__traits.hpp
-- Installing: /Bt/install/grab2_msgs/include/grab2_msgs/grab2_msgs/action/detail/compute_plan_through_poses__type_support.hpp
-- Installing: /Bt/install/grab2_msgs/include/grab2_msgs/grab2_msgs/action/detail/compute_plan_to_target_ik__struct.hpp
-- Installing: /Bt/install/grab2_msgs/include/grab2_msgs/grab2_msgs/action/detail/reach_object__type_support.hpp
-- Installing: /Bt/install/grab2_msgs/include/grab2_msgs/grab2_msgs/action/detail/reach_object__struct.hpp
-- Installing: /Bt/install/grab2_msgs/include/grab2_msgs/grab2_msgs/action/detail/compute_plan_through_poses__struct.hpp
-- Installing: /Bt/install/grab2_msgs/include/grab2_msgs/grab2_msgs/action/detail/compute_plan_to_target_ik__traits.hpp
-- Installing: /Bt/install/grab2_msgs/include/grab2_msgs/grab2_msgs/action/detail/get_isaac_grasp__struct.hpp
-- Installing: /Bt/install/grab2_msgs/include/grab2_msgs/grab2_msgs/action/detail/get_isaac_grasp__builder.hpp
-- Up-to-date: /Bt/install/grab2_msgs/include/grab2_msgs/grab2_msgs/msg
-- Installing: /Bt/install/grab2_msgs/include/grab2_msgs/grab2_msgs/msg/rosidl_generator_cpp__visibility_control.hpp
-- Up-to-date: /Bt/install/grab2_msgs/include/grab2_msgs/grab2_msgs
-- Up-to-date: /Bt/install/grab2_msgs/include/grab2_msgs/grab2_msgs/action
-- Up-to-date: /Bt/install/grab2_msgs/include/grab2_msgs/grab2_msgs/action/detail
-- Installing: /Bt/install/grab2_msgs/include/grab2_msgs/grab2_msgs/action/detail/compute_plan_to_target_ik__rosidl_typesupport_fastrtps_cpp.hpp
-- Installing: /Bt/install/grab2_msgs/include/grab2_msgs/grab2_msgs/action/detail/reach_object__rosidl_typesupport_fastrtps_cpp.hpp
-- Installing: /Bt/install/grab2_msgs/include/grab2_msgs/grab2_msgs/action/detail/compute_plan_through_poses__rosidl_typesupport_fastrtps_cpp.hpp
-- Installing: /Bt/install/grab2_msgs/include/grab2_msgs/grab2_msgs/action/detail/dds_fastrtps
-- Installing: /Bt/install/grab2_msgs/include/grab2_msgs/grab2_msgs/action/detail/get_isaac_grasp__rosidl_typesupport_fastrtps_cpp.hpp
-- Up-to-date: /Bt/install/grab2_msgs/include/grab2_msgs/grab2_msgs/msg
-- Installing: /Bt/install/grab2_msgs/include/grab2_msgs/grab2_msgs/msg/rosidl_typesupport_fastrtps_cpp__visibility_control.h
-- Installing: /Bt/install/grab2_msgs/lib/libgrab2_msgs__rosidl_typesupport_fastrtps_cpp.so
-- Set non-toolchain portion of runtime path of "/Bt/install/grab2_msgs/lib/libgrab2_msgs__rosidl_typesupport_fastrtps_cpp.so" to ""
-- Up-to-date: /Bt/install/grab2_msgs/include/grab2_msgs/grab2_msgs
-- Up-to-date: /Bt/install/grab2_msgs/include/grab2_msgs/grab2_msgs/action
-- Up-to-date: /Bt/install/grab2_msgs/include/grab2_msgs/grab2_msgs/action/detail
-- Installing: /Bt/install/grab2_msgs/include/grab2_msgs/grab2_msgs/action/detail/get_isaac_grasp__rosidl_typesupport_introspection_c.h
-- Installing: /Bt/install/grab2_msgs/include/grab2_msgs/grab2_msgs/action/detail/compute_plan_to_target_ik__rosidl_typesupport_introspection_c.h
-- Installing: /Bt/install/grab2_msgs/include/grab2_msgs/grab2_msgs/action/detail/compute_plan_to_target_ik__type_support.c
-- Installing: /Bt/install/grab2_msgs/include/grab2_msgs/grab2_msgs/action/detail/reach_object__rosidl_typesupport_introspection_c.h
-- Installing: /Bt/install/grab2_msgs/include/grab2_msgs/grab2_msgs/action/detail/compute_plan_through_poses__type_support.c
-- Installing: /Bt/install/grab2_msgs/include/grab2_msgs/grab2_msgs/action/detail/reach_object__type_support.c
-- Installing: /Bt/install/grab2_msgs/include/grab2_msgs/grab2_msgs/action/detail/get_isaac_grasp__type_support.c
-- Installing: /Bt/install/grab2_msgs/include/grab2_msgs/grab2_msgs/action/detail/compute_plan_through_poses__rosidl_typesupport_introspection_c.h
-- Up-to-date: /Bt/install/grab2_msgs/include/grab2_msgs/grab2_msgs/msg
-- Installing: /Bt/install/grab2_msgs/include/grab2_msgs/grab2_msgs/msg/rosidl_typesupport_introspection_c__visibility_control.h
-- Installing: /Bt/install/grab2_msgs/lib/libgrab2_msgs__rosidl_typesupport_introspection_c.so
-- Set non-toolchain portion of runtime path of "/Bt/install/grab2_msgs/lib/libgrab2_msgs__rosidl_typesupport_introspection_c.so" to ""
-- Installing: /Bt/install/grab2_msgs/lib/libgrab2_msgs__rosidl_typesupport_c.so
-- Set non-toolchain portion of runtime path of "/Bt/install/grab2_msgs/lib/libgrab2_msgs__rosidl_typesupport_c.so" to ""
-- Up-to-date: /Bt/install/grab2_msgs/include/grab2_msgs/grab2_msgs
-- Up-to-date: /Bt/install/grab2_msgs/include/grab2_msgs/grab2_msgs/action
-- Up-to-date: /Bt/install/grab2_msgs/include/grab2_msgs/grab2_msgs/action/detail
-- Installing: /Bt/install/grab2_msgs/include/grab2_msgs/grab2_msgs/action/detail/compute_plan_to_target_ik__type_support.cpp
-- Installing: /Bt/install/grab2_msgs/include/grab2_msgs/grab2_msgs/action/detail/compute_plan_to_target_ik__rosidl_typesupport_introspection_cpp.hpp
-- Installing: /Bt/install/grab2_msgs/include/grab2_msgs/grab2_msgs/action/detail/reach_object__type_support.cpp
-- Installing: /Bt/install/grab2_msgs/include/grab2_msgs/grab2_msgs/action/detail/get_isaac_grasp__type_support.cpp
-- Installing: /Bt/install/grab2_msgs/include/grab2_msgs/grab2_msgs/action/detail/get_isaac_grasp__rosidl_typesupport_introspection_cpp.hpp
-- Installing: /Bt/install/grab2_msgs/include/grab2_msgs/grab2_msgs/action/detail/compute_plan_through_poses__type_support.cpp
-- Installing: /Bt/install/grab2_msgs/include/grab2_msgs/grab2_msgs/action/detail/reach_object__rosidl_typesupport_introspection_cpp.hpp
-- Installing: /Bt/install/grab2_msgs/include/grab2_msgs/grab2_msgs/action/detail/compute_plan_through_poses__rosidl_typesupport_introspection_cpp.hpp
-- Installing: /Bt/install/grab2_msgs/lib/libgrab2_msgs__rosidl_typesupport_introspection_cpp.so
-- Set non-toolchain portion of runtime path of "/Bt/install/grab2_msgs/lib/libgrab2_msgs__rosidl_typesupport_introspection_cpp.so" to ""
-- Installing: /Bt/install/grab2_msgs/lib/libgrab2_msgs__rosidl_typesupport_cpp.so
-- Set non-toolchain portion of runtime path of "/Bt/install/grab2_msgs/lib/libgrab2_msgs__rosidl_typesupport_cpp.so" to ""
-- Installing: /Bt/install/grab2_msgs/share/grab2_msgs/environment/pythonpath.sh
-- Installing: /Bt/install/grab2_msgs/share/grab2_msgs/environment/pythonpath.dsv
-- Installing: /Bt/install/grab2_msgs/lib/python3.12/site-packages/grab2_msgs-0.0.0-py3.12.egg-info
-- Installing: /Bt/install/grab2_msgs/lib/python3.12/site-packages/grab2_msgs-0.0.0-py3.12.egg-info/top_level.txt
-- Installing: /Bt/install/grab2_msgs/lib/python3.12/site-packages/grab2_msgs-0.0.0-py3.12.egg-info/PKG-INFO
-- Installing: /Bt/install/grab2_msgs/lib/python3.12/site-packages/grab2_msgs-0.0.0-py3.12.egg-info/SOURCES.txt
-- Installing: /Bt/install/grab2_msgs/lib/python3.12/site-packages/grab2_msgs-0.0.0-py3.12.egg-info/dependency_links.txt
-- Installing: /Bt/install/grab2_msgs/lib/python3.12/site-packages/grab2_msgs
-- Installing: /Bt/install/grab2_msgs/lib/python3.12/site-packages/grab2_msgs/grab2_msgs_s__rosidl_typesupport_introspection_c.so
-- Installing: /Bt/install/grab2_msgs/lib/python3.12/site-packages/grab2_msgs/__init__.py
-- Installing: /Bt/install/grab2_msgs/lib/python3.12/site-packages/grab2_msgs/grab2_msgs_s__rosidl_typesupport_c.so
-- Installing: /Bt/install/grab2_msgs/lib/python3.12/site-packages/grab2_msgs/_grab2_msgs_s.ep.rosidl_typesupport_fastrtps_c.c
-- Installing: /Bt/install/grab2_msgs/lib/python3.12/site-packages/grab2_msgs/_grab2_msgs_s.ep.rosidl_typesupport_c.c
-- Installing: /Bt/install/grab2_msgs/lib/python3.12/site-packages/grab2_msgs/action
-- Installing: /Bt/install/grab2_msgs/lib/python3.12/site-packages/grab2_msgs/action/_compute_plan_through_poses.py
-- Installing: /Bt/install/grab2_msgs/lib/python3.12/site-packages/grab2_msgs/action/__init__.py
-- Installing: /Bt/install/grab2_msgs/lib/python3.12/site-packages/grab2_msgs/action/_reach_object_s.c
-- Installing: /Bt/install/grab2_msgs/lib/python3.12/site-packages/grab2_msgs/action/_compute_plan_through_poses_s.c
-- Installing: /Bt/install/grab2_msgs/lib/python3.12/site-packages/grab2_msgs/action/_get_isaac_grasp_s.c
-- Installing: /Bt/install/grab2_msgs/lib/python3.12/site-packages/grab2_msgs/action/_compute_plan_to_target_ik.py
-- Installing: /Bt/install/grab2_msgs/lib/python3.12/site-packages/grab2_msgs/action/_reach_object.py
-- Installing: /Bt/install/grab2_msgs/lib/python3.12/site-packages/grab2_msgs/action/_get_isaac_grasp.py
-- Installing: /Bt/install/grab2_msgs/lib/python3.12/site-packages/grab2_msgs/action/_compute_plan_to_target_ik_s.c
-- Installing: /Bt/install/grab2_msgs/lib/python3.12/site-packages/grab2_msgs/grab2_msgs_s__rosidl_typesupport_fastrtps_c.so
-- Installing: /Bt/install/grab2_msgs/lib/python3.12/site-packages/grab2_msgs/_grab2_msgs_s.ep.rosidl_typesupport_introspection_c.c
Listing '/Bt/install/grab2_msgs/lib/python3.12/site-packages/grab2_msgs'...
Compiling '/Bt/install/grab2_msgs/lib/python3.12/site-packages/grab2_msgs/__init__.py'...
Listing '/Bt/install/grab2_msgs/lib/python3.12/site-packages/grab2_msgs/action'...
Compiling '/Bt/install/grab2_msgs/lib/python3.12/site-packages/grab2_msgs/action/__init__.py'...
Compiling '/Bt/install/grab2_msgs/lib/python3.12/site-packages/grab2_msgs/action/_compute_plan_through_poses.py'...
Compiling '/Bt/install/grab2_msgs/lib/python3.12/site-packages/grab2_msgs/action/_compute_plan_to_target_ik.py'...
Compiling '/Bt/install/grab2_msgs/lib/python3.12/site-packages/grab2_msgs/action/_get_isaac_grasp.py'...
Compiling '/Bt/install/grab2_msgs/lib/python3.12/site-packages/grab2_msgs/action/_reach_object.py'...
-- Installing: /Bt/install/grab2_msgs/lib/python3.12/site-packages/grab2_msgs/grab2_msgs_s__rosidl_typesupport_fastrtps_c.so
-- Set non-toolchain portion of runtime path of "/Bt/install/grab2_msgs/lib/python3.12/site-packages/grab2_msgs/grab2_msgs_s__rosidl_typesupport_fastrtps_c.so" to ""
-- Installing: /Bt/install/grab2_msgs/lib/python3.12/site-packages/grab2_msgs/grab2_msgs_s__rosidl_typesupport_introspection_c.so
-- Set non-toolchain portion of runtime path of "/Bt/install/grab2_msgs/lib/python3.12/site-packages/grab2_msgs/grab2_msgs_s__rosidl_typesupport_introspection_c.so" to ""
-- Installing: /Bt/install/grab2_msgs/lib/python3.12/site-packages/grab2_msgs/grab2_msgs_s__rosidl_typesupport_c.so
-- Set non-toolchain portion of runtime path of "/Bt/install/grab2_msgs/lib/python3.12/site-packages/grab2_msgs/grab2_msgs_s__rosidl_typesupport_c.so" to ""
-- Installing: /Bt/install/grab2_msgs/lib/libgrab2_msgs__rosidl_generator_py.so
-- Set non-toolchain portion of runtime path of "/Bt/install/grab2_msgs/lib/libgrab2_msgs__rosidl_generator_py.so" to ""
-- Installing: /Bt/install/grab2_msgs/share/grab2_msgs/action/ComputePlanToTargetIK.idl
-- Installing: /Bt/install/grab2_msgs/share/grab2_msgs/action/ComputePlanThroughPoses.idl
-- Installing: /Bt/install/grab2_msgs/share/grab2_msgs/action/GetIsaacGrasp.idl
-- Installing: /Bt/install/grab2_msgs/share/grab2_msgs/action/ReachObject.idl
-- Installing: /Bt/install/grab2_msgs/share/grab2_msgs/action/ComputePlanToTargetIK.action
-- Installing: /Bt/install/grab2_msgs/share/grab2_msgs/action/ComputePlanThroughPoses.action
-- Installing: /Bt/install/grab2_msgs/share/grab2_msgs/action/GetIsaacGrasp.action
-- Installing: /Bt/install/grab2_msgs/share/grab2_msgs/action/ReachObject.action
-- Installing: /Bt/install/grab2_msgs/share/ament_index/resource_index/package_run_dependencies/grab2_msgs
-- Installing: /Bt/install/grab2_msgs/share/ament_index/resource_index/parent_prefix_path/grab2_msgs
-- Installing: /Bt/install/grab2_msgs/share/grab2_msgs/environment/ament_prefix_path.sh
-- Installing: /Bt/install/grab2_msgs/share/grab2_msgs/environment/ament_prefix_path.dsv
-- Installing: /Bt/install/grab2_msgs/share/grab2_msgs/environment/path.sh
-- Installing: /Bt/install/grab2_msgs/share/grab2_msgs/environment/path.dsv
-- Installing: /Bt/install/grab2_msgs/share/grab2_msgs/local_setup.bash
-- Installing: /Bt/install/grab2_msgs/share/grab2_msgs/local_setup.sh
-- Installing: /Bt/install/grab2_msgs/share/grab2_msgs/local_setup.zsh
-- Installing: /Bt/install/grab2_msgs/share/grab2_msgs/local_setup.dsv
-- Installing: /Bt/install/grab2_msgs/share/grab2_msgs/package.dsv
-- Installing: /Bt/install/grab2_msgs/share/ament_index/resource_index/packages/grab2_msgs
-- Installing: /Bt/install/grab2_msgs/share/grab2_msgs/cmake/export_grab2_msgs__rosidl_generator_cExport.cmake
-- Installing: /Bt/install/grab2_msgs/share/grab2_msgs/cmake/export_grab2_msgs__rosidl_generator_cExport-noconfig.cmake
-- Installing: /Bt/install/grab2_msgs/share/grab2_msgs/cmake/export_grab2_msgs__rosidl_typesupport_fastrtps_cExport.cmake
-- Installing: /Bt/install/grab2_msgs/share/grab2_msgs/cmake/export_grab2_msgs__rosidl_typesupport_fastrtps_cExport-noconfig.cmake
-- Installing: /Bt/install/grab2_msgs/share/grab2_msgs/cmake/export_grab2_msgs__rosidl_generator_cppExport.cmake
-- Installing: /Bt/install/grab2_msgs/share/grab2_msgs/cmake/export_grab2_msgs__rosidl_typesupport_fastrtps_cppExport.cmake
-- Installing: /Bt/install/grab2_msgs/share/grab2_msgs/cmake/export_grab2_msgs__rosidl_typesupport_fastrtps_cppExport-noconfig.cmake
-- Installing: /Bt/install/grab2_msgs/share/grab2_msgs/cmake/grab2_msgs__rosidl_typesupport_introspection_cExport.cmake
-- Installing: /Bt/install/grab2_msgs/share/grab2_msgs/cmake/grab2_msgs__rosidl_typesupport_introspection_cExport-noconfig.cmake
-- Installing: /Bt/install/grab2_msgs/share/grab2_msgs/cmake/grab2_msgs__rosidl_typesupport_cExport.cmake
-- Installing: /Bt/install/grab2_msgs/share/grab2_msgs/cmake/grab2_msgs__rosidl_typesupport_cExport-noconfig.cmake
-- Installing: /Bt/install/grab2_msgs/share/grab2_msgs/cmake/grab2_msgs__rosidl_typesupport_introspection_cppExport.cmake
-- Installing: /Bt/install/grab2_msgs/share/grab2_msgs/cmake/grab2_msgs__rosidl_typesupport_introspection_cppExport-noconfig.cmake
-- Installing: /Bt/install/grab2_msgs/share/grab2_msgs/cmake/grab2_msgs__rosidl_typesupport_cppExport.cmake
-- Installing: /Bt/install/grab2_msgs/share/grab2_msgs/cmake/grab2_msgs__rosidl_typesupport_cppExport-noconfig.cmake
-- Installing: /Bt/install/grab2_msgs/share/grab2_msgs/cmake/export_grab2_msgs__rosidl_generator_pyExport.cmake
-- Installing: /Bt/install/grab2_msgs/share/grab2_msgs/cmake/export_grab2_msgs__rosidl_generator_pyExport-noconfig.cmake
-- Installing: /Bt/install/grab2_msgs/share/grab2_msgs/cmake/rosidl_cmake-extras.cmake
-- Installing: /Bt/install/grab2_msgs/share/grab2_msgs/cmake/ament_cmake_export_dependencies-extras.cmake
-- Installing: /Bt/install/grab2_msgs/share/grab2_msgs/cmake/ament_cmake_export_include_directories-extras.cmake
-- Installing: /Bt/install/grab2_msgs/share/grab2_msgs/cmake/ament_cmake_export_libraries-extras.cmake
-- Installing: /Bt/install/grab2_msgs/share/grab2_msgs/cmake/ament_cmake_export_targets-extras.cmake
-- Installing: /Bt/install/grab2_msgs/share/grab2_msgs/cmake/rosidl_cmake_export_typesupport_targets-extras.cmake
-- Installing: /Bt/install/grab2_msgs/share/grab2_msgs/cmake/rosidl_cmake_export_typesupport_libraries-extras.cmake
-- Installing: /Bt/install/grab2_msgs/share/grab2_msgs/cmake/grab2_msgsConfig.cmake
-- Installing: /Bt/install/grab2_msgs/share/grab2_msgs/cmake/grab2_msgsConfig-version.cmake
-- Installing: /Bt/install/grab2_msgs/share/grab2_msgs/package.xml
