[0.016s] Invoking command in '/Bt/build/grab2_msgs': CMAKE_PREFIX_PATH=/Bt/install/btcpp_ros2_interfaces:/opt/ros/jazzy/opt/gz_sim_vendor:/opt/ros/jazzy/opt/gz_sensors_vendor:/opt/ros/jazzy/opt/gz_physics_vendor:/opt/ros/jazzy/opt/sdformat_vendor:/opt/ros/jazzy/opt/gz_gui_vendor:/opt/ros/jazzy/opt/gz_transport_vendor:/opt/ros/jazzy/opt/gz_rendering_vendor:/opt/ros/jazzy/opt/gz_plugin_vendor:/opt/ros/jazzy/opt/gz_fuel_tools_vendor:/opt/ros/jazzy/opt/gz_msgs_vendor:/opt/ros/jazzy/opt/gz_common_vendor:/opt/ros/jazzy/opt/gz_math_vendor:/opt/ros/jazzy/opt/gz_utils_vendor:/opt/ros/jazzy/opt/gz_tools_vendor:/opt/ros/jazzy/opt/gz_ogre_next_vendor:/opt/ros/jazzy/opt/gz_dartsim_vendor:/opt/ros/jazzy/opt/gz_cmake_vendor:/Bt/install/yolo_bringup:/Bt/install/yolo_msgs:/Bt/install/tiago_slam:/Bt/install/tiago_simulation:/Bt/install/tiago_sim:/Bt/install/tiago_robot:/Bt/install/tiago_navigation:/Bt/install/tiago_demos:/Bt/install/tiago_nav:/Bt/install/tiago_gazebo:/Bt/install/tiago_moveit_config:/Bt/install/tiago_2dnav:/Bt/install/tiago_laser_sensors:/Bt/install/tiago_grab:/Bt/install/tiago_bringup:/Bt/install/tiago_description:/Bt/install/tiago_controller_configuration:/Bt/install/tiago_behavior_tree:/Bt/install/tiago_aruco_broadcast:/Bt/install/ros2_aruco_interfaces:/Bt/install/pmb2_robot:/Bt/install/pmb2_rgbd_sensors:/Bt/install/pmb2_navigation:/Bt/install/pmb2_laser_sensors:/Bt/install/pmb2_bringup:/Bt/install/pmb2_description:/Bt/install/pmb2_controller_configuration:/Bt/install/pmb2_2dnav:/Bt/install/play_motion2:/Bt/install/play_motion2_msgs:/Bt/install/pal_hey5:/Bt/install/pal_hey5_description:/Bt/install/pal_gripper_simulation:/Bt/install/pal_gripper:/Bt/install/pal_gripper_description:/Bt/install/omni_base_robot:/Bt/install/omni_base_bringup:/Bt/install/omni_base_description:/Bt/install/pal_urdf_utils:/Bt/install/pal_robotiq_gripper:/Bt/install/pal_robotiq_description:/Bt/install/pal_robotiq_controller_configuration:/Bt/install/pal_maps:/Bt/install/pal_hey5_controller_configuration:/Bt/install/pal_gripper_controller_configuration:/Bt/install/omni_base_controller_configuration:/Bt/install/grab2_planner:/Bt/install/grab2_grasp_generator:/Bt/install/grab2_bt_grabber:/Bt/install/grab2_ros_common:/Bt/install/grab2_behavior_tree:/Bt/install/grab2_msgs:/Bt/install/grab2_controller:/Bt/install/btcpp_ros2_samples:/Bt/install/behaviortree_ros2:/opt/ros/jazzy:/Bt/install/yolo_ros:/Bt/install/ros2_aruco:/Bt/install/launch_pal:/Bt/install/grab2_curobo_planner LD_LIBRARY_PATH=/Bt/install/btcpp_ros2_interfaces/lib:/opt/ros/jazzy/opt/gz_sim_vendor/lib:/opt/ros/jazzy/opt/gz_sensors_vendor/lib:/opt/ros/jazzy/opt/gz_physics_vendor/lib:/opt/ros/jazzy/opt/sdformat_vendor/lib:/opt/ros/jazzy/opt/rviz_ogre_vendor/lib:/opt/ros/jazzy/lib/x86_64-linux-gnu:/opt/ros/jazzy/opt/gz_gui_vendor/lib:/opt/ros/jazzy/opt/gz_transport_vendor/lib:/opt/ros/jazzy/opt/gz_rendering_vendor/lib:/opt/ros/jazzy/opt/gz_plugin_vendor/lib:/opt/ros/jazzy/opt/gz_fuel_tools_vendor/lib:/opt/ros/jazzy/opt/gz_msgs_vendor/lib:/opt/ros/jazzy/opt/gz_common_vendor/lib:/opt/ros/jazzy/opt/gz_math_vendor/lib:/opt/ros/jazzy/opt/gz_utils_vendor/lib:/opt/ros/jazzy/opt/gz_tools_vendor/lib:/opt/ros/jazzy/opt/gz_ogre_next_vendor/lib:/opt/ros/jazzy/opt/gz_dartsim_vendor/lib:/opt/ros/jazzy/opt/gz_cmake_vendor/lib:/opt/ros/jazzy/lib:/Bt/install/yolo_msgs/lib:/Bt/install/tiago_behavior_tree/lib:/Bt/install/ros2_aruco_interfaces/lib:/Bt/install/play_motion2/lib:/Bt/install/play_motion2_msgs/lib:/Bt/install/grab2_planner/lib:/Bt/install/grab2_grasp_generator/lib:/Bt/install/grab2_bt_grabber/lib:/Bt/install/grab2_behavior_tree/lib:/Bt/install/grab2_msgs/lib:/Bt/install/behaviortree_ros2/lib PYTHONPATH=/Bt/install/btcpp_ros2_interfaces/lib/python3.12/site-packages:/opt/ros/jazzy/lib/python3.12/site-packages:/Bt/install/yolo_ros/lib/python3.12/site-packages:/Bt/install/yolo_msgs/lib/python3.12/site-packages:/Bt/install/tiago_description/lib/python3.12/site-packages:/Bt/install/ros2_aruco_interfaces/lib/python3.12/site-packages:/Bt/install/ros2_aruco/lib/python3.12/site-packages:/Bt/install/pmb2_description/lib/python3.12/site-packages:/Bt/install/play_motion2_msgs/lib/python3.12/site-packages:/Bt/install/omni_base_description/lib/python3.12/site-packages:/Bt/install/launch_pal/lib/python3.12/site-packages:/Bt/install/grab2_curobo_planner/lib/python3.12/site-packages:/Bt/install/grab2_msgs/lib/python3.12/site-packages /usr/bin/cmake /Bt/ThirdParty/grab2/grab2_msgs -DCMAKE_INSTALL_PREFIX=/Bt/install/grab2_msgs
[0.089s] -- The C compiler identification is GNU 13.3.0
[0.147s] -- The CXX compiler identification is GNU 13.3.0
[0.162s] -- Detecting C compiler ABI info
[0.255s] -- Detecting C compiler ABI info - done
[0.270s] -- Check for working C compiler: /usr/bin/cc - skipped
[0.271s] -- Detecting C compile features
[0.271s] -- Detecting C compile features - done
[0.282s] -- Detecting CXX compiler ABI info
[0.383s] -- Detecting CXX compiler ABI info - done
[0.399s] -- Check for working CXX compiler: /usr/bin/c++ - skipped
[0.399s] -- Detecting CXX compile features
[0.400s] -- Detecting CXX compile features - done
[0.409s] -- Found ament_cmake: 2.5.4 (/opt/ros/jazzy/share/ament_cmake/cmake)
[0.646s] -- Found Python3: /usr/bin/python3 (found version "3.12.3") found components: Interpreter 
[0.903s] -- Found builtin_interfaces: 2.0.3 (/opt/ros/jazzy/share/builtin_interfaces/cmake)
[1.002s] -- Found rosidl_generator_c: 4.6.6 (/opt/ros/jazzy/share/rosidl_generator_c/cmake)
[1.037s] -- Found rosidl_generator_cpp: 4.6.6 (/opt/ros/jazzy/share/rosidl_generator_cpp/cmake)
[1.076s] -- Using all available rosidl_typesupport_c: rosidl_typesupport_fastrtps_c;rosidl_typesupport_introspection_c
[1.119s] -- Using all available rosidl_typesupport_cpp: rosidl_typesupport_fastrtps_cpp;rosidl_typesupport_introspection_cpp
[1.173s] -- Found action_msgs: 2.0.3 (/opt/ros/jazzy/share/action_msgs/cmake)
[1.256s] -- Found std_msgs: 5.3.6 (/opt/ros/jazzy/share/std_msgs/cmake)
[1.300s] -- Found control_msgs: 5.5.0 (/opt/ros/jazzy/share/control_msgs/cmake)
[1.496s] -- Found moveit_msgs: 2.6.0 (/opt/ros/jazzy/share/moveit_msgs/cmake)
[1.817s] -- Found btcpp_ros2_interfaces: 0.3.0 (/Bt/install/btcpp_ros2_interfaces/share/btcpp_ros2_interfaces/cmake)
[1.854s] -- Found rosidl_default_generators: 1.6.0 (/opt/ros/jazzy/share/rosidl_default_generators/cmake)
[1.903s] -- Found rosidl_adapter: 4.6.6 (/opt/ros/jazzy/share/rosidl_adapter/cmake)
[2.958s] -- Found ament_cmake_ros: 0.12.0 (/opt/ros/jazzy/share/ament_cmake_ros/cmake)
[4.471s] -- Using all available rosidl_typesupport_c: rosidl_typesupport_fastrtps_c;rosidl_typesupport_introspection_c
[5.101s] -- Using all available rosidl_typesupport_cpp: rosidl_typesupport_fastrtps_cpp;rosidl_typesupport_introspection_cpp
[5.115s] -- Found python_cmake_module: 0.11.1 (/opt/ros/jazzy/share/python_cmake_module/cmake)
[5.279s] -- Found PythonExtra: /usr/bin/python3  
[5.824s] -- Found Python3: /usr/bin/python3 (found version "3.12.3") found components: Interpreter Development NumPy Development.Module Development.Embed 
[5.994s] -- Configuring done (6.0s)
[6.074s] -- Generating done (0.1s)
[6.092s] -- Build files have been written to: /Bt/build/grab2_msgs
[6.104s] Invoked command in '/Bt/build/grab2_msgs' returned '0': CMAKE_PREFIX_PATH=/Bt/install/btcpp_ros2_interfaces:/opt/ros/jazzy/opt/gz_sim_vendor:/opt/ros/jazzy/opt/gz_sensors_vendor:/opt/ros/jazzy/opt/gz_physics_vendor:/opt/ros/jazzy/opt/sdformat_vendor:/opt/ros/jazzy/opt/gz_gui_vendor:/opt/ros/jazzy/opt/gz_transport_vendor:/opt/ros/jazzy/opt/gz_rendering_vendor:/opt/ros/jazzy/opt/gz_plugin_vendor:/opt/ros/jazzy/opt/gz_fuel_tools_vendor:/opt/ros/jazzy/opt/gz_msgs_vendor:/opt/ros/jazzy/opt/gz_common_vendor:/opt/ros/jazzy/opt/gz_math_vendor:/opt/ros/jazzy/opt/gz_utils_vendor:/opt/ros/jazzy/opt/gz_tools_vendor:/opt/ros/jazzy/opt/gz_ogre_next_vendor:/opt/ros/jazzy/opt/gz_dartsim_vendor:/opt/ros/jazzy/opt/gz_cmake_vendor:/Bt/install/yolo_bringup:/Bt/install/yolo_msgs:/Bt/install/tiago_slam:/Bt/install/tiago_simulation:/Bt/install/tiago_sim:/Bt/install/tiago_robot:/Bt/install/tiago_navigation:/Bt/install/tiago_demos:/Bt/install/tiago_nav:/Bt/install/tiago_gazebo:/Bt/install/tiago_moveit_config:/Bt/install/tiago_2dnav:/Bt/install/tiago_laser_sensors:/Bt/install/tiago_grab:/Bt/install/tiago_bringup:/Bt/install/tiago_description:/Bt/install/tiago_controller_configuration:/Bt/install/tiago_behavior_tree:/Bt/install/tiago_aruco_broadcast:/Bt/install/ros2_aruco_interfaces:/Bt/install/pmb2_robot:/Bt/install/pmb2_rgbd_sensors:/Bt/install/pmb2_navigation:/Bt/install/pmb2_laser_sensors:/Bt/install/pmb2_bringup:/Bt/install/pmb2_description:/Bt/install/pmb2_controller_configuration:/Bt/install/pmb2_2dnav:/Bt/install/play_motion2:/Bt/install/play_motion2_msgs:/Bt/install/pal_hey5:/Bt/install/pal_hey5_description:/Bt/install/pal_gripper_simulation:/Bt/install/pal_gripper:/Bt/install/pal_gripper_description:/Bt/install/omni_base_robot:/Bt/install/omni_base_bringup:/Bt/install/omni_base_description:/Bt/install/pal_urdf_utils:/Bt/install/pal_robotiq_gripper:/Bt/install/pal_robotiq_description:/Bt/install/pal_robotiq_controller_configuration:/Bt/install/pal_maps:/Bt/install/pal_hey5_controller_configuration:/Bt/install/pal_gripper_controller_configuration:/Bt/install/omni_base_controller_configuration:/Bt/install/grab2_planner:/Bt/install/grab2_grasp_generator:/Bt/install/grab2_bt_grabber:/Bt/install/grab2_ros_common:/Bt/install/grab2_behavior_tree:/Bt/install/grab2_msgs:/Bt/install/grab2_controller:/Bt/install/btcpp_ros2_samples:/Bt/install/behaviortree_ros2:/opt/ros/jazzy:/Bt/install/yolo_ros:/Bt/install/ros2_aruco:/Bt/install/launch_pal:/Bt/install/grab2_curobo_planner LD_LIBRARY_PATH=/Bt/install/btcpp_ros2_interfaces/lib:/opt/ros/jazzy/opt/gz_sim_vendor/lib:/opt/ros/jazzy/opt/gz_sensors_vendor/lib:/opt/ros/jazzy/opt/gz_physics_vendor/lib:/opt/ros/jazzy/opt/sdformat_vendor/lib:/opt/ros/jazzy/opt/rviz_ogre_vendor/lib:/opt/ros/jazzy/lib/x86_64-linux-gnu:/opt/ros/jazzy/opt/gz_gui_vendor/lib:/opt/ros/jazzy/opt/gz_transport_vendor/lib:/opt/ros/jazzy/opt/gz_rendering_vendor/lib:/opt/ros/jazzy/opt/gz_plugin_vendor/lib:/opt/ros/jazzy/opt/gz_fuel_tools_vendor/lib:/opt/ros/jazzy/opt/gz_msgs_vendor/lib:/opt/ros/jazzy/opt/gz_common_vendor/lib:/opt/ros/jazzy/opt/gz_math_vendor/lib:/opt/ros/jazzy/opt/gz_utils_vendor/lib:/opt/ros/jazzy/opt/gz_tools_vendor/lib:/opt/ros/jazzy/opt/gz_ogre_next_vendor/lib:/opt/ros/jazzy/opt/gz_dartsim_vendor/lib:/opt/ros/jazzy/opt/gz_cmake_vendor/lib:/opt/ros/jazzy/lib:/Bt/install/yolo_msgs/lib:/Bt/install/tiago_behavior_tree/lib:/Bt/install/ros2_aruco_interfaces/lib:/Bt/install/play_motion2/lib:/Bt/install/play_motion2_msgs/lib:/Bt/install/grab2_planner/lib:/Bt/install/grab2_grasp_generator/lib:/Bt/install/grab2_bt_grabber/lib:/Bt/install/grab2_behavior_tree/lib:/Bt/install/grab2_msgs/lib:/Bt/install/behaviortree_ros2/lib PYTHONPATH=/Bt/install/btcpp_ros2_interfaces/lib/python3.12/site-packages:/opt/ros/jazzy/lib/python3.12/site-packages:/Bt/install/yolo_ros/lib/python3.12/site-packages:/Bt/install/yolo_msgs/lib/python3.12/site-packages:/Bt/install/tiago_description/lib/python3.12/site-packages:/Bt/install/ros2_aruco_interfaces/lib/python3.12/site-packages:/Bt/install/ros2_aruco/lib/python3.12/site-packages:/Bt/install/pmb2_description/lib/python3.12/site-packages:/Bt/install/play_motion2_msgs/lib/python3.12/site-packages:/Bt/install/omni_base_description/lib/python3.12/site-packages:/Bt/install/launch_pal/lib/python3.12/site-packages:/Bt/install/grab2_curobo_planner/lib/python3.12/site-packages:/Bt/install/grab2_msgs/lib/python3.12/site-packages /usr/bin/cmake /Bt/ThirdParty/grab2/grab2_msgs -DCMAKE_INSTALL_PREFIX=/Bt/install/grab2_msgs
[6.105s] Invoking command in '/Bt/build/grab2_msgs': CMAKE_PREFIX_PATH=/Bt/install/btcpp_ros2_interfaces:/opt/ros/jazzy/opt/gz_sim_vendor:/opt/ros/jazzy/opt/gz_sensors_vendor:/opt/ros/jazzy/opt/gz_physics_vendor:/opt/ros/jazzy/opt/sdformat_vendor:/opt/ros/jazzy/opt/gz_gui_vendor:/opt/ros/jazzy/opt/gz_transport_vendor:/opt/ros/jazzy/opt/gz_rendering_vendor:/opt/ros/jazzy/opt/gz_plugin_vendor:/opt/ros/jazzy/opt/gz_fuel_tools_vendor:/opt/ros/jazzy/opt/gz_msgs_vendor:/opt/ros/jazzy/opt/gz_common_vendor:/opt/ros/jazzy/opt/gz_math_vendor:/opt/ros/jazzy/opt/gz_utils_vendor:/opt/ros/jazzy/opt/gz_tools_vendor:/opt/ros/jazzy/opt/gz_ogre_next_vendor:/opt/ros/jazzy/opt/gz_dartsim_vendor:/opt/ros/jazzy/opt/gz_cmake_vendor:/Bt/install/yolo_bringup:/Bt/install/yolo_msgs:/Bt/install/tiago_slam:/Bt/install/tiago_simulation:/Bt/install/tiago_sim:/Bt/install/tiago_robot:/Bt/install/tiago_navigation:/Bt/install/tiago_demos:/Bt/install/tiago_nav:/Bt/install/tiago_gazebo:/Bt/install/tiago_moveit_config:/Bt/install/tiago_2dnav:/Bt/install/tiago_laser_sensors:/Bt/install/tiago_grab:/Bt/install/tiago_bringup:/Bt/install/tiago_description:/Bt/install/tiago_controller_configuration:/Bt/install/tiago_behavior_tree:/Bt/install/tiago_aruco_broadcast:/Bt/install/ros2_aruco_interfaces:/Bt/install/pmb2_robot:/Bt/install/pmb2_rgbd_sensors:/Bt/install/pmb2_navigation:/Bt/install/pmb2_laser_sensors:/Bt/install/pmb2_bringup:/Bt/install/pmb2_description:/Bt/install/pmb2_controller_configuration:/Bt/install/pmb2_2dnav:/Bt/install/play_motion2:/Bt/install/play_motion2_msgs:/Bt/install/pal_hey5:/Bt/install/pal_hey5_description:/Bt/install/pal_gripper_simulation:/Bt/install/pal_gripper:/Bt/install/pal_gripper_description:/Bt/install/omni_base_robot:/Bt/install/omni_base_bringup:/Bt/install/omni_base_description:/Bt/install/pal_urdf_utils:/Bt/install/pal_robotiq_gripper:/Bt/install/pal_robotiq_description:/Bt/install/pal_robotiq_controller_configuration:/Bt/install/pal_maps:/Bt/install/pal_hey5_controller_configuration:/Bt/install/pal_gripper_controller_configuration:/Bt/install/omni_base_controller_configuration:/Bt/install/grab2_planner:/Bt/install/grab2_grasp_generator:/Bt/install/grab2_bt_grabber:/Bt/install/grab2_ros_common:/Bt/install/grab2_behavior_tree:/Bt/install/grab2_msgs:/Bt/install/grab2_controller:/Bt/install/btcpp_ros2_samples:/Bt/install/behaviortree_ros2:/opt/ros/jazzy:/Bt/install/yolo_ros:/Bt/install/ros2_aruco:/Bt/install/launch_pal:/Bt/install/grab2_curobo_planner LD_LIBRARY_PATH=/Bt/install/btcpp_ros2_interfaces/lib:/opt/ros/jazzy/opt/gz_sim_vendor/lib:/opt/ros/jazzy/opt/gz_sensors_vendor/lib:/opt/ros/jazzy/opt/gz_physics_vendor/lib:/opt/ros/jazzy/opt/sdformat_vendor/lib:/opt/ros/jazzy/opt/rviz_ogre_vendor/lib:/opt/ros/jazzy/lib/x86_64-linux-gnu:/opt/ros/jazzy/opt/gz_gui_vendor/lib:/opt/ros/jazzy/opt/gz_transport_vendor/lib:/opt/ros/jazzy/opt/gz_rendering_vendor/lib:/opt/ros/jazzy/opt/gz_plugin_vendor/lib:/opt/ros/jazzy/opt/gz_fuel_tools_vendor/lib:/opt/ros/jazzy/opt/gz_msgs_vendor/lib:/opt/ros/jazzy/opt/gz_common_vendor/lib:/opt/ros/jazzy/opt/gz_math_vendor/lib:/opt/ros/jazzy/opt/gz_utils_vendor/lib:/opt/ros/jazzy/opt/gz_tools_vendor/lib:/opt/ros/jazzy/opt/gz_ogre_next_vendor/lib:/opt/ros/jazzy/opt/gz_dartsim_vendor/lib:/opt/ros/jazzy/opt/gz_cmake_vendor/lib:/opt/ros/jazzy/lib:/Bt/install/yolo_msgs/lib:/Bt/install/tiago_behavior_tree/lib:/Bt/install/ros2_aruco_interfaces/lib:/Bt/install/play_motion2/lib:/Bt/install/play_motion2_msgs/lib:/Bt/install/grab2_planner/lib:/Bt/install/grab2_grasp_generator/lib:/Bt/install/grab2_bt_grabber/lib:/Bt/install/grab2_behavior_tree/lib:/Bt/install/grab2_msgs/lib:/Bt/install/behaviortree_ros2/lib PYTHONPATH=/Bt/install/btcpp_ros2_interfaces/lib/python3.12/site-packages:/opt/ros/jazzy/lib/python3.12/site-packages:/Bt/install/yolo_ros/lib/python3.12/site-packages:/Bt/install/yolo_msgs/lib/python3.12/site-packages:/Bt/install/tiago_description/lib/python3.12/site-packages:/Bt/install/ros2_aruco_interfaces/lib/python3.12/site-packages:/Bt/install/ros2_aruco/lib/python3.12/site-packages:/Bt/install/pmb2_description/lib/python3.12/site-packages:/Bt/install/play_motion2_msgs/lib/python3.12/site-packages:/Bt/install/omni_base_description/lib/python3.12/site-packages:/Bt/install/launch_pal/lib/python3.12/site-packages:/Bt/install/grab2_curobo_planner/lib/python3.12/site-packages:/Bt/install/grab2_msgs/lib/python3.12/site-packages /usr/bin/cmake --build /Bt/build/grab2_msgs -- -j8 -l8
[6.165s] [  1%] [34m[1mGenerating type hashes for ROS interfaces[0m
[6.785s] [  1%] Built target grab2_msgs__rosidl_generator_type_description
[6.817s] [  1%] Built target ament_cmake_python_copy_grab2_msgs
[6.829s] [  3%] [34m[1mGenerating C code for ROS interfaces[0m
[8.687s] [  4%] [32mBuilding C object CMakeFiles/grab2_msgs__rosidl_generator_c.dir/rosidl_generator_c/grab2_msgs/action/detail/compute_plan_to_target_ik__description.c.o[0m
[8.909s] [  6%] [32mBuilding C object CMakeFiles/grab2_msgs__rosidl_generator_c.dir/rosidl_generator_c/grab2_msgs/action/detail/compute_plan_through_poses__type_support.c.o[0m
[8.961s] [  7%] [32mBuilding C object CMakeFiles/grab2_msgs__rosidl_generator_c.dir/rosidl_generator_c/grab2_msgs/action/detail/get_isaac_grasp__description.c.o[0m
[9.171s] [  9%] [32mBuilding C object CMakeFiles/grab2_msgs__rosidl_generator_c.dir/rosidl_generator_c/grab2_msgs/action/detail/get_isaac_grasp__functions.c.o[0m
[9.351s] [ 10%] [32mBuilding C object CMakeFiles/grab2_msgs__rosidl_generator_c.dir/rosidl_generator_c/grab2_msgs/action/detail/get_isaac_grasp__type_support.c.o[0m
[9.408s] [ 12%] [32mBuilding C object CMakeFiles/grab2_msgs__rosidl_generator_c.dir/rosidl_generator_c/grab2_msgs/action/detail/reach_object__description.c.o[0m
[9.525s] [ 14%] [32mBuilding C object CMakeFiles/grab2_msgs__rosidl_generator_c.dir/rosidl_generator_c/grab2_msgs/action/detail/reach_object__functions.c.o[0m
[9.706s] [ 15%] [32mBuilding C object CMakeFiles/grab2_msgs__rosidl_generator_c.dir/rosidl_generator_c/grab2_msgs/action/detail/reach_object__type_support.c.o[0m
[9.758s] [ 17%] [32mBuilding C object CMakeFiles/grab2_msgs__rosidl_generator_c.dir/rosidl_generator_c/grab2_msgs/action/detail/compute_plan_through_poses__functions.c.o[0m
[9.942s] [ 18%] [32mBuilding C object CMakeFiles/grab2_msgs__rosidl_generator_c.dir/rosidl_generator_c/grab2_msgs/action/detail/compute_plan_through_poses__description.c.o[0m
[10.065s] [ 20%] [32mBuilding C object CMakeFiles/grab2_msgs__rosidl_generator_c.dir/rosidl_generator_c/grab2_msgs/action/detail/compute_plan_to_target_ik__type_support.c.o[0m
[10.115s] [ 21%] [32mBuilding C object CMakeFiles/grab2_msgs__rosidl_generator_c.dir/rosidl_generator_c/grab2_msgs/action/detail/compute_plan_to_target_ik__functions.c.o[0m
[10.294s] [ 23%] [32m[1mLinking C shared library libgrab2_msgs__rosidl_generator_c.so[0m
[10.969s] [ 23%] Built target grab2_msgs__rosidl_generator_c
[11.236s] running egg_info
[11.237s] creating grab2_msgs.egg-info
[11.261s] writing grab2_msgs.egg-info/PKG-INFO
[11.262s] writing dependency_links to grab2_msgs.egg-info/dependency_links.txt
[11.262s] writing top-level names to grab2_msgs.egg-info/top_level.txt
[11.262s] writing manifest file 'grab2_msgs.egg-info/SOURCES.txt'
[11.336s] reading manifest file 'grab2_msgs.egg-info/SOURCES.txt'
[11.337s] writing manifest file 'grab2_msgs.egg-info/SOURCES.txt'
[11.366s] [ 23%] Built target ament_cmake_python_build_grab2_msgs_egg
[11.379s] [ 25%] [34m[1mGenerating C type support dispatch for ROS interfaces[0m
[12.160s] [ 26%] [32mBuilding CXX object CMakeFiles/grab2_msgs__rosidl_typesupport_c.dir/rosidl_typesupport_c/grab2_msgs/action/compute_plan_to_target_ik__type_support.cpp.o[0m
[12.231s] [ 28%] [32mBuilding CXX object CMakeFiles/grab2_msgs__rosidl_typesupport_c.dir/rosidl_typesupport_c/grab2_msgs/action/reach_object__type_support.cpp.o[0m
[12.297s] [ 29%] [32mBuilding CXX object CMakeFiles/grab2_msgs__rosidl_typesupport_c.dir/rosidl_typesupport_c/grab2_msgs/action/get_isaac_grasp__type_support.cpp.o[0m
[12.365s] [ 31%] [32mBuilding CXX object CMakeFiles/grab2_msgs__rosidl_typesupport_c.dir/rosidl_typesupport_c/grab2_msgs/action/compute_plan_through_poses__type_support.cpp.o[0m
[12.442s] [ 32%] [32m[1mLinking CXX shared library libgrab2_msgs__rosidl_typesupport_c.so[0m
[12.581s] [ 32%] Built target grab2_msgs__rosidl_typesupport_c
[12.594s] [ 34%] [34m[1mGenerating C introspection for ROS interfaces[0m
[13.707s] [ 35%] [32mBuilding C object CMakeFiles/grab2_msgs__rosidl_typesupport_introspection_c.dir/rosidl_typesupport_introspection_c/grab2_msgs/action/detail/compute_plan_to_target_ik__type_support.c.o[0m
[13.797s] [ 37%] [32mBuilding C object CMakeFiles/grab2_msgs__rosidl_typesupport_introspection_c.dir/rosidl_typesupport_introspection_c/grab2_msgs/action/detail/reach_object__type_support.c.o[0m
[13.870s] [ 39%] [32mBuilding C object CMakeFiles/grab2_msgs__rosidl_typesupport_introspection_c.dir/rosidl_typesupport_introspection_c/grab2_msgs/action/detail/get_isaac_grasp__type_support.c.o[0m
[13.986s] [ 40%] [32mBuilding C object CMakeFiles/grab2_msgs__rosidl_typesupport_introspection_c.dir/rosidl_typesupport_introspection_c/grab2_msgs/action/detail/compute_plan_through_poses__type_support.c.o[0m
[14.063s] [ 42%] [32m[1mLinking C shared library libgrab2_msgs__rosidl_typesupport_introspection_c.so[0m
[14.367s] [ 42%] Built target grab2_msgs__rosidl_typesupport_introspection_c
[14.381s] [ 43%] [34m[1mGenerating C type support for eProsima Fast-RTPS[0m
[16.136s] [ 45%] [32mBuilding CXX object CMakeFiles/grab2_msgs__rosidl_typesupport_fastrtps_c.dir/rosidl_typesupport_fastrtps_c/grab2_msgs/action/detail/compute_plan_to_target_ik__type_support_c.cpp.o[0m
[16.775s] [ 46%] [32mBuilding CXX object CMakeFiles/grab2_msgs__rosidl_typesupport_fastrtps_c.dir/rosidl_typesupport_fastrtps_c/grab2_msgs/action/detail/reach_object__type_support_c.cpp.o[0m
[17.380s] [ 48%] [32mBuilding CXX object CMakeFiles/grab2_msgs__rosidl_typesupport_fastrtps_c.dir/rosidl_typesupport_fastrtps_c/grab2_msgs/action/detail/get_isaac_grasp__type_support_c.cpp.o[0m
[17.991s] [ 50%] [32mBuilding CXX object CMakeFiles/grab2_msgs__rosidl_typesupport_fastrtps_c.dir/rosidl_typesupport_fastrtps_c/grab2_msgs/action/detail/compute_plan_through_poses__type_support_c.cpp.o[0m
[18.619s] [ 51%] [32m[1mLinking CXX shared library libgrab2_msgs__rosidl_typesupport_fastrtps_c.so[0m
[18.913s] [ 51%] Built target grab2_msgs__rosidl_typesupport_fastrtps_c
[18.940s] [ 53%] [34m[1mGenerating C++ code for ROS interfaces[0m
[20.470s] [ 53%] Built target grab2_msgs__cpp
[20.485s] [ 54%] [34m[1mGenerating C++ type support dispatch for ROS interfaces[0m
[21.316s] [ 56%] [32mBuilding CXX object CMakeFiles/grab2_msgs__rosidl_typesupport_cpp.dir/rosidl_typesupport_cpp/grab2_msgs/action/compute_plan_to_target_ik__type_support.cpp.o[0m
[22.133s] [ 57%] [32mBuilding CXX object CMakeFiles/grab2_msgs__rosidl_typesupport_cpp.dir/rosidl_typesupport_cpp/grab2_msgs/action/compute_plan_through_poses__type_support.cpp.o[0m
[22.136s] [ 60%] [32mBuilding CXX object CMakeFiles/grab2_msgs__rosidl_typesupport_cpp.dir/rosidl_typesupport_cpp/grab2_msgs/action/get_isaac_grasp__type_support.cpp.o[0m
[22.136s] [ 60%] [32mBuilding CXX object CMakeFiles/grab2_msgs__rosidl_typesupport_cpp.dir/rosidl_typesupport_cpp/grab2_msgs/action/reach_object__type_support.cpp.o[0m
[23.418s] [ 62%] [32m[1mLinking CXX shared library libgrab2_msgs__rosidl_typesupport_cpp.so[0m
[23.662s] [ 62%] Built target grab2_msgs__rosidl_typesupport_cpp
[23.676s] [ 65%] [34m[1mGenerating C++ type support for eProsima Fast-RTPS[0m
[23.676s] [ 65%] [34m[1mGenerating C++ introspection for ROS interfaces[0m
[24.700s] [ 67%] [32mBuilding CXX object CMakeFiles/grab2_msgs__rosidl_typesupport_introspection_cpp.dir/rosidl_typesupport_introspection_cpp/grab2_msgs/action/detail/compute_plan_through_poses__type_support.cpp.o[0m
[24.700s] [ 68%] [32mBuilding CXX object CMakeFiles/grab2_msgs__rosidl_typesupport_introspection_cpp.dir/rosidl_typesupport_introspection_cpp/grab2_msgs/action/detail/compute_plan_to_target_ik__type_support.cpp.o[0m
[24.700s] [ 70%] [32mBuilding CXX object CMakeFiles/grab2_msgs__rosidl_typesupport_introspection_cpp.dir/rosidl_typesupport_introspection_cpp/grab2_msgs/action/detail/get_isaac_grasp__type_support.cpp.o[0m
[25.827s] [ 71%] [32mBuilding CXX object CMakeFiles/grab2_msgs__rosidl_typesupport_fastrtps_cpp.dir/rosidl_typesupport_fastrtps_cpp/grab2_msgs/action/detail/dds_fastrtps/get_isaac_grasp__type_support.cpp.o[0m
[25.827s] [ 73%] [32mBuilding CXX object CMakeFiles/grab2_msgs__rosidl_typesupport_fastrtps_cpp.dir/rosidl_typesupport_fastrtps_cpp/grab2_msgs/action/detail/dds_fastrtps/compute_plan_to_target_ik__type_support.cpp.o[0m
[25.835s] [ 75%] [32mBuilding CXX object CMakeFiles/grab2_msgs__rosidl_typesupport_fastrtps_cpp.dir/rosidl_typesupport_fastrtps_cpp/grab2_msgs/action/detail/dds_fastrtps/compute_plan_through_poses__type_support.cpp.o[0m
[26.153s] [ 76%] [32mBuilding CXX object CMakeFiles/grab2_msgs__rosidl_typesupport_introspection_cpp.dir/rosidl_typesupport_introspection_cpp/grab2_msgs/action/detail/reach_object__type_support.cpp.o[0m
[27.509s] [ 78%] [32m[1mLinking CXX shared library libgrab2_msgs__rosidl_typesupport_introspection_cpp.so[0m
[27.586s] [ 79%] [32mBuilding CXX object CMakeFiles/grab2_msgs__rosidl_typesupport_fastrtps_cpp.dir/rosidl_typesupport_fastrtps_cpp/grab2_msgs/action/detail/dds_fastrtps/reach_object__type_support.cpp.o[0m
[27.872s] [ 79%] Built target grab2_msgs__rosidl_typesupport_introspection_cpp
[28.687s] [ 81%] [32m[1mLinking CXX shared library libgrab2_msgs__rosidl_typesupport_fastrtps_cpp.so[0m
[29.430s] [ 81%] Built target grab2_msgs__rosidl_typesupport_fastrtps_cpp
[29.458s] [ 81%] Built target grab2_msgs
[29.487s] [ 82%] [34m[1mGenerating Python code for ROS interfaces[0m
[32.216s] [ 82%] Built target grab2_msgs__py
[32.242s] [ 85%] [32mBuilding C object CMakeFiles/grab2_msgs__rosidl_generator_py.dir/rosidl_generator_py/grab2_msgs/action/_get_isaac_grasp_s.c.o[0m
[32.242s] [ 85%] [32mBuilding C object CMakeFiles/grab2_msgs__rosidl_generator_py.dir/rosidl_generator_py/grab2_msgs/action/_compute_plan_through_poses_s.c.o[0m
[32.243s] [ 87%] [32mBuilding C object CMakeFiles/grab2_msgs__rosidl_generator_py.dir/rosidl_generator_py/grab2_msgs/action/_compute_plan_to_target_ik_s.c.o[0m
[32.470s] [ 89%] [32mBuilding C object CMakeFiles/grab2_msgs__rosidl_generator_py.dir/rosidl_generator_py/grab2_msgs/action/_reach_object_s.c.o[0m
[32.706s] [ 90%] [32m[1mLinking C shared library libgrab2_msgs__rosidl_generator_py.so[0m
[33.064s] [ 90%] Built target grab2_msgs__rosidl_generator_py
[33.090s] [ 92%] [32mBuilding C object CMakeFiles/grab2_msgs_s__rosidl_typesupport_c.dir/rosidl_generator_py/grab2_msgs/_grab2_msgs_s.ep.rosidl_typesupport_c.c.o[0m
[33.092s] [ 93%] [32mBuilding C object CMakeFiles/grab2_msgs_s__rosidl_typesupport_fastrtps_c.dir/rosidl_generator_py/grab2_msgs/_grab2_msgs_s.ep.rosidl_typesupport_fastrtps_c.c.o[0m
[33.094s] [ 95%] [32mBuilding C object CMakeFiles/grab2_msgs_s__rosidl_typesupport_introspection_c.dir/rosidl_generator_py/grab2_msgs/_grab2_msgs_s.ep.rosidl_typesupport_introspection_c.c.o[0m
[33.393s] [ 96%] [32m[1mLinking C shared module rosidl_generator_py/grab2_msgs/grab2_msgs_s__rosidl_typesupport_introspection_c.so[0m
[33.415s] [ 98%] [32m[1mLinking C shared module rosidl_generator_py/grab2_msgs/grab2_msgs_s__rosidl_typesupport_fastrtps_c.so[0m
[33.485s] [ 98%] Built target grab2_msgs_s__rosidl_typesupport_introspection_c
[33.499s] [ 98%] Built target grab2_msgs_s__rosidl_typesupport_fastrtps_c
[33.499s] [100%] [32m[1mLinking C shared module rosidl_generator_py/grab2_msgs/grab2_msgs_s__rosidl_typesupport_c.so[0m
[33.560s] [100%] Built target grab2_msgs_s__rosidl_typesupport_c
[33.580s] Invoked command in '/Bt/build/grab2_msgs' returned '0': CMAKE_PREFIX_PATH=/Bt/install/btcpp_ros2_interfaces:/opt/ros/jazzy/opt/gz_sim_vendor:/opt/ros/jazzy/opt/gz_sensors_vendor:/opt/ros/jazzy/opt/gz_physics_vendor:/opt/ros/jazzy/opt/sdformat_vendor:/opt/ros/jazzy/opt/gz_gui_vendor:/opt/ros/jazzy/opt/gz_transport_vendor:/opt/ros/jazzy/opt/gz_rendering_vendor:/opt/ros/jazzy/opt/gz_plugin_vendor:/opt/ros/jazzy/opt/gz_fuel_tools_vendor:/opt/ros/jazzy/opt/gz_msgs_vendor:/opt/ros/jazzy/opt/gz_common_vendor:/opt/ros/jazzy/opt/gz_math_vendor:/opt/ros/jazzy/opt/gz_utils_vendor:/opt/ros/jazzy/opt/gz_tools_vendor:/opt/ros/jazzy/opt/gz_ogre_next_vendor:/opt/ros/jazzy/opt/gz_dartsim_vendor:/opt/ros/jazzy/opt/gz_cmake_vendor:/Bt/install/yolo_bringup:/Bt/install/yolo_msgs:/Bt/install/tiago_slam:/Bt/install/tiago_simulation:/Bt/install/tiago_sim:/Bt/install/tiago_robot:/Bt/install/tiago_navigation:/Bt/install/tiago_demos:/Bt/install/tiago_nav:/Bt/install/tiago_gazebo:/Bt/install/tiago_moveit_config:/Bt/install/tiago_2dnav:/Bt/install/tiago_laser_sensors:/Bt/install/tiago_grab:/Bt/install/tiago_bringup:/Bt/install/tiago_description:/Bt/install/tiago_controller_configuration:/Bt/install/tiago_behavior_tree:/Bt/install/tiago_aruco_broadcast:/Bt/install/ros2_aruco_interfaces:/Bt/install/pmb2_robot:/Bt/install/pmb2_rgbd_sensors:/Bt/install/pmb2_navigation:/Bt/install/pmb2_laser_sensors:/Bt/install/pmb2_bringup:/Bt/install/pmb2_description:/Bt/install/pmb2_controller_configuration:/Bt/install/pmb2_2dnav:/Bt/install/play_motion2:/Bt/install/play_motion2_msgs:/Bt/install/pal_hey5:/Bt/install/pal_hey5_description:/Bt/install/pal_gripper_simulation:/Bt/install/pal_gripper:/Bt/install/pal_gripper_description:/Bt/install/omni_base_robot:/Bt/install/omni_base_bringup:/Bt/install/omni_base_description:/Bt/install/pal_urdf_utils:/Bt/install/pal_robotiq_gripper:/Bt/install/pal_robotiq_description:/Bt/install/pal_robotiq_controller_configuration:/Bt/install/pal_maps:/Bt/install/pal_hey5_controller_configuration:/Bt/install/pal_gripper_controller_configuration:/Bt/install/omni_base_controller_configuration:/Bt/install/grab2_planner:/Bt/install/grab2_grasp_generator:/Bt/install/grab2_bt_grabber:/Bt/install/grab2_ros_common:/Bt/install/grab2_behavior_tree:/Bt/install/grab2_msgs:/Bt/install/grab2_controller:/Bt/install/btcpp_ros2_samples:/Bt/install/behaviortree_ros2:/opt/ros/jazzy:/Bt/install/yolo_ros:/Bt/install/ros2_aruco:/Bt/install/launch_pal:/Bt/install/grab2_curobo_planner LD_LIBRARY_PATH=/Bt/install/btcpp_ros2_interfaces/lib:/opt/ros/jazzy/opt/gz_sim_vendor/lib:/opt/ros/jazzy/opt/gz_sensors_vendor/lib:/opt/ros/jazzy/opt/gz_physics_vendor/lib:/opt/ros/jazzy/opt/sdformat_vendor/lib:/opt/ros/jazzy/opt/rviz_ogre_vendor/lib:/opt/ros/jazzy/lib/x86_64-linux-gnu:/opt/ros/jazzy/opt/gz_gui_vendor/lib:/opt/ros/jazzy/opt/gz_transport_vendor/lib:/opt/ros/jazzy/opt/gz_rendering_vendor/lib:/opt/ros/jazzy/opt/gz_plugin_vendor/lib:/opt/ros/jazzy/opt/gz_fuel_tools_vendor/lib:/opt/ros/jazzy/opt/gz_msgs_vendor/lib:/opt/ros/jazzy/opt/gz_common_vendor/lib:/opt/ros/jazzy/opt/gz_math_vendor/lib:/opt/ros/jazzy/opt/gz_utils_vendor/lib:/opt/ros/jazzy/opt/gz_tools_vendor/lib:/opt/ros/jazzy/opt/gz_ogre_next_vendor/lib:/opt/ros/jazzy/opt/gz_dartsim_vendor/lib:/opt/ros/jazzy/opt/gz_cmake_vendor/lib:/opt/ros/jazzy/lib:/Bt/install/yolo_msgs/lib:/Bt/install/tiago_behavior_tree/lib:/Bt/install/ros2_aruco_interfaces/lib:/Bt/install/play_motion2/lib:/Bt/install/play_motion2_msgs/lib:/Bt/install/grab2_planner/lib:/Bt/install/grab2_grasp_generator/lib:/Bt/install/grab2_bt_grabber/lib:/Bt/install/grab2_behavior_tree/lib:/Bt/install/grab2_msgs/lib:/Bt/install/behaviortree_ros2/lib PYTHONPATH=/Bt/install/btcpp_ros2_interfaces/lib/python3.12/site-packages:/opt/ros/jazzy/lib/python3.12/site-packages:/Bt/install/yolo_ros/lib/python3.12/site-packages:/Bt/install/yolo_msgs/lib/python3.12/site-packages:/Bt/install/tiago_description/lib/python3.12/site-packages:/Bt/install/ros2_aruco_interfaces/lib/python3.12/site-packages:/Bt/install/ros2_aruco/lib/python3.12/site-packages:/Bt/install/pmb2_description/lib/python3.12/site-packages:/Bt/install/play_motion2_msgs/lib/python3.12/site-packages:/Bt/install/omni_base_description/lib/python3.12/site-packages:/Bt/install/launch_pal/lib/python3.12/site-packages:/Bt/install/grab2_curobo_planner/lib/python3.12/site-packages:/Bt/install/grab2_msgs/lib/python3.12/site-packages /usr/bin/cmake --build /Bt/build/grab2_msgs -- -j8 -l8
[33.581s] Invoking command in '/Bt/build/grab2_msgs': CMAKE_PREFIX_PATH=/Bt/install/btcpp_ros2_interfaces:/opt/ros/jazzy/opt/gz_sim_vendor:/opt/ros/jazzy/opt/gz_sensors_vendor:/opt/ros/jazzy/opt/gz_physics_vendor:/opt/ros/jazzy/opt/sdformat_vendor:/opt/ros/jazzy/opt/gz_gui_vendor:/opt/ros/jazzy/opt/gz_transport_vendor:/opt/ros/jazzy/opt/gz_rendering_vendor:/opt/ros/jazzy/opt/gz_plugin_vendor:/opt/ros/jazzy/opt/gz_fuel_tools_vendor:/opt/ros/jazzy/opt/gz_msgs_vendor:/opt/ros/jazzy/opt/gz_common_vendor:/opt/ros/jazzy/opt/gz_math_vendor:/opt/ros/jazzy/opt/gz_utils_vendor:/opt/ros/jazzy/opt/gz_tools_vendor:/opt/ros/jazzy/opt/gz_ogre_next_vendor:/opt/ros/jazzy/opt/gz_dartsim_vendor:/opt/ros/jazzy/opt/gz_cmake_vendor:/Bt/install/yolo_bringup:/Bt/install/yolo_msgs:/Bt/install/tiago_slam:/Bt/install/tiago_simulation:/Bt/install/tiago_sim:/Bt/install/tiago_robot:/Bt/install/tiago_navigation:/Bt/install/tiago_demos:/Bt/install/tiago_nav:/Bt/install/tiago_gazebo:/Bt/install/tiago_moveit_config:/Bt/install/tiago_2dnav:/Bt/install/tiago_laser_sensors:/Bt/install/tiago_grab:/Bt/install/tiago_bringup:/Bt/install/tiago_description:/Bt/install/tiago_controller_configuration:/Bt/install/tiago_behavior_tree:/Bt/install/tiago_aruco_broadcast:/Bt/install/ros2_aruco_interfaces:/Bt/install/pmb2_robot:/Bt/install/pmb2_rgbd_sensors:/Bt/install/pmb2_navigation:/Bt/install/pmb2_laser_sensors:/Bt/install/pmb2_bringup:/Bt/install/pmb2_description:/Bt/install/pmb2_controller_configuration:/Bt/install/pmb2_2dnav:/Bt/install/play_motion2:/Bt/install/play_motion2_msgs:/Bt/install/pal_hey5:/Bt/install/pal_hey5_description:/Bt/install/pal_gripper_simulation:/Bt/install/pal_gripper:/Bt/install/pal_gripper_description:/Bt/install/omni_base_robot:/Bt/install/omni_base_bringup:/Bt/install/omni_base_description:/Bt/install/pal_urdf_utils:/Bt/install/pal_robotiq_gripper:/Bt/install/pal_robotiq_description:/Bt/install/pal_robotiq_controller_configuration:/Bt/install/pal_maps:/Bt/install/pal_hey5_controller_configuration:/Bt/install/pal_gripper_controller_configuration:/Bt/install/omni_base_controller_configuration:/Bt/install/grab2_planner:/Bt/install/grab2_grasp_generator:/Bt/install/grab2_bt_grabber:/Bt/install/grab2_ros_common:/Bt/install/grab2_behavior_tree:/Bt/install/grab2_msgs:/Bt/install/grab2_controller:/Bt/install/btcpp_ros2_samples:/Bt/install/behaviortree_ros2:/opt/ros/jazzy:/Bt/install/yolo_ros:/Bt/install/ros2_aruco:/Bt/install/launch_pal:/Bt/install/grab2_curobo_planner LD_LIBRARY_PATH=/Bt/install/btcpp_ros2_interfaces/lib:/opt/ros/jazzy/opt/gz_sim_vendor/lib:/opt/ros/jazzy/opt/gz_sensors_vendor/lib:/opt/ros/jazzy/opt/gz_physics_vendor/lib:/opt/ros/jazzy/opt/sdformat_vendor/lib:/opt/ros/jazzy/opt/rviz_ogre_vendor/lib:/opt/ros/jazzy/lib/x86_64-linux-gnu:/opt/ros/jazzy/opt/gz_gui_vendor/lib:/opt/ros/jazzy/opt/gz_transport_vendor/lib:/opt/ros/jazzy/opt/gz_rendering_vendor/lib:/opt/ros/jazzy/opt/gz_plugin_vendor/lib:/opt/ros/jazzy/opt/gz_fuel_tools_vendor/lib:/opt/ros/jazzy/opt/gz_msgs_vendor/lib:/opt/ros/jazzy/opt/gz_common_vendor/lib:/opt/ros/jazzy/opt/gz_math_vendor/lib:/opt/ros/jazzy/opt/gz_utils_vendor/lib:/opt/ros/jazzy/opt/gz_tools_vendor/lib:/opt/ros/jazzy/opt/gz_ogre_next_vendor/lib:/opt/ros/jazzy/opt/gz_dartsim_vendor/lib:/opt/ros/jazzy/opt/gz_cmake_vendor/lib:/opt/ros/jazzy/lib:/Bt/install/yolo_msgs/lib:/Bt/install/tiago_behavior_tree/lib:/Bt/install/ros2_aruco_interfaces/lib:/Bt/install/play_motion2/lib:/Bt/install/play_motion2_msgs/lib:/Bt/install/grab2_planner/lib:/Bt/install/grab2_grasp_generator/lib:/Bt/install/grab2_bt_grabber/lib:/Bt/install/grab2_behavior_tree/lib:/Bt/install/grab2_msgs/lib:/Bt/install/behaviortree_ros2/lib PYTHONPATH=/Bt/install/btcpp_ros2_interfaces/lib/python3.12/site-packages:/opt/ros/jazzy/lib/python3.12/site-packages:/Bt/install/yolo_ros/lib/python3.12/site-packages:/Bt/install/yolo_msgs/lib/python3.12/site-packages:/Bt/install/tiago_description/lib/python3.12/site-packages:/Bt/install/ros2_aruco_interfaces/lib/python3.12/site-packages:/Bt/install/ros2_aruco/lib/python3.12/site-packages:/Bt/install/pmb2_description/lib/python3.12/site-packages:/Bt/install/play_motion2_msgs/lib/python3.12/site-packages:/Bt/install/omni_base_description/lib/python3.12/site-packages:/Bt/install/launch_pal/lib/python3.12/site-packages:/Bt/install/grab2_curobo_planner/lib/python3.12/site-packages:/Bt/install/grab2_msgs/lib/python3.12/site-packages /usr/bin/cmake --install /Bt/build/grab2_msgs
[33.596s] -- Install configuration: ""
[33.596s] -- Installing: /Bt/install/grab2_msgs/share/ament_index/resource_index/rosidl_interfaces/grab2_msgs
[33.597s] -- Installing: /Bt/install/grab2_msgs/share/grab2_msgs/action/ComputePlanToTargetIK.json
[33.597s] -- Installing: /Bt/install/grab2_msgs/share/grab2_msgs/action/ComputePlanThroughPoses.json
[33.597s] -- Installing: /Bt/install/grab2_msgs/share/grab2_msgs/action/GetIsaacGrasp.json
[33.598s] -- Installing: /Bt/install/grab2_msgs/share/grab2_msgs/action/ReachObject.json
[33.598s] -- Installing: /Bt/install/grab2_msgs/include/grab2_msgs/grab2_msgs
[33.598s] -- Installing: /Bt/install/grab2_msgs/include/grab2_msgs/grab2_msgs/action
[33.598s] -- Installing: /Bt/install/grab2_msgs/include/grab2_msgs/grab2_msgs/action/reach_object.h
[33.598s] -- Installing: /Bt/install/grab2_msgs/include/grab2_msgs/grab2_msgs/action/compute_plan_through_poses.h
[33.599s] -- Installing: /Bt/install/grab2_msgs/include/grab2_msgs/grab2_msgs/action/compute_plan_to_target_ik.h
[33.599s] -- Installing: /Bt/install/grab2_msgs/include/grab2_msgs/grab2_msgs/action/detail
[33.599s] -- Installing: /Bt/install/grab2_msgs/include/grab2_msgs/grab2_msgs/action/detail/reach_object__struct.h
[33.600s] -- Installing: /Bt/install/grab2_msgs/include/grab2_msgs/grab2_msgs/action/detail/compute_plan_to_target_ik__type_support.c
[33.600s] -- Installing: /Bt/install/grab2_msgs/include/grab2_msgs/grab2_msgs/action/detail/compute_plan_through_poses__functions.c
[33.600s] -- Installing: /Bt/install/grab2_msgs/include/grab2_msgs/grab2_msgs/action/detail/compute_plan_to_target_ik__type_support.h
[33.600s] -- Installing: /Bt/install/grab2_msgs/include/grab2_msgs/grab2_msgs/action/detail/get_isaac_grasp__type_support.h
[33.601s] -- Installing: /Bt/install/grab2_msgs/include/grab2_msgs/grab2_msgs/action/detail/compute_plan_through_poses__type_support.h
[33.601s] -- Installing: /Bt/install/grab2_msgs/include/grab2_msgs/grab2_msgs/action/detail/compute_plan_through_poses__functions.h
[33.601s] -- Installing: /Bt/install/grab2_msgs/include/grab2_msgs/grab2_msgs/action/detail/get_isaac_grasp__description.c
[33.601s] -- Installing: /Bt/install/grab2_msgs/include/grab2_msgs/grab2_msgs/action/detail/compute_plan_through_poses__type_support.c
[33.602s] -- Installing: /Bt/install/grab2_msgs/include/grab2_msgs/grab2_msgs/action/detail/compute_plan_to_target_ik__description.c
[33.602s] -- Installing: /Bt/install/grab2_msgs/include/grab2_msgs/grab2_msgs/action/detail/reach_object__functions.h
[33.602s] -- Installing: /Bt/install/grab2_msgs/include/grab2_msgs/grab2_msgs/action/detail/compute_plan_through_poses__description.c
[33.603s] -- Installing: /Bt/install/grab2_msgs/include/grab2_msgs/grab2_msgs/action/detail/get_isaac_grasp__functions.h
[33.603s] -- Installing: /Bt/install/grab2_msgs/include/grab2_msgs/grab2_msgs/action/detail/reach_object__functions.c
[33.603s] -- Installing: /Bt/install/grab2_msgs/include/grab2_msgs/grab2_msgs/action/detail/get_isaac_grasp__functions.c
[33.603s] -- Installing: /Bt/install/grab2_msgs/include/grab2_msgs/grab2_msgs/action/detail/get_isaac_grasp__struct.h
[33.604s] -- Installing: /Bt/install/grab2_msgs/include/grab2_msgs/grab2_msgs/action/detail/compute_plan_through_poses__struct.h
[33.604s] -- Installing: /Bt/install/grab2_msgs/include/grab2_msgs/grab2_msgs/action/detail/compute_plan_to_target_ik__functions.c
[33.604s] -- Installing: /Bt/install/grab2_msgs/include/grab2_msgs/grab2_msgs/action/detail/compute_plan_to_target_ik__struct.h
[33.604s] -- Installing: /Bt/install/grab2_msgs/include/grab2_msgs/grab2_msgs/action/detail/reach_object__type_support.h
[33.605s] -- Installing: /Bt/install/grab2_msgs/include/grab2_msgs/grab2_msgs/action/detail/reach_object__type_support.c
[33.605s] -- Installing: /Bt/install/grab2_msgs/include/grab2_msgs/grab2_msgs/action/detail/compute_plan_to_target_ik__functions.h
[33.605s] -- Installing: /Bt/install/grab2_msgs/include/grab2_msgs/grab2_msgs/action/detail/get_isaac_grasp__type_support.c
[33.605s] -- Installing: /Bt/install/grab2_msgs/include/grab2_msgs/grab2_msgs/action/detail/reach_object__description.c
[33.606s] -- Installing: /Bt/install/grab2_msgs/include/grab2_msgs/grab2_msgs/action/get_isaac_grasp.h
[33.606s] -- Installing: /Bt/install/grab2_msgs/include/grab2_msgs/grab2_msgs/msg
[33.663s] -- Installing: /Bt/install/grab2_msgs/include/grab2_msgs/grab2_msgs/msg/rosidl_generator_c__visibility_control.h
[33.664s] -- Installing: /Bt/install/grab2_msgs/share/grab2_msgs/environment/library_path.sh
[33.664s] -- Installing: /Bt/install/grab2_msgs/share/grab2_msgs/environment/library_path.dsv
[33.664s] -- Installing: /Bt/install/grab2_msgs/lib/libgrab2_msgs__rosidl_generator_c.so
[33.665s] -- Set non-toolchain portion of runtime path of "/Bt/install/grab2_msgs/lib/libgrab2_msgs__rosidl_generator_c.so" to ""
[33.666s] -- Up-to-date: /Bt/install/grab2_msgs/include/grab2_msgs/grab2_msgs
[33.666s] -- Up-to-date: /Bt/install/grab2_msgs/include/grab2_msgs/grab2_msgs/action
[33.666s] -- Up-to-date: /Bt/install/grab2_msgs/include/grab2_msgs/grab2_msgs/action/detail
[33.666s] -- Installing: /Bt/install/grab2_msgs/include/grab2_msgs/grab2_msgs/action/detail/get_isaac_grasp__rosidl_typesupport_fastrtps_c.h
[33.666s] -- Installing: /Bt/install/grab2_msgs/include/grab2_msgs/grab2_msgs/action/detail/compute_plan_to_target_ik__rosidl_typesupport_fastrtps_c.h
[33.666s] -- Installing: /Bt/install/grab2_msgs/include/grab2_msgs/grab2_msgs/action/detail/reach_object__rosidl_typesupport_fastrtps_c.h
[33.667s] -- Installing: /Bt/install/grab2_msgs/include/grab2_msgs/grab2_msgs/action/detail/compute_plan_through_poses__rosidl_typesupport_fastrtps_c.h
[33.667s] -- Up-to-date: /Bt/install/grab2_msgs/include/grab2_msgs/grab2_msgs/msg
[33.667s] -- Installing: /Bt/install/grab2_msgs/include/grab2_msgs/grab2_msgs/msg/rosidl_typesupport_fastrtps_c__visibility_control.h
[33.667s] -- Installing: /Bt/install/grab2_msgs/lib/libgrab2_msgs__rosidl_typesupport_fastrtps_c.so
[33.670s] -- Set non-toolchain portion of runtime path of "/Bt/install/grab2_msgs/lib/libgrab2_msgs__rosidl_typesupport_fastrtps_c.so" to ""
[33.670s] -- Up-to-date: /Bt/install/grab2_msgs/include/grab2_msgs/grab2_msgs
[33.670s] -- Up-to-date: /Bt/install/grab2_msgs/include/grab2_msgs/grab2_msgs/action
[33.670s] -- Installing: /Bt/install/grab2_msgs/include/grab2_msgs/grab2_msgs/action/get_isaac_grasp.hpp
[33.671s] -- Installing: /Bt/install/grab2_msgs/include/grab2_msgs/grab2_msgs/action/compute_plan_to_target_ik.hpp
[33.671s] -- Installing: /Bt/install/grab2_msgs/include/grab2_msgs/grab2_msgs/action/reach_object.hpp
[33.671s] -- Installing: /Bt/install/grab2_msgs/include/grab2_msgs/grab2_msgs/action/compute_plan_through_poses.hpp
[33.671s] -- Up-to-date: /Bt/install/grab2_msgs/include/grab2_msgs/grab2_msgs/action/detail
[33.671s] -- Installing: /Bt/install/grab2_msgs/include/grab2_msgs/grab2_msgs/action/detail/compute_plan_to_target_ik__type_support.hpp
[33.671s] -- Installing: /Bt/install/grab2_msgs/include/grab2_msgs/grab2_msgs/action/detail/compute_plan_through_poses__traits.hpp
[33.671s] -- Installing: /Bt/install/grab2_msgs/include/grab2_msgs/grab2_msgs/action/detail/get_isaac_grasp__type_support.hpp
[33.671s] -- Installing: /Bt/install/grab2_msgs/include/grab2_msgs/grab2_msgs/action/detail/compute_plan_through_poses__builder.hpp
[33.671s] -- Installing: /Bt/install/grab2_msgs/include/grab2_msgs/grab2_msgs/action/detail/reach_object__builder.hpp
[33.672s] -- Installing: /Bt/install/grab2_msgs/include/grab2_msgs/grab2_msgs/action/detail/compute_plan_to_target_ik__builder.hpp
[33.672s] -- Installing: /Bt/install/grab2_msgs/include/grab2_msgs/grab2_msgs/action/detail/reach_object__traits.hpp
[33.672s] -- Installing: /Bt/install/grab2_msgs/include/grab2_msgs/grab2_msgs/action/detail/get_isaac_grasp__traits.hpp
[33.673s] -- Installing: /Bt/install/grab2_msgs/include/grab2_msgs/grab2_msgs/action/detail/compute_plan_through_poses__type_support.hpp
[33.674s] -- Installing: /Bt/install/grab2_msgs/include/grab2_msgs/grab2_msgs/action/detail/compute_plan_to_target_ik__struct.hpp
[33.674s] -- Installing: /Bt/install/grab2_msgs/include/grab2_msgs/grab2_msgs/action/detail/reach_object__type_support.hpp
[33.675s] -- Installing: /Bt/install/grab2_msgs/include/grab2_msgs/grab2_msgs/action/detail/reach_object__struct.hpp
[33.675s] -- Installing: /Bt/install/grab2_msgs/include/grab2_msgs/grab2_msgs/action/detail/compute_plan_through_poses__struct.hpp
[33.676s] -- Installing: /Bt/install/grab2_msgs/include/grab2_msgs/grab2_msgs/action/detail/compute_plan_to_target_ik__traits.hpp
[33.676s] -- Installing: /Bt/install/grab2_msgs/include/grab2_msgs/grab2_msgs/action/detail/get_isaac_grasp__struct.hpp
[33.676s] -- Installing: /Bt/install/grab2_msgs/include/grab2_msgs/grab2_msgs/action/detail/get_isaac_grasp__builder.hpp
[33.677s] -- Up-to-date: /Bt/install/grab2_msgs/include/grab2_msgs/grab2_msgs/msg
[33.678s] -- Installing: /Bt/install/grab2_msgs/include/grab2_msgs/grab2_msgs/msg/rosidl_generator_cpp__visibility_control.hpp
[33.678s] -- Up-to-date: /Bt/install/grab2_msgs/include/grab2_msgs/grab2_msgs
[33.678s] -- Up-to-date: /Bt/install/grab2_msgs/include/grab2_msgs/grab2_msgs/action
[33.678s] -- Up-to-date: /Bt/install/grab2_msgs/include/grab2_msgs/grab2_msgs/action/detail
[33.679s] -- Installing: /Bt/install/grab2_msgs/include/grab2_msgs/grab2_msgs/action/detail/compute_plan_to_target_ik__rosidl_typesupport_fastrtps_cpp.hpp
[33.679s] -- Installing: /Bt/install/grab2_msgs/include/grab2_msgs/grab2_msgs/action/detail/reach_object__rosidl_typesupport_fastrtps_cpp.hpp
[33.680s] -- Installing: /Bt/install/grab2_msgs/include/grab2_msgs/grab2_msgs/action/detail/compute_plan_through_poses__rosidl_typesupport_fastrtps_cpp.hpp
[33.680s] -- Installing: /Bt/install/grab2_msgs/include/grab2_msgs/grab2_msgs/action/detail/dds_fastrtps
[33.681s] -- Installing: /Bt/install/grab2_msgs/include/grab2_msgs/grab2_msgs/action/detail/get_isaac_grasp__rosidl_typesupport_fastrtps_cpp.hpp
[33.682s] -- Up-to-date: /Bt/install/grab2_msgs/include/grab2_msgs/grab2_msgs/msg
[33.682s] -- Installing: /Bt/install/grab2_msgs/include/grab2_msgs/grab2_msgs/msg/rosidl_typesupport_fastrtps_cpp__visibility_control.h
[33.682s] -- Installing: /Bt/install/grab2_msgs/lib/libgrab2_msgs__rosidl_typesupport_fastrtps_cpp.so
[33.684s] -- Set non-toolchain portion of runtime path of "/Bt/install/grab2_msgs/lib/libgrab2_msgs__rosidl_typesupport_fastrtps_cpp.so" to ""
[33.684s] -- Up-to-date: /Bt/install/grab2_msgs/include/grab2_msgs/grab2_msgs
[33.684s] -- Up-to-date: /Bt/install/grab2_msgs/include/grab2_msgs/grab2_msgs/action
[33.685s] -- Up-to-date: /Bt/install/grab2_msgs/include/grab2_msgs/grab2_msgs/action/detail
[33.685s] -- Installing: /Bt/install/grab2_msgs/include/grab2_msgs/grab2_msgs/action/detail/get_isaac_grasp__rosidl_typesupport_introspection_c.h
[33.685s] -- Installing: /Bt/install/grab2_msgs/include/grab2_msgs/grab2_msgs/action/detail/compute_plan_to_target_ik__rosidl_typesupport_introspection_c.h
[33.686s] -- Installing: /Bt/install/grab2_msgs/include/grab2_msgs/grab2_msgs/action/detail/compute_plan_to_target_ik__type_support.c
[33.686s] -- Installing: /Bt/install/grab2_msgs/include/grab2_msgs/grab2_msgs/action/detail/reach_object__rosidl_typesupport_introspection_c.h
[33.687s] -- Installing: /Bt/install/grab2_msgs/include/grab2_msgs/grab2_msgs/action/detail/compute_plan_through_poses__type_support.c
[33.688s] -- Installing: /Bt/install/grab2_msgs/include/grab2_msgs/grab2_msgs/action/detail/reach_object__type_support.c
[33.688s] -- Installing: /Bt/install/grab2_msgs/include/grab2_msgs/grab2_msgs/action/detail/get_isaac_grasp__type_support.c
[33.689s] -- Installing: /Bt/install/grab2_msgs/include/grab2_msgs/grab2_msgs/action/detail/compute_plan_through_poses__rosidl_typesupport_introspection_c.h
[33.689s] -- Up-to-date: /Bt/install/grab2_msgs/include/grab2_msgs/grab2_msgs/msg
[33.690s] -- Installing: /Bt/install/grab2_msgs/include/grab2_msgs/grab2_msgs/msg/rosidl_typesupport_introspection_c__visibility_control.h
[33.690s] -- Installing: /Bt/install/grab2_msgs/lib/libgrab2_msgs__rosidl_typesupport_introspection_c.so
[33.691s] -- Set non-toolchain portion of runtime path of "/Bt/install/grab2_msgs/lib/libgrab2_msgs__rosidl_typesupport_introspection_c.so" to ""
[33.692s] -- Installing: /Bt/install/grab2_msgs/lib/libgrab2_msgs__rosidl_typesupport_c.so
[33.693s] -- Set non-toolchain portion of runtime path of "/Bt/install/grab2_msgs/lib/libgrab2_msgs__rosidl_typesupport_c.so" to ""
[33.693s] -- Up-to-date: /Bt/install/grab2_msgs/include/grab2_msgs/grab2_msgs
[33.693s] -- Up-to-date: /Bt/install/grab2_msgs/include/grab2_msgs/grab2_msgs/action
[33.694s] -- Up-to-date: /Bt/install/grab2_msgs/include/grab2_msgs/grab2_msgs/action/detail
[33.694s] -- Installing: /Bt/install/grab2_msgs/include/grab2_msgs/grab2_msgs/action/detail/compute_plan_to_target_ik__type_support.cpp
[33.694s] -- Installing: /Bt/install/grab2_msgs/include/grab2_msgs/grab2_msgs/action/detail/compute_plan_to_target_ik__rosidl_typesupport_introspection_cpp.hpp
[33.695s] -- Installing: /Bt/install/grab2_msgs/include/grab2_msgs/grab2_msgs/action/detail/reach_object__type_support.cpp
[33.696s] -- Installing: /Bt/install/grab2_msgs/include/grab2_msgs/grab2_msgs/action/detail/get_isaac_grasp__type_support.cpp
[33.696s] -- Installing: /Bt/install/grab2_msgs/include/grab2_msgs/grab2_msgs/action/detail/get_isaac_grasp__rosidl_typesupport_introspection_cpp.hpp
[33.697s] -- Installing: /Bt/install/grab2_msgs/include/grab2_msgs/grab2_msgs/action/detail/compute_plan_through_poses__type_support.cpp
[33.697s] -- Installing: /Bt/install/grab2_msgs/include/grab2_msgs/grab2_msgs/action/detail/reach_object__rosidl_typesupport_introspection_cpp.hpp
[33.698s] -- Installing: /Bt/install/grab2_msgs/include/grab2_msgs/grab2_msgs/action/detail/compute_plan_through_poses__rosidl_typesupport_introspection_cpp.hpp
[33.699s] -- Installing: /Bt/install/grab2_msgs/lib/libgrab2_msgs__rosidl_typesupport_introspection_cpp.so
[33.700s] -- Set non-toolchain portion of runtime path of "/Bt/install/grab2_msgs/lib/libgrab2_msgs__rosidl_typesupport_introspection_cpp.so" to ""
[33.701s] -- Installing: /Bt/install/grab2_msgs/lib/libgrab2_msgs__rosidl_typesupport_cpp.so
[33.703s] -- Set non-toolchain portion of runtime path of "/Bt/install/grab2_msgs/lib/libgrab2_msgs__rosidl_typesupport_cpp.so" to ""
[33.703s] -- Installing: /Bt/install/grab2_msgs/share/grab2_msgs/environment/pythonpath.sh
[33.704s] -- Installing: /Bt/install/grab2_msgs/share/grab2_msgs/environment/pythonpath.dsv
[33.704s] -- Installing: /Bt/install/grab2_msgs/lib/python3.12/site-packages/grab2_msgs-0.0.0-py3.12.egg-info
[33.705s] -- Installing: /Bt/install/grab2_msgs/lib/python3.12/site-packages/grab2_msgs-0.0.0-py3.12.egg-info/top_level.txt
[33.705s] -- Installing: /Bt/install/grab2_msgs/lib/python3.12/site-packages/grab2_msgs-0.0.0-py3.12.egg-info/PKG-INFO
[33.705s] -- Installing: /Bt/install/grab2_msgs/lib/python3.12/site-packages/grab2_msgs-0.0.0-py3.12.egg-info/SOURCES.txt
[33.706s] -- Installing: /Bt/install/grab2_msgs/lib/python3.12/site-packages/grab2_msgs-0.0.0-py3.12.egg-info/dependency_links.txt
[33.707s] -- Installing: /Bt/install/grab2_msgs/lib/python3.12/site-packages/grab2_msgs
[33.707s] -- Installing: /Bt/install/grab2_msgs/lib/python3.12/site-packages/grab2_msgs/grab2_msgs_s__rosidl_typesupport_introspection_c.so
[33.707s] -- Installing: /Bt/install/grab2_msgs/lib/python3.12/site-packages/grab2_msgs/__init__.py
[33.708s] -- Installing: /Bt/install/grab2_msgs/lib/python3.12/site-packages/grab2_msgs/grab2_msgs_s__rosidl_typesupport_c.so
[33.712s] -- Installing: /Bt/install/grab2_msgs/lib/python3.12/site-packages/grab2_msgs/_grab2_msgs_s.ep.rosidl_typesupport_fastrtps_c.c
[33.713s] -- Installing: /Bt/install/grab2_msgs/lib/python3.12/site-packages/grab2_msgs/_grab2_msgs_s.ep.rosidl_typesupport_c.c
[33.713s] -- Installing: /Bt/install/grab2_msgs/lib/python3.12/site-packages/grab2_msgs/action
[33.714s] -- Installing: /Bt/install/grab2_msgs/lib/python3.12/site-packages/grab2_msgs/action/_compute_plan_through_poses.py
[33.715s] -- Installing: /Bt/install/grab2_msgs/lib/python3.12/site-packages/grab2_msgs/action/__init__.py
[33.715s] -- Installing: /Bt/install/grab2_msgs/lib/python3.12/site-packages/grab2_msgs/action/_reach_object_s.c
[33.715s] -- Installing: /Bt/install/grab2_msgs/lib/python3.12/site-packages/grab2_msgs/action/_compute_plan_through_poses_s.c
[33.716s] -- Installing: /Bt/install/grab2_msgs/lib/python3.12/site-packages/grab2_msgs/action/_get_isaac_grasp_s.c
[33.717s] -- Installing: /Bt/install/grab2_msgs/lib/python3.12/site-packages/grab2_msgs/action/_compute_plan_to_target_ik.py
[33.717s] -- Installing: /Bt/install/grab2_msgs/lib/python3.12/site-packages/grab2_msgs/action/_reach_object.py
[33.718s] -- Installing: /Bt/install/grab2_msgs/lib/python3.12/site-packages/grab2_msgs/action/_get_isaac_grasp.py
[33.718s] -- Installing: /Bt/install/grab2_msgs/lib/python3.12/site-packages/grab2_msgs/action/_compute_plan_to_target_ik_s.c
[33.719s] -- Installing: /Bt/install/grab2_msgs/lib/python3.12/site-packages/grab2_msgs/grab2_msgs_s__rosidl_typesupport_fastrtps_c.so
[33.720s] -- Installing: /Bt/install/grab2_msgs/lib/python3.12/site-packages/grab2_msgs/_grab2_msgs_s.ep.rosidl_typesupport_introspection_c.c
[33.858s] Listing '/Bt/install/grab2_msgs/lib/python3.12/site-packages/grab2_msgs'...
[33.858s] Compiling '/Bt/install/grab2_msgs/lib/python3.12/site-packages/grab2_msgs/__init__.py'...
[33.858s] Listing '/Bt/install/grab2_msgs/lib/python3.12/site-packages/grab2_msgs/action'...
[33.858s] Compiling '/Bt/install/grab2_msgs/lib/python3.12/site-packages/grab2_msgs/action/__init__.py'...
[33.859s] Compiling '/Bt/install/grab2_msgs/lib/python3.12/site-packages/grab2_msgs/action/_compute_plan_through_poses.py'...
[33.859s] Compiling '/Bt/install/grab2_msgs/lib/python3.12/site-packages/grab2_msgs/action/_compute_plan_to_target_ik.py'...
[33.859s] Compiling '/Bt/install/grab2_msgs/lib/python3.12/site-packages/grab2_msgs/action/_get_isaac_grasp.py'...
[33.859s] Compiling '/Bt/install/grab2_msgs/lib/python3.12/site-packages/grab2_msgs/action/_reach_object.py'...
[33.869s] -- Installing: /Bt/install/grab2_msgs/lib/python3.12/site-packages/grab2_msgs/grab2_msgs_s__rosidl_typesupport_fastrtps_c.so
[33.869s] -- Set non-toolchain portion of runtime path of "/Bt/install/grab2_msgs/lib/python3.12/site-packages/grab2_msgs/grab2_msgs_s__rosidl_typesupport_fastrtps_c.so" to ""
[33.870s] -- Installing: /Bt/install/grab2_msgs/lib/python3.12/site-packages/grab2_msgs/grab2_msgs_s__rosidl_typesupport_introspection_c.so
[33.871s] -- Set non-toolchain portion of runtime path of "/Bt/install/grab2_msgs/lib/python3.12/site-packages/grab2_msgs/grab2_msgs_s__rosidl_typesupport_introspection_c.so" to ""
[33.871s] -- Installing: /Bt/install/grab2_msgs/lib/python3.12/site-packages/grab2_msgs/grab2_msgs_s__rosidl_typesupport_c.so
[33.872s] -- Set non-toolchain portion of runtime path of "/Bt/install/grab2_msgs/lib/python3.12/site-packages/grab2_msgs/grab2_msgs_s__rosidl_typesupport_c.so" to ""
[33.872s] -- Installing: /Bt/install/grab2_msgs/lib/libgrab2_msgs__rosidl_generator_py.so
[33.873s] -- Set non-toolchain portion of runtime path of "/Bt/install/grab2_msgs/lib/libgrab2_msgs__rosidl_generator_py.so" to ""
[33.874s] -- Installing: /Bt/install/grab2_msgs/share/grab2_msgs/action/ComputePlanToTargetIK.idl
[33.874s] -- Installing: /Bt/install/grab2_msgs/share/grab2_msgs/action/ComputePlanThroughPoses.idl
[33.875s] -- Installing: /Bt/install/grab2_msgs/share/grab2_msgs/action/GetIsaacGrasp.idl
[33.875s] -- Installing: /Bt/install/grab2_msgs/share/grab2_msgs/action/ReachObject.idl
[33.875s] -- Installing: /Bt/install/grab2_msgs/share/grab2_msgs/action/ComputePlanToTargetIK.action
[33.876s] -- Installing: /Bt/install/grab2_msgs/share/grab2_msgs/action/ComputePlanThroughPoses.action
[33.877s] -- Installing: /Bt/install/grab2_msgs/share/grab2_msgs/action/GetIsaacGrasp.action
[33.877s] -- Installing: /Bt/install/grab2_msgs/share/grab2_msgs/action/ReachObject.action
[33.877s] -- Installing: /Bt/install/grab2_msgs/share/ament_index/resource_index/package_run_dependencies/grab2_msgs
[33.878s] -- Installing: /Bt/install/grab2_msgs/share/ament_index/resource_index/parent_prefix_path/grab2_msgs
[33.879s] -- Installing: /Bt/install/grab2_msgs/share/grab2_msgs/environment/ament_prefix_path.sh
[33.879s] -- Installing: /Bt/install/grab2_msgs/share/grab2_msgs/environment/ament_prefix_path.dsv
[33.879s] -- Installing: /Bt/install/grab2_msgs/share/grab2_msgs/environment/path.sh
[33.880s] -- Installing: /Bt/install/grab2_msgs/share/grab2_msgs/environment/path.dsv
[33.880s] -- Installing: /Bt/install/grab2_msgs/share/grab2_msgs/local_setup.bash
[33.881s] -- Installing: /Bt/install/grab2_msgs/share/grab2_msgs/local_setup.sh
[33.882s] -- Installing: /Bt/install/grab2_msgs/share/grab2_msgs/local_setup.zsh
[33.882s] -- Installing: /Bt/install/grab2_msgs/share/grab2_msgs/local_setup.dsv
[33.882s] -- Installing: /Bt/install/grab2_msgs/share/grab2_msgs/package.dsv
[33.883s] -- Installing: /Bt/install/grab2_msgs/share/ament_index/resource_index/packages/grab2_msgs
[33.883s] -- Installing: /Bt/install/grab2_msgs/share/grab2_msgs/cmake/export_grab2_msgs__rosidl_generator_cExport.cmake
[33.884s] -- Installing: /Bt/install/grab2_msgs/share/grab2_msgs/cmake/export_grab2_msgs__rosidl_generator_cExport-noconfig.cmake
[33.884s] -- Installing: /Bt/install/grab2_msgs/share/grab2_msgs/cmake/export_grab2_msgs__rosidl_typesupport_fastrtps_cExport.cmake
[33.885s] -- Installing: /Bt/install/grab2_msgs/share/grab2_msgs/cmake/export_grab2_msgs__rosidl_typesupport_fastrtps_cExport-noconfig.cmake
[33.886s] -- Installing: /Bt/install/grab2_msgs/share/grab2_msgs/cmake/export_grab2_msgs__rosidl_generator_cppExport.cmake
[33.886s] -- Installing: /Bt/install/grab2_msgs/share/grab2_msgs/cmake/export_grab2_msgs__rosidl_typesupport_fastrtps_cppExport.cmake
[33.886s] -- Installing: /Bt/install/grab2_msgs/share/grab2_msgs/cmake/export_grab2_msgs__rosidl_typesupport_fastrtps_cppExport-noconfig.cmake
[33.887s] -- Installing: /Bt/install/grab2_msgs/share/grab2_msgs/cmake/grab2_msgs__rosidl_typesupport_introspection_cExport.cmake
[33.889s] -- Installing: /Bt/install/grab2_msgs/share/grab2_msgs/cmake/grab2_msgs__rosidl_typesupport_introspection_cExport-noconfig.cmake
[33.889s] -- Installing: /Bt/install/grab2_msgs/share/grab2_msgs/cmake/grab2_msgs__rosidl_typesupport_cExport.cmake
[33.890s] -- Installing: /Bt/install/grab2_msgs/share/grab2_msgs/cmake/grab2_msgs__rosidl_typesupport_cExport-noconfig.cmake
[33.890s] -- Installing: /Bt/install/grab2_msgs/share/grab2_msgs/cmake/grab2_msgs__rosidl_typesupport_introspection_cppExport.cmake
[33.890s] -- Installing: /Bt/install/grab2_msgs/share/grab2_msgs/cmake/grab2_msgs__rosidl_typesupport_introspection_cppExport-noconfig.cmake
[33.890s] -- Installing: /Bt/install/grab2_msgs/share/grab2_msgs/cmake/grab2_msgs__rosidl_typesupport_cppExport.cmake
[33.890s] -- Installing: /Bt/install/grab2_msgs/share/grab2_msgs/cmake/grab2_msgs__rosidl_typesupport_cppExport-noconfig.cmake
[33.891s] -- Installing: /Bt/install/grab2_msgs/share/grab2_msgs/cmake/export_grab2_msgs__rosidl_generator_pyExport.cmake
[33.891s] -- Installing: /Bt/install/grab2_msgs/share/grab2_msgs/cmake/export_grab2_msgs__rosidl_generator_pyExport-noconfig.cmake
[33.892s] -- Installing: /Bt/install/grab2_msgs/share/grab2_msgs/cmake/rosidl_cmake-extras.cmake
[33.892s] -- Installing: /Bt/install/grab2_msgs/share/grab2_msgs/cmake/ament_cmake_export_dependencies-extras.cmake
[33.892s] -- Installing: /Bt/install/grab2_msgs/share/grab2_msgs/cmake/ament_cmake_export_include_directories-extras.cmake
[33.893s] -- Installing: /Bt/install/grab2_msgs/share/grab2_msgs/cmake/ament_cmake_export_libraries-extras.cmake
[33.893s] -- Installing: /Bt/install/grab2_msgs/share/grab2_msgs/cmake/ament_cmake_export_targets-extras.cmake
[33.894s] -- Installing: /Bt/install/grab2_msgs/share/grab2_msgs/cmake/rosidl_cmake_export_typesupport_targets-extras.cmake
[33.894s] -- Installing: /Bt/install/grab2_msgs/share/grab2_msgs/cmake/rosidl_cmake_export_typesupport_libraries-extras.cmake
[33.895s] -- Installing: /Bt/install/grab2_msgs/share/grab2_msgs/cmake/grab2_msgsConfig.cmake
[33.895s] -- Installing: /Bt/install/grab2_msgs/share/grab2_msgs/cmake/grab2_msgsConfig-version.cmake
[33.898s] -- Installing: /Bt/install/grab2_msgs/share/grab2_msgs/package.xml
[33.902s] Invoked command in '/Bt/build/grab2_msgs' returned '0': CMAKE_PREFIX_PATH=/Bt/install/btcpp_ros2_interfaces:/opt/ros/jazzy/opt/gz_sim_vendor:/opt/ros/jazzy/opt/gz_sensors_vendor:/opt/ros/jazzy/opt/gz_physics_vendor:/opt/ros/jazzy/opt/sdformat_vendor:/opt/ros/jazzy/opt/gz_gui_vendor:/opt/ros/jazzy/opt/gz_transport_vendor:/opt/ros/jazzy/opt/gz_rendering_vendor:/opt/ros/jazzy/opt/gz_plugin_vendor:/opt/ros/jazzy/opt/gz_fuel_tools_vendor:/opt/ros/jazzy/opt/gz_msgs_vendor:/opt/ros/jazzy/opt/gz_common_vendor:/opt/ros/jazzy/opt/gz_math_vendor:/opt/ros/jazzy/opt/gz_utils_vendor:/opt/ros/jazzy/opt/gz_tools_vendor:/opt/ros/jazzy/opt/gz_ogre_next_vendor:/opt/ros/jazzy/opt/gz_dartsim_vendor:/opt/ros/jazzy/opt/gz_cmake_vendor:/Bt/install/yolo_bringup:/Bt/install/yolo_msgs:/Bt/install/tiago_slam:/Bt/install/tiago_simulation:/Bt/install/tiago_sim:/Bt/install/tiago_robot:/Bt/install/tiago_navigation:/Bt/install/tiago_demos:/Bt/install/tiago_nav:/Bt/install/tiago_gazebo:/Bt/install/tiago_moveit_config:/Bt/install/tiago_2dnav:/Bt/install/tiago_laser_sensors:/Bt/install/tiago_grab:/Bt/install/tiago_bringup:/Bt/install/tiago_description:/Bt/install/tiago_controller_configuration:/Bt/install/tiago_behavior_tree:/Bt/install/tiago_aruco_broadcast:/Bt/install/ros2_aruco_interfaces:/Bt/install/pmb2_robot:/Bt/install/pmb2_rgbd_sensors:/Bt/install/pmb2_navigation:/Bt/install/pmb2_laser_sensors:/Bt/install/pmb2_bringup:/Bt/install/pmb2_description:/Bt/install/pmb2_controller_configuration:/Bt/install/pmb2_2dnav:/Bt/install/play_motion2:/Bt/install/play_motion2_msgs:/Bt/install/pal_hey5:/Bt/install/pal_hey5_description:/Bt/install/pal_gripper_simulation:/Bt/install/pal_gripper:/Bt/install/pal_gripper_description:/Bt/install/omni_base_robot:/Bt/install/omni_base_bringup:/Bt/install/omni_base_description:/Bt/install/pal_urdf_utils:/Bt/install/pal_robotiq_gripper:/Bt/install/pal_robotiq_description:/Bt/install/pal_robotiq_controller_configuration:/Bt/install/pal_maps:/Bt/install/pal_hey5_controller_configuration:/Bt/install/pal_gripper_controller_configuration:/Bt/install/omni_base_controller_configuration:/Bt/install/grab2_planner:/Bt/install/grab2_grasp_generator:/Bt/install/grab2_bt_grabber:/Bt/install/grab2_ros_common:/Bt/install/grab2_behavior_tree:/Bt/install/grab2_msgs:/Bt/install/grab2_controller:/Bt/install/btcpp_ros2_samples:/Bt/install/behaviortree_ros2:/opt/ros/jazzy:/Bt/install/yolo_ros:/Bt/install/ros2_aruco:/Bt/install/launch_pal:/Bt/install/grab2_curobo_planner LD_LIBRARY_PATH=/Bt/install/btcpp_ros2_interfaces/lib:/opt/ros/jazzy/opt/gz_sim_vendor/lib:/opt/ros/jazzy/opt/gz_sensors_vendor/lib:/opt/ros/jazzy/opt/gz_physics_vendor/lib:/opt/ros/jazzy/opt/sdformat_vendor/lib:/opt/ros/jazzy/opt/rviz_ogre_vendor/lib:/opt/ros/jazzy/lib/x86_64-linux-gnu:/opt/ros/jazzy/opt/gz_gui_vendor/lib:/opt/ros/jazzy/opt/gz_transport_vendor/lib:/opt/ros/jazzy/opt/gz_rendering_vendor/lib:/opt/ros/jazzy/opt/gz_plugin_vendor/lib:/opt/ros/jazzy/opt/gz_fuel_tools_vendor/lib:/opt/ros/jazzy/opt/gz_msgs_vendor/lib:/opt/ros/jazzy/opt/gz_common_vendor/lib:/opt/ros/jazzy/opt/gz_math_vendor/lib:/opt/ros/jazzy/opt/gz_utils_vendor/lib:/opt/ros/jazzy/opt/gz_tools_vendor/lib:/opt/ros/jazzy/opt/gz_ogre_next_vendor/lib:/opt/ros/jazzy/opt/gz_dartsim_vendor/lib:/opt/ros/jazzy/opt/gz_cmake_vendor/lib:/opt/ros/jazzy/lib:/Bt/install/yolo_msgs/lib:/Bt/install/tiago_behavior_tree/lib:/Bt/install/ros2_aruco_interfaces/lib:/Bt/install/play_motion2/lib:/Bt/install/play_motion2_msgs/lib:/Bt/install/grab2_planner/lib:/Bt/install/grab2_grasp_generator/lib:/Bt/install/grab2_bt_grabber/lib:/Bt/install/grab2_behavior_tree/lib:/Bt/install/grab2_msgs/lib:/Bt/install/behaviortree_ros2/lib PYTHONPATH=/Bt/install/btcpp_ros2_interfaces/lib/python3.12/site-packages:/opt/ros/jazzy/lib/python3.12/site-packages:/Bt/install/yolo_ros/lib/python3.12/site-packages:/Bt/install/yolo_msgs/lib/python3.12/site-packages:/Bt/install/tiago_description/lib/python3.12/site-packages:/Bt/install/ros2_aruco_interfaces/lib/python3.12/site-packages:/Bt/install/ros2_aruco/lib/python3.12/site-packages:/Bt/install/pmb2_description/lib/python3.12/site-packages:/Bt/install/play_motion2_msgs/lib/python3.12/site-packages:/Bt/install/omni_base_description/lib/python3.12/site-packages:/Bt/install/launch_pal/lib/python3.12/site-packages:/Bt/install/grab2_curobo_planner/lib/python3.12/site-packages:/Bt/install/grab2_msgs/lib/python3.12/site-packages /usr/bin/cmake --install /Bt/build/grab2_msgs
