-- Install configuration: ""
-- Up-to-date: /Bt/install/pal_maps/share/pal_maps/maps
-- Up-to-date: /Bt/install/pal_maps/share/pal_maps/maps/obstacle_avoidance_world
-- Up-to-date: /Bt/install/pal_maps/share/pal_maps/maps/obstacle_avoidance_world/map.yaml
-- Up-to-date: /Bt/install/pal_maps/share/pal_maps/maps/obstacle_avoidance_world/map.pgm
-- Up-to-date: /Bt/install/pal_maps/share/pal_maps/maps/pal_office_7th_floor
-- Up-to-date: /Bt/install/pal_maps/share/pal_maps/maps/pal_office_7th_floor/map.yaml
-- Up-to-date: /Bt/install/pal_maps/share/pal_maps/maps/pal_office_7th_floor/map.pgm
-- Up-to-date: /Bt/install/pal_maps/share/pal_maps/maps/corridor_85cm
-- Up-to-date: /Bt/install/pal_maps/share/pal_maps/maps/corridor_85cm/map.yaml
-- Up-to-date: /Bt/install/pal_maps/share/pal_maps/maps/corridor_85cm/map.pgm
-- Up-to-date: /Bt/install/pal_maps/share/pal_maps/maps/home
-- Up-to-date: /Bt/install/pal_maps/share/pal_maps/maps/home/map.yaml
-- Up-to-date: /Bt/install/pal_maps/share/pal_maps/maps/home/map.pgm
-- Up-to-date: /Bt/install/pal_maps/share/pal_maps/maps/pal_office
-- Up-to-date: /Bt/install/pal_maps/share/pal_maps/maps/pal_office/map.yaml
-- Up-to-date: /Bt/install/pal_maps/share/pal_maps/maps/pal_office/map.pgm
-- Up-to-date: /Bt/install/pal_maps/share/pal_maps/maps/corridor_95cm
-- Up-to-date: /Bt/install/pal_maps/share/pal_maps/maps/corridor_95cm/map.yaml
-- Up-to-date: /Bt/install/pal_maps/share/pal_maps/maps/corridor_95cm/map.pgm
-- Up-to-date: /Bt/install/pal_maps/share/pal_maps/maps/hospital_with_aruco
-- Up-to-date: /Bt/install/pal_maps/share/pal_maps/maps/hospital_with_aruco/map.yaml
-- Up-to-date: /Bt/install/pal_maps/share/pal_maps/maps/hospital_with_aruco/map.pgm
-- Up-to-date: /Bt/install/pal_maps/share/pal_maps/maps/small_warehouse
-- Up-to-date: /Bt/install/pal_maps/share/pal_maps/maps/small_warehouse/map.yaml
-- Up-to-date: /Bt/install/pal_maps/share/pal_maps/maps/small_warehouse/map.pgm
-- Up-to-date: /Bt/install/pal_maps/share/pal_maps/maps/corridor_110cm
-- Up-to-date: /Bt/install/pal_maps/share/pal_maps/maps/corridor_110cm/map.yaml
-- Up-to-date: /Bt/install/pal_maps/share/pal_maps/maps/corridor_110cm/map.pgm
-- Up-to-date: /Bt/install/pal_maps/share/pal_maps/maps/hospital
-- Up-to-date: /Bt/install/pal_maps/share/pal_maps/maps/hospital/map.yaml
-- Up-to-date: /Bt/install/pal_maps/share/pal_maps/maps/hospital/map.pgm
-- Up-to-date: /Bt/install/pal_maps/share/pal_maps/maps/dynamic_obstacle_avoidance_world
-- Up-to-date: /Bt/install/pal_maps/share/pal_maps/maps/dynamic_obstacle_avoidance_world/map.yaml
-- Up-to-date: /Bt/install/pal_maps/share/pal_maps/maps/dynamic_obstacle_avoidance_world/map.pgm
-- Up-to-date: /Bt/install/pal_maps/share/pal_maps/maps/roscon_es_25
-- Up-to-date: /Bt/install/pal_maps/share/pal_maps/maps/roscon_es_25/map.yaml
-- Up-to-date: /Bt/install/pal_maps/share/pal_maps/maps/roscon_es_25/map.pgm
-- Up-to-date: /Bt/install/pal_maps/share/pal_maps/maps/willow_garage
-- Up-to-date: /Bt/install/pal_maps/share/pal_maps/maps/willow_garage/map.yaml
-- Up-to-date: /Bt/install/pal_maps/share/pal_maps/maps/willow_garage/map.pgm
-- Up-to-date: /Bt/install/pal_maps/share/pal_maps/maps/small_office
-- Up-to-date: /Bt/install/pal_maps/share/pal_maps/maps/small_office/map.yaml
-- Up-to-date: /Bt/install/pal_maps/share/pal_maps/maps/small_office/map.pgm
-- Up-to-date: /Bt/install/pal_maps/share/pal_maps/maps/small_house
-- Up-to-date: /Bt/install/pal_maps/share/pal_maps/maps/small_house/map.yaml
-- Up-to-date: /Bt/install/pal_maps/share/pal_maps/maps/small_house/map.pgm
-- Up-to-date: /Bt/install/pal_maps/share/ament_index/resource_index/package_run_dependencies/pal_maps
-- Up-to-date: /Bt/install/pal_maps/share/ament_index/resource_index/parent_prefix_path/pal_maps
-- Up-to-date: /Bt/install/pal_maps/share/pal_maps/environment/ament_prefix_path.sh
-- Up-to-date: /Bt/install/pal_maps/share/pal_maps/environment/ament_prefix_path.dsv
-- Up-to-date: /Bt/install/pal_maps/share/pal_maps/environment/path.sh
-- Up-to-date: /Bt/install/pal_maps/share/pal_maps/environment/path.dsv
-- Up-to-date: /Bt/install/pal_maps/share/pal_maps/local_setup.bash
-- Up-to-date: /Bt/install/pal_maps/share/pal_maps/local_setup.sh
-- Up-to-date: /Bt/install/pal_maps/share/pal_maps/local_setup.zsh
-- Up-to-date: /Bt/install/pal_maps/share/pal_maps/local_setup.dsv
-- Installing: /Bt/install/pal_maps/share/pal_maps/package.dsv
-- Up-to-date: /Bt/install/pal_maps/share/ament_index/resource_index/packages/pal_maps
-- Up-to-date: /Bt/install/pal_maps/share/pal_maps/cmake/pal_mapsConfig.cmake
-- Up-to-date: /Bt/install/pal_maps/share/pal_maps/cmake/pal_mapsConfig-version.cmake
-- Up-to-date: /Bt/install/pal_maps/share/pal_maps/package.xml
