[0.013s] Invoking command in '/Bt/build/grab2_controller': CMAKE_PREFIX_PATH=${CMAKE_PREFIX_PATH}:/opt/ros/jazzy:/Bt/install/yolo_ros:/Bt/install/ros2_aruco:/Bt/install/launch_pal:/Bt/install/grab2_curobo_planner /usr/bin/cmake /Bt/ThirdParty/grab2/grab2_controller -DCMAKE_INSTALL_PREFIX=/Bt/install/grab2_controller
[0.155s] -- The C compiler identification is GNU 13.3.0
[0.282s] -- The CXX compiler identification is GNU 13.3.0
[0.319s] -- Detecting C compiler ABI info
[0.503s] -- Detecting C compiler ABI info - done
[0.526s] -- Check for working C compiler: /usr/bin/cc - skipped
[0.526s] -- Detecting C compile features
[0.527s] -- Detecting C compile features - done
[0.543s] -- Detecting CXX compiler ABI info
[0.725s] -- Detecting CXX compiler ABI info - done
[0.752s] -- Check for working CXX compiler: /usr/bin/c++ - skipped
[0.752s] -- Detecting CXX compile features
[0.755s] -- Detecting CXX compile features - done
[0.777s] -- Found ament_cmake: 2.5.4 (/opt/ros/jazzy/share/ament_cmake/cmake)
[1.211s] -- Found Python3: /usr/bin/python3 (found version "3.12.3") found components: Interpreter 
[1.557s] -- Found ament_lint_auto: 0.17.3 (/opt/ros/jazzy/share/ament_lint_auto/cmake)
[1.860s] -- Added test 'flake8' to check Python code syntax and style conventions
[1.860s] -- Configured 'flake8' exclude dirs and/or files: 
[1.866s] -- Added test 'lint_cmake' to check CMake code style
[1.866s] -- Added test 'pep257' to check Python code against some of the docstring style conventions in PEP 257
[1.877s] -- Added test 'xmllint' to check XML markup files
[1.883s] -- Configuring done (1.9s)
[1.892s] -- Generating done (0.0s)
[1.893s] -- Build files have been written to: /Bt/build/grab2_controller
[1.901s] Invoked command in '/Bt/build/grab2_controller' returned '0': CMAKE_PREFIX_PATH=${CMAKE_PREFIX_PATH}:/opt/ros/jazzy:/Bt/install/yolo_ros:/Bt/install/ros2_aruco:/Bt/install/launch_pal:/Bt/install/grab2_curobo_planner /usr/bin/cmake /Bt/ThirdParty/grab2/grab2_controller -DCMAKE_INSTALL_PREFIX=/Bt/install/grab2_controller
[1.929s] Invoking command in '/Bt/build/grab2_controller': CMAKE_PREFIX_PATH=${CMAKE_PREFIX_PATH}:/opt/ros/jazzy:/Bt/install/yolo_ros:/Bt/install/ros2_aruco:/Bt/install/launch_pal:/Bt/install/grab2_curobo_planner /usr/bin/cmake --build /Bt/build/grab2_controller -- -j8 -l8
[2.749s] Invoked command in '/Bt/build/grab2_controller' returned '0': CMAKE_PREFIX_PATH=${CMAKE_PREFIX_PATH}:/opt/ros/jazzy:/Bt/install/yolo_ros:/Bt/install/ros2_aruco:/Bt/install/launch_pal:/Bt/install/grab2_curobo_planner /usr/bin/cmake --build /Bt/build/grab2_controller -- -j8 -l8
[2.750s] Invoking command in '/Bt/build/grab2_controller': CMAKE_PREFIX_PATH=${CMAKE_PREFIX_PATH}:/opt/ros/jazzy:/Bt/install/yolo_ros:/Bt/install/ros2_aruco:/Bt/install/launch_pal:/Bt/install/grab2_curobo_planner /usr/bin/cmake --install /Bt/build/grab2_controller
[2.887s] -- Install configuration: ""
[2.887s] -- Installing: /Bt/install/grab2_controller/share/grab2_controller/launch
[2.887s] -- Installing: /Bt/install/grab2_controller/share/grab2_controller/launch/ur5e_robotiq_2f_140_controllers.launch.py
[2.887s] -- Installing: /Bt/install/grab2_controller/share/grab2_controller/launch/panda_controllers.launch.py
[2.888s] -- Installing: /Bt/install/grab2_controller/share/grab2_controller/launch/ur10e_suction_gripper_controllers.launch.py
[2.888s] -- Installing: /Bt/install/grab2_controller/share/grab2_controller/description
[2.888s] -- Installing: /Bt/install/grab2_controller/share/grab2_controller/description/robotiq_2f_140
[2.888s] -- Installing: /Bt/install/grab2_controller/share/grab2_controller/description/robotiq_2f_140/robotiq_2f_140.xacro
[2.888s] -- Installing: /Bt/install/grab2_controller/share/grab2_controller/description/robotiq_2f_140/meshes
[2.888s] -- Installing: /Bt/install/grab2_controller/share/grab2_controller/description/robotiq_2f_140/meshes/visual
[2.888s] -- Installing: /Bt/install/grab2_controller/share/grab2_controller/description/robotiq_2f_140/meshes/visual/robotiq_arg2f_140_inner_knuckle.stl
[2.888s] -- Installing: /Bt/install/grab2_controller/share/grab2_controller/description/robotiq_2f_140/meshes/visual/robotiq_arg2f_base_link.stl
[2.889s] -- Installing: /Bt/install/grab2_controller/share/grab2_controller/description/robotiq_2f_140/meshes/visual/robotiq_arg2f_coupling.stl
[2.889s] -- Installing: /Bt/install/grab2_controller/share/grab2_controller/description/robotiq_2f_140/meshes/visual/robotiq_arg2f_140_inner_finger.stl
[2.889s] -- Installing: /Bt/install/grab2_controller/share/grab2_controller/description/robotiq_2f_140/meshes/visual/robotiq_arg2f_140_outer_knuckle.stl
[2.889s] -- Installing: /Bt/install/grab2_controller/share/grab2_controller/description/robotiq_2f_140/meshes/visual/robotiq_arg2f_140_outer_finger.stl
[2.889s] -- Installing: /Bt/install/grab2_controller/share/grab2_controller/description/robotiq_2f_140/meshes/collision
[2.889s] -- Installing: /Bt/install/grab2_controller/share/grab2_controller/description/robotiq_2f_140/meshes/collision/robotiq_arg2f_140_inner_knuckle.stl
[2.904s] -- Installing: /Bt/install/grab2_controller/share/grab2_controller/description/robotiq_2f_140/meshes/collision/robotiq_arg2f_base_link.stl
[2.923s] -- Installing: /Bt/install/grab2_controller/share/grab2_controller/description/robotiq_2f_140/meshes/collision/robotiq_arg2f_coupling.stl
[2.924s] -- Installing: /Bt/install/grab2_controller/share/grab2_controller/description/robotiq_2f_140/meshes/collision/robotiq_arg2f_140_inner_finger.stl
[2.924s] -- Installing: /Bt/install/grab2_controller/share/grab2_controller/description/robotiq_2f_140/meshes/collision/robotiq_arg2f_140_outer_knuckle.stl
[2.925s] -- Installing: /Bt/install/grab2_controller/share/grab2_controller/description/robotiq_2f_140/meshes/collision/robotiq_arg2f_140_outer_finger.stl
[2.926s] -- Installing: /Bt/install/grab2_controller/share/grab2_controller/description/robotiq_2f_140/README.md
[2.930s] -- Installing: /Bt/install/grab2_controller/share/grab2_controller/description/ur
[2.930s] -- Installing: /Bt/install/grab2_controller/share/grab2_controller/description/ur/ur.urdf.xacro
[2.930s] -- Installing: /Bt/install/grab2_controller/share/grab2_controller/description/ur/ur.ros2_control.xacro
[2.930s] -- Installing: /Bt/install/grab2_controller/share/grab2_controller/description/panda
[2.930s] -- Installing: /Bt/install/grab2_controller/share/grab2_controller/description/panda/panda.ros2_control.xacro
[2.937s] -- Installing: /Bt/install/grab2_controller/share/grab2_controller/description/panda/panda.urdf.xacro
[2.938s] -- Installing: /Bt/install/grab2_controller/share/grab2_controller/config
[2.940s] -- Installing: /Bt/install/grab2_controller/share/grab2_controller/config/ur
[2.940s] -- Installing: /Bt/install/grab2_controller/share/grab2_controller/config/ur/ros2_controllers.yaml
[2.942s] -- Installing: /Bt/install/grab2_controller/share/grab2_controller/config/ur/initial_positions.yaml
[2.942s] -- Installing: /Bt/install/grab2_controller/share/grab2_controller/config/rviz2
[2.945s] -- Installing: /Bt/install/grab2_controller/share/grab2_controller/config/rviz2/3d_detection_cfg.yaml
[2.945s] -- Installing: /Bt/install/grab2_controller/share/grab2_controller/config/rviz2/rviz2_config.rviz
[2.946s] -- Installing: /Bt/install/grab2_controller/share/grab2_controller/config/panda
[2.946s] -- Installing: /Bt/install/grab2_controller/share/grab2_controller/config/panda/ros2_controllers.yaml
[2.947s] -- Installing: /Bt/install/grab2_controller/share/grab2_controller/config/panda/initial_positions.yaml
[2.948s] -- Installing: /Bt/install/grab2_controller/share/ament_index/resource_index/package_run_dependencies/grab2_controller
[2.949s] -- Installing: /Bt/install/grab2_controller/share/ament_index/resource_index/parent_prefix_path/grab2_controller
[2.952s] -- Installing: /Bt/install/grab2_controller/share/grab2_controller/environment/ament_prefix_path.sh
[2.952s] -- Installing: /Bt/install/grab2_controller/share/grab2_controller/environment/ament_prefix_path.dsv
[2.952s] -- Installing: /Bt/install/grab2_controller/share/grab2_controller/environment/path.sh
[2.952s] -- Installing: /Bt/install/grab2_controller/share/grab2_controller/environment/path.dsv
[2.952s] -- Installing: /Bt/install/grab2_controller/share/grab2_controller/local_setup.bash
[2.953s] -- Installing: /Bt/install/grab2_controller/share/grab2_controller/local_setup.sh
[2.960s] -- Installing: /Bt/install/grab2_controller/share/grab2_controller/local_setup.zsh
[2.960s] -- Installing: /Bt/install/grab2_controller/share/grab2_controller/local_setup.dsv
[2.960s] -- Installing: /Bt/install/grab2_controller/share/grab2_controller/package.dsv
[2.961s] -- Installing: /Bt/install/grab2_controller/share/ament_index/resource_index/packages/grab2_controller
[2.961s] -- Installing: /Bt/install/grab2_controller/share/grab2_controller/cmake/grab2_controllerConfig.cmake
[2.961s] -- Installing: /Bt/install/grab2_controller/share/grab2_controller/cmake/grab2_controllerConfig-version.cmake
[2.961s] -- Installing: /Bt/install/grab2_controller/share/grab2_controller/package.xml
[2.976s] Invoked command in '/Bt/build/grab2_controller' returned '0': CMAKE_PREFIX_PATH=${CMAKE_PREFIX_PATH}:/opt/ros/jazzy:/Bt/install/yolo_ros:/Bt/install/ros2_aruco:/Bt/install/launch_pal:/Bt/install/grab2_curobo_planner /usr/bin/cmake --install /Bt/build/grab2_controller
