[0.026s] Invoking command in '/Bt/build/tiago_description': AMENT_PREFIX_PATH=/Bt/install/launch_pal:/opt/ros/jazzy:/Bt/install/yolo_bringup:/Bt/install/yolo_ros:/Bt/install/yolo_msgs:/Bt/install/tiago_slam:/Bt/install/tiago_simulation:/Bt/install/tiago_sim:/Bt/install/tiago_robot:/Bt/install/tiago_navigation:/Bt/install/tiago_demos:/Bt/install/tiago_nav:/Bt/install/tiago_gazebo:/Bt/install/tiago_moveit_config:/Bt/install/tiago_2dnav:/Bt/install/tiago_laser_sensors:/Bt/install/tiago_grab:/Bt/install/tiago_bringup:/Bt/install/tiago_description:/Bt/install/tiago_controller_configuration:/Bt/install/tiago_behavior_tree:/Bt/install/tiago_aruco_broadcast:/Bt/install/ros2_aruco_interfaces:/Bt/install/ros2_aruco:/Bt/install/pmb2_robot:/Bt/install/pmb2_rgbd_sensors:/Bt/install/pmb2_navigation:/Bt/install/pmb2_laser_sensors:/Bt/install/pmb2_bringup:/Bt/install/pmb2_description:/Bt/install/pmb2_controller_configuration:/Bt/install/pmb2_2dnav:/Bt/install/play_motion2:/Bt/install/play_motion2_msgs:/Bt/install/pal_hey5:/Bt/install/pal_hey5_description:/Bt/install/pal_gripper_simulation:/Bt/install/pal_gripper:/Bt/install/pal_gripper_description:/Bt/install/omni_base_robot:/Bt/install/omni_base_bringup:/Bt/install/omni_base_description:/Bt/install/pal_urdf_utils:/Bt/install/pal_robotiq_gripper:/Bt/install/pal_robotiq_description:/Bt/install/pal_robotiq_controller_configuration:/Bt/install/pal_maps:/Bt/install/pal_hey5_controller_configuration:/Bt/install/pal_gripper_controller_configuration:/Bt/install/omni_base_controller_configuration:/Bt/install/grab2_planner:/Bt/install/grab2_grasp_generator:/Bt/install/grab2_bt_grabber:/Bt/install/grab2_ros_common:/Bt/install/grab2_curobo_planner:/Bt/install/grab2_behavior_tree:/Bt/install/grab2_msgs:/Bt/install/grab2_controller:/Bt/install/btcpp_ros2_samples:/Bt/install/behaviortree_ros2:/Bt/install/btcpp_ros2_interfaces CMAKE_PREFIX_PATH=/Bt/install/pmb2_description:/Bt/install/pal_hey5_description:/Bt/install/pal_gripper_description:/Bt/install/omni_base_description:/Bt/install/pal_urdf_utils:/Bt/install/pal_robotiq_description:/opt/ros/jazzy/opt/gz_sim_vendor:/opt/ros/jazzy/opt/gz_sensors_vendor:/opt/ros/jazzy/opt/gz_physics_vendor:/opt/ros/jazzy/opt/sdformat_vendor:/opt/ros/jazzy/opt/gz_gui_vendor:/opt/ros/jazzy/opt/gz_transport_vendor:/opt/ros/jazzy/opt/gz_rendering_vendor:/opt/ros/jazzy/opt/gz_plugin_vendor:/opt/ros/jazzy/opt/gz_fuel_tools_vendor:/opt/ros/jazzy/opt/gz_msgs_vendor:/opt/ros/jazzy/opt/gz_common_vendor:/opt/ros/jazzy/opt/gz_math_vendor:/opt/ros/jazzy/opt/gz_utils_vendor:/opt/ros/jazzy/opt/gz_tools_vendor:/opt/ros/jazzy/opt/gz_ogre_next_vendor:/opt/ros/jazzy/opt/gz_dartsim_vendor:/opt/ros/jazzy/opt/gz_cmake_vendor:/Bt/install/yolo_bringup:/Bt/install/yolo_msgs:/Bt/install/tiago_slam:/Bt/install/tiago_simulation:/Bt/install/tiago_sim:/Bt/install/tiago_robot:/Bt/install/tiago_navigation:/Bt/install/tiago_demos:/Bt/install/tiago_nav:/Bt/install/tiago_gazebo:/Bt/install/tiago_moveit_config:/Bt/install/tiago_2dnav:/Bt/install/tiago_laser_sensors:/Bt/install/tiago_grab:/Bt/install/tiago_bringup:/Bt/install/tiago_description:/Bt/install/tiago_controller_configuration:/Bt/install/tiago_behavior_tree:/Bt/install/tiago_aruco_broadcast:/Bt/install/ros2_aruco_interfaces:/Bt/install/pmb2_robot:/Bt/install/pmb2_rgbd_sensors:/Bt/install/pmb2_navigation:/Bt/install/pmb2_laser_sensors:/Bt/install/pmb2_bringup:/Bt/install/pmb2_controller_configuration:/Bt/install/pmb2_2dnav:/Bt/install/play_motion2:/Bt/install/play_motion2_msgs:/Bt/install/pal_hey5:/Bt/install/pal_gripper_simulation:/Bt/install/pal_gripper:/Bt/install/omni_base_robot:/Bt/install/omni_base_bringup:/Bt/install/pal_robotiq_gripper:/Bt/install/pal_robotiq_controller_configuration:/Bt/install/pal_maps:/Bt/install/pal_hey5_controller_configuration:/Bt/install/pal_gripper_controller_configuration:/Bt/install/omni_base_controller_configuration:/Bt/install/grab2_planner:/Bt/install/grab2_grasp_generator:/Bt/install/grab2_bt_grabber:/Bt/install/grab2_ros_common:/Bt/install/grab2_behavior_tree:/Bt/install/grab2_msgs:/Bt/install/grab2_controller:/Bt/install/btcpp_ros2_samples:/Bt/install/behaviortree_ros2:/Bt/install/btcpp_ros2_interfaces:/opt/ros/jazzy:/Bt/install/yolo_ros:/Bt/install/ros2_aruco:/Bt/install/launch_pal:/Bt/install/grab2_curobo_planner PYTHONPATH=/Bt/install/pmb2_description/lib/python3.12/site-packages:/Bt/install/omni_base_description/lib/python3.12/site-packages:/Bt/install/launch_pal/lib/python3.12/site-packages:/opt/ros/jazzy/lib/python3.12/site-packages:/Bt/install/yolo_ros/lib/python3.12/site-packages:/Bt/install/yolo_msgs/lib/python3.12/site-packages:/Bt/install/tiago_description/lib/python3.12/site-packages:/Bt/install/ros2_aruco_interfaces/lib/python3.12/site-packages:/Bt/install/ros2_aruco/lib/python3.12/site-packages:/Bt/install/play_motion2_msgs/lib/python3.12/site-packages:/Bt/install/grab2_curobo_planner/lib/python3.12/site-packages:/Bt/install/grab2_msgs/lib/python3.12/site-packages:/Bt/install/btcpp_ros2_interfaces/lib/python3.12/site-packages /usr/bin/cmake /Bt/ThirdParty/tiago_robot/tiago_description -DCMAKE_INSTALL_PREFIX=/Bt/install/tiago_description
[0.222s] -- The C compiler identification is GNU 13.3.0
[0.223s] -- The CXX compiler identification is GNU 13.3.0
[0.223s] -- Detecting C compiler ABI info
[0.372s] -- Detecting C compiler ABI info - done
[0.390s] -- Check for working C compiler: /usr/bin/cc - skipped
[0.390s] -- Detecting C compile features
[0.391s] -- Detecting C compile features - done
[0.407s] -- Detecting CXX compiler ABI info
[0.581s] -- Detecting CXX compiler ABI info - done
[0.602s] -- Check for working CXX compiler: /usr/bin/c++ - skipped
[0.602s] -- Detecting CXX compile features
[0.603s] -- Detecting CXX compile features - done
[0.618s] -- Found ament_cmake_auto: 2.5.4 (/opt/ros/jazzy/share/ament_cmake_auto/cmake)
[0.928s] -- Found Python3: /usr/bin/python3 (found version "3.12.3") found components: Interpreter 
[1.287s] -- Found ament_lint_auto: 0.17.3 (/opt/ros/jazzy/share/ament_lint_auto/cmake)
[1.395s] -- Found python_cmake_module: 0.11.1 (/opt/ros/jazzy/share/python_cmake_module/cmake)
[1.579s] -- Found PythonExtra: /usr/bin/python3  
[1.692s] -- Added test 'copyright' to check source files copyright and LICENSE
[1.719s] -- Added test 'flake8' to check Python code syntax and style conventions
[1.719s] -- Configured 'flake8' exclude dirs and/or files: 
[1.722s] -- Added test 'lint_cmake' to check CMake code style
[1.724s] -- Added test 'pep257' to check Python code against some of the docstring style conventions in PEP 257
[1.735s] -- Added test 'xmllint' to check XML markup files
[1.739s] -- Configuring done (1.7s)
[1.745s] -- Generating done (0.0s)
[1.748s] -- Build files have been written to: /Bt/build/tiago_description
[1.764s] Invoked command in '/Bt/build/tiago_description' returned '0': AMENT_PREFIX_PATH=/Bt/install/launch_pal:/opt/ros/jazzy:/Bt/install/yolo_bringup:/Bt/install/yolo_ros:/Bt/install/yolo_msgs:/Bt/install/tiago_slam:/Bt/install/tiago_simulation:/Bt/install/tiago_sim:/Bt/install/tiago_robot:/Bt/install/tiago_navigation:/Bt/install/tiago_demos:/Bt/install/tiago_nav:/Bt/install/tiago_gazebo:/Bt/install/tiago_moveit_config:/Bt/install/tiago_2dnav:/Bt/install/tiago_laser_sensors:/Bt/install/tiago_grab:/Bt/install/tiago_bringup:/Bt/install/tiago_description:/Bt/install/tiago_controller_configuration:/Bt/install/tiago_behavior_tree:/Bt/install/tiago_aruco_broadcast:/Bt/install/ros2_aruco_interfaces:/Bt/install/ros2_aruco:/Bt/install/pmb2_robot:/Bt/install/pmb2_rgbd_sensors:/Bt/install/pmb2_navigation:/Bt/install/pmb2_laser_sensors:/Bt/install/pmb2_bringup:/Bt/install/pmb2_description:/Bt/install/pmb2_controller_configuration:/Bt/install/pmb2_2dnav:/Bt/install/play_motion2:/Bt/install/play_motion2_msgs:/Bt/install/pal_hey5:/Bt/install/pal_hey5_description:/Bt/install/pal_gripper_simulation:/Bt/install/pal_gripper:/Bt/install/pal_gripper_description:/Bt/install/omni_base_robot:/Bt/install/omni_base_bringup:/Bt/install/omni_base_description:/Bt/install/pal_urdf_utils:/Bt/install/pal_robotiq_gripper:/Bt/install/pal_robotiq_description:/Bt/install/pal_robotiq_controller_configuration:/Bt/install/pal_maps:/Bt/install/pal_hey5_controller_configuration:/Bt/install/pal_gripper_controller_configuration:/Bt/install/omni_base_controller_configuration:/Bt/install/grab2_planner:/Bt/install/grab2_grasp_generator:/Bt/install/grab2_bt_grabber:/Bt/install/grab2_ros_common:/Bt/install/grab2_curobo_planner:/Bt/install/grab2_behavior_tree:/Bt/install/grab2_msgs:/Bt/install/grab2_controller:/Bt/install/btcpp_ros2_samples:/Bt/install/behaviortree_ros2:/Bt/install/btcpp_ros2_interfaces CMAKE_PREFIX_PATH=/Bt/install/pmb2_description:/Bt/install/pal_hey5_description:/Bt/install/pal_gripper_description:/Bt/install/omni_base_description:/Bt/install/pal_urdf_utils:/Bt/install/pal_robotiq_description:/opt/ros/jazzy/opt/gz_sim_vendor:/opt/ros/jazzy/opt/gz_sensors_vendor:/opt/ros/jazzy/opt/gz_physics_vendor:/opt/ros/jazzy/opt/sdformat_vendor:/opt/ros/jazzy/opt/gz_gui_vendor:/opt/ros/jazzy/opt/gz_transport_vendor:/opt/ros/jazzy/opt/gz_rendering_vendor:/opt/ros/jazzy/opt/gz_plugin_vendor:/opt/ros/jazzy/opt/gz_fuel_tools_vendor:/opt/ros/jazzy/opt/gz_msgs_vendor:/opt/ros/jazzy/opt/gz_common_vendor:/opt/ros/jazzy/opt/gz_math_vendor:/opt/ros/jazzy/opt/gz_utils_vendor:/opt/ros/jazzy/opt/gz_tools_vendor:/opt/ros/jazzy/opt/gz_ogre_next_vendor:/opt/ros/jazzy/opt/gz_dartsim_vendor:/opt/ros/jazzy/opt/gz_cmake_vendor:/Bt/install/yolo_bringup:/Bt/install/yolo_msgs:/Bt/install/tiago_slam:/Bt/install/tiago_simulation:/Bt/install/tiago_sim:/Bt/install/tiago_robot:/Bt/install/tiago_navigation:/Bt/install/tiago_demos:/Bt/install/tiago_nav:/Bt/install/tiago_gazebo:/Bt/install/tiago_moveit_config:/Bt/install/tiago_2dnav:/Bt/install/tiago_laser_sensors:/Bt/install/tiago_grab:/Bt/install/tiago_bringup:/Bt/install/tiago_description:/Bt/install/tiago_controller_configuration:/Bt/install/tiago_behavior_tree:/Bt/install/tiago_aruco_broadcast:/Bt/install/ros2_aruco_interfaces:/Bt/install/pmb2_robot:/Bt/install/pmb2_rgbd_sensors:/Bt/install/pmb2_navigation:/Bt/install/pmb2_laser_sensors:/Bt/install/pmb2_bringup:/Bt/install/pmb2_controller_configuration:/Bt/install/pmb2_2dnav:/Bt/install/play_motion2:/Bt/install/play_motion2_msgs:/Bt/install/pal_hey5:/Bt/install/pal_gripper_simulation:/Bt/install/pal_gripper:/Bt/install/omni_base_robot:/Bt/install/omni_base_bringup:/Bt/install/pal_robotiq_gripper:/Bt/install/pal_robotiq_controller_configuration:/Bt/install/pal_maps:/Bt/install/pal_hey5_controller_configuration:/Bt/install/pal_gripper_controller_configuration:/Bt/install/omni_base_controller_configuration:/Bt/install/grab2_planner:/Bt/install/grab2_grasp_generator:/Bt/install/grab2_bt_grabber:/Bt/install/grab2_ros_common:/Bt/install/grab2_behavior_tree:/Bt/install/grab2_msgs:/Bt/install/grab2_controller:/Bt/install/btcpp_ros2_samples:/Bt/install/behaviortree_ros2:/Bt/install/btcpp_ros2_interfaces:/opt/ros/jazzy:/Bt/install/yolo_ros:/Bt/install/ros2_aruco:/Bt/install/launch_pal:/Bt/install/grab2_curobo_planner PYTHONPATH=/Bt/install/pmb2_description/lib/python3.12/site-packages:/Bt/install/omni_base_description/lib/python3.12/site-packages:/Bt/install/launch_pal/lib/python3.12/site-packages:/opt/ros/jazzy/lib/python3.12/site-packages:/Bt/install/yolo_ros/lib/python3.12/site-packages:/Bt/install/yolo_msgs/lib/python3.12/site-packages:/Bt/install/tiago_description/lib/python3.12/site-packages:/Bt/install/ros2_aruco_interfaces/lib/python3.12/site-packages:/Bt/install/ros2_aruco/lib/python3.12/site-packages:/Bt/install/play_motion2_msgs/lib/python3.12/site-packages:/Bt/install/grab2_curobo_planner/lib/python3.12/site-packages:/Bt/install/grab2_msgs/lib/python3.12/site-packages:/Bt/install/btcpp_ros2_interfaces/lib/python3.12/site-packages /usr/bin/cmake /Bt/ThirdParty/tiago_robot/tiago_description -DCMAKE_INSTALL_PREFIX=/Bt/install/tiago_description
[1.772s] Invoking command in '/Bt/build/tiago_description': AMENT_PREFIX_PATH=/Bt/install/launch_pal:/opt/ros/jazzy:/Bt/install/yolo_bringup:/Bt/install/yolo_ros:/Bt/install/yolo_msgs:/Bt/install/tiago_slam:/Bt/install/tiago_simulation:/Bt/install/tiago_sim:/Bt/install/tiago_robot:/Bt/install/tiago_navigation:/Bt/install/tiago_demos:/Bt/install/tiago_nav:/Bt/install/tiago_gazebo:/Bt/install/tiago_moveit_config:/Bt/install/tiago_2dnav:/Bt/install/tiago_laser_sensors:/Bt/install/tiago_grab:/Bt/install/tiago_bringup:/Bt/install/tiago_description:/Bt/install/tiago_controller_configuration:/Bt/install/tiago_behavior_tree:/Bt/install/tiago_aruco_broadcast:/Bt/install/ros2_aruco_interfaces:/Bt/install/ros2_aruco:/Bt/install/pmb2_robot:/Bt/install/pmb2_rgbd_sensors:/Bt/install/pmb2_navigation:/Bt/install/pmb2_laser_sensors:/Bt/install/pmb2_bringup:/Bt/install/pmb2_description:/Bt/install/pmb2_controller_configuration:/Bt/install/pmb2_2dnav:/Bt/install/play_motion2:/Bt/install/play_motion2_msgs:/Bt/install/pal_hey5:/Bt/install/pal_hey5_description:/Bt/install/pal_gripper_simulation:/Bt/install/pal_gripper:/Bt/install/pal_gripper_description:/Bt/install/omni_base_robot:/Bt/install/omni_base_bringup:/Bt/install/omni_base_description:/Bt/install/pal_urdf_utils:/Bt/install/pal_robotiq_gripper:/Bt/install/pal_robotiq_description:/Bt/install/pal_robotiq_controller_configuration:/Bt/install/pal_maps:/Bt/install/pal_hey5_controller_configuration:/Bt/install/pal_gripper_controller_configuration:/Bt/install/omni_base_controller_configuration:/Bt/install/grab2_planner:/Bt/install/grab2_grasp_generator:/Bt/install/grab2_bt_grabber:/Bt/install/grab2_ros_common:/Bt/install/grab2_curobo_planner:/Bt/install/grab2_behavior_tree:/Bt/install/grab2_msgs:/Bt/install/grab2_controller:/Bt/install/btcpp_ros2_samples:/Bt/install/behaviortree_ros2:/Bt/install/btcpp_ros2_interfaces CMAKE_PREFIX_PATH=/Bt/install/pmb2_description:/Bt/install/pal_hey5_description:/Bt/install/pal_gripper_description:/Bt/install/omni_base_description:/Bt/install/pal_urdf_utils:/Bt/install/pal_robotiq_description:/opt/ros/jazzy/opt/gz_sim_vendor:/opt/ros/jazzy/opt/gz_sensors_vendor:/opt/ros/jazzy/opt/gz_physics_vendor:/opt/ros/jazzy/opt/sdformat_vendor:/opt/ros/jazzy/opt/gz_gui_vendor:/opt/ros/jazzy/opt/gz_transport_vendor:/opt/ros/jazzy/opt/gz_rendering_vendor:/opt/ros/jazzy/opt/gz_plugin_vendor:/opt/ros/jazzy/opt/gz_fuel_tools_vendor:/opt/ros/jazzy/opt/gz_msgs_vendor:/opt/ros/jazzy/opt/gz_common_vendor:/opt/ros/jazzy/opt/gz_math_vendor:/opt/ros/jazzy/opt/gz_utils_vendor:/opt/ros/jazzy/opt/gz_tools_vendor:/opt/ros/jazzy/opt/gz_ogre_next_vendor:/opt/ros/jazzy/opt/gz_dartsim_vendor:/opt/ros/jazzy/opt/gz_cmake_vendor:/Bt/install/yolo_bringup:/Bt/install/yolo_msgs:/Bt/install/tiago_slam:/Bt/install/tiago_simulation:/Bt/install/tiago_sim:/Bt/install/tiago_robot:/Bt/install/tiago_navigation:/Bt/install/tiago_demos:/Bt/install/tiago_nav:/Bt/install/tiago_gazebo:/Bt/install/tiago_moveit_config:/Bt/install/tiago_2dnav:/Bt/install/tiago_laser_sensors:/Bt/install/tiago_grab:/Bt/install/tiago_bringup:/Bt/install/tiago_description:/Bt/install/tiago_controller_configuration:/Bt/install/tiago_behavior_tree:/Bt/install/tiago_aruco_broadcast:/Bt/install/ros2_aruco_interfaces:/Bt/install/pmb2_robot:/Bt/install/pmb2_rgbd_sensors:/Bt/install/pmb2_navigation:/Bt/install/pmb2_laser_sensors:/Bt/install/pmb2_bringup:/Bt/install/pmb2_controller_configuration:/Bt/install/pmb2_2dnav:/Bt/install/play_motion2:/Bt/install/play_motion2_msgs:/Bt/install/pal_hey5:/Bt/install/pal_gripper_simulation:/Bt/install/pal_gripper:/Bt/install/omni_base_robot:/Bt/install/omni_base_bringup:/Bt/install/pal_robotiq_gripper:/Bt/install/pal_robotiq_controller_configuration:/Bt/install/pal_maps:/Bt/install/pal_hey5_controller_configuration:/Bt/install/pal_gripper_controller_configuration:/Bt/install/omni_base_controller_configuration:/Bt/install/grab2_planner:/Bt/install/grab2_grasp_generator:/Bt/install/grab2_bt_grabber:/Bt/install/grab2_ros_common:/Bt/install/grab2_behavior_tree:/Bt/install/grab2_msgs:/Bt/install/grab2_controller:/Bt/install/btcpp_ros2_samples:/Bt/install/behaviortree_ros2:/Bt/install/btcpp_ros2_interfaces:/opt/ros/jazzy:/Bt/install/yolo_ros:/Bt/install/ros2_aruco:/Bt/install/launch_pal:/Bt/install/grab2_curobo_planner PYTHONPATH=/Bt/install/pmb2_description/lib/python3.12/site-packages:/Bt/install/omni_base_description/lib/python3.12/site-packages:/Bt/install/launch_pal/lib/python3.12/site-packages:/opt/ros/jazzy/lib/python3.12/site-packages:/Bt/install/yolo_ros/lib/python3.12/site-packages:/Bt/install/yolo_msgs/lib/python3.12/site-packages:/Bt/install/tiago_description/lib/python3.12/site-packages:/Bt/install/ros2_aruco_interfaces/lib/python3.12/site-packages:/Bt/install/ros2_aruco/lib/python3.12/site-packages:/Bt/install/play_motion2_msgs/lib/python3.12/site-packages:/Bt/install/grab2_curobo_planner/lib/python3.12/site-packages:/Bt/install/grab2_msgs/lib/python3.12/site-packages:/Bt/install/btcpp_ros2_interfaces/lib/python3.12/site-packages /usr/bin/cmake --build /Bt/build/tiago_description -- -j8 -l8
[1.880s] Built target ament_cmake_python_copy_tiago_description
[2.326s] running egg_info
[2.333s] creating tiago_description.egg-info
[2.375s] writing tiago_description.egg-info/PKG-INFO
[2.375s] writing dependency_links to tiago_description.egg-info/dependency_links.txt
[2.375s] writing top-level names to tiago_description.egg-info/top_level.txt
[2.375s] writing manifest file 'tiago_description.egg-info/SOURCES.txt'
[2.515s] reading manifest file 'tiago_description.egg-info/SOURCES.txt'
[2.518s] writing manifest file 'tiago_description.egg-info/SOURCES.txt'
[2.591s] Built target ament_cmake_python_build_tiago_description_egg
[2.606s] Invoked command in '/Bt/build/tiago_description' returned '0': AMENT_PREFIX_PATH=/Bt/install/launch_pal:/opt/ros/jazzy:/Bt/install/yolo_bringup:/Bt/install/yolo_ros:/Bt/install/yolo_msgs:/Bt/install/tiago_slam:/Bt/install/tiago_simulation:/Bt/install/tiago_sim:/Bt/install/tiago_robot:/Bt/install/tiago_navigation:/Bt/install/tiago_demos:/Bt/install/tiago_nav:/Bt/install/tiago_gazebo:/Bt/install/tiago_moveit_config:/Bt/install/tiago_2dnav:/Bt/install/tiago_laser_sensors:/Bt/install/tiago_grab:/Bt/install/tiago_bringup:/Bt/install/tiago_description:/Bt/install/tiago_controller_configuration:/Bt/install/tiago_behavior_tree:/Bt/install/tiago_aruco_broadcast:/Bt/install/ros2_aruco_interfaces:/Bt/install/ros2_aruco:/Bt/install/pmb2_robot:/Bt/install/pmb2_rgbd_sensors:/Bt/install/pmb2_navigation:/Bt/install/pmb2_laser_sensors:/Bt/install/pmb2_bringup:/Bt/install/pmb2_description:/Bt/install/pmb2_controller_configuration:/Bt/install/pmb2_2dnav:/Bt/install/play_motion2:/Bt/install/play_motion2_msgs:/Bt/install/pal_hey5:/Bt/install/pal_hey5_description:/Bt/install/pal_gripper_simulation:/Bt/install/pal_gripper:/Bt/install/pal_gripper_description:/Bt/install/omni_base_robot:/Bt/install/omni_base_bringup:/Bt/install/omni_base_description:/Bt/install/pal_urdf_utils:/Bt/install/pal_robotiq_gripper:/Bt/install/pal_robotiq_description:/Bt/install/pal_robotiq_controller_configuration:/Bt/install/pal_maps:/Bt/install/pal_hey5_controller_configuration:/Bt/install/pal_gripper_controller_configuration:/Bt/install/omni_base_controller_configuration:/Bt/install/grab2_planner:/Bt/install/grab2_grasp_generator:/Bt/install/grab2_bt_grabber:/Bt/install/grab2_ros_common:/Bt/install/grab2_curobo_planner:/Bt/install/grab2_behavior_tree:/Bt/install/grab2_msgs:/Bt/install/grab2_controller:/Bt/install/btcpp_ros2_samples:/Bt/install/behaviortree_ros2:/Bt/install/btcpp_ros2_interfaces CMAKE_PREFIX_PATH=/Bt/install/pmb2_description:/Bt/install/pal_hey5_description:/Bt/install/pal_gripper_description:/Bt/install/omni_base_description:/Bt/install/pal_urdf_utils:/Bt/install/pal_robotiq_description:/opt/ros/jazzy/opt/gz_sim_vendor:/opt/ros/jazzy/opt/gz_sensors_vendor:/opt/ros/jazzy/opt/gz_physics_vendor:/opt/ros/jazzy/opt/sdformat_vendor:/opt/ros/jazzy/opt/gz_gui_vendor:/opt/ros/jazzy/opt/gz_transport_vendor:/opt/ros/jazzy/opt/gz_rendering_vendor:/opt/ros/jazzy/opt/gz_plugin_vendor:/opt/ros/jazzy/opt/gz_fuel_tools_vendor:/opt/ros/jazzy/opt/gz_msgs_vendor:/opt/ros/jazzy/opt/gz_common_vendor:/opt/ros/jazzy/opt/gz_math_vendor:/opt/ros/jazzy/opt/gz_utils_vendor:/opt/ros/jazzy/opt/gz_tools_vendor:/opt/ros/jazzy/opt/gz_ogre_next_vendor:/opt/ros/jazzy/opt/gz_dartsim_vendor:/opt/ros/jazzy/opt/gz_cmake_vendor:/Bt/install/yolo_bringup:/Bt/install/yolo_msgs:/Bt/install/tiago_slam:/Bt/install/tiago_simulation:/Bt/install/tiago_sim:/Bt/install/tiago_robot:/Bt/install/tiago_navigation:/Bt/install/tiago_demos:/Bt/install/tiago_nav:/Bt/install/tiago_gazebo:/Bt/install/tiago_moveit_config:/Bt/install/tiago_2dnav:/Bt/install/tiago_laser_sensors:/Bt/install/tiago_grab:/Bt/install/tiago_bringup:/Bt/install/tiago_description:/Bt/install/tiago_controller_configuration:/Bt/install/tiago_behavior_tree:/Bt/install/tiago_aruco_broadcast:/Bt/install/ros2_aruco_interfaces:/Bt/install/pmb2_robot:/Bt/install/pmb2_rgbd_sensors:/Bt/install/pmb2_navigation:/Bt/install/pmb2_laser_sensors:/Bt/install/pmb2_bringup:/Bt/install/pmb2_controller_configuration:/Bt/install/pmb2_2dnav:/Bt/install/play_motion2:/Bt/install/play_motion2_msgs:/Bt/install/pal_hey5:/Bt/install/pal_gripper_simulation:/Bt/install/pal_gripper:/Bt/install/omni_base_robot:/Bt/install/omni_base_bringup:/Bt/install/pal_robotiq_gripper:/Bt/install/pal_robotiq_controller_configuration:/Bt/install/pal_maps:/Bt/install/pal_hey5_controller_configuration:/Bt/install/pal_gripper_controller_configuration:/Bt/install/omni_base_controller_configuration:/Bt/install/grab2_planner:/Bt/install/grab2_grasp_generator:/Bt/install/grab2_bt_grabber:/Bt/install/grab2_ros_common:/Bt/install/grab2_behavior_tree:/Bt/install/grab2_msgs:/Bt/install/grab2_controller:/Bt/install/btcpp_ros2_samples:/Bt/install/behaviortree_ros2:/Bt/install/btcpp_ros2_interfaces:/opt/ros/jazzy:/Bt/install/yolo_ros:/Bt/install/ros2_aruco:/Bt/install/launch_pal:/Bt/install/grab2_curobo_planner PYTHONPATH=/Bt/install/pmb2_description/lib/python3.12/site-packages:/Bt/install/omni_base_description/lib/python3.12/site-packages:/Bt/install/launch_pal/lib/python3.12/site-packages:/opt/ros/jazzy/lib/python3.12/site-packages:/Bt/install/yolo_ros/lib/python3.12/site-packages:/Bt/install/yolo_msgs/lib/python3.12/site-packages:/Bt/install/tiago_description/lib/python3.12/site-packages:/Bt/install/ros2_aruco_interfaces/lib/python3.12/site-packages:/Bt/install/ros2_aruco/lib/python3.12/site-packages:/Bt/install/play_motion2_msgs/lib/python3.12/site-packages:/Bt/install/grab2_curobo_planner/lib/python3.12/site-packages:/Bt/install/grab2_msgs/lib/python3.12/site-packages:/Bt/install/btcpp_ros2_interfaces/lib/python3.12/site-packages /usr/bin/cmake --build /Bt/build/tiago_description -- -j8 -l8
[2.607s] Invoking command in '/Bt/build/tiago_description': AMENT_PREFIX_PATH=/Bt/install/launch_pal:/opt/ros/jazzy:/Bt/install/yolo_bringup:/Bt/install/yolo_ros:/Bt/install/yolo_msgs:/Bt/install/tiago_slam:/Bt/install/tiago_simulation:/Bt/install/tiago_sim:/Bt/install/tiago_robot:/Bt/install/tiago_navigation:/Bt/install/tiago_demos:/Bt/install/tiago_nav:/Bt/install/tiago_gazebo:/Bt/install/tiago_moveit_config:/Bt/install/tiago_2dnav:/Bt/install/tiago_laser_sensors:/Bt/install/tiago_grab:/Bt/install/tiago_bringup:/Bt/install/tiago_description:/Bt/install/tiago_controller_configuration:/Bt/install/tiago_behavior_tree:/Bt/install/tiago_aruco_broadcast:/Bt/install/ros2_aruco_interfaces:/Bt/install/ros2_aruco:/Bt/install/pmb2_robot:/Bt/install/pmb2_rgbd_sensors:/Bt/install/pmb2_navigation:/Bt/install/pmb2_laser_sensors:/Bt/install/pmb2_bringup:/Bt/install/pmb2_description:/Bt/install/pmb2_controller_configuration:/Bt/install/pmb2_2dnav:/Bt/install/play_motion2:/Bt/install/play_motion2_msgs:/Bt/install/pal_hey5:/Bt/install/pal_hey5_description:/Bt/install/pal_gripper_simulation:/Bt/install/pal_gripper:/Bt/install/pal_gripper_description:/Bt/install/omni_base_robot:/Bt/install/omni_base_bringup:/Bt/install/omni_base_description:/Bt/install/pal_urdf_utils:/Bt/install/pal_robotiq_gripper:/Bt/install/pal_robotiq_description:/Bt/install/pal_robotiq_controller_configuration:/Bt/install/pal_maps:/Bt/install/pal_hey5_controller_configuration:/Bt/install/pal_gripper_controller_configuration:/Bt/install/omni_base_controller_configuration:/Bt/install/grab2_planner:/Bt/install/grab2_grasp_generator:/Bt/install/grab2_bt_grabber:/Bt/install/grab2_ros_common:/Bt/install/grab2_curobo_planner:/Bt/install/grab2_behavior_tree:/Bt/install/grab2_msgs:/Bt/install/grab2_controller:/Bt/install/btcpp_ros2_samples:/Bt/install/behaviortree_ros2:/Bt/install/btcpp_ros2_interfaces CMAKE_PREFIX_PATH=/Bt/install/pmb2_description:/Bt/install/pal_hey5_description:/Bt/install/pal_gripper_description:/Bt/install/omni_base_description:/Bt/install/pal_urdf_utils:/Bt/install/pal_robotiq_description:/opt/ros/jazzy/opt/gz_sim_vendor:/opt/ros/jazzy/opt/gz_sensors_vendor:/opt/ros/jazzy/opt/gz_physics_vendor:/opt/ros/jazzy/opt/sdformat_vendor:/opt/ros/jazzy/opt/gz_gui_vendor:/opt/ros/jazzy/opt/gz_transport_vendor:/opt/ros/jazzy/opt/gz_rendering_vendor:/opt/ros/jazzy/opt/gz_plugin_vendor:/opt/ros/jazzy/opt/gz_fuel_tools_vendor:/opt/ros/jazzy/opt/gz_msgs_vendor:/opt/ros/jazzy/opt/gz_common_vendor:/opt/ros/jazzy/opt/gz_math_vendor:/opt/ros/jazzy/opt/gz_utils_vendor:/opt/ros/jazzy/opt/gz_tools_vendor:/opt/ros/jazzy/opt/gz_ogre_next_vendor:/opt/ros/jazzy/opt/gz_dartsim_vendor:/opt/ros/jazzy/opt/gz_cmake_vendor:/Bt/install/yolo_bringup:/Bt/install/yolo_msgs:/Bt/install/tiago_slam:/Bt/install/tiago_simulation:/Bt/install/tiago_sim:/Bt/install/tiago_robot:/Bt/install/tiago_navigation:/Bt/install/tiago_demos:/Bt/install/tiago_nav:/Bt/install/tiago_gazebo:/Bt/install/tiago_moveit_config:/Bt/install/tiago_2dnav:/Bt/install/tiago_laser_sensors:/Bt/install/tiago_grab:/Bt/install/tiago_bringup:/Bt/install/tiago_description:/Bt/install/tiago_controller_configuration:/Bt/install/tiago_behavior_tree:/Bt/install/tiago_aruco_broadcast:/Bt/install/ros2_aruco_interfaces:/Bt/install/pmb2_robot:/Bt/install/pmb2_rgbd_sensors:/Bt/install/pmb2_navigation:/Bt/install/pmb2_laser_sensors:/Bt/install/pmb2_bringup:/Bt/install/pmb2_controller_configuration:/Bt/install/pmb2_2dnav:/Bt/install/play_motion2:/Bt/install/play_motion2_msgs:/Bt/install/pal_hey5:/Bt/install/pal_gripper_simulation:/Bt/install/pal_gripper:/Bt/install/omni_base_robot:/Bt/install/omni_base_bringup:/Bt/install/pal_robotiq_gripper:/Bt/install/pal_robotiq_controller_configuration:/Bt/install/pal_maps:/Bt/install/pal_hey5_controller_configuration:/Bt/install/pal_gripper_controller_configuration:/Bt/install/omni_base_controller_configuration:/Bt/install/grab2_planner:/Bt/install/grab2_grasp_generator:/Bt/install/grab2_bt_grabber:/Bt/install/grab2_ros_common:/Bt/install/grab2_behavior_tree:/Bt/install/grab2_msgs:/Bt/install/grab2_controller:/Bt/install/btcpp_ros2_samples:/Bt/install/behaviortree_ros2:/Bt/install/btcpp_ros2_interfaces:/opt/ros/jazzy:/Bt/install/yolo_ros:/Bt/install/ros2_aruco:/Bt/install/launch_pal:/Bt/install/grab2_curobo_planner PYTHONPATH=/Bt/install/pmb2_description/lib/python3.12/site-packages:/Bt/install/omni_base_description/lib/python3.12/site-packages:/Bt/install/launch_pal/lib/python3.12/site-packages:/opt/ros/jazzy/lib/python3.12/site-packages:/Bt/install/yolo_ros/lib/python3.12/site-packages:/Bt/install/yolo_msgs/lib/python3.12/site-packages:/Bt/install/tiago_description/lib/python3.12/site-packages:/Bt/install/ros2_aruco_interfaces/lib/python3.12/site-packages:/Bt/install/ros2_aruco/lib/python3.12/site-packages:/Bt/install/play_motion2_msgs/lib/python3.12/site-packages:/Bt/install/grab2_curobo_planner/lib/python3.12/site-packages:/Bt/install/grab2_msgs/lib/python3.12/site-packages:/Bt/install/btcpp_ros2_interfaces/lib/python3.12/site-packages /usr/bin/cmake --install /Bt/build/tiago_description
[3.631s] -- Install configuration: ""
[3.632s] -- Installing: /Bt/install/tiago_description/share/tiago_description/environment/pythonpath.sh
[3.633s] -- Installing: /Bt/install/tiago_description/share/tiago_description/environment/pythonpath.dsv
[3.636s] -- Installing: /Bt/install/tiago_description/lib/python3.12/site-packages/tiago_description-4.2.20-py3.12.egg-info
[3.637s] -- Installing: /Bt/install/tiago_description/lib/python3.12/site-packages/tiago_description-4.2.20-py3.12.egg-info/top_level.txt
[3.637s] -- Installing: /Bt/install/tiago_description/lib/python3.12/site-packages/tiago_description-4.2.20-py3.12.egg-info/PKG-INFO
[3.637s] -- Installing: /Bt/install/tiago_description/lib/python3.12/site-packages/tiago_description-4.2.20-py3.12.egg-info/SOURCES.txt
[3.637s] -- Installing: /Bt/install/tiago_description/lib/python3.12/site-packages/tiago_description-4.2.20-py3.12.egg-info/dependency_links.txt
[3.638s] -- Installing: /Bt/install/tiago_description/lib/python3.12/site-packages/tiago_description
[3.638s] -- Installing: /Bt/install/tiago_description/lib/python3.12/site-packages/tiago_description/launch_arguments.py
[3.638s] -- Installing: /Bt/install/tiago_description/lib/python3.12/site-packages/tiago_description/__init__.py
[3.638s] -- Installing: /Bt/install/tiago_description/lib/python3.12/site-packages/tiago_description/tiago_launch_utils.py
[3.639s] Listing '/Bt/install/tiago_description/lib/python3.12/site-packages/tiago_description'...
[3.639s] Compiling '/Bt/install/tiago_description/lib/python3.12/site-packages/tiago_description/__init__.py'...
[3.639s] Compiling '/Bt/install/tiago_description/lib/python3.12/site-packages/tiago_description/launch_arguments.py'...
[3.639s] Compiling '/Bt/install/tiago_description/lib/python3.12/site-packages/tiago_description/tiago_launch_utils.py'...
[3.639s] -- Installing: /Bt/install/tiago_description/share/tiago_description/launch
[3.640s] -- Installing: /Bt/install/tiago_description/share/tiago_description/launch/robot_state_publisher.launch.py
[3.640s] -- Installing: /Bt/install/tiago_description/share/tiago_description/launch/show.launch.py
[3.640s] -- Installing: /Bt/install/tiago_description/share/tiago_description/meshes
[3.640s] -- Installing: /Bt/install/tiago_description/share/tiago_description/meshes/arm
[3.640s] -- Installing: /Bt/install/tiago_description/share/tiago_description/meshes/arm/arm_6_collision-wrist-2017.dae
[3.640s] -- Installing: /Bt/install/tiago_description/share/tiago_description/meshes/arm/arm_3.stl
[3.640s] -- Installing: /Bt/install/tiago_description/share/tiago_description/meshes/arm/arm_5-wrist-2010.stl
[3.641s] -- Installing: /Bt/install/tiago_description/share/tiago_description/meshes/arm/arm_6-wrist-2017.stl
[3.641s] -- Installing: /Bt/install/tiago_description/share/tiago_description/meshes/arm/arm_4.stl
[3.641s] -- Installing: /Bt/install/tiago_description/share/tiago_description/meshes/arm/arm_2.stl
[3.641s] -- Installing: /Bt/install/tiago_description/share/tiago_description/meshes/arm/arm_1_color.png
[3.641s] -- Installing: /Bt/install/tiago_description/share/tiago_description/meshes/arm/arm_4_specular.png
[3.641s] -- Installing: /Bt/install/tiago_description/share/tiago_description/meshes/arm/arm_3_collision.dae
[3.641s] -- Installing: /Bt/install/tiago_description/share/tiago_description/meshes/arm/arm_4_collision.stl
[3.642s] -- Installing: /Bt/install/tiago_description/share/tiago_description/meshes/arm/arm_6_specular.png
[3.642s] -- Installing: /Bt/install/tiago_description/share/tiago_description/meshes/arm/arm_6_color.png
[3.645s] -- Installing: /Bt/install/tiago_description/share/tiago_description/meshes/arm/arm_4_color.png
[3.645s] -- Installing: /Bt/install/tiago_description/share/tiago_description/meshes/arm/arm_3_color.png
[3.645s] -- Installing: /Bt/install/tiago_description/share/tiago_description/meshes/arm/arm_2_specular.png
[3.646s] -- Installing: /Bt/install/tiago_description/share/tiago_description/meshes/arm/arm_1_collision.dae
[3.646s] -- Installing: /Bt/install/tiago_description/share/tiago_description/meshes/arm/arm_6_collision-wrist-2010.dae
[3.646s] -- Installing: /Bt/install/tiago_description/share/tiago_description/meshes/arm/arm_5_collision-wrist-2010.dae
[3.646s] -- Installing: /Bt/install/tiago_description/share/tiago_description/meshes/arm/arm_1_specular.png
[3.646s] -- Installing: /Bt/install/tiago_description/share/tiago_description/meshes/arm/arm_2_collision.dae
[3.646s] -- Installing: /Bt/install/tiago_description/share/tiago_description/meshes/arm/arm_3_normals.png
[3.646s] -- Installing: /Bt/install/tiago_description/share/tiago_description/meshes/arm/arm_1.stl
[3.647s] -- Installing: /Bt/install/tiago_description/share/tiago_description/meshes/arm/arm_5-wrist-2017.stl
[3.647s] -- Installing: /Bt/install/tiago_description/share/tiago_description/meshes/arm/arm_4_collision.dae
[3.647s] -- Installing: /Bt/install/tiago_description/share/tiago_description/meshes/arm/arm_2_color.png
[3.647s] -- Installing: /Bt/install/tiago_description/share/tiago_description/meshes/arm/arm_4_normals.png
[3.647s] -- Installing: /Bt/install/tiago_description/share/tiago_description/meshes/arm/arm_6-wrist-2010.stl
[3.647s] -- Installing: /Bt/install/tiago_description/share/tiago_description/meshes/arm/arm_5_collision-wrist-2017.dae
[3.647s] -- Installing: /Bt/install/tiago_description/share/tiago_description/meshes/arm/arm_6_normals.png
[3.648s] -- Installing: /Bt/install/tiago_description/share/tiago_description/meshes/arm/arm_1_normals.png
[3.648s] -- Installing: /Bt/install/tiago_description/share/tiago_description/meshes/arm/arm_3_specular.png
[3.648s] -- Installing: /Bt/install/tiago_description/share/tiago_description/meshes/arm/arm_2_normals.png
[3.648s] -- Installing: /Bt/install/tiago_description/share/tiago_description/meshes/head
[3.648s] -- Installing: /Bt/install/tiago_description/share/tiago_description/meshes/head/head_1.stl
[3.648s] -- Installing: /Bt/install/tiago_description/share/tiago_description/meshes/head/head_2_collision.dae
[3.648s] -- Installing: /Bt/install/tiago_description/share/tiago_description/meshes/head/head_2.stl
[3.649s] -- Installing: /Bt/install/tiago_description/share/tiago_description/meshes/head/head_1_collision.dae
[3.649s] -- Installing: /Bt/install/tiago_description/share/tiago_description/meshes/torso
[3.653s] -- Installing: /Bt/install/tiago_description/share/tiago_description/meshes/torso/torso_lift_collision_neck.dae
[3.654s] -- Installing: /Bt/install/tiago_description/share/tiago_description/meshes/torso/torso_fix.stl
[3.654s] -- Installing: /Bt/install/tiago_description/share/tiago_description/meshes/torso/torso_lift_without_arm.stl
[3.654s] -- Installing: /Bt/install/tiago_description/share/tiago_description/meshes/torso/torso_lift_collision_core.dae
[3.654s] -- Installing: /Bt/install/tiago_description/share/tiago_description/meshes/torso/torso_lift_with_arm.stl
[3.654s] -- Installing: /Bt/install/tiago_description/share/tiago_description/meshes/torso/torso_lift_collision.dae
[3.654s] -- Installing: /Bt/install/tiago_description/share/tiago_description/meshes/torso/torso_lift_collision_shoulder.dae
[3.655s] -- Installing: /Bt/install/tiago_description/share/tiago_description/meshes/sensors
[3.655s] -- Installing: /Bt/install/tiago_description/share/tiago_description/meshes/sensors/xtion_pro_live
[3.655s] -- Installing: /Bt/install/tiago_description/share/tiago_description/meshes/sensors/xtion_pro_live/xtion_pro_live.dae
[3.655s] -- Installing: /Bt/install/tiago_description/share/tiago_description/meshes/sensors/xtion_pro_live/xtion_pro_live.png
[3.656s] -- Installing: /Bt/install/tiago_description/share/tiago_description/robots
[3.656s] -- Installing: /Bt/install/tiago_description/share/tiago_description/robots/tiago.urdf.xacro
[3.656s] -- Installing: /Bt/install/tiago_description/share/tiago_description/ros2_control
[3.656s] -- Installing: /Bt/install/tiago_description/share/tiago_description/ros2_control/transmissions.urdf.xacro
[3.656s] -- Installing: /Bt/install/tiago_description/share/tiago_description/ros2_control/ros2_control.urdf.xacro
[3.656s] -- Installing: /Bt/install/tiago_description/share/tiago_description/ros2_control/gazebo_controller_manager_cfg.yaml
[3.656s] -- Installing: /Bt/install/tiago_description/share/tiago_description/urdf
[3.657s] -- Installing: /Bt/install/tiago_description/share/tiago_description/urdf/end_effector
[3.657s] -- Installing: /Bt/install/tiago_description/share/tiago_description/urdf/end_effector/end_effector.urdf.xacro
[3.657s] -- Installing: /Bt/install/tiago_description/share/tiago_description/urdf/arm
[3.657s] -- Installing: /Bt/install/tiago_description/share/tiago_description/urdf/arm/wrist.ros2_control.xacro
[3.658s] -- Installing: /Bt/install/tiago_description/share/tiago_description/urdf/arm/arm.ros2_control.xacro
[3.658s] -- Installing: /Bt/install/tiago_description/share/tiago_description/urdf/arm/wrist.urdf.xacro
[3.658s] -- Installing: /Bt/install/tiago_description/share/tiago_description/urdf/arm/arm.urdf.xacro
[3.658s] -- Installing: /Bt/install/tiago_description/share/tiago_description/urdf/head
[3.658s] -- Installing: /Bt/install/tiago_description/share/tiago_description/urdf/head/head.ros2_control.xacro
[3.658s] -- Installing: /Bt/install/tiago_description/share/tiago_description/urdf/head/head.urdf.xacro
[3.658s] -- Installing: /Bt/install/tiago_description/share/tiago_description/urdf/torso
[3.659s] -- Installing: /Bt/install/tiago_description/share/tiago_description/urdf/torso/torso.ros2_control.xacro
[3.659s] -- Installing: /Bt/install/tiago_description/share/tiago_description/urdf/torso/torso.urdf.xacro
[3.659s] -- Installing: /Bt/install/tiago_description/share/tiago_description/urdf/sensors
[3.659s] -- Installing: /Bt/install/tiago_description/share/tiago_description/urdf/sensors/openni.gazebo.xacro
[3.659s] -- Installing: /Bt/install/tiago_description/share/tiago_description/urdf/sensors/ftsensor.gazebo.xacro
[3.659s] -- Installing: /Bt/install/tiago_description/share/tiago_description/urdf/sensors/ftsensor.ros2_control.xacro
[3.659s] -- Installing: /Bt/install/tiago_description/share/tiago_description/urdf/sensors/orbbec_astra.urdf.xacro
[3.660s] -- Installing: /Bt/install/tiago_description/share/tiago_description/urdf/sensors/xtion_pro_live.urdf.xacro
[3.660s] -- Installing: /Bt/install/tiago_description/share/tiago_description/urdf/sensors/ftsensor.urdf.xacro
[3.660s] -- Installing: /Bt/install/tiago_description/share/tiago_description/urdf/calibration
[3.660s] -- Installing: /Bt/install/tiago_description/share/tiago_description/urdf/calibration/extrinsic_camera_calibration_constants.urdf.xacro
[3.660s] -- Installing: /Bt/install/tiago_description/share/tiago_description/urdf/calibration/calibration_constants.urdf.xacro
[3.660s] -- Installing: /Bt/install/tiago_description/share/tiago_description/config
[3.660s] -- Installing: /Bt/install/tiago_description/share/tiago_description/config/urdf.rviz
[3.662s] -- Installing: /Bt/install/tiago_description/share/tiago_description/config/tiago.rviz
[3.662s] -- Installing: /Bt/install/tiago_description/share/tiago_description/config/tiago_configuration.yaml
[3.663s] -- Installing: /Bt/install/tiago_description/share/ament_index/resource_index/package_run_dependencies/tiago_description
[3.663s] -- Installing: /Bt/install/tiago_description/share/ament_index/resource_index/parent_prefix_path/tiago_description
[3.663s] -- Installing: /Bt/install/tiago_description/share/tiago_description/environment/ament_prefix_path.sh
[3.663s] -- Installing: /Bt/install/tiago_description/share/tiago_description/environment/ament_prefix_path.dsv
[3.664s] -- Installing: /Bt/install/tiago_description/share/tiago_description/environment/path.sh
[3.664s] -- Installing: /Bt/install/tiago_description/share/tiago_description/environment/path.dsv
[3.669s] -- Installing: /Bt/install/tiago_description/share/tiago_description/local_setup.bash
[3.669s] -- Installing: /Bt/install/tiago_description/share/tiago_description/local_setup.sh
[3.669s] -- Installing: /Bt/install/tiago_description/share/tiago_description/local_setup.zsh
[3.670s] -- Installing: /Bt/install/tiago_description/share/tiago_description/local_setup.dsv
[3.673s] -- Installing: /Bt/install/tiago_description/share/tiago_description/package.dsv
[3.673s] -- Installing: /Bt/install/tiago_description/share/ament_index/resource_index/packages/tiago_description
[3.673s] -- Installing: /Bt/install/tiago_description/share/tiago_description/cmake/tiago_descriptionConfig.cmake
[3.674s] -- Installing: /Bt/install/tiago_description/share/tiago_description/cmake/tiago_descriptionConfig-version.cmake
[3.674s] -- Installing: /Bt/install/tiago_description/share/tiago_description/package.xml
[3.675s] Invoked command in '/Bt/build/tiago_description' returned '0': AMENT_PREFIX_PATH=/Bt/install/launch_pal:/opt/ros/jazzy:/Bt/install/yolo_bringup:/Bt/install/yolo_ros:/Bt/install/yolo_msgs:/Bt/install/tiago_slam:/Bt/install/tiago_simulation:/Bt/install/tiago_sim:/Bt/install/tiago_robot:/Bt/install/tiago_navigation:/Bt/install/tiago_demos:/Bt/install/tiago_nav:/Bt/install/tiago_gazebo:/Bt/install/tiago_moveit_config:/Bt/install/tiago_2dnav:/Bt/install/tiago_laser_sensors:/Bt/install/tiago_grab:/Bt/install/tiago_bringup:/Bt/install/tiago_description:/Bt/install/tiago_controller_configuration:/Bt/install/tiago_behavior_tree:/Bt/install/tiago_aruco_broadcast:/Bt/install/ros2_aruco_interfaces:/Bt/install/ros2_aruco:/Bt/install/pmb2_robot:/Bt/install/pmb2_rgbd_sensors:/Bt/install/pmb2_navigation:/Bt/install/pmb2_laser_sensors:/Bt/install/pmb2_bringup:/Bt/install/pmb2_description:/Bt/install/pmb2_controller_configuration:/Bt/install/pmb2_2dnav:/Bt/install/play_motion2:/Bt/install/play_motion2_msgs:/Bt/install/pal_hey5:/Bt/install/pal_hey5_description:/Bt/install/pal_gripper_simulation:/Bt/install/pal_gripper:/Bt/install/pal_gripper_description:/Bt/install/omni_base_robot:/Bt/install/omni_base_bringup:/Bt/install/omni_base_description:/Bt/install/pal_urdf_utils:/Bt/install/pal_robotiq_gripper:/Bt/install/pal_robotiq_description:/Bt/install/pal_robotiq_controller_configuration:/Bt/install/pal_maps:/Bt/install/pal_hey5_controller_configuration:/Bt/install/pal_gripper_controller_configuration:/Bt/install/omni_base_controller_configuration:/Bt/install/grab2_planner:/Bt/install/grab2_grasp_generator:/Bt/install/grab2_bt_grabber:/Bt/install/grab2_ros_common:/Bt/install/grab2_curobo_planner:/Bt/install/grab2_behavior_tree:/Bt/install/grab2_msgs:/Bt/install/grab2_controller:/Bt/install/btcpp_ros2_samples:/Bt/install/behaviortree_ros2:/Bt/install/btcpp_ros2_interfaces CMAKE_PREFIX_PATH=/Bt/install/pmb2_description:/Bt/install/pal_hey5_description:/Bt/install/pal_gripper_description:/Bt/install/omni_base_description:/Bt/install/pal_urdf_utils:/Bt/install/pal_robotiq_description:/opt/ros/jazzy/opt/gz_sim_vendor:/opt/ros/jazzy/opt/gz_sensors_vendor:/opt/ros/jazzy/opt/gz_physics_vendor:/opt/ros/jazzy/opt/sdformat_vendor:/opt/ros/jazzy/opt/gz_gui_vendor:/opt/ros/jazzy/opt/gz_transport_vendor:/opt/ros/jazzy/opt/gz_rendering_vendor:/opt/ros/jazzy/opt/gz_plugin_vendor:/opt/ros/jazzy/opt/gz_fuel_tools_vendor:/opt/ros/jazzy/opt/gz_msgs_vendor:/opt/ros/jazzy/opt/gz_common_vendor:/opt/ros/jazzy/opt/gz_math_vendor:/opt/ros/jazzy/opt/gz_utils_vendor:/opt/ros/jazzy/opt/gz_tools_vendor:/opt/ros/jazzy/opt/gz_ogre_next_vendor:/opt/ros/jazzy/opt/gz_dartsim_vendor:/opt/ros/jazzy/opt/gz_cmake_vendor:/Bt/install/yolo_bringup:/Bt/install/yolo_msgs:/Bt/install/tiago_slam:/Bt/install/tiago_simulation:/Bt/install/tiago_sim:/Bt/install/tiago_robot:/Bt/install/tiago_navigation:/Bt/install/tiago_demos:/Bt/install/tiago_nav:/Bt/install/tiago_gazebo:/Bt/install/tiago_moveit_config:/Bt/install/tiago_2dnav:/Bt/install/tiago_laser_sensors:/Bt/install/tiago_grab:/Bt/install/tiago_bringup:/Bt/install/tiago_description:/Bt/install/tiago_controller_configuration:/Bt/install/tiago_behavior_tree:/Bt/install/tiago_aruco_broadcast:/Bt/install/ros2_aruco_interfaces:/Bt/install/pmb2_robot:/Bt/install/pmb2_rgbd_sensors:/Bt/install/pmb2_navigation:/Bt/install/pmb2_laser_sensors:/Bt/install/pmb2_bringup:/Bt/install/pmb2_controller_configuration:/Bt/install/pmb2_2dnav:/Bt/install/play_motion2:/Bt/install/play_motion2_msgs:/Bt/install/pal_hey5:/Bt/install/pal_gripper_simulation:/Bt/install/pal_gripper:/Bt/install/omni_base_robot:/Bt/install/omni_base_bringup:/Bt/install/pal_robotiq_gripper:/Bt/install/pal_robotiq_controller_configuration:/Bt/install/pal_maps:/Bt/install/pal_hey5_controller_configuration:/Bt/install/pal_gripper_controller_configuration:/Bt/install/omni_base_controller_configuration:/Bt/install/grab2_planner:/Bt/install/grab2_grasp_generator:/Bt/install/grab2_bt_grabber:/Bt/install/grab2_ros_common:/Bt/install/grab2_behavior_tree:/Bt/install/grab2_msgs:/Bt/install/grab2_controller:/Bt/install/btcpp_ros2_samples:/Bt/install/behaviortree_ros2:/Bt/install/btcpp_ros2_interfaces:/opt/ros/jazzy:/Bt/install/yolo_ros:/Bt/install/ros2_aruco:/Bt/install/launch_pal:/Bt/install/grab2_curobo_planner PYTHONPATH=/Bt/install/pmb2_description/lib/python3.12/site-packages:/Bt/install/omni_base_description/lib/python3.12/site-packages:/Bt/install/launch_pal/lib/python3.12/site-packages:/opt/ros/jazzy/lib/python3.12/site-packages:/Bt/install/yolo_ros/lib/python3.12/site-packages:/Bt/install/yolo_msgs/lib/python3.12/site-packages:/Bt/install/tiago_description/lib/python3.12/site-packages:/Bt/install/ros2_aruco_interfaces/lib/python3.12/site-packages:/Bt/install/ros2_aruco/lib/python3.12/site-packages:/Bt/install/play_motion2_msgs/lib/python3.12/site-packages:/Bt/install/grab2_curobo_planner/lib/python3.12/site-packages:/Bt/install/grab2_msgs/lib/python3.12/site-packages:/Bt/install/btcpp_ros2_interfaces/lib/python3.12/site-packages /usr/bin/cmake --install /Bt/build/tiago_description
