[0.029s] Invoking command in '/Bt/build/tiago_moveit_config': AMENT_PREFIX_PATH=/Bt/install/tiago_description:/Bt/install/pmb2_description:/Bt/install/pal_hey5_description:/Bt/install/pal_gripper_description:/Bt/install/omni_base_description:/Bt/install/pal_urdf_utils:/Bt/install/pal_robotiq_description:/Bt/install/launch_pal:${AMENT_PREFIX_PATH} CMAKE_PREFIX_PATH=/Bt/install/tiago_description:/Bt/install/pmb2_description:/Bt/install/pal_hey5_description:/Bt/install/pal_gripper_description:/Bt/install/omni_base_description:/Bt/install/pal_urdf_utils:/Bt/install/pal_robotiq_description:/opt/ros/jazzy/opt/gz_sim_vendor:/opt/ros/jazzy/opt/gz_sensors_vendor:/opt/ros/jazzy/opt/gz_physics_vendor:/opt/ros/jazzy/opt/sdformat_vendor:/opt/ros/jazzy/opt/gz_gui_vendor:/opt/ros/jazzy/opt/gz_transport_vendor:/opt/ros/jazzy/opt/gz_rendering_vendor:/opt/ros/jazzy/opt/gz_plugin_vendor:/opt/ros/jazzy/opt/gz_fuel_tools_vendor:/opt/ros/jazzy/opt/gz_msgs_vendor:/opt/ros/jazzy/opt/gz_common_vendor:/opt/ros/jazzy/opt/gz_math_vendor:/opt/ros/jazzy/opt/gz_utils_vendor:/opt/ros/jazzy/opt/gz_tools_vendor:/opt/ros/jazzy/opt/gz_ogre_next_vendor:/opt/ros/jazzy/opt/gz_dartsim_vendor:/opt/ros/jazzy/opt/gz_cmake_vendor:/opt/ros/jazzy PYTHONPATH=/Bt/install/tiago_description/lib/python3.12/site-packages:/Bt/install/pmb2_description/lib/python3.12/site-packages:/Bt/install/omni_base_description/lib/python3.12/site-packages:/Bt/install/launch_pal/lib/python3.12/site-packages:${PYTHONPATH} /usr/bin/cmake --build /Bt/build/tiago_moveit_config -- -j8 -l8
[0.076s] Invoked command in '/Bt/build/tiago_moveit_config' returned '0': AMENT_PREFIX_PATH=/Bt/install/tiago_description:/Bt/install/pmb2_description:/Bt/install/pal_hey5_description:/Bt/install/pal_gripper_description:/Bt/install/omni_base_description:/Bt/install/pal_urdf_utils:/Bt/install/pal_robotiq_description:/Bt/install/launch_pal:${AMENT_PREFIX_PATH} CMAKE_PREFIX_PATH=/Bt/install/tiago_description:/Bt/install/pmb2_description:/Bt/install/pal_hey5_description:/Bt/install/pal_gripper_description:/Bt/install/omni_base_description:/Bt/install/pal_urdf_utils:/Bt/install/pal_robotiq_description:/opt/ros/jazzy/opt/gz_sim_vendor:/opt/ros/jazzy/opt/gz_sensors_vendor:/opt/ros/jazzy/opt/gz_physics_vendor:/opt/ros/jazzy/opt/sdformat_vendor:/opt/ros/jazzy/opt/gz_gui_vendor:/opt/ros/jazzy/opt/gz_transport_vendor:/opt/ros/jazzy/opt/gz_rendering_vendor:/opt/ros/jazzy/opt/gz_plugin_vendor:/opt/ros/jazzy/opt/gz_fuel_tools_vendor:/opt/ros/jazzy/opt/gz_msgs_vendor:/opt/ros/jazzy/opt/gz_common_vendor:/opt/ros/jazzy/opt/gz_math_vendor:/opt/ros/jazzy/opt/gz_utils_vendor:/opt/ros/jazzy/opt/gz_tools_vendor:/opt/ros/jazzy/opt/gz_ogre_next_vendor:/opt/ros/jazzy/opt/gz_dartsim_vendor:/opt/ros/jazzy/opt/gz_cmake_vendor:/opt/ros/jazzy PYTHONPATH=/Bt/install/tiago_description/lib/python3.12/site-packages:/Bt/install/pmb2_description/lib/python3.12/site-packages:/Bt/install/omni_base_description/lib/python3.12/site-packages:/Bt/install/launch_pal/lib/python3.12/site-packages:${PYTHONPATH} /usr/bin/cmake --build /Bt/build/tiago_moveit_config -- -j8 -l8
[0.077s] Invoking command in '/Bt/build/tiago_moveit_config': AMENT_PREFIX_PATH=/Bt/install/tiago_description:/Bt/install/pmb2_description:/Bt/install/pal_hey5_description:/Bt/install/pal_gripper_description:/Bt/install/omni_base_description:/Bt/install/pal_urdf_utils:/Bt/install/pal_robotiq_description:/Bt/install/launch_pal:${AMENT_PREFIX_PATH} CMAKE_PREFIX_PATH=/Bt/install/tiago_description:/Bt/install/pmb2_description:/Bt/install/pal_hey5_description:/Bt/install/pal_gripper_description:/Bt/install/omni_base_description:/Bt/install/pal_urdf_utils:/Bt/install/pal_robotiq_description:/opt/ros/jazzy/opt/gz_sim_vendor:/opt/ros/jazzy/opt/gz_sensors_vendor:/opt/ros/jazzy/opt/gz_physics_vendor:/opt/ros/jazzy/opt/sdformat_vendor:/opt/ros/jazzy/opt/gz_gui_vendor:/opt/ros/jazzy/opt/gz_transport_vendor:/opt/ros/jazzy/opt/gz_rendering_vendor:/opt/ros/jazzy/opt/gz_plugin_vendor:/opt/ros/jazzy/opt/gz_fuel_tools_vendor:/opt/ros/jazzy/opt/gz_msgs_vendor:/opt/ros/jazzy/opt/gz_common_vendor:/opt/ros/jazzy/opt/gz_math_vendor:/opt/ros/jazzy/opt/gz_utils_vendor:/opt/ros/jazzy/opt/gz_tools_vendor:/opt/ros/jazzy/opt/gz_ogre_next_vendor:/opt/ros/jazzy/opt/gz_dartsim_vendor:/opt/ros/jazzy/opt/gz_cmake_vendor:/opt/ros/jazzy PYTHONPATH=/Bt/install/tiago_description/lib/python3.12/site-packages:/Bt/install/pmb2_description/lib/python3.12/site-packages:/Bt/install/omni_base_description/lib/python3.12/site-packages:/Bt/install/launch_pal/lib/python3.12/site-packages:${PYTHONPATH} /usr/bin/cmake --install /Bt/build/tiago_moveit_config
[0.096s] -- Install configuration: ""
[0.096s] -- Up-to-date: /Bt/install/tiago_moveit_config/share/ament_index/resource_index/package_run_dependencies/tiago_moveit_config
[0.096s] -- Up-to-date: /Bt/install/tiago_moveit_config/share/ament_index/resource_index/parent_prefix_path/tiago_moveit_config
[0.096s] -- Up-to-date: /Bt/install/tiago_moveit_config/share/tiago_moveit_config/environment/ament_prefix_path.sh
[0.096s] -- Up-to-date: /Bt/install/tiago_moveit_config/share/tiago_moveit_config/environment/ament_prefix_path.dsv
[0.096s] -- Up-to-date: /Bt/install/tiago_moveit_config/share/tiago_moveit_config/environment/path.sh
[0.097s] -- Up-to-date: /Bt/install/tiago_moveit_config/share/tiago_moveit_config/environment/path.dsv
[0.097s] -- Up-to-date: /Bt/install/tiago_moveit_config/share/tiago_moveit_config/local_setup.bash
[0.097s] -- Up-to-date: /Bt/install/tiago_moveit_config/share/tiago_moveit_config/local_setup.sh
[0.097s] -- Up-to-date: /Bt/install/tiago_moveit_config/share/tiago_moveit_config/local_setup.zsh
[0.097s] -- Up-to-date: /Bt/install/tiago_moveit_config/share/tiago_moveit_config/local_setup.dsv
[0.097s] -- Installing: /Bt/install/tiago_moveit_config/share/tiago_moveit_config/package.dsv
[0.097s] -- Up-to-date: /Bt/install/tiago_moveit_config/share/ament_index/resource_index/packages/tiago_moveit_config
[0.097s] -- Up-to-date: /Bt/install/tiago_moveit_config/share/tiago_moveit_config/cmake/tiago_moveit_configConfig.cmake
[0.098s] -- Up-to-date: /Bt/install/tiago_moveit_config/share/tiago_moveit_config/cmake/tiago_moveit_configConfig-version.cmake
[0.098s] -- Up-to-date: /Bt/install/tiago_moveit_config/share/tiago_moveit_config/package.xml
[0.098s] -- Up-to-date: /Bt/install/tiago_moveit_config/share/tiago_moveit_config/launch
[0.098s] -- Up-to-date: /Bt/install/tiago_moveit_config/share/tiago_moveit_config/launch/moveit_rviz.launch.py
[0.098s] -- Up-to-date: /Bt/install/tiago_moveit_config/share/tiago_moveit_config/launch/move_group.launch.py
[0.098s] -- Up-to-date: /Bt/install/tiago_moveit_config/share/tiago_moveit_config/config
[0.098s] -- Up-to-date: /Bt/install/tiago_moveit_config/share/tiago_moveit_config/config/sensors_3d.yaml
[0.098s] -- Up-to-date: /Bt/install/tiago_moveit_config/share/tiago_moveit_config/config/ompl_planning.yaml
[0.098s] -- Up-to-date: /Bt/install/tiago_moveit_config/share/tiago_moveit_config/config/controllers
[0.098s] -- Up-to-date: /Bt/install/tiago_moveit_config/share/tiago_moveit_config/config/controllers/controllers_pal-gripper_schunk-ft.yaml
[0.098s] -- Up-to-date: /Bt/install/tiago_moveit_config/share/tiago_moveit_config/config/controllers/controllers_pal-hey5.yaml
[0.099s] -- Up-to-date: /Bt/install/tiago_moveit_config/share/tiago_moveit_config/config/controllers/controllers_robotiq-2f-85_schunk-ft.yaml
[0.099s] -- Up-to-date: /Bt/install/tiago_moveit_config/share/tiago_moveit_config/config/controllers/controllers_custom.yaml
[0.099s] -- Up-to-date: /Bt/install/tiago_moveit_config/share/tiago_moveit_config/config/controllers/controllers_robotiq-2f-140.yaml
[0.099s] -- Up-to-date: /Bt/install/tiago_moveit_config/share/tiago_moveit_config/config/controllers/controllers_pal-gripper.yaml
[0.099s] -- Up-to-date: /Bt/install/tiago_moveit_config/share/tiago_moveit_config/config/controllers/controllers_custom_schunk-ft.yaml
[0.099s] -- Up-to-date: /Bt/install/tiago_moveit_config/share/tiago_moveit_config/config/controllers/controllers_no-arm.yaml
[0.099s] -- Up-to-date: /Bt/install/tiago_moveit_config/share/tiago_moveit_config/config/controllers/controllers_no-ee_schunk-ft.yaml
[0.099s] -- Up-to-date: /Bt/install/tiago_moveit_config/share/tiago_moveit_config/config/controllers/controllers_no-ee.yaml
[0.099s] -- Up-to-date: /Bt/install/tiago_moveit_config/share/tiago_moveit_config/config/controllers/controllers_robotiq-2f-140_schunk-ft.yaml
[0.099s] -- Up-to-date: /Bt/install/tiago_moveit_config/share/tiago_moveit_config/config/controllers/controllers_robotiq-2f-85.yaml
[0.099s] -- Up-to-date: /Bt/install/tiago_moveit_config/share/tiago_moveit_config/config/controllers/controllers_pal-hey5_schunk-ft.yaml
[0.099s] -- Up-to-date: /Bt/install/tiago_moveit_config/share/tiago_moveit_config/config/controllers/controllers.yaml.em
[0.099s] -- Up-to-date: /Bt/install/tiago_moveit_config/share/tiago_moveit_config/config/pilz_cartesian_limits.yaml
[0.100s] -- Up-to-date: /Bt/install/tiago_moveit_config/share/tiago_moveit_config/config/srdf
[0.100s] -- Up-to-date: /Bt/install/tiago_moveit_config/share/tiago_moveit_config/config/srdf/disable_collisions
[0.100s] -- Up-to-date: /Bt/install/tiago_moveit_config/share/tiago_moveit_config/config/srdf/disable_collisions/tiago_pal-hey5.srdf.xacro
[0.100s] -- Up-to-date: /Bt/install/tiago_moveit_config/share/tiago_moveit_config/config/srdf/disable_collisions/tiago_omni_no-ee.srdf.xacro
[0.100s] -- Up-to-date: /Bt/install/tiago_moveit_config/share/tiago_moveit_config/config/srdf/disable_collisions/tiago_omni_robotiq-2f-85_schunk-ft.srdf.xacro
[0.100s] -- Up-to-date: /Bt/install/tiago_moveit_config/share/tiago_moveit_config/config/srdf/disable_collisions/tiago_pal-gripper.srdf.xacro
[0.100s] -- Up-to-date: /Bt/install/tiago_moveit_config/share/tiago_moveit_config/config/srdf/disable_collisions/robotiq-2f-85_schunk-ft.srdf.xacro
[0.101s] -- Up-to-date: /Bt/install/tiago_moveit_config/share/tiago_moveit_config/config/srdf/disable_collisions/tiago_omni_pal-hey5_schunk-ft.srdf.xacro
[0.101s] -- Up-to-date: /Bt/install/tiago_moveit_config/share/tiago_moveit_config/config/srdf/disable_collisions/tiago_robotiq-2f-140.srdf.xacro
[0.101s] -- Up-to-date: /Bt/install/tiago_moveit_config/share/tiago_moveit_config/config/srdf/disable_collisions/robotiq-2f-140_schunk-ft.srdf.xacro
[0.101s] -- Up-to-date: /Bt/install/tiago_moveit_config/share/tiago_moveit_config/config/srdf/disable_collisions/custom.srdf.xacro
[0.101s] -- Up-to-date: /Bt/install/tiago_moveit_config/share/tiago_moveit_config/config/srdf/disable_collisions/no-ee.srdf.xacro
[0.101s] -- Up-to-date: /Bt/install/tiago_moveit_config/share/tiago_moveit_config/config/srdf/disable_collisions/tiago_robotiq-2f-85_schunk-ft.srdf.xacro
[0.101s] -- Up-to-date: /Bt/install/tiago_moveit_config/share/tiago_moveit_config/config/srdf/disable_collisions/pal-hey5_schunk-ft.srdf.xacro
[0.101s] -- Up-to-date: /Bt/install/tiago_moveit_config/share/tiago_moveit_config/config/srdf/disable_collisions/tiago_omni_pal-gripper_schunk-ft.srdf.xacro
[0.101s] -- Up-to-date: /Bt/install/tiago_moveit_config/share/tiago_moveit_config/config/srdf/disable_collisions/tiago_no-arm.srdf.xacro
[0.101s] -- Up-to-date: /Bt/install/tiago_moveit_config/share/tiago_moveit_config/config/srdf/disable_collisions/tiago_pal-hey5_schunk-ft.srdf.xacro
[0.101s] -- Up-to-date: /Bt/install/tiago_moveit_config/share/tiago_moveit_config/config/srdf/disable_collisions/pal-gripper_schunk-ft.srdf.xacro
[0.101s] -- Up-to-date: /Bt/install/tiago_moveit_config/share/tiago_moveit_config/config/srdf/disable_collisions/tiago_omni_custom.srdf.xacro
[0.102s] -- Up-to-date: /Bt/install/tiago_moveit_config/share/tiago_moveit_config/config/srdf/disable_collisions/tiago_omni_pal-hey5.srdf.xacro
[0.102s] -- Up-to-date: /Bt/install/tiago_moveit_config/share/tiago_moveit_config/config/srdf/disable_collisions/tiago_custom.srdf.xacro
[0.102s] -- Up-to-date: /Bt/install/tiago_moveit_config/share/tiago_moveit_config/config/srdf/disable_collisions/robotiq-2f-140.srdf.xacro
[0.102s] -- Up-to-date: /Bt/install/tiago_moveit_config/share/tiago_moveit_config/config/srdf/disable_collisions/tiago_omni_robotiq-2f-140_schunk-ft.srdf.xacro
[0.102s] -- Up-to-date: /Bt/install/tiago_moveit_config/share/tiago_moveit_config/config/srdf/disable_collisions/tiago_custom_schunk-ft.srdf.xacro
[0.102s] -- Up-to-date: /Bt/install/tiago_moveit_config/share/tiago_moveit_config/config/srdf/disable_collisions/pal-gripper.srdf.xacro
[0.102s] -- Up-to-date: /Bt/install/tiago_moveit_config/share/tiago_moveit_config/config/srdf/disable_collisions/tiago_no-ee.srdf.xacro
[0.102s] -- Up-to-date: /Bt/install/tiago_moveit_config/share/tiago_moveit_config/config/srdf/disable_collisions/robotiq-2f-85.srdf.xacro
[0.102s] -- Up-to-date: /Bt/install/tiago_moveit_config/share/tiago_moveit_config/config/srdf/disable_collisions/no-ee_schunk-ft.srdf.xacro
[0.102s] -- Up-to-date: /Bt/install/tiago_moveit_config/share/tiago_moveit_config/config/srdf/disable_collisions/tiago_omni_no-ee_schunk-ft.srdf.xacro
[0.102s] -- Up-to-date: /Bt/install/tiago_moveit_config/share/tiago_moveit_config/config/srdf/disable_collisions/tiago_omni_robotiq-2f-140.srdf.xacro
[0.102s] -- Up-to-date: /Bt/install/tiago_moveit_config/share/tiago_moveit_config/config/srdf/disable_collisions/custom_schunk-ft.srdf.xacro
[0.103s] -- Up-to-date: /Bt/install/tiago_moveit_config/share/tiago_moveit_config/config/srdf/disable_collisions/tiago_omni_custom_schunk-ft.srdf.xacro
[0.103s] -- Up-to-date: /Bt/install/tiago_moveit_config/share/tiago_moveit_config/config/srdf/disable_collisions/tiago_robotiq-2f-140_schunk-ft.srdf.xacro
[0.103s] -- Up-to-date: /Bt/install/tiago_moveit_config/share/tiago_moveit_config/config/srdf/disable_collisions/tiago_no-ee_schunk-ft.srdf.xacro
[0.103s] -- Up-to-date: /Bt/install/tiago_moveit_config/share/tiago_moveit_config/config/srdf/disable_collisions/tiago_omni_no-arm.srdf.xacro
[0.103s] -- Up-to-date: /Bt/install/tiago_moveit_config/share/tiago_moveit_config/config/srdf/disable_collisions/tiago_omni_pal-gripper.srdf.xacro
[0.103s] -- Up-to-date: /Bt/install/tiago_moveit_config/share/tiago_moveit_config/config/srdf/disable_collisions/tiago_omni_robotiq-2f-85.srdf.xacro
[0.103s] -- Up-to-date: /Bt/install/tiago_moveit_config/share/tiago_moveit_config/config/srdf/disable_collisions/tiago_pal-gripper_schunk-ft.srdf.xacro
[0.103s] -- Up-to-date: /Bt/install/tiago_moveit_config/share/tiago_moveit_config/config/srdf/disable_collisions/tiago_robotiq-2f-85.srdf.xacro
[0.103s] -- Up-to-date: /Bt/install/tiago_moveit_config/share/tiago_moveit_config/config/srdf/disable_collisions/pal-hey5.srdf.xacro
[0.103s] -- Up-to-date: /Bt/install/tiago_moveit_config/share/tiago_moveit_config/config/srdf/scripts
[0.103s] -- Up-to-date: /Bt/install/tiago_moveit_config/share/tiago_moveit_config/config/srdf/scripts/update.sh
[0.103s] -- Up-to-date: /Bt/install/tiago_moveit_config/share/tiago_moveit_config/config/srdf/end_effectors
[0.103s] -- Up-to-date: /Bt/install/tiago_moveit_config/share/tiago_moveit_config/config/srdf/end_effectors/custom.srdf.xacro
[0.104s] -- Up-to-date: /Bt/install/tiago_moveit_config/share/tiago_moveit_config/config/srdf/end_effectors/robotiq-2f-140.srdf.xacro
[0.104s] -- Up-to-date: /Bt/install/tiago_moveit_config/share/tiago_moveit_config/config/srdf/end_effectors/shared
[0.104s] -- Up-to-date: /Bt/install/tiago_moveit_config/share/tiago_moveit_config/config/srdf/end_effectors/shared/robotiq-2f.srdf.xacro
[0.104s] -- Up-to-date: /Bt/install/tiago_moveit_config/share/tiago_moveit_config/config/srdf/end_effectors/pal-gripper.srdf.xacro
[0.104s] -- Up-to-date: /Bt/install/tiago_moveit_config/share/tiago_moveit_config/config/srdf/end_effectors/robotiq-2f-85.srdf.xacro
[0.104s] -- Up-to-date: /Bt/install/tiago_moveit_config/share/tiago_moveit_config/config/srdf/end_effectors/no-end-effector.srdf.xacro
[0.104s] -- Up-to-date: /Bt/install/tiago_moveit_config/share/tiago_moveit_config/config/srdf/end_effectors/pal-hey5.srdf.xacro
[0.104s] -- Up-to-date: /Bt/install/tiago_moveit_config/share/tiago_moveit_config/config/srdf/tiago.srdf.xacro
[0.104s] -- Up-to-date: /Bt/install/tiago_moveit_config/share/tiago_moveit_config/config/kinematics_kdl.yaml
[0.104s] -- Up-to-date: /Bt/install/tiago_moveit_config/share/tiago_moveit_config/config/joint_limits.yaml
[0.104s] -- Up-to-date: /Bt/install/tiago_moveit_config/share/tiago_moveit_config/config/kinematics_trac_ik.yaml
[0.104s] -- Up-to-date: /Bt/install/tiago_moveit_config/share/tiago_moveit_config/config/rviz
[0.105s] -- Up-to-date: /Bt/install/tiago_moveit_config/share/tiago_moveit_config/config/rviz/moveit.rviz
[0.140s] Invoked command in '/Bt/build/tiago_moveit_config' returned '0': AMENT_PREFIX_PATH=/Bt/install/tiago_description:/Bt/install/pmb2_description:/Bt/install/pal_hey5_description:/Bt/install/pal_gripper_description:/Bt/install/omni_base_description:/Bt/install/pal_urdf_utils:/Bt/install/pal_robotiq_description:/Bt/install/launch_pal:${AMENT_PREFIX_PATH} CMAKE_PREFIX_PATH=/Bt/install/tiago_description:/Bt/install/pmb2_description:/Bt/install/pal_hey5_description:/Bt/install/pal_gripper_description:/Bt/install/omni_base_description:/Bt/install/pal_urdf_utils:/Bt/install/pal_robotiq_description:/opt/ros/jazzy/opt/gz_sim_vendor:/opt/ros/jazzy/opt/gz_sensors_vendor:/opt/ros/jazzy/opt/gz_physics_vendor:/opt/ros/jazzy/opt/sdformat_vendor:/opt/ros/jazzy/opt/gz_gui_vendor:/opt/ros/jazzy/opt/gz_transport_vendor:/opt/ros/jazzy/opt/gz_rendering_vendor:/opt/ros/jazzy/opt/gz_plugin_vendor:/opt/ros/jazzy/opt/gz_fuel_tools_vendor:/opt/ros/jazzy/opt/gz_msgs_vendor:/opt/ros/jazzy/opt/gz_common_vendor:/opt/ros/jazzy/opt/gz_math_vendor:/opt/ros/jazzy/opt/gz_utils_vendor:/opt/ros/jazzy/opt/gz_tools_vendor:/opt/ros/jazzy/opt/gz_ogre_next_vendor:/opt/ros/jazzy/opt/gz_dartsim_vendor:/opt/ros/jazzy/opt/gz_cmake_vendor:/opt/ros/jazzy PYTHONPATH=/Bt/install/tiago_description/lib/python3.12/site-packages:/Bt/install/pmb2_description/lib/python3.12/site-packages:/Bt/install/omni_base_description/lib/python3.12/site-packages:/Bt/install/launch_pal/lib/python3.12/site-packages:${PYTHONPATH} /usr/bin/cmake --install /Bt/build/tiago_moveit_config
