/Bt/install/grab2_curobo_planner/lib/python3.12/site-packages/grab2_curobo_planner/planning_server.py
/Bt/install/grab2_curobo_planner/lib/python3.12/site-packages/grab2_curobo_planner/__init__.py
/Bt/install/grab2_curobo_planner/lib/python3.12/site-packages/grab2_curobo_planner/curobo/motion_generation.py
/Bt/install/grab2_curobo_planner/lib/python3.12/site-packages/grab2_curobo_planner/curobo/__init__.py
/Bt/install/grab2_curobo_planner/lib/python3.12/site-packages/grab2_curobo_planner/__pycache__/planning_server.cpython-312.pyc
/Bt/install/grab2_curobo_planner/lib/python3.12/site-packages/grab2_curobo_planner/__pycache__/__init__.cpython-312.pyc
/Bt/install/grab2_curobo_planner/lib/python3.12/site-packages/grab2_curobo_planner/curobo/__pycache__/motion_generation.cpython-312.pyc
/Bt/install/grab2_curobo_planner/lib/python3.12/site-packages/grab2_curobo_planner/curobo/__pycache__/__init__.cpython-312.pyc
/Bt/install/grab2_curobo_planner/share/ament_index/resource_index/packages/grab2_curobo_planner
/Bt/install/grab2_curobo_planner/share/grab2_curobo_planner/package.xml
/Bt/install/grab2_curobo_planner/share/grab2_curobo_planner/launch/planning_server.launch.py
/Bt/install/grab2_curobo_planner/share/grab2_curobo_planner/config/table.yaml
/Bt/install/grab2_curobo_planner/share/grab2_curobo_planner/config/toybox.yaml
/Bt/install/grab2_curobo_planner/lib/python3.12/site-packages/grab2_curobo_planner-0.0.0-py3.12.egg-info/zip-safe
/Bt/install/grab2_curobo_planner/lib/python3.12/site-packages/grab2_curobo_planner-0.0.0-py3.12.egg-info/requires.txt
/Bt/install/grab2_curobo_planner/lib/python3.12/site-packages/grab2_curobo_planner-0.0.0-py3.12.egg-info/entry_points.txt
/Bt/install/grab2_curobo_planner/lib/python3.12/site-packages/grab2_curobo_planner-0.0.0-py3.12.egg-info/top_level.txt
/Bt/install/grab2_curobo_planner/lib/python3.12/site-packages/grab2_curobo_planner-0.0.0-py3.12.egg-info/PKG-INFO
/Bt/install/grab2_curobo_planner/lib/python3.12/site-packages/grab2_curobo_planner-0.0.0-py3.12.egg-info/SOURCES.txt
/Bt/install/grab2_curobo_planner/lib/python3.12/site-packages/grab2_curobo_planner-0.0.0-py3.12.egg-info/dependency_links.txt
/Bt/install/grab2_curobo_planner/lib/grab2_curobo_planner/planning_server
