[0.362s] Invoking command in '/Bt/build/ros2_aruco_interfaces': CMAKE_PREFIX_PATH=${CMAKE_PREFIX_PATH}:/opt/ros/jazzy /usr/bin/cmake --build /Bt/build/ros2_aruco_interfaces -- -j8 -l8
[0.586s] [  2%] Built target ros2_aruco_interfaces__rosidl_generator_type_description
[0.747s] [  5%] Built target ros2_aruco_interfaces__cpp
[1.029s] [ 20%] Built target ros2_aruco_interfaces__rosidl_generator_c
[1.081s] [ 29%] Built target ros2_aruco_interfaces__rosidl_typesupport_cpp
[1.150s] [ 38%] Built target ros2_aruco_interfaces__rosidl_typesupport_fastrtps_c
[1.170s] [ 47%] Built target ros2_aruco_interfaces__rosidl_typesupport_fastrtps_cpp
[1.175s] [ 55%] Built target ros2_aruco_interfaces__rosidl_typesupport_introspection_c
[1.223s] [ 64%] Built target ros2_aruco_interfaces__rosidl_typesupport_c
[1.313s] [ 73%] Built target ros2_aruco_interfaces__rosidl_typesupport_introspection_cpp
[1.354s] [ 73%] Built target ros2_aruco_interfaces
[1.387s] [ 76%] Built target ros2_aruco_interfaces__py
[1.436s] [ 82%] Built target ros2_aruco_interfaces__rosidl_generator_py
[1.625s] [ 82%] Built target ament_cmake_python_copy_ros2_aruco_interfaces
[1.625s] [ 88%] Built target ros2_aruco_interfaces_s__rosidl_typesupport_introspection_c
[1.696s] [ 94%] Built target ros2_aruco_interfaces_s__rosidl_typesupport_fastrtps_c
[1.811s] [100%] Built target ros2_aruco_interfaces_s__rosidl_typesupport_c
[2.217s] running egg_info
[2.243s] writing ros2_aruco_interfaces.egg-info/PKG-INFO
[2.243s] writing dependency_links to ros2_aruco_interfaces.egg-info/dependency_links.txt
[2.243s] writing top-level names to ros2_aruco_interfaces.egg-info/top_level.txt
[2.322s] reading manifest file 'ros2_aruco_interfaces.egg-info/SOURCES.txt'
[2.341s] writing manifest file 'ros2_aruco_interfaces.egg-info/SOURCES.txt'
[2.381s] [100%] Built target ament_cmake_python_build_ros2_aruco_interfaces_egg
[2.456s] Invoked command in '/Bt/build/ros2_aruco_interfaces' returned '0': CMAKE_PREFIX_PATH=${CMAKE_PREFIX_PATH}:/opt/ros/jazzy /usr/bin/cmake --build /Bt/build/ros2_aruco_interfaces -- -j8 -l8
[2.527s] Invoking command in '/Bt/build/ros2_aruco_interfaces': CMAKE_PREFIX_PATH=${CMAKE_PREFIX_PATH}:/opt/ros/jazzy /usr/bin/cmake --install /Bt/build/ros2_aruco_interfaces
[2.891s] -- Install configuration: ""
[2.891s] -- Up-to-date: /Bt/install/ros2_aruco_interfaces/share/ament_index/resource_index/rosidl_interfaces/ros2_aruco_interfaces
[2.892s] -- Up-to-date: /Bt/install/ros2_aruco_interfaces/share/ros2_aruco_interfaces/msg/ArucoMarkers.json
[2.892s] -- Up-to-date: /Bt/install/ros2_aruco_interfaces/include/ros2_aruco_interfaces/ros2_aruco_interfaces
[2.893s] -- Up-to-date: /Bt/install/ros2_aruco_interfaces/include/ros2_aruco_interfaces/ros2_aruco_interfaces/msg
[2.893s] -- Up-to-date: /Bt/install/ros2_aruco_interfaces/include/ros2_aruco_interfaces/ros2_aruco_interfaces/msg/rosidl_generator_c__visibility_control.h
[2.893s] -- Up-to-date: /Bt/install/ros2_aruco_interfaces/include/ros2_aruco_interfaces/ros2_aruco_interfaces/msg/aruco_markers.h
[2.894s] -- Up-to-date: /Bt/install/ros2_aruco_interfaces/include/ros2_aruco_interfaces/ros2_aruco_interfaces/msg/detail
[2.894s] -- Up-to-date: /Bt/install/ros2_aruco_interfaces/include/ros2_aruco_interfaces/ros2_aruco_interfaces/msg/detail/aruco_markers__functions.h
[2.894s] -- Up-to-date: /Bt/install/ros2_aruco_interfaces/include/ros2_aruco_interfaces/ros2_aruco_interfaces/msg/detail/aruco_markers__functions.c
[2.895s] -- Installing: /Bt/install/ros2_aruco_interfaces/include/ros2_aruco_interfaces/ros2_aruco_interfaces/msg/detail/aruco_markers__type_support.c
[2.964s] -- Up-to-date: /Bt/install/ros2_aruco_interfaces/include/ros2_aruco_interfaces/ros2_aruco_interfaces/msg/detail/aruco_markers__type_support.h
[2.964s] -- Up-to-date: /Bt/install/ros2_aruco_interfaces/include/ros2_aruco_interfaces/ros2_aruco_interfaces/msg/detail/aruco_markers__description.c
[2.965s] -- Up-to-date: /Bt/install/ros2_aruco_interfaces/include/ros2_aruco_interfaces/ros2_aruco_interfaces/msg/detail/aruco_markers__struct.h
[2.965s] -- Up-to-date: /Bt/install/ros2_aruco_interfaces/share/ros2_aruco_interfaces/environment/library_path.sh
[2.965s] -- Up-to-date: /Bt/install/ros2_aruco_interfaces/share/ros2_aruco_interfaces/environment/library_path.dsv
[3.181s] -- Up-to-date: /Bt/install/ros2_aruco_interfaces/lib/libros2_aruco_interfaces__rosidl_generator_c.so
[3.183s] -- Up-to-date: /Bt/install/ros2_aruco_interfaces/include/ros2_aruco_interfaces/ros2_aruco_interfaces
[3.184s] -- Up-to-date: /Bt/install/ros2_aruco_interfaces/include/ros2_aruco_interfaces/ros2_aruco_interfaces/msg
[3.185s] -- Up-to-date: /Bt/install/ros2_aruco_interfaces/include/ros2_aruco_interfaces/ros2_aruco_interfaces/msg/detail
[3.185s] -- Up-to-date: /Bt/install/ros2_aruco_interfaces/include/ros2_aruco_interfaces/ros2_aruco_interfaces/msg/detail/aruco_markers__rosidl_typesupport_fastrtps_c.h
[3.186s] -- Up-to-date: /Bt/install/ros2_aruco_interfaces/include/ros2_aruco_interfaces/ros2_aruco_interfaces/msg/rosidl_typesupport_fastrtps_c__visibility_control.h
[3.239s] -- Up-to-date: /Bt/install/ros2_aruco_interfaces/lib/libros2_aruco_interfaces__rosidl_typesupport_fastrtps_c.so
[3.240s] -- Up-to-date: /Bt/install/ros2_aruco_interfaces/include/ros2_aruco_interfaces/ros2_aruco_interfaces
[3.240s] -- Up-to-date: /Bt/install/ros2_aruco_interfaces/include/ros2_aruco_interfaces/ros2_aruco_interfaces/msg
[3.241s] -- Up-to-date: /Bt/install/ros2_aruco_interfaces/include/ros2_aruco_interfaces/ros2_aruco_interfaces/msg/aruco_markers.hpp
[3.241s] -- Up-to-date: /Bt/install/ros2_aruco_interfaces/include/ros2_aruco_interfaces/ros2_aruco_interfaces/msg/detail
[3.242s] -- Up-to-date: /Bt/install/ros2_aruco_interfaces/include/ros2_aruco_interfaces/ros2_aruco_interfaces/msg/detail/aruco_markers__type_support.hpp
[3.242s] -- Up-to-date: /Bt/install/ros2_aruco_interfaces/include/ros2_aruco_interfaces/ros2_aruco_interfaces/msg/detail/aruco_markers__struct.hpp
[3.242s] -- Up-to-date: /Bt/install/ros2_aruco_interfaces/include/ros2_aruco_interfaces/ros2_aruco_interfaces/msg/detail/aruco_markers__traits.hpp
[3.242s] -- Up-to-date: /Bt/install/ros2_aruco_interfaces/include/ros2_aruco_interfaces/ros2_aruco_interfaces/msg/detail/aruco_markers__builder.hpp
[3.243s] -- Up-to-date: /Bt/install/ros2_aruco_interfaces/include/ros2_aruco_interfaces/ros2_aruco_interfaces/msg/rosidl_generator_cpp__visibility_control.hpp
[3.243s] -- Up-to-date: /Bt/install/ros2_aruco_interfaces/include/ros2_aruco_interfaces/ros2_aruco_interfaces
[3.243s] -- Up-to-date: /Bt/install/ros2_aruco_interfaces/include/ros2_aruco_interfaces/ros2_aruco_interfaces/msg
[3.243s] -- Up-to-date: /Bt/install/ros2_aruco_interfaces/include/ros2_aruco_interfaces/ros2_aruco_interfaces/msg/detail
[3.244s] -- Up-to-date: /Bt/install/ros2_aruco_interfaces/include/ros2_aruco_interfaces/ros2_aruco_interfaces/msg/detail/dds_fastrtps
[3.244s] -- Up-to-date: /Bt/install/ros2_aruco_interfaces/include/ros2_aruco_interfaces/ros2_aruco_interfaces/msg/detail/aruco_markers__rosidl_typesupport_fastrtps_cpp.hpp
[3.244s] -- Up-to-date: /Bt/install/ros2_aruco_interfaces/include/ros2_aruco_interfaces/ros2_aruco_interfaces/msg/rosidl_typesupport_fastrtps_cpp__visibility_control.h
[3.386s] -- Up-to-date: /Bt/install/ros2_aruco_interfaces/lib/libros2_aruco_interfaces__rosidl_typesupport_fastrtps_cpp.so
[3.390s] -- Up-to-date: /Bt/install/ros2_aruco_interfaces/include/ros2_aruco_interfaces/ros2_aruco_interfaces
[3.390s] -- Up-to-date: /Bt/install/ros2_aruco_interfaces/include/ros2_aruco_interfaces/ros2_aruco_interfaces/msg
[3.393s] -- Up-to-date: /Bt/install/ros2_aruco_interfaces/include/ros2_aruco_interfaces/ros2_aruco_interfaces/msg/rosidl_typesupport_introspection_c__visibility_control.h
[3.393s] -- Up-to-date: /Bt/install/ros2_aruco_interfaces/include/ros2_aruco_interfaces/ros2_aruco_interfaces/msg/detail
[3.393s] -- Up-to-date: /Bt/install/ros2_aruco_interfaces/include/ros2_aruco_interfaces/ros2_aruco_interfaces/msg/detail/aruco_markers__rosidl_typesupport_introspection_c.h
[3.394s] -- Installing: /Bt/install/ros2_aruco_interfaces/include/ros2_aruco_interfaces/ros2_aruco_interfaces/msg/detail/aruco_markers__type_support.c
[3.444s] -- Up-to-date: /Bt/install/ros2_aruco_interfaces/lib/libros2_aruco_interfaces__rosidl_typesupport_introspection_c.so
[3.459s] -- Up-to-date: /Bt/install/ros2_aruco_interfaces/lib/libros2_aruco_interfaces__rosidl_typesupport_c.so
[3.460s] -- Up-to-date: /Bt/install/ros2_aruco_interfaces/include/ros2_aruco_interfaces/ros2_aruco_interfaces
[3.460s] -- Up-to-date: /Bt/install/ros2_aruco_interfaces/include/ros2_aruco_interfaces/ros2_aruco_interfaces/msg
[3.461s] -- Up-to-date: /Bt/install/ros2_aruco_interfaces/include/ros2_aruco_interfaces/ros2_aruco_interfaces/msg/detail
[3.461s] -- Up-to-date: /Bt/install/ros2_aruco_interfaces/include/ros2_aruco_interfaces/ros2_aruco_interfaces/msg/detail/aruco_markers__type_support.cpp
[3.461s] -- Up-to-date: /Bt/install/ros2_aruco_interfaces/include/ros2_aruco_interfaces/ros2_aruco_interfaces/msg/detail/aruco_markers__rosidl_typesupport_introspection_cpp.hpp
[3.503s] -- Up-to-date: /Bt/install/ros2_aruco_interfaces/lib/libros2_aruco_interfaces__rosidl_typesupport_introspection_cpp.so
[3.552s] -- Up-to-date: /Bt/install/ros2_aruco_interfaces/lib/libros2_aruco_interfaces__rosidl_typesupport_cpp.so
[3.553s] -- Up-to-date: /Bt/install/ros2_aruco_interfaces/share/ros2_aruco_interfaces/environment/pythonpath.sh
[3.553s] -- Up-to-date: /Bt/install/ros2_aruco_interfaces/share/ros2_aruco_interfaces/environment/pythonpath.dsv
[3.553s] -- Up-to-date: /Bt/install/ros2_aruco_interfaces/lib/python3.12/site-packages/ros2_aruco_interfaces-0.1.0-py3.12.egg-info
[3.553s] -- Installing: /Bt/install/ros2_aruco_interfaces/lib/python3.12/site-packages/ros2_aruco_interfaces-0.1.0-py3.12.egg-info/top_level.txt
[3.553s] -- Installing: /Bt/install/ros2_aruco_interfaces/lib/python3.12/site-packages/ros2_aruco_interfaces-0.1.0-py3.12.egg-info/PKG-INFO
[3.553s] -- Installing: /Bt/install/ros2_aruco_interfaces/lib/python3.12/site-packages/ros2_aruco_interfaces-0.1.0-py3.12.egg-info/SOURCES.txt
[3.553s] -- Installing: /Bt/install/ros2_aruco_interfaces/lib/python3.12/site-packages/ros2_aruco_interfaces-0.1.0-py3.12.egg-info/dependency_links.txt
[3.554s] -- Up-to-date: /Bt/install/ros2_aruco_interfaces/lib/python3.12/site-packages/ros2_aruco_interfaces
[3.554s] -- Up-to-date: /Bt/install/ros2_aruco_interfaces/lib/python3.12/site-packages/ros2_aruco_interfaces/_ros2_aruco_interfaces_s.ep.rosidl_typesupport_introspection_c.c
[3.554s] -- Up-to-date: /Bt/install/ros2_aruco_interfaces/lib/python3.12/site-packages/ros2_aruco_interfaces/__init__.py
[3.554s] -- Up-to-date: /Bt/install/ros2_aruco_interfaces/lib/python3.12/site-packages/ros2_aruco_interfaces/ros2_aruco_interfaces_s__rosidl_typesupport_fastrtps_c.so
[3.554s] -- Up-to-date: /Bt/install/ros2_aruco_interfaces/lib/python3.12/site-packages/ros2_aruco_interfaces/_ros2_aruco_interfaces_s.ep.rosidl_typesupport_fastrtps_c.c
[3.554s] -- Up-to-date: /Bt/install/ros2_aruco_interfaces/lib/python3.12/site-packages/ros2_aruco_interfaces/_ros2_aruco_interfaces_s.ep.rosidl_typesupport_c.c
[3.555s] -- Up-to-date: /Bt/install/ros2_aruco_interfaces/lib/python3.12/site-packages/ros2_aruco_interfaces/ros2_aruco_interfaces_s__rosidl_typesupport_introspection_c.so
[3.555s] -- Up-to-date: /Bt/install/ros2_aruco_interfaces/lib/python3.12/site-packages/ros2_aruco_interfaces/msg
[3.555s] -- Up-to-date: /Bt/install/ros2_aruco_interfaces/lib/python3.12/site-packages/ros2_aruco_interfaces/msg/_aruco_markers.py
[3.555s] -- Up-to-date: /Bt/install/ros2_aruco_interfaces/lib/python3.12/site-packages/ros2_aruco_interfaces/msg/__init__.py
[3.555s] -- Up-to-date: /Bt/install/ros2_aruco_interfaces/lib/python3.12/site-packages/ros2_aruco_interfaces/msg/_aruco_markers_s.c
[3.555s] -- Up-to-date: /Bt/install/ros2_aruco_interfaces/lib/python3.12/site-packages/ros2_aruco_interfaces/ros2_aruco_interfaces_s__rosidl_typesupport_c.so
[3.845s] Listing '/Bt/install/ros2_aruco_interfaces/lib/python3.12/site-packages/ros2_aruco_interfaces'...
[3.846s] Listing '/Bt/install/ros2_aruco_interfaces/lib/python3.12/site-packages/ros2_aruco_interfaces/msg'...
[3.922s] -- Up-to-date: /Bt/install/ros2_aruco_interfaces/lib/python3.12/site-packages/ros2_aruco_interfaces/ros2_aruco_interfaces_s__rosidl_typesupport_fastrtps_c.so
[3.940s] -- Up-to-date: /Bt/install/ros2_aruco_interfaces/lib/python3.12/site-packages/ros2_aruco_interfaces/ros2_aruco_interfaces_s__rosidl_typesupport_introspection_c.so
[3.961s] -- Up-to-date: /Bt/install/ros2_aruco_interfaces/lib/python3.12/site-packages/ros2_aruco_interfaces/ros2_aruco_interfaces_s__rosidl_typesupport_c.so
[3.963s] -- Up-to-date: /Bt/install/ros2_aruco_interfaces/lib/libros2_aruco_interfaces__rosidl_generator_py.so
[3.964s] -- Up-to-date: /Bt/install/ros2_aruco_interfaces/share/ros2_aruco_interfaces/msg/ArucoMarkers.idl
[3.964s] -- Up-to-date: /Bt/install/ros2_aruco_interfaces/share/ros2_aruco_interfaces/msg/ArucoMarkers.msg
[3.965s] -- Up-to-date: /Bt/install/ros2_aruco_interfaces/share/ament_index/resource_index/package_run_dependencies/ros2_aruco_interfaces
[3.965s] -- Up-to-date: /Bt/install/ros2_aruco_interfaces/share/ament_index/resource_index/parent_prefix_path/ros2_aruco_interfaces
[3.966s] -- Up-to-date: /Bt/install/ros2_aruco_interfaces/share/ros2_aruco_interfaces/environment/ament_prefix_path.sh
[3.966s] -- Up-to-date: /Bt/install/ros2_aruco_interfaces/share/ros2_aruco_interfaces/environment/ament_prefix_path.dsv
[3.966s] -- Up-to-date: /Bt/install/ros2_aruco_interfaces/share/ros2_aruco_interfaces/environment/path.sh
[3.967s] -- Up-to-date: /Bt/install/ros2_aruco_interfaces/share/ros2_aruco_interfaces/environment/path.dsv
[3.967s] -- Up-to-date: /Bt/install/ros2_aruco_interfaces/share/ros2_aruco_interfaces/local_setup.bash
[3.967s] -- Up-to-date: /Bt/install/ros2_aruco_interfaces/share/ros2_aruco_interfaces/local_setup.sh
[3.968s] -- Up-to-date: /Bt/install/ros2_aruco_interfaces/share/ros2_aruco_interfaces/local_setup.zsh
[3.968s] -- Up-to-date: /Bt/install/ros2_aruco_interfaces/share/ros2_aruco_interfaces/local_setup.dsv
[3.968s] -- Installing: /Bt/install/ros2_aruco_interfaces/share/ros2_aruco_interfaces/package.dsv
[4.018s] -- Up-to-date: /Bt/install/ros2_aruco_interfaces/share/ament_index/resource_index/packages/ros2_aruco_interfaces
[4.031s] -- Up-to-date: /Bt/install/ros2_aruco_interfaces/share/ros2_aruco_interfaces/cmake/export_ros2_aruco_interfaces__rosidl_generator_cExport.cmake
[4.031s] -- Up-to-date: /Bt/install/ros2_aruco_interfaces/share/ros2_aruco_interfaces/cmake/export_ros2_aruco_interfaces__rosidl_generator_cExport-noconfig.cmake
[4.072s] -- Up-to-date: /Bt/install/ros2_aruco_interfaces/share/ros2_aruco_interfaces/cmake/export_ros2_aruco_interfaces__rosidl_typesupport_fastrtps_cExport.cmake
[4.072s] -- Up-to-date: /Bt/install/ros2_aruco_interfaces/share/ros2_aruco_interfaces/cmake/export_ros2_aruco_interfaces__rosidl_typesupport_fastrtps_cExport-noconfig.cmake
[4.123s] -- Up-to-date: /Bt/install/ros2_aruco_interfaces/share/ros2_aruco_interfaces/cmake/export_ros2_aruco_interfaces__rosidl_generator_cppExport.cmake
[4.133s] -- Up-to-date: /Bt/install/ros2_aruco_interfaces/share/ros2_aruco_interfaces/cmake/export_ros2_aruco_interfaces__rosidl_typesupport_fastrtps_cppExport.cmake
[4.134s] -- Up-to-date: /Bt/install/ros2_aruco_interfaces/share/ros2_aruco_interfaces/cmake/export_ros2_aruco_interfaces__rosidl_typesupport_fastrtps_cppExport-noconfig.cmake
[4.197s] -- Up-to-date: /Bt/install/ros2_aruco_interfaces/share/ros2_aruco_interfaces/cmake/ros2_aruco_interfaces__rosidl_typesupport_introspection_cExport.cmake
[4.198s] -- Up-to-date: /Bt/install/ros2_aruco_interfaces/share/ros2_aruco_interfaces/cmake/ros2_aruco_interfaces__rosidl_typesupport_introspection_cExport-noconfig.cmake
[4.198s] -- Up-to-date: /Bt/install/ros2_aruco_interfaces/share/ros2_aruco_interfaces/cmake/ros2_aruco_interfaces__rosidl_typesupport_cExport.cmake
[4.198s] -- Up-to-date: /Bt/install/ros2_aruco_interfaces/share/ros2_aruco_interfaces/cmake/ros2_aruco_interfaces__rosidl_typesupport_cExport-noconfig.cmake
[4.206s] -- Up-to-date: /Bt/install/ros2_aruco_interfaces/share/ros2_aruco_interfaces/cmake/ros2_aruco_interfaces__rosidl_typesupport_introspection_cppExport.cmake
[4.206s] -- Up-to-date: /Bt/install/ros2_aruco_interfaces/share/ros2_aruco_interfaces/cmake/ros2_aruco_interfaces__rosidl_typesupport_introspection_cppExport-noconfig.cmake
[4.226s] -- Up-to-date: /Bt/install/ros2_aruco_interfaces/share/ros2_aruco_interfaces/cmake/ros2_aruco_interfaces__rosidl_typesupport_cppExport.cmake
[4.226s] -- Up-to-date: /Bt/install/ros2_aruco_interfaces/share/ros2_aruco_interfaces/cmake/ros2_aruco_interfaces__rosidl_typesupport_cppExport-noconfig.cmake
[4.235s] -- Up-to-date: /Bt/install/ros2_aruco_interfaces/share/ros2_aruco_interfaces/cmake/export_ros2_aruco_interfaces__rosidl_generator_pyExport.cmake
[4.236s] -- Up-to-date: /Bt/install/ros2_aruco_interfaces/share/ros2_aruco_interfaces/cmake/export_ros2_aruco_interfaces__rosidl_generator_pyExport-noconfig.cmake
[4.236s] -- Up-to-date: /Bt/install/ros2_aruco_interfaces/share/ros2_aruco_interfaces/cmake/rosidl_cmake-extras.cmake
[4.236s] -- Up-to-date: /Bt/install/ros2_aruco_interfaces/share/ros2_aruco_interfaces/cmake/ament_cmake_export_dependencies-extras.cmake
[4.237s] -- Up-to-date: /Bt/install/ros2_aruco_interfaces/share/ros2_aruco_interfaces/cmake/ament_cmake_export_include_directories-extras.cmake
[4.237s] -- Up-to-date: /Bt/install/ros2_aruco_interfaces/share/ros2_aruco_interfaces/cmake/ament_cmake_export_libraries-extras.cmake
[4.237s] -- Up-to-date: /Bt/install/ros2_aruco_interfaces/share/ros2_aruco_interfaces/cmake/ament_cmake_export_targets-extras.cmake
[4.238s] -- Up-to-date: /Bt/install/ros2_aruco_interfaces/share/ros2_aruco_interfaces/cmake/rosidl_cmake_export_typesupport_targets-extras.cmake
[4.238s] -- Up-to-date: /Bt/install/ros2_aruco_interfaces/share/ros2_aruco_interfaces/cmake/rosidl_cmake_export_typesupport_libraries-extras.cmake
[4.238s] -- Up-to-date: /Bt/install/ros2_aruco_interfaces/share/ros2_aruco_interfaces/cmake/ros2_aruco_interfacesConfig.cmake
[4.239s] -- Up-to-date: /Bt/install/ros2_aruco_interfaces/share/ros2_aruco_interfaces/cmake/ros2_aruco_interfacesConfig-version.cmake
[4.239s] -- Up-to-date: /Bt/install/ros2_aruco_interfaces/share/ros2_aruco_interfaces/package.xml
[4.255s] Invoked command in '/Bt/build/ros2_aruco_interfaces' returned '0': CMAKE_PREFIX_PATH=${CMAKE_PREFIX_PATH}:/opt/ros/jazzy /usr/bin/cmake --install /Bt/build/ros2_aruco_interfaces
