[0.562s] Invoking command in '/Bt/build/omni_base_controller_configuration': CMAKE_PREFIX_PATH=${CMAKE_PREFIX_PATH}:/Bt/install/yolo_ros:/Bt/install/ros2_aruco:/Bt/install/launch_pal:/Bt/install/grab2_curobo_planner:/opt/ros/jazzy /usr/bin/cmake --build /Bt/build/omni_base_controller_configuration -- -j8 -l8
[0.746s] Invoked command in '/Bt/build/omni_base_controller_configuration' returned '0': CMAKE_PREFIX_PATH=${CMAKE_PREFIX_PATH}:/Bt/install/yolo_ros:/Bt/install/ros2_aruco:/Bt/install/launch_pal:/Bt/install/grab2_curobo_planner:/opt/ros/jazzy /usr/bin/cmake --build /Bt/build/omni_base_controller_configuration -- -j8 -l8
[0.748s] Invoking command in '/Bt/build/omni_base_controller_configuration': CMAKE_PREFIX_PATH=${CMAKE_PREFIX_PATH}:/Bt/install/yolo_ros:/Bt/install/ros2_aruco:/Bt/install/launch_pal:/Bt/install/grab2_curobo_planner:/opt/ros/jazzy /usr/bin/cmake --install /Bt/build/omni_base_controller_configuration
[0.776s] -- Install configuration: ""
[0.776s] -- Up-to-date: /Bt/install/omni_base_controller_configuration/share/omni_base_controller_configuration/config
[0.777s] -- Up-to-date: /Bt/install/omni_base_controller_configuration/share/omni_base_controller_configuration/config/imu_sensor_broadcaster.yaml
[0.777s] -- Up-to-date: /Bt/install/omni_base_controller_configuration/share/omni_base_controller_configuration/config/mobile_base_controller.yaml
[0.777s] -- Up-to-date: /Bt/install/omni_base_controller_configuration/share/omni_base_controller_configuration/config/joint_state_broadcaster.yaml
[0.777s] -- Up-to-date: /Bt/install/omni_base_controller_configuration/share/omni_base_controller_configuration/launch
[0.777s] -- Up-to-date: /Bt/install/omni_base_controller_configuration/share/omni_base_controller_configuration/launch/default_controllers.launch.py
[0.777s] -- Up-to-date: /Bt/install/omni_base_controller_configuration/share/ament_index/resource_index/package_run_dependencies/omni_base_controller_configuration
[0.781s] -- Up-to-date: /Bt/install/omni_base_controller_configuration/share/ament_index/resource_index/parent_prefix_path/omni_base_controller_configuration
[0.781s] -- Up-to-date: /Bt/install/omni_base_controller_configuration/share/omni_base_controller_configuration/environment/ament_prefix_path.sh
[0.781s] -- Up-to-date: /Bt/install/omni_base_controller_configuration/share/omni_base_controller_configuration/environment/ament_prefix_path.dsv
[0.781s] -- Up-to-date: /Bt/install/omni_base_controller_configuration/share/omni_base_controller_configuration/environment/path.sh
[0.781s] -- Up-to-date: /Bt/install/omni_base_controller_configuration/share/omni_base_controller_configuration/environment/path.dsv
[0.781s] -- Up-to-date: /Bt/install/omni_base_controller_configuration/share/omni_base_controller_configuration/local_setup.bash
[0.782s] -- Up-to-date: /Bt/install/omni_base_controller_configuration/share/omni_base_controller_configuration/local_setup.sh
[0.782s] -- Up-to-date: /Bt/install/omni_base_controller_configuration/share/omni_base_controller_configuration/local_setup.zsh
[0.782s] -- Up-to-date: /Bt/install/omni_base_controller_configuration/share/omni_base_controller_configuration/local_setup.dsv
[0.782s] -- Installing: /Bt/install/omni_base_controller_configuration/share/omni_base_controller_configuration/package.dsv
[0.782s] -- Up-to-date: /Bt/install/omni_base_controller_configuration/share/ament_index/resource_index/packages/omni_base_controller_configuration
[0.782s] -- Up-to-date: /Bt/install/omni_base_controller_configuration/share/omni_base_controller_configuration/cmake/omni_base_controller_configurationConfig.cmake
[0.782s] -- Up-to-date: /Bt/install/omni_base_controller_configuration/share/omni_base_controller_configuration/cmake/omni_base_controller_configurationConfig-version.cmake
[0.783s] -- Up-to-date: /Bt/install/omni_base_controller_configuration/share/omni_base_controller_configuration/package.xml
[0.887s] Invoked command in '/Bt/build/omni_base_controller_configuration' returned '0': CMAKE_PREFIX_PATH=${CMAKE_PREFIX_PATH}:/Bt/install/yolo_ros:/Bt/install/ros2_aruco:/Bt/install/launch_pal:/Bt/install/grab2_curobo_planner:/opt/ros/jazzy /usr/bin/cmake --install /Bt/build/omni_base_controller_configuration
