[0.051s] Invoking command in '/Bt/build/play_motion2_msgs': CMAKE_PREFIX_PATH=${CMAKE_PREFIX_PATH}:/Bt/install/yolo_ros:/Bt/install/ros2_aruco:/Bt/install/launch_pal:/Bt/install/grab2_curobo_planner:/opt/ros/jazzy /usr/bin/cmake --build /Bt/build/play_motion2_msgs -- -j8 -l8
[0.154s] [  1%] Built target play_motion2_msgs__rosidl_generator_type_description
[0.181s] [  1%] Built target ament_cmake_python_copy_play_motion2_msgs
[0.214s] [ 25%] Built target play_motion2_msgs__rosidl_generator_c
[0.603s] running egg_info
[0.645s] writing play_motion2_msgs.egg-info/PKG-INFO
[0.645s] writing dependency_links to play_motion2_msgs.egg-info/dependency_links.txt
[0.645s] writing top-level names to play_motion2_msgs.egg-info/top_level.txt
[0.769s] reading manifest file 'play_motion2_msgs.egg-info/SOURCES.txt'
[0.770s] writing manifest file 'play_motion2_msgs.egg-info/SOURCES.txt'
[0.826s] [ 25%] Built target ament_cmake_python_build_play_motion2_msgs_egg
[0.864s] [ 35%] Built target play_motion2_msgs__rosidl_typesupport_c
[0.901s] [ 44%] Built target play_motion2_msgs__rosidl_typesupport_introspection_c
[1.008s] [ 54%] Built target play_motion2_msgs__rosidl_typesupport_fastrtps_c
[1.038s] [ 55%] Built target play_motion2_msgs__cpp
[1.049s] [ 64%] Built target play_motion2_msgs__rosidl_typesupport_cpp
[1.062s] [ 74%] Built target play_motion2_msgs__rosidl_typesupport_introspection_cpp
[1.103s] [ 84%] Built target play_motion2_msgs__rosidl_typesupport_fastrtps_cpp
[1.138s] [ 84%] Built target play_motion2_msgs
[1.178s] [ 85%] Built target play_motion2_msgs__py
[1.221s] [ 93%] Built target play_motion2_msgs__rosidl_generator_py
[1.267s] [ 95%] Built target play_motion2_msgs_s__rosidl_typesupport_fastrtps_c
[1.296s] [ 97%] Built target play_motion2_msgs_s__rosidl_typesupport_c
[1.324s] [100%] Built target play_motion2_msgs_s__rosidl_typesupport_introspection_c
[1.346s] Invoked command in '/Bt/build/play_motion2_msgs' returned '0': CMAKE_PREFIX_PATH=${CMAKE_PREFIX_PATH}:/Bt/install/yolo_ros:/Bt/install/ros2_aruco:/Bt/install/launch_pal:/Bt/install/grab2_curobo_planner:/opt/ros/jazzy /usr/bin/cmake --build /Bt/build/play_motion2_msgs -- -j8 -l8
[1.347s] Invoking command in '/Bt/build/play_motion2_msgs': CMAKE_PREFIX_PATH=${CMAKE_PREFIX_PATH}:/Bt/install/yolo_ros:/Bt/install/ros2_aruco:/Bt/install/launch_pal:/Bt/install/grab2_curobo_planner:/opt/ros/jazzy /usr/bin/cmake --install /Bt/build/play_motion2_msgs
[1.406s] -- Install configuration: ""
[1.406s] -- Up-to-date: /Bt/install/play_motion2_msgs/share/ament_index/resource_index/rosidl_interfaces/play_motion2_msgs
[1.407s] -- Up-to-date: /Bt/install/play_motion2_msgs/share/play_motion2_msgs/action/PlayMotion2.json
[1.408s] -- Up-to-date: /Bt/install/play_motion2_msgs/share/play_motion2_msgs/msg/Motion.json
[1.408s] -- Up-to-date: /Bt/install/play_motion2_msgs/share/play_motion2_msgs/srv/AddMotion.json
[1.408s] -- Up-to-date: /Bt/install/play_motion2_msgs/share/play_motion2_msgs/srv/GetMotionInfo.json
[1.408s] -- Up-to-date: /Bt/install/play_motion2_msgs/share/play_motion2_msgs/srv/IsMotionReady.json
[1.408s] -- Up-to-date: /Bt/install/play_motion2_msgs/share/play_motion2_msgs/srv/ListMotions.json
[1.410s] -- Up-to-date: /Bt/install/play_motion2_msgs/share/play_motion2_msgs/srv/RemoveMotion.json
[1.410s] -- Up-to-date: /Bt/install/play_motion2_msgs/include/play_motion2_msgs/play_motion2_msgs
[1.410s] -- Up-to-date: /Bt/install/play_motion2_msgs/include/play_motion2_msgs/play_motion2_msgs/action
[1.410s] -- Up-to-date: /Bt/install/play_motion2_msgs/include/play_motion2_msgs/play_motion2_msgs/action/play_motion2.h
[1.410s] -- Up-to-date: /Bt/install/play_motion2_msgs/include/play_motion2_msgs/play_motion2_msgs/action/detail
[1.410s] -- Up-to-date: /Bt/install/play_motion2_msgs/include/play_motion2_msgs/play_motion2_msgs/action/detail/play_motion2__functions.h
[1.410s] -- Up-to-date: /Bt/install/play_motion2_msgs/include/play_motion2_msgs/play_motion2_msgs/action/detail/play_motion2__type_support.h
[1.411s] -- Up-to-date: /Bt/install/play_motion2_msgs/include/play_motion2_msgs/play_motion2_msgs/action/detail/play_motion2__struct.h
[1.411s] -- Installing: /Bt/install/play_motion2_msgs/include/play_motion2_msgs/play_motion2_msgs/action/detail/play_motion2__type_support.c
[1.411s] -- Up-to-date: /Bt/install/play_motion2_msgs/include/play_motion2_msgs/play_motion2_msgs/action/detail/play_motion2__description.c
[1.411s] -- Up-to-date: /Bt/install/play_motion2_msgs/include/play_motion2_msgs/play_motion2_msgs/action/detail/play_motion2__functions.c
[1.411s] -- Up-to-date: /Bt/install/play_motion2_msgs/include/play_motion2_msgs/play_motion2_msgs/msg
[1.411s] -- Up-to-date: /Bt/install/play_motion2_msgs/include/play_motion2_msgs/play_motion2_msgs/msg/rosidl_generator_c__visibility_control.h
[1.411s] -- Up-to-date: /Bt/install/play_motion2_msgs/include/play_motion2_msgs/play_motion2_msgs/msg/detail
[1.420s] -- Up-to-date: /Bt/install/play_motion2_msgs/include/play_motion2_msgs/play_motion2_msgs/msg/detail/motion__struct.h
[1.420s] -- Installing: /Bt/install/play_motion2_msgs/include/play_motion2_msgs/play_motion2_msgs/msg/detail/motion__type_support.c
[1.421s] -- Up-to-date: /Bt/install/play_motion2_msgs/include/play_motion2_msgs/play_motion2_msgs/msg/detail/motion__functions.h
[1.422s] -- Up-to-date: /Bt/install/play_motion2_msgs/include/play_motion2_msgs/play_motion2_msgs/msg/detail/motion__description.c
[1.422s] -- Up-to-date: /Bt/install/play_motion2_msgs/include/play_motion2_msgs/play_motion2_msgs/msg/detail/motion__functions.c
[1.422s] -- Up-to-date: /Bt/install/play_motion2_msgs/include/play_motion2_msgs/play_motion2_msgs/msg/detail/motion__type_support.h
[1.422s] -- Up-to-date: /Bt/install/play_motion2_msgs/include/play_motion2_msgs/play_motion2_msgs/msg/motion.h
[1.422s] -- Up-to-date: /Bt/install/play_motion2_msgs/include/play_motion2_msgs/play_motion2_msgs/srv
[1.423s] -- Up-to-date: /Bt/install/play_motion2_msgs/include/play_motion2_msgs/play_motion2_msgs/srv/get_motion_info.h
[1.423s] -- Up-to-date: /Bt/install/play_motion2_msgs/include/play_motion2_msgs/play_motion2_msgs/srv/remove_motion.h
[1.423s] -- Up-to-date: /Bt/install/play_motion2_msgs/include/play_motion2_msgs/play_motion2_msgs/srv/add_motion.h
[1.423s] -- Up-to-date: /Bt/install/play_motion2_msgs/include/play_motion2_msgs/play_motion2_msgs/srv/list_motions.h
[1.424s] -- Up-to-date: /Bt/install/play_motion2_msgs/include/play_motion2_msgs/play_motion2_msgs/srv/is_motion_ready.h
[1.424s] -- Up-to-date: /Bt/install/play_motion2_msgs/include/play_motion2_msgs/play_motion2_msgs/srv/detail
[1.424s] -- Installing: /Bt/install/play_motion2_msgs/include/play_motion2_msgs/play_motion2_msgs/srv/detail/get_motion_info__type_support.c
[1.446s] -- Up-to-date: /Bt/install/play_motion2_msgs/include/play_motion2_msgs/play_motion2_msgs/srv/detail/add_motion__struct.h
[1.446s] -- Up-to-date: /Bt/install/play_motion2_msgs/include/play_motion2_msgs/play_motion2_msgs/srv/detail/get_motion_info__functions.h
[1.446s] -- Up-to-date: /Bt/install/play_motion2_msgs/include/play_motion2_msgs/play_motion2_msgs/srv/detail/list_motions__description.c
[1.446s] -- Installing: /Bt/install/play_motion2_msgs/include/play_motion2_msgs/play_motion2_msgs/srv/detail/list_motions__type_support.c
[1.447s] -- Up-to-date: /Bt/install/play_motion2_msgs/include/play_motion2_msgs/play_motion2_msgs/srv/detail/get_motion_info__struct.h
[1.447s] -- Up-to-date: /Bt/install/play_motion2_msgs/include/play_motion2_msgs/play_motion2_msgs/srv/detail/list_motions__functions.h
[1.447s] -- Installing: /Bt/install/play_motion2_msgs/include/play_motion2_msgs/play_motion2_msgs/srv/detail/is_motion_ready__type_support.c
[1.447s] -- Installing: /Bt/install/play_motion2_msgs/include/play_motion2_msgs/play_motion2_msgs/srv/detail/remove_motion__type_support.c
[1.447s] -- Up-to-date: /Bt/install/play_motion2_msgs/include/play_motion2_msgs/play_motion2_msgs/srv/detail/add_motion__description.c
[1.447s] -- Up-to-date: /Bt/install/play_motion2_msgs/include/play_motion2_msgs/play_motion2_msgs/srv/detail/add_motion__type_support.h
[1.448s] -- Up-to-date: /Bt/install/play_motion2_msgs/include/play_motion2_msgs/play_motion2_msgs/srv/detail/remove_motion__struct.h
[1.448s] -- Up-to-date: /Bt/install/play_motion2_msgs/include/play_motion2_msgs/play_motion2_msgs/srv/detail/remove_motion__description.c
[1.448s] -- Up-to-date: /Bt/install/play_motion2_msgs/include/play_motion2_msgs/play_motion2_msgs/srv/detail/list_motions__functions.c
[1.448s] -- Up-to-date: /Bt/install/play_motion2_msgs/include/play_motion2_msgs/play_motion2_msgs/srv/detail/is_motion_ready__functions.c
[1.448s] -- Up-to-date: /Bt/install/play_motion2_msgs/include/play_motion2_msgs/play_motion2_msgs/srv/detail/get_motion_info__description.c
[1.448s] -- Up-to-date: /Bt/install/play_motion2_msgs/include/play_motion2_msgs/play_motion2_msgs/srv/detail/get_motion_info__functions.c
[1.448s] -- Up-to-date: /Bt/install/play_motion2_msgs/include/play_motion2_msgs/play_motion2_msgs/srv/detail/remove_motion__type_support.h
[1.449s] -- Up-to-date: /Bt/install/play_motion2_msgs/include/play_motion2_msgs/play_motion2_msgs/srv/detail/get_motion_info__type_support.h
[1.449s] -- Up-to-date: /Bt/install/play_motion2_msgs/include/play_motion2_msgs/play_motion2_msgs/srv/detail/remove_motion__functions.c
[1.449s] -- Up-to-date: /Bt/install/play_motion2_msgs/include/play_motion2_msgs/play_motion2_msgs/srv/detail/is_motion_ready__functions.h
[1.449s] -- Up-to-date: /Bt/install/play_motion2_msgs/include/play_motion2_msgs/play_motion2_msgs/srv/detail/is_motion_ready__type_support.h
[1.450s] -- Up-to-date: /Bt/install/play_motion2_msgs/include/play_motion2_msgs/play_motion2_msgs/srv/detail/list_motions__struct.h
[1.450s] -- Installing: /Bt/install/play_motion2_msgs/include/play_motion2_msgs/play_motion2_msgs/srv/detail/add_motion__type_support.c
[1.450s] -- Up-to-date: /Bt/install/play_motion2_msgs/include/play_motion2_msgs/play_motion2_msgs/srv/detail/is_motion_ready__struct.h
[1.450s] -- Up-to-date: /Bt/install/play_motion2_msgs/include/play_motion2_msgs/play_motion2_msgs/srv/detail/remove_motion__functions.h
[1.450s] -- Up-to-date: /Bt/install/play_motion2_msgs/include/play_motion2_msgs/play_motion2_msgs/srv/detail/is_motion_ready__description.c
[1.450s] -- Up-to-date: /Bt/install/play_motion2_msgs/include/play_motion2_msgs/play_motion2_msgs/srv/detail/list_motions__type_support.h
[1.450s] -- Up-to-date: /Bt/install/play_motion2_msgs/include/play_motion2_msgs/play_motion2_msgs/srv/detail/add_motion__functions.c
[1.451s] -- Up-to-date: /Bt/install/play_motion2_msgs/include/play_motion2_msgs/play_motion2_msgs/srv/detail/add_motion__functions.h
[1.451s] -- Up-to-date: /Bt/install/play_motion2_msgs/share/play_motion2_msgs/environment/library_path.sh
[1.451s] -- Up-to-date: /Bt/install/play_motion2_msgs/share/play_motion2_msgs/environment/library_path.dsv
[1.451s] -- Up-to-date: /Bt/install/play_motion2_msgs/lib/libplay_motion2_msgs__rosidl_generator_c.so
[1.451s] -- Up-to-date: /Bt/install/play_motion2_msgs/include/play_motion2_msgs/play_motion2_msgs
[1.451s] -- Up-to-date: /Bt/install/play_motion2_msgs/include/play_motion2_msgs/play_motion2_msgs/action
[1.451s] -- Up-to-date: /Bt/install/play_motion2_msgs/include/play_motion2_msgs/play_motion2_msgs/action/detail
[1.452s] -- Up-to-date: /Bt/install/play_motion2_msgs/include/play_motion2_msgs/play_motion2_msgs/action/detail/play_motion2__rosidl_typesupport_fastrtps_c.h
[1.452s] -- Up-to-date: /Bt/install/play_motion2_msgs/include/play_motion2_msgs/play_motion2_msgs/msg
[1.452s] -- Up-to-date: /Bt/install/play_motion2_msgs/include/play_motion2_msgs/play_motion2_msgs/msg/detail
[1.452s] -- Up-to-date: /Bt/install/play_motion2_msgs/include/play_motion2_msgs/play_motion2_msgs/msg/detail/motion__rosidl_typesupport_fastrtps_c.h
[1.452s] -- Up-to-date: /Bt/install/play_motion2_msgs/include/play_motion2_msgs/play_motion2_msgs/msg/rosidl_typesupport_fastrtps_c__visibility_control.h
[1.453s] -- Up-to-date: /Bt/install/play_motion2_msgs/include/play_motion2_msgs/play_motion2_msgs/srv
[1.453s] -- Up-to-date: /Bt/install/play_motion2_msgs/include/play_motion2_msgs/play_motion2_msgs/srv/detail
[1.453s] -- Up-to-date: /Bt/install/play_motion2_msgs/include/play_motion2_msgs/play_motion2_msgs/srv/detail/get_motion_info__rosidl_typesupport_fastrtps_c.h
[1.453s] -- Up-to-date: /Bt/install/play_motion2_msgs/include/play_motion2_msgs/play_motion2_msgs/srv/detail/add_motion__rosidl_typesupport_fastrtps_c.h
[1.453s] -- Up-to-date: /Bt/install/play_motion2_msgs/include/play_motion2_msgs/play_motion2_msgs/srv/detail/is_motion_ready__rosidl_typesupport_fastrtps_c.h
[1.453s] -- Up-to-date: /Bt/install/play_motion2_msgs/include/play_motion2_msgs/play_motion2_msgs/srv/detail/remove_motion__rosidl_typesupport_fastrtps_c.h
[1.454s] -- Up-to-date: /Bt/install/play_motion2_msgs/include/play_motion2_msgs/play_motion2_msgs/srv/detail/list_motions__rosidl_typesupport_fastrtps_c.h
[1.454s] -- Up-to-date: /Bt/install/play_motion2_msgs/lib/libplay_motion2_msgs__rosidl_typesupport_fastrtps_c.so
[1.454s] -- Up-to-date: /Bt/install/play_motion2_msgs/include/play_motion2_msgs/play_motion2_msgs
[1.454s] -- Up-to-date: /Bt/install/play_motion2_msgs/include/play_motion2_msgs/play_motion2_msgs/action
[1.454s] -- Up-to-date: /Bt/install/play_motion2_msgs/include/play_motion2_msgs/play_motion2_msgs/action/detail
[1.455s] -- Up-to-date: /Bt/install/play_motion2_msgs/include/play_motion2_msgs/play_motion2_msgs/action/detail/play_motion2__traits.hpp
[1.455s] -- Up-to-date: /Bt/install/play_motion2_msgs/include/play_motion2_msgs/play_motion2_msgs/action/detail/play_motion2__builder.hpp
[1.455s] -- Up-to-date: /Bt/install/play_motion2_msgs/include/play_motion2_msgs/play_motion2_msgs/action/detail/play_motion2__type_support.hpp
[1.455s] -- Up-to-date: /Bt/install/play_motion2_msgs/include/play_motion2_msgs/play_motion2_msgs/action/detail/play_motion2__struct.hpp
[1.455s] -- Up-to-date: /Bt/install/play_motion2_msgs/include/play_motion2_msgs/play_motion2_msgs/action/play_motion2.hpp
[1.456s] -- Up-to-date: /Bt/install/play_motion2_msgs/include/play_motion2_msgs/play_motion2_msgs/msg
[1.456s] -- Up-to-date: /Bt/install/play_motion2_msgs/include/play_motion2_msgs/play_motion2_msgs/msg/motion.hpp
[1.456s] -- Up-to-date: /Bt/install/play_motion2_msgs/include/play_motion2_msgs/play_motion2_msgs/msg/detail
[1.456s] -- Up-to-date: /Bt/install/play_motion2_msgs/include/play_motion2_msgs/play_motion2_msgs/msg/detail/motion__type_support.hpp
[1.456s] -- Up-to-date: /Bt/install/play_motion2_msgs/include/play_motion2_msgs/play_motion2_msgs/msg/detail/motion__struct.hpp
[1.457s] -- Up-to-date: /Bt/install/play_motion2_msgs/include/play_motion2_msgs/play_motion2_msgs/msg/detail/motion__builder.hpp
[1.457s] -- Up-to-date: /Bt/install/play_motion2_msgs/include/play_motion2_msgs/play_motion2_msgs/msg/detail/motion__traits.hpp
[1.457s] -- Up-to-date: /Bt/install/play_motion2_msgs/include/play_motion2_msgs/play_motion2_msgs/msg/rosidl_generator_cpp__visibility_control.hpp
[1.457s] -- Up-to-date: /Bt/install/play_motion2_msgs/include/play_motion2_msgs/play_motion2_msgs/srv
[1.457s] -- Up-to-date: /Bt/install/play_motion2_msgs/include/play_motion2_msgs/play_motion2_msgs/srv/list_motions.hpp
[1.457s] -- Up-to-date: /Bt/install/play_motion2_msgs/include/play_motion2_msgs/play_motion2_msgs/srv/remove_motion.hpp
[1.458s] -- Up-to-date: /Bt/install/play_motion2_msgs/include/play_motion2_msgs/play_motion2_msgs/srv/get_motion_info.hpp
[1.458s] -- Up-to-date: /Bt/install/play_motion2_msgs/include/play_motion2_msgs/play_motion2_msgs/srv/detail
[1.458s] -- Up-to-date: /Bt/install/play_motion2_msgs/include/play_motion2_msgs/play_motion2_msgs/srv/detail/add_motion__builder.hpp
[1.458s] -- Up-to-date: /Bt/install/play_motion2_msgs/include/play_motion2_msgs/play_motion2_msgs/srv/detail/is_motion_ready__type_support.hpp
[1.458s] -- Up-to-date: /Bt/install/play_motion2_msgs/include/play_motion2_msgs/play_motion2_msgs/srv/detail/remove_motion__type_support.hpp
[1.459s] -- Up-to-date: /Bt/install/play_motion2_msgs/include/play_motion2_msgs/play_motion2_msgs/srv/detail/list_motions__builder.hpp
[1.459s] -- Up-to-date: /Bt/install/play_motion2_msgs/include/play_motion2_msgs/play_motion2_msgs/srv/detail/get_motion_info__builder.hpp
[1.459s] -- Up-to-date: /Bt/install/play_motion2_msgs/include/play_motion2_msgs/play_motion2_msgs/srv/detail/is_motion_ready__builder.hpp
[1.459s] -- Up-to-date: /Bt/install/play_motion2_msgs/include/play_motion2_msgs/play_motion2_msgs/srv/detail/get_motion_info__traits.hpp
[1.459s] -- Up-to-date: /Bt/install/play_motion2_msgs/include/play_motion2_msgs/play_motion2_msgs/srv/detail/is_motion_ready__struct.hpp
[1.459s] -- Up-to-date: /Bt/install/play_motion2_msgs/include/play_motion2_msgs/play_motion2_msgs/srv/detail/add_motion__struct.hpp
[1.460s] -- Up-to-date: /Bt/install/play_motion2_msgs/include/play_motion2_msgs/play_motion2_msgs/srv/detail/add_motion__type_support.hpp
[1.460s] -- Up-to-date: /Bt/install/play_motion2_msgs/include/play_motion2_msgs/play_motion2_msgs/srv/detail/get_motion_info__struct.hpp
[1.460s] -- Up-to-date: /Bt/install/play_motion2_msgs/include/play_motion2_msgs/play_motion2_msgs/srv/detail/list_motions__type_support.hpp
[1.462s] -- Up-to-date: /Bt/install/play_motion2_msgs/include/play_motion2_msgs/play_motion2_msgs/srv/detail/add_motion__traits.hpp
[1.462s] -- Up-to-date: /Bt/install/play_motion2_msgs/include/play_motion2_msgs/play_motion2_msgs/srv/detail/list_motions__struct.hpp
[1.462s] -- Up-to-date: /Bt/install/play_motion2_msgs/include/play_motion2_msgs/play_motion2_msgs/srv/detail/get_motion_info__type_support.hpp
[1.462s] -- Up-to-date: /Bt/install/play_motion2_msgs/include/play_motion2_msgs/play_motion2_msgs/srv/detail/list_motions__traits.hpp
[1.462s] -- Up-to-date: /Bt/install/play_motion2_msgs/include/play_motion2_msgs/play_motion2_msgs/srv/detail/remove_motion__traits.hpp
[1.462s] -- Up-to-date: /Bt/install/play_motion2_msgs/include/play_motion2_msgs/play_motion2_msgs/srv/detail/remove_motion__builder.hpp
[1.462s] -- Up-to-date: /Bt/install/play_motion2_msgs/include/play_motion2_msgs/play_motion2_msgs/srv/detail/remove_motion__struct.hpp
[1.463s] -- Up-to-date: /Bt/install/play_motion2_msgs/include/play_motion2_msgs/play_motion2_msgs/srv/detail/is_motion_ready__traits.hpp
[1.463s] -- Up-to-date: /Bt/install/play_motion2_msgs/include/play_motion2_msgs/play_motion2_msgs/srv/is_motion_ready.hpp
[1.463s] -- Up-to-date: /Bt/install/play_motion2_msgs/include/play_motion2_msgs/play_motion2_msgs/srv/add_motion.hpp
[1.463s] -- Up-to-date: /Bt/install/play_motion2_msgs/include/play_motion2_msgs/play_motion2_msgs
[1.464s] -- Up-to-date: /Bt/install/play_motion2_msgs/include/play_motion2_msgs/play_motion2_msgs/action
[1.465s] -- Up-to-date: /Bt/install/play_motion2_msgs/include/play_motion2_msgs/play_motion2_msgs/action/detail
[1.465s] -- Up-to-date: /Bt/install/play_motion2_msgs/include/play_motion2_msgs/play_motion2_msgs/action/detail/play_motion2__rosidl_typesupport_fastrtps_cpp.hpp
[1.465s] -- Up-to-date: /Bt/install/play_motion2_msgs/include/play_motion2_msgs/play_motion2_msgs/action/detail/dds_fastrtps
[1.465s] -- Up-to-date: /Bt/install/play_motion2_msgs/include/play_motion2_msgs/play_motion2_msgs/msg
[1.466s] -- Up-to-date: /Bt/install/play_motion2_msgs/include/play_motion2_msgs/play_motion2_msgs/msg/detail
[1.466s] -- Up-to-date: /Bt/install/play_motion2_msgs/include/play_motion2_msgs/play_motion2_msgs/msg/detail/dds_fastrtps
[1.466s] -- Up-to-date: /Bt/install/play_motion2_msgs/include/play_motion2_msgs/play_motion2_msgs/msg/detail/motion__rosidl_typesupport_fastrtps_cpp.hpp
[1.467s] -- Up-to-date: /Bt/install/play_motion2_msgs/include/play_motion2_msgs/play_motion2_msgs/msg/rosidl_typesupport_fastrtps_cpp__visibility_control.h
[1.467s] -- Up-to-date: /Bt/install/play_motion2_msgs/include/play_motion2_msgs/play_motion2_msgs/srv
[1.468s] -- Up-to-date: /Bt/install/play_motion2_msgs/include/play_motion2_msgs/play_motion2_msgs/srv/detail
[1.469s] -- Up-to-date: /Bt/install/play_motion2_msgs/include/play_motion2_msgs/play_motion2_msgs/srv/detail/list_motions__rosidl_typesupport_fastrtps_cpp.hpp
[1.469s] -- Up-to-date: /Bt/install/play_motion2_msgs/include/play_motion2_msgs/play_motion2_msgs/srv/detail/get_motion_info__rosidl_typesupport_fastrtps_cpp.hpp
[1.470s] -- Up-to-date: /Bt/install/play_motion2_msgs/include/play_motion2_msgs/play_motion2_msgs/srv/detail/add_motion__rosidl_typesupport_fastrtps_cpp.hpp
[1.470s] -- Up-to-date: /Bt/install/play_motion2_msgs/include/play_motion2_msgs/play_motion2_msgs/srv/detail/remove_motion__rosidl_typesupport_fastrtps_cpp.hpp
[1.470s] -- Up-to-date: /Bt/install/play_motion2_msgs/include/play_motion2_msgs/play_motion2_msgs/srv/detail/is_motion_ready__rosidl_typesupport_fastrtps_cpp.hpp
[1.470s] -- Up-to-date: /Bt/install/play_motion2_msgs/include/play_motion2_msgs/play_motion2_msgs/srv/detail/dds_fastrtps
[1.470s] -- Up-to-date: /Bt/install/play_motion2_msgs/lib/libplay_motion2_msgs__rosidl_typesupport_fastrtps_cpp.so
[1.470s] -- Up-to-date: /Bt/install/play_motion2_msgs/include/play_motion2_msgs/play_motion2_msgs
[1.470s] -- Up-to-date: /Bt/install/play_motion2_msgs/include/play_motion2_msgs/play_motion2_msgs/action
[1.471s] -- Up-to-date: /Bt/install/play_motion2_msgs/include/play_motion2_msgs/play_motion2_msgs/action/detail
[1.471s] -- Installing: /Bt/install/play_motion2_msgs/include/play_motion2_msgs/play_motion2_msgs/action/detail/play_motion2__type_support.c
[1.471s] -- Up-to-date: /Bt/install/play_motion2_msgs/include/play_motion2_msgs/play_motion2_msgs/action/detail/play_motion2__rosidl_typesupport_introspection_c.h
[1.471s] -- Up-to-date: /Bt/install/play_motion2_msgs/include/play_motion2_msgs/play_motion2_msgs/msg
[1.472s] -- Up-to-date: /Bt/install/play_motion2_msgs/include/play_motion2_msgs/play_motion2_msgs/msg/rosidl_typesupport_introspection_c__visibility_control.h
[1.472s] -- Up-to-date: /Bt/install/play_motion2_msgs/include/play_motion2_msgs/play_motion2_msgs/msg/detail
[1.472s] -- Installing: /Bt/install/play_motion2_msgs/include/play_motion2_msgs/play_motion2_msgs/msg/detail/motion__type_support.c
[1.473s] -- Up-to-date: /Bt/install/play_motion2_msgs/include/play_motion2_msgs/play_motion2_msgs/msg/detail/motion__rosidl_typesupport_introspection_c.h
[1.473s] -- Up-to-date: /Bt/install/play_motion2_msgs/include/play_motion2_msgs/play_motion2_msgs/srv
[1.473s] -- Up-to-date: /Bt/install/play_motion2_msgs/include/play_motion2_msgs/play_motion2_msgs/srv/detail
[1.473s] -- Installing: /Bt/install/play_motion2_msgs/include/play_motion2_msgs/play_motion2_msgs/srv/detail/get_motion_info__type_support.c
[1.473s] -- Up-to-date: /Bt/install/play_motion2_msgs/include/play_motion2_msgs/play_motion2_msgs/srv/detail/list_motions__rosidl_typesupport_introspection_c.h
[1.474s] -- Installing: /Bt/install/play_motion2_msgs/include/play_motion2_msgs/play_motion2_msgs/srv/detail/list_motions__type_support.c
[1.474s] -- Installing: /Bt/install/play_motion2_msgs/include/play_motion2_msgs/play_motion2_msgs/srv/detail/is_motion_ready__type_support.c
[1.474s] -- Up-to-date: /Bt/install/play_motion2_msgs/include/play_motion2_msgs/play_motion2_msgs/srv/detail/is_motion_ready__rosidl_typesupport_introspection_c.h
[1.475s] -- Installing: /Bt/install/play_motion2_msgs/include/play_motion2_msgs/play_motion2_msgs/srv/detail/remove_motion__type_support.c
[1.475s] -- Up-to-date: /Bt/install/play_motion2_msgs/include/play_motion2_msgs/play_motion2_msgs/srv/detail/get_motion_info__rosidl_typesupport_introspection_c.h
[1.475s] -- Up-to-date: /Bt/install/play_motion2_msgs/include/play_motion2_msgs/play_motion2_msgs/srv/detail/add_motion__rosidl_typesupport_introspection_c.h
[1.475s] -- Up-to-date: /Bt/install/play_motion2_msgs/include/play_motion2_msgs/play_motion2_msgs/srv/detail/remove_motion__rosidl_typesupport_introspection_c.h
[1.476s] -- Installing: /Bt/install/play_motion2_msgs/include/play_motion2_msgs/play_motion2_msgs/srv/detail/add_motion__type_support.c
[1.476s] -- Up-to-date: /Bt/install/play_motion2_msgs/lib/libplay_motion2_msgs__rosidl_typesupport_introspection_c.so
[1.476s] -- Up-to-date: /Bt/install/play_motion2_msgs/lib/libplay_motion2_msgs__rosidl_typesupport_c.so
[1.476s] -- Up-to-date: /Bt/install/play_motion2_msgs/include/play_motion2_msgs/play_motion2_msgs
[1.476s] -- Up-to-date: /Bt/install/play_motion2_msgs/include/play_motion2_msgs/play_motion2_msgs/action
[1.476s] -- Up-to-date: /Bt/install/play_motion2_msgs/include/play_motion2_msgs/play_motion2_msgs/action/detail
[1.477s] -- Up-to-date: /Bt/install/play_motion2_msgs/include/play_motion2_msgs/play_motion2_msgs/action/detail/play_motion2__type_support.cpp
[1.477s] -- Up-to-date: /Bt/install/play_motion2_msgs/include/play_motion2_msgs/play_motion2_msgs/action/detail/play_motion2__rosidl_typesupport_introspection_cpp.hpp
[1.477s] -- Up-to-date: /Bt/install/play_motion2_msgs/include/play_motion2_msgs/play_motion2_msgs/msg
[1.478s] -- Up-to-date: /Bt/install/play_motion2_msgs/include/play_motion2_msgs/play_motion2_msgs/msg/detail
[1.478s] -- Up-to-date: /Bt/install/play_motion2_msgs/include/play_motion2_msgs/play_motion2_msgs/msg/detail/motion__type_support.cpp
[1.478s] -- Up-to-date: /Bt/install/play_motion2_msgs/include/play_motion2_msgs/play_motion2_msgs/msg/detail/motion__rosidl_typesupport_introspection_cpp.hpp
[1.478s] -- Up-to-date: /Bt/install/play_motion2_msgs/include/play_motion2_msgs/play_motion2_msgs/srv
[1.478s] -- Up-to-date: /Bt/install/play_motion2_msgs/include/play_motion2_msgs/play_motion2_msgs/srv/detail
[1.478s] -- Up-to-date: /Bt/install/play_motion2_msgs/include/play_motion2_msgs/play_motion2_msgs/srv/detail/list_motions__rosidl_typesupport_introspection_cpp.hpp
[1.478s] -- Up-to-date: /Bt/install/play_motion2_msgs/include/play_motion2_msgs/play_motion2_msgs/srv/detail/add_motion__type_support.cpp
[1.479s] -- Up-to-date: /Bt/install/play_motion2_msgs/include/play_motion2_msgs/play_motion2_msgs/srv/detail/list_motions__type_support.cpp
[1.479s] -- Up-to-date: /Bt/install/play_motion2_msgs/include/play_motion2_msgs/play_motion2_msgs/srv/detail/add_motion__rosidl_typesupport_introspection_cpp.hpp
[1.479s] -- Up-to-date: /Bt/install/play_motion2_msgs/include/play_motion2_msgs/play_motion2_msgs/srv/detail/is_motion_ready__rosidl_typesupport_introspection_cpp.hpp
[1.479s] -- Up-to-date: /Bt/install/play_motion2_msgs/include/play_motion2_msgs/play_motion2_msgs/srv/detail/is_motion_ready__type_support.cpp
[1.479s] -- Up-to-date: /Bt/install/play_motion2_msgs/include/play_motion2_msgs/play_motion2_msgs/srv/detail/get_motion_info__rosidl_typesupport_introspection_cpp.hpp
[1.480s] -- Up-to-date: /Bt/install/play_motion2_msgs/include/play_motion2_msgs/play_motion2_msgs/srv/detail/remove_motion__type_support.cpp
[1.480s] -- Up-to-date: /Bt/install/play_motion2_msgs/include/play_motion2_msgs/play_motion2_msgs/srv/detail/remove_motion__rosidl_typesupport_introspection_cpp.hpp
[1.480s] -- Up-to-date: /Bt/install/play_motion2_msgs/include/play_motion2_msgs/play_motion2_msgs/srv/detail/get_motion_info__type_support.cpp
[1.480s] -- Up-to-date: /Bt/install/play_motion2_msgs/lib/libplay_motion2_msgs__rosidl_typesupport_introspection_cpp.so
[1.481s] -- Up-to-date: /Bt/install/play_motion2_msgs/lib/libplay_motion2_msgs__rosidl_typesupport_cpp.so
[1.481s] -- Up-to-date: /Bt/install/play_motion2_msgs/share/play_motion2_msgs/environment/pythonpath.sh
[1.481s] -- Up-to-date: /Bt/install/play_motion2_msgs/share/play_motion2_msgs/environment/pythonpath.dsv
[1.481s] -- Up-to-date: /Bt/install/play_motion2_msgs/lib/python3.12/site-packages/play_motion2_msgs-1.5.1-py3.12.egg-info
[1.481s] -- Installing: /Bt/install/play_motion2_msgs/lib/python3.12/site-packages/play_motion2_msgs-1.5.1-py3.12.egg-info/top_level.txt
[1.481s] -- Installing: /Bt/install/play_motion2_msgs/lib/python3.12/site-packages/play_motion2_msgs-1.5.1-py3.12.egg-info/PKG-INFO
[1.482s] -- Installing: /Bt/install/play_motion2_msgs/lib/python3.12/site-packages/play_motion2_msgs-1.5.1-py3.12.egg-info/SOURCES.txt
[1.482s] -- Installing: /Bt/install/play_motion2_msgs/lib/python3.12/site-packages/play_motion2_msgs-1.5.1-py3.12.egg-info/dependency_links.txt
[1.482s] -- Up-to-date: /Bt/install/play_motion2_msgs/lib/python3.12/site-packages/play_motion2_msgs
[1.482s] -- Up-to-date: /Bt/install/play_motion2_msgs/lib/python3.12/site-packages/play_motion2_msgs/_play_motion2_msgs_s.ep.rosidl_typesupport_c.c
[1.482s] -- Up-to-date: /Bt/install/play_motion2_msgs/lib/python3.12/site-packages/play_motion2_msgs/_play_motion2_msgs_s.ep.rosidl_typesupport_fastrtps_c.c
[1.483s] -- Up-to-date: /Bt/install/play_motion2_msgs/lib/python3.12/site-packages/play_motion2_msgs/__init__.py
[1.483s] -- Up-to-date: /Bt/install/play_motion2_msgs/lib/python3.12/site-packages/play_motion2_msgs/action
[1.484s] -- Up-to-date: /Bt/install/play_motion2_msgs/lib/python3.12/site-packages/play_motion2_msgs/action/_play_motion2.py
[1.484s] -- Up-to-date: /Bt/install/play_motion2_msgs/lib/python3.12/site-packages/play_motion2_msgs/action/__init__.py
[1.484s] -- Up-to-date: /Bt/install/play_motion2_msgs/lib/python3.12/site-packages/play_motion2_msgs/action/_play_motion2_s.c
[1.485s] -- Up-to-date: /Bt/install/play_motion2_msgs/lib/python3.12/site-packages/play_motion2_msgs/play_motion2_msgs_s__rosidl_typesupport_introspection_c.so
[1.485s] -- Up-to-date: /Bt/install/play_motion2_msgs/lib/python3.12/site-packages/play_motion2_msgs/msg
[1.485s] -- Up-to-date: /Bt/install/play_motion2_msgs/lib/python3.12/site-packages/play_motion2_msgs/msg/__init__.py
[1.485s] -- Up-to-date: /Bt/install/play_motion2_msgs/lib/python3.12/site-packages/play_motion2_msgs/msg/_motion.py
[1.485s] -- Up-to-date: /Bt/install/play_motion2_msgs/lib/python3.12/site-packages/play_motion2_msgs/msg/_motion_s.c
[1.486s] -- Up-to-date: /Bt/install/play_motion2_msgs/lib/python3.12/site-packages/play_motion2_msgs/srv
[1.486s] -- Up-to-date: /Bt/install/play_motion2_msgs/lib/python3.12/site-packages/play_motion2_msgs/srv/_get_motion_info.py
[1.486s] -- Up-to-date: /Bt/install/play_motion2_msgs/lib/python3.12/site-packages/play_motion2_msgs/srv/_is_motion_ready_s.c
[1.486s] -- Up-to-date: /Bt/install/play_motion2_msgs/lib/python3.12/site-packages/play_motion2_msgs/srv/_remove_motion_s.c
[1.486s] -- Up-to-date: /Bt/install/play_motion2_msgs/lib/python3.12/site-packages/play_motion2_msgs/srv/__init__.py
[1.486s] -- Up-to-date: /Bt/install/play_motion2_msgs/lib/python3.12/site-packages/play_motion2_msgs/srv/_is_motion_ready.py
[1.486s] -- Up-to-date: /Bt/install/play_motion2_msgs/lib/python3.12/site-packages/play_motion2_msgs/srv/_list_motions.py
[1.487s] -- Up-to-date: /Bt/install/play_motion2_msgs/lib/python3.12/site-packages/play_motion2_msgs/srv/_get_motion_info_s.c
[1.487s] -- Up-to-date: /Bt/install/play_motion2_msgs/lib/python3.12/site-packages/play_motion2_msgs/srv/_add_motion.py
[1.487s] -- Up-to-date: /Bt/install/play_motion2_msgs/lib/python3.12/site-packages/play_motion2_msgs/srv/_list_motions_s.c
[1.487s] -- Up-to-date: /Bt/install/play_motion2_msgs/lib/python3.12/site-packages/play_motion2_msgs/srv/_add_motion_s.c
[1.487s] -- Up-to-date: /Bt/install/play_motion2_msgs/lib/python3.12/site-packages/play_motion2_msgs/srv/_remove_motion.py
[1.487s] -- Up-to-date: /Bt/install/play_motion2_msgs/lib/python3.12/site-packages/play_motion2_msgs/play_motion2_msgs_s__rosidl_typesupport_c.so
[1.488s] -- Up-to-date: /Bt/install/play_motion2_msgs/lib/python3.12/site-packages/play_motion2_msgs/_play_motion2_msgs_s.ep.rosidl_typesupport_introspection_c.c
[1.488s] -- Up-to-date: /Bt/install/play_motion2_msgs/lib/python3.12/site-packages/play_motion2_msgs/play_motion2_msgs_s__rosidl_typesupport_fastrtps_c.so
[1.505s] Listing '/Bt/install/play_motion2_msgs/lib/python3.12/site-packages/play_motion2_msgs'...
[1.506s] Listing '/Bt/install/play_motion2_msgs/lib/python3.12/site-packages/play_motion2_msgs/action'...
[1.506s] Listing '/Bt/install/play_motion2_msgs/lib/python3.12/site-packages/play_motion2_msgs/msg'...
[1.506s] Listing '/Bt/install/play_motion2_msgs/lib/python3.12/site-packages/play_motion2_msgs/srv'...
[1.510s] -- Up-to-date: /Bt/install/play_motion2_msgs/lib/python3.12/site-packages/play_motion2_msgs/play_motion2_msgs_s__rosidl_typesupport_fastrtps_c.so
[1.510s] -- Up-to-date: /Bt/install/play_motion2_msgs/lib/python3.12/site-packages/play_motion2_msgs/play_motion2_msgs_s__rosidl_typesupport_introspection_c.so
[1.510s] -- Up-to-date: /Bt/install/play_motion2_msgs/lib/python3.12/site-packages/play_motion2_msgs/play_motion2_msgs_s__rosidl_typesupport_c.so
[1.510s] -- Up-to-date: /Bt/install/play_motion2_msgs/lib/libplay_motion2_msgs__rosidl_generator_py.so
[1.510s] -- Up-to-date: /Bt/install/play_motion2_msgs/share/play_motion2_msgs/action/PlayMotion2.idl
[1.511s] -- Up-to-date: /Bt/install/play_motion2_msgs/share/play_motion2_msgs/msg/Motion.idl
[1.511s] -- Up-to-date: /Bt/install/play_motion2_msgs/share/play_motion2_msgs/srv/AddMotion.idl
[1.511s] -- Up-to-date: /Bt/install/play_motion2_msgs/share/play_motion2_msgs/srv/GetMotionInfo.idl
[1.511s] -- Up-to-date: /Bt/install/play_motion2_msgs/share/play_motion2_msgs/srv/IsMotionReady.idl
[1.511s] -- Up-to-date: /Bt/install/play_motion2_msgs/share/play_motion2_msgs/srv/ListMotions.idl
[1.511s] -- Up-to-date: /Bt/install/play_motion2_msgs/share/play_motion2_msgs/srv/RemoveMotion.idl
[1.512s] -- Up-to-date: /Bt/install/play_motion2_msgs/share/play_motion2_msgs/action/PlayMotion2.action
[1.512s] -- Up-to-date: /Bt/install/play_motion2_msgs/share/play_motion2_msgs/msg/Motion.msg
[1.512s] -- Up-to-date: /Bt/install/play_motion2_msgs/share/play_motion2_msgs/srv/AddMotion.srv
[1.512s] -- Up-to-date: /Bt/install/play_motion2_msgs/share/play_motion2_msgs/srv/GetMotionInfo.srv
[1.512s] -- Up-to-date: /Bt/install/play_motion2_msgs/share/play_motion2_msgs/srv/IsMotionReady.srv
[1.512s] -- Up-to-date: /Bt/install/play_motion2_msgs/share/play_motion2_msgs/srv/ListMotions.srv
[1.513s] -- Up-to-date: /Bt/install/play_motion2_msgs/share/play_motion2_msgs/srv/RemoveMotion.srv
[1.513s] -- Up-to-date: /Bt/install/play_motion2_msgs/share/ament_index/resource_index/package_run_dependencies/play_motion2_msgs
[1.513s] -- Up-to-date: /Bt/install/play_motion2_msgs/share/ament_index/resource_index/parent_prefix_path/play_motion2_msgs
[1.513s] -- Up-to-date: /Bt/install/play_motion2_msgs/share/play_motion2_msgs/environment/ament_prefix_path.sh
[1.513s] -- Up-to-date: /Bt/install/play_motion2_msgs/share/play_motion2_msgs/environment/ament_prefix_path.dsv
[1.513s] -- Up-to-date: /Bt/install/play_motion2_msgs/share/play_motion2_msgs/environment/path.sh
[1.513s] -- Up-to-date: /Bt/install/play_motion2_msgs/share/play_motion2_msgs/environment/path.dsv
[1.514s] -- Up-to-date: /Bt/install/play_motion2_msgs/share/play_motion2_msgs/local_setup.bash
[1.514s] -- Up-to-date: /Bt/install/play_motion2_msgs/share/play_motion2_msgs/local_setup.sh
[1.514s] -- Up-to-date: /Bt/install/play_motion2_msgs/share/play_motion2_msgs/local_setup.zsh
[1.514s] -- Up-to-date: /Bt/install/play_motion2_msgs/share/play_motion2_msgs/local_setup.dsv
[1.514s] -- Installing: /Bt/install/play_motion2_msgs/share/play_motion2_msgs/package.dsv
[1.514s] -- Up-to-date: /Bt/install/play_motion2_msgs/share/ament_index/resource_index/packages/play_motion2_msgs
[1.515s] -- Up-to-date: /Bt/install/play_motion2_msgs/share/play_motion2_msgs/cmake/export_play_motion2_msgs__rosidl_generator_cExport.cmake
[1.515s] -- Up-to-date: /Bt/install/play_motion2_msgs/share/play_motion2_msgs/cmake/export_play_motion2_msgs__rosidl_generator_cExport-noconfig.cmake
[1.515s] -- Up-to-date: /Bt/install/play_motion2_msgs/share/play_motion2_msgs/cmake/export_play_motion2_msgs__rosidl_typesupport_fastrtps_cExport.cmake
[1.515s] -- Up-to-date: /Bt/install/play_motion2_msgs/share/play_motion2_msgs/cmake/export_play_motion2_msgs__rosidl_typesupport_fastrtps_cExport-noconfig.cmake
[1.515s] -- Up-to-date: /Bt/install/play_motion2_msgs/share/play_motion2_msgs/cmake/export_play_motion2_msgs__rosidl_generator_cppExport.cmake
[1.515s] -- Up-to-date: /Bt/install/play_motion2_msgs/share/play_motion2_msgs/cmake/export_play_motion2_msgs__rosidl_typesupport_fastrtps_cppExport.cmake
[1.515s] -- Up-to-date: /Bt/install/play_motion2_msgs/share/play_motion2_msgs/cmake/export_play_motion2_msgs__rosidl_typesupport_fastrtps_cppExport-noconfig.cmake
[1.516s] -- Up-to-date: /Bt/install/play_motion2_msgs/share/play_motion2_msgs/cmake/play_motion2_msgs__rosidl_typesupport_introspection_cExport.cmake
[1.516s] -- Up-to-date: /Bt/install/play_motion2_msgs/share/play_motion2_msgs/cmake/play_motion2_msgs__rosidl_typesupport_introspection_cExport-noconfig.cmake
[1.516s] -- Up-to-date: /Bt/install/play_motion2_msgs/share/play_motion2_msgs/cmake/play_motion2_msgs__rosidl_typesupport_cExport.cmake
[1.516s] -- Up-to-date: /Bt/install/play_motion2_msgs/share/play_motion2_msgs/cmake/play_motion2_msgs__rosidl_typesupport_cExport-noconfig.cmake
[1.516s] -- Up-to-date: /Bt/install/play_motion2_msgs/share/play_motion2_msgs/cmake/play_motion2_msgs__rosidl_typesupport_introspection_cppExport.cmake
[1.516s] -- Up-to-date: /Bt/install/play_motion2_msgs/share/play_motion2_msgs/cmake/play_motion2_msgs__rosidl_typesupport_introspection_cppExport-noconfig.cmake
[1.517s] -- Up-to-date: /Bt/install/play_motion2_msgs/share/play_motion2_msgs/cmake/play_motion2_msgs__rosidl_typesupport_cppExport.cmake
[1.517s] -- Up-to-date: /Bt/install/play_motion2_msgs/share/play_motion2_msgs/cmake/play_motion2_msgs__rosidl_typesupport_cppExport-noconfig.cmake
[1.517s] -- Up-to-date: /Bt/install/play_motion2_msgs/share/play_motion2_msgs/cmake/export_play_motion2_msgs__rosidl_generator_pyExport.cmake
[1.517s] -- Up-to-date: /Bt/install/play_motion2_msgs/share/play_motion2_msgs/cmake/export_play_motion2_msgs__rosidl_generator_pyExport-noconfig.cmake
[1.517s] -- Up-to-date: /Bt/install/play_motion2_msgs/share/play_motion2_msgs/cmake/rosidl_cmake-extras.cmake
[1.517s] -- Up-to-date: /Bt/install/play_motion2_msgs/share/play_motion2_msgs/cmake/ament_cmake_export_dependencies-extras.cmake
[1.517s] -- Up-to-date: /Bt/install/play_motion2_msgs/share/play_motion2_msgs/cmake/ament_cmake_export_include_directories-extras.cmake
[1.518s] -- Up-to-date: /Bt/install/play_motion2_msgs/share/play_motion2_msgs/cmake/ament_cmake_export_libraries-extras.cmake
[1.518s] -- Up-to-date: /Bt/install/play_motion2_msgs/share/play_motion2_msgs/cmake/ament_cmake_export_targets-extras.cmake
[1.518s] -- Up-to-date: /Bt/install/play_motion2_msgs/share/play_motion2_msgs/cmake/rosidl_cmake_export_typesupport_targets-extras.cmake
[1.518s] -- Up-to-date: /Bt/install/play_motion2_msgs/share/play_motion2_msgs/cmake/rosidl_cmake_export_typesupport_libraries-extras.cmake
[1.518s] -- Up-to-date: /Bt/install/play_motion2_msgs/share/play_motion2_msgs/cmake/play_motion2_msgsConfig.cmake
[1.518s] -- Up-to-date: /Bt/install/play_motion2_msgs/share/play_motion2_msgs/cmake/play_motion2_msgsConfig-version.cmake
[1.518s] -- Up-to-date: /Bt/install/play_motion2_msgs/share/play_motion2_msgs/package.xml
[1.557s] Invoked command in '/Bt/build/play_motion2_msgs' returned '0': CMAKE_PREFIX_PATH=${CMAKE_PREFIX_PATH}:/Bt/install/yolo_ros:/Bt/install/ros2_aruco:/Bt/install/launch_pal:/Bt/install/grab2_curobo_planner:/opt/ros/jazzy /usr/bin/cmake --install /Bt/build/play_motion2_msgs
