[0.483s] Invoking command in '/Bt/build/grab2_controller': CMAKE_PREFIX_PATH=${CMAKE_PREFIX_PATH}:/opt/ros/jazzy:/Bt/install/yolo_ros:/Bt/install/ros2_aruco:/Bt/install/launch_pal:/Bt/install/grab2_curobo_planner /usr/bin/cmake --build /Bt/build/grab2_controller -- -j8 -l8
[0.819s] Invoked command in '/Bt/build/grab2_controller' returned '0': CMAKE_PREFIX_PATH=${CMAKE_PREFIX_PATH}:/opt/ros/jazzy:/Bt/install/yolo_ros:/Bt/install/ros2_aruco:/Bt/install/launch_pal:/Bt/install/grab2_curobo_planner /usr/bin/cmake --build /Bt/build/grab2_controller -- -j8 -l8
[0.820s] Invoking command in '/Bt/build/grab2_controller': CMAKE_PREFIX_PATH=${CMAKE_PREFIX_PATH}:/opt/ros/jazzy:/Bt/install/yolo_ros:/Bt/install/ros2_aruco:/Bt/install/launch_pal:/Bt/install/grab2_curobo_planner /usr/bin/cmake --install /Bt/build/grab2_controller
[0.881s] -- Install configuration: ""
[0.881s] -- Up-to-date: /Bt/install/grab2_controller/share/grab2_controller/launch
[0.881s] -- Up-to-date: /Bt/install/grab2_controller/share/grab2_controller/launch/ur5e_robotiq_2f_140_controllers.launch.py
[0.881s] -- Up-to-date: /Bt/install/grab2_controller/share/grab2_controller/launch/panda_controllers.launch.py
[0.881s] -- Up-to-date: /Bt/install/grab2_controller/share/grab2_controller/launch/ur10e_suction_gripper_controllers.launch.py
[0.881s] -- Up-to-date: /Bt/install/grab2_controller/share/grab2_controller/description
[0.881s] -- Up-to-date: /Bt/install/grab2_controller/share/grab2_controller/description/robotiq_2f_140
[0.881s] -- Up-to-date: /Bt/install/grab2_controller/share/grab2_controller/description/robotiq_2f_140/robotiq_2f_140.xacro
[0.881s] -- Up-to-date: /Bt/install/grab2_controller/share/grab2_controller/description/robotiq_2f_140/meshes
[0.881s] -- Up-to-date: /Bt/install/grab2_controller/share/grab2_controller/description/robotiq_2f_140/meshes/visual
[0.881s] -- Up-to-date: /Bt/install/grab2_controller/share/grab2_controller/description/robotiq_2f_140/meshes/visual/robotiq_arg2f_140_inner_knuckle.stl
[0.882s] -- Up-to-date: /Bt/install/grab2_controller/share/grab2_controller/description/robotiq_2f_140/meshes/visual/robotiq_arg2f_base_link.stl
[0.882s] -- Up-to-date: /Bt/install/grab2_controller/share/grab2_controller/description/robotiq_2f_140/meshes/visual/robotiq_arg2f_coupling.stl
[0.882s] -- Up-to-date: /Bt/install/grab2_controller/share/grab2_controller/description/robotiq_2f_140/meshes/visual/robotiq_arg2f_140_inner_finger.stl
[0.882s] -- Up-to-date: /Bt/install/grab2_controller/share/grab2_controller/description/robotiq_2f_140/meshes/visual/robotiq_arg2f_140_outer_knuckle.stl
[0.882s] -- Up-to-date: /Bt/install/grab2_controller/share/grab2_controller/description/robotiq_2f_140/meshes/visual/robotiq_arg2f_140_outer_finger.stl
[0.882s] -- Up-to-date: /Bt/install/grab2_controller/share/grab2_controller/description/robotiq_2f_140/meshes/collision
[0.882s] -- Up-to-date: /Bt/install/grab2_controller/share/grab2_controller/description/robotiq_2f_140/meshes/collision/robotiq_arg2f_140_inner_knuckle.stl
[0.882s] -- Up-to-date: /Bt/install/grab2_controller/share/grab2_controller/description/robotiq_2f_140/meshes/collision/robotiq_arg2f_base_link.stl
[0.882s] -- Up-to-date: /Bt/install/grab2_controller/share/grab2_controller/description/robotiq_2f_140/meshes/collision/robotiq_arg2f_coupling.stl
[0.882s] -- Up-to-date: /Bt/install/grab2_controller/share/grab2_controller/description/robotiq_2f_140/meshes/collision/robotiq_arg2f_140_inner_finger.stl
[0.883s] -- Up-to-date: /Bt/install/grab2_controller/share/grab2_controller/description/robotiq_2f_140/meshes/collision/robotiq_arg2f_140_outer_knuckle.stl
[0.883s] -- Up-to-date: /Bt/install/grab2_controller/share/grab2_controller/description/robotiq_2f_140/meshes/collision/robotiq_arg2f_140_outer_finger.stl
[0.883s] -- Up-to-date: /Bt/install/grab2_controller/share/grab2_controller/description/robotiq_2f_140/README.md
[0.883s] -- Up-to-date: /Bt/install/grab2_controller/share/grab2_controller/description/ur
[0.883s] -- Up-to-date: /Bt/install/grab2_controller/share/grab2_controller/description/ur/ur.urdf.xacro
[0.884s] -- Up-to-date: /Bt/install/grab2_controller/share/grab2_controller/description/ur/ur.ros2_control.xacro
[0.884s] -- Up-to-date: /Bt/install/grab2_controller/share/grab2_controller/description/panda
[0.885s] -- Up-to-date: /Bt/install/grab2_controller/share/grab2_controller/description/panda/panda.ros2_control.xacro
[0.885s] -- Up-to-date: /Bt/install/grab2_controller/share/grab2_controller/description/panda/panda.urdf.xacro
[0.885s] -- Up-to-date: /Bt/install/grab2_controller/share/grab2_controller/config
[0.905s] -- Up-to-date: /Bt/install/grab2_controller/share/grab2_controller/config/ur
[0.923s] -- Up-to-date: /Bt/install/grab2_controller/share/grab2_controller/config/ur/ros2_controllers.yaml
[0.923s] -- Up-to-date: /Bt/install/grab2_controller/share/grab2_controller/config/ur/initial_positions.yaml
[0.923s] -- Up-to-date: /Bt/install/grab2_controller/share/grab2_controller/config/rviz2
[0.935s] -- Up-to-date: /Bt/install/grab2_controller/share/grab2_controller/config/rviz2/3d_detection_cfg.yaml
[0.935s] -- Up-to-date: /Bt/install/grab2_controller/share/grab2_controller/config/rviz2/rviz2_config.rviz
[0.936s] -- Up-to-date: /Bt/install/grab2_controller/share/grab2_controller/config/panda
[0.937s] -- Up-to-date: /Bt/install/grab2_controller/share/grab2_controller/config/panda/ros2_controllers.yaml
[0.937s] -- Up-to-date: /Bt/install/grab2_controller/share/grab2_controller/config/panda/initial_positions.yaml
[0.937s] -- Up-to-date: /Bt/install/grab2_controller/share/ament_index/resource_index/package_run_dependencies/grab2_controller
[0.937s] -- Up-to-date: /Bt/install/grab2_controller/share/ament_index/resource_index/parent_prefix_path/grab2_controller
[0.937s] -- Up-to-date: /Bt/install/grab2_controller/share/grab2_controller/environment/ament_prefix_path.sh
[0.937s] -- Up-to-date: /Bt/install/grab2_controller/share/grab2_controller/environment/ament_prefix_path.dsv
[0.937s] -- Up-to-date: /Bt/install/grab2_controller/share/grab2_controller/environment/path.sh
[0.938s] -- Up-to-date: /Bt/install/grab2_controller/share/grab2_controller/environment/path.dsv
[0.938s] -- Up-to-date: /Bt/install/grab2_controller/share/grab2_controller/local_setup.bash
[0.938s] -- Up-to-date: /Bt/install/grab2_controller/share/grab2_controller/local_setup.sh
[0.938s] -- Up-to-date: /Bt/install/grab2_controller/share/grab2_controller/local_setup.zsh
[0.938s] -- Up-to-date: /Bt/install/grab2_controller/share/grab2_controller/local_setup.dsv
[0.938s] -- Installing: /Bt/install/grab2_controller/share/grab2_controller/package.dsv
[0.973s] -- Up-to-date: /Bt/install/grab2_controller/share/ament_index/resource_index/packages/grab2_controller
[0.974s] -- Up-to-date: /Bt/install/grab2_controller/share/grab2_controller/cmake/grab2_controllerConfig.cmake
[0.974s] -- Up-to-date: /Bt/install/grab2_controller/share/grab2_controller/cmake/grab2_controllerConfig-version.cmake
[0.974s] -- Up-to-date: /Bt/install/grab2_controller/share/grab2_controller/package.xml
[1.040s] Invoked command in '/Bt/build/grab2_controller' returned '0': CMAKE_PREFIX_PATH=${CMAKE_PREFIX_PATH}:/opt/ros/jazzy:/Bt/install/yolo_ros:/Bt/install/ros2_aruco:/Bt/install/launch_pal:/Bt/install/grab2_curobo_planner /usr/bin/cmake --install /Bt/build/grab2_controller
