[0.720s] Invoking command in '/Bt/build/pal_gripper_controller_configuration': CMAKE_PREFIX_PATH=${CMAKE_PREFIX_PATH}:/Bt/install/yolo_ros:/Bt/install/ros2_aruco:/Bt/install/launch_pal:/Bt/install/grab2_curobo_planner:/opt/ros/jazzy /usr/bin/cmake --build /Bt/build/pal_gripper_controller_configuration -- -j8 -l8
[1.050s] Invoked command in '/Bt/build/pal_gripper_controller_configuration' returned '0': CMAKE_PREFIX_PATH=${CMAKE_PREFIX_PATH}:/Bt/install/yolo_ros:/Bt/install/ros2_aruco:/Bt/install/launch_pal:/Bt/install/grab2_curobo_planner:/opt/ros/jazzy /usr/bin/cmake --build /Bt/build/pal_gripper_controller_configuration -- -j8 -l8
[1.053s] Invoking command in '/Bt/build/pal_gripper_controller_configuration': CMAKE_PREFIX_PATH=${CMAKE_PREFIX_PATH}:/Bt/install/yolo_ros:/Bt/install/ros2_aruco:/Bt/install/launch_pal:/Bt/install/grab2_curobo_planner:/opt/ros/jazzy /usr/bin/cmake --install /Bt/build/pal_gripper_controller_configuration
[1.085s] -- Install configuration: ""
[1.086s] -- Up-to-date: /Bt/install/pal_gripper_controller_configuration/share/pal_gripper_controller_configuration/config
[1.086s] -- Up-to-date: /Bt/install/pal_gripper_controller_configuration/share/pal_gripper_controller_configuration/config/gripper_controller.yaml
[1.087s] -- Up-to-date: /Bt/install/pal_gripper_controller_configuration/share/pal_gripper_controller_configuration/config/current_limit_controllers_left.yaml
[1.087s] -- Up-to-date: /Bt/install/pal_gripper_controller_configuration/share/pal_gripper_controller_configuration/config/gazebo_controller_manager_cfg.yaml
[1.088s] -- Up-to-date: /Bt/install/pal_gripper_controller_configuration/share/pal_gripper_controller_configuration/config/current_limit_controllers_right.yaml
[1.088s] -- Up-to-date: /Bt/install/pal_gripper_controller_configuration/share/pal_gripper_controller_configuration/config/joint_trajectory_controllers.yaml
[1.089s] -- Up-to-date: /Bt/install/pal_gripper_controller_configuration/share/pal_gripper_controller_configuration/config/joint_state_broadcaster.yaml
[1.089s] -- Up-to-date: /Bt/install/pal_gripper_controller_configuration/share/pal_gripper_controller_configuration/config/pids.yaml
[1.090s] -- Up-to-date: /Bt/install/pal_gripper_controller_configuration/share/pal_gripper_controller_configuration/config/current_limit_controllers.yaml
[1.091s] -- Up-to-date: /Bt/install/pal_gripper_controller_configuration/share/pal_gripper_controller_configuration/launch
[1.091s] -- Up-to-date: /Bt/install/pal_gripper_controller_configuration/share/pal_gripper_controller_configuration/launch/pal_gripper_controller.launch.py
[1.091s] -- Up-to-date: /Bt/install/pal_gripper_controller_configuration/share/pal_gripper_controller_configuration/launch/joint_state_broadcaster.launch.py
[1.092s] -- Up-to-date: /Bt/install/pal_gripper_controller_configuration/share/pal_gripper_controller_configuration/launch/gripper_controller.launch
[1.092s] -- Up-to-date: /Bt/install/pal_gripper_controller_configuration/share/pal_gripper_controller_configuration/launch/current_limit_controllers.launch
[1.092s] -- Up-to-date: /Bt/install/pal_gripper_controller_configuration/share/ament_index/resource_index/package_run_dependencies/pal_gripper_controller_configuration
[1.092s] -- Up-to-date: /Bt/install/pal_gripper_controller_configuration/share/ament_index/resource_index/parent_prefix_path/pal_gripper_controller_configuration
[1.092s] -- Up-to-date: /Bt/install/pal_gripper_controller_configuration/share/pal_gripper_controller_configuration/environment/ament_prefix_path.sh
[1.094s] -- Up-to-date: /Bt/install/pal_gripper_controller_configuration/share/pal_gripper_controller_configuration/environment/ament_prefix_path.dsv
[1.094s] -- Up-to-date: /Bt/install/pal_gripper_controller_configuration/share/pal_gripper_controller_configuration/environment/path.sh
[1.094s] -- Up-to-date: /Bt/install/pal_gripper_controller_configuration/share/pal_gripper_controller_configuration/environment/path.dsv
[1.095s] -- Up-to-date: /Bt/install/pal_gripper_controller_configuration/share/pal_gripper_controller_configuration/local_setup.bash
[1.095s] -- Up-to-date: /Bt/install/pal_gripper_controller_configuration/share/pal_gripper_controller_configuration/local_setup.sh
[1.095s] -- Up-to-date: /Bt/install/pal_gripper_controller_configuration/share/pal_gripper_controller_configuration/local_setup.zsh
[1.095s] -- Up-to-date: /Bt/install/pal_gripper_controller_configuration/share/pal_gripper_controller_configuration/local_setup.dsv
[1.095s] -- Installing: /Bt/install/pal_gripper_controller_configuration/share/pal_gripper_controller_configuration/package.dsv
[1.096s] -- Up-to-date: /Bt/install/pal_gripper_controller_configuration/share/ament_index/resource_index/packages/pal_gripper_controller_configuration
[1.096s] -- Up-to-date: /Bt/install/pal_gripper_controller_configuration/share/pal_gripper_controller_configuration/cmake/pal_gripper_controller_configurationConfig.cmake
[1.096s] -- Up-to-date: /Bt/install/pal_gripper_controller_configuration/share/pal_gripper_controller_configuration/cmake/pal_gripper_controller_configurationConfig-version.cmake
[1.096s] -- Up-to-date: /Bt/install/pal_gripper_controller_configuration/share/pal_gripper_controller_configuration/package.xml
[1.162s] Invoked command in '/Bt/build/pal_gripper_controller_configuration' returned '0': CMAKE_PREFIX_PATH=${CMAKE_PREFIX_PATH}:/Bt/install/yolo_ros:/Bt/install/ros2_aruco:/Bt/install/launch_pal:/Bt/install/grab2_curobo_planner:/opt/ros/jazzy /usr/bin/cmake --install /Bt/build/pal_gripper_controller_configuration
