[0.612s] Invoking command in '/Bt/build/pal_maps': CMAKE_PREFIX_PATH=${CMAKE_PREFIX_PATH}:/opt/ros/jazzy:/Bt/install/yolo_ros:/Bt/install/ros2_aruco:/Bt/install/launch_pal:/Bt/install/grab2_curobo_planner /usr/bin/cmake --build /Bt/build/pal_maps -- -j8 -l8
[0.752s] Invoked command in '/Bt/build/pal_maps' returned '0': CMAKE_PREFIX_PATH=${CMAKE_PREFIX_PATH}:/opt/ros/jazzy:/Bt/install/yolo_ros:/Bt/install/ros2_aruco:/Bt/install/launch_pal:/Bt/install/grab2_curobo_planner /usr/bin/cmake --build /Bt/build/pal_maps -- -j8 -l8
[0.801s] Invoking command in '/Bt/build/pal_maps': CMAKE_PREFIX_PATH=${CMAKE_PREFIX_PATH}:/opt/ros/jazzy:/Bt/install/yolo_ros:/Bt/install/ros2_aruco:/Bt/install/launch_pal:/Bt/install/grab2_curobo_planner /usr/bin/cmake --install /Bt/build/pal_maps
[0.815s] -- Install configuration: ""
[0.815s] -- Up-to-date: /Bt/install/pal_maps/share/pal_maps/maps
[0.942s] -- Up-to-date: /Bt/install/pal_maps/share/pal_maps/maps/obstacle_avoidance_world
[0.967s] -- Up-to-date: /Bt/install/pal_maps/share/pal_maps/maps/obstacle_avoidance_world/map.yaml
[0.967s] -- Up-to-date: /Bt/install/pal_maps/share/pal_maps/maps/obstacle_avoidance_world/map.pgm
[0.967s] -- Up-to-date: /Bt/install/pal_maps/share/pal_maps/maps/pal_office_7th_floor
[0.967s] -- Up-to-date: /Bt/install/pal_maps/share/pal_maps/maps/pal_office_7th_floor/map.yaml
[0.967s] -- Up-to-date: /Bt/install/pal_maps/share/pal_maps/maps/pal_office_7th_floor/map.pgm
[0.967s] -- Up-to-date: /Bt/install/pal_maps/share/pal_maps/maps/corridor_85cm
[0.984s] -- Up-to-date: /Bt/install/pal_maps/share/pal_maps/maps/corridor_85cm/map.yaml
[0.984s] -- Up-to-date: /Bt/install/pal_maps/share/pal_maps/maps/corridor_85cm/map.pgm
[0.984s] -- Up-to-date: /Bt/install/pal_maps/share/pal_maps/maps/home
[0.987s] -- Up-to-date: /Bt/install/pal_maps/share/pal_maps/maps/home/map.yaml
[0.987s] -- Up-to-date: /Bt/install/pal_maps/share/pal_maps/maps/home/map.pgm
[0.987s] -- Up-to-date: /Bt/install/pal_maps/share/pal_maps/maps/pal_office
[0.988s] -- Up-to-date: /Bt/install/pal_maps/share/pal_maps/maps/pal_office/map.yaml
[0.988s] -- Up-to-date: /Bt/install/pal_maps/share/pal_maps/maps/pal_office/map.pgm
[0.988s] -- Up-to-date: /Bt/install/pal_maps/share/pal_maps/maps/corridor_95cm
[0.988s] -- Up-to-date: /Bt/install/pal_maps/share/pal_maps/maps/corridor_95cm/map.yaml
[0.988s] -- Up-to-date: /Bt/install/pal_maps/share/pal_maps/maps/corridor_95cm/map.pgm
[0.988s] -- Up-to-date: /Bt/install/pal_maps/share/pal_maps/maps/hospital_with_aruco
[0.988s] -- Up-to-date: /Bt/install/pal_maps/share/pal_maps/maps/hospital_with_aruco/map.yaml
[0.988s] -- Up-to-date: /Bt/install/pal_maps/share/pal_maps/maps/hospital_with_aruco/map.pgm
[0.988s] -- Up-to-date: /Bt/install/pal_maps/share/pal_maps/maps/small_warehouse
[1.004s] -- Up-to-date: /Bt/install/pal_maps/share/pal_maps/maps/small_warehouse/map.yaml
[1.004s] -- Up-to-date: /Bt/install/pal_maps/share/pal_maps/maps/small_warehouse/map.pgm
[1.004s] -- Up-to-date: /Bt/install/pal_maps/share/pal_maps/maps/corridor_110cm
[1.009s] -- Up-to-date: /Bt/install/pal_maps/share/pal_maps/maps/corridor_110cm/map.yaml
[1.009s] -- Up-to-date: /Bt/install/pal_maps/share/pal_maps/maps/corridor_110cm/map.pgm
[1.009s] -- Up-to-date: /Bt/install/pal_maps/share/pal_maps/maps/hospital
[1.034s] -- Up-to-date: /Bt/install/pal_maps/share/pal_maps/maps/hospital/map.yaml
[1.034s] -- Up-to-date: /Bt/install/pal_maps/share/pal_maps/maps/hospital/map.pgm
[1.034s] -- Up-to-date: /Bt/install/pal_maps/share/pal_maps/maps/dynamic_obstacle_avoidance_world
[1.035s] -- Up-to-date: /Bt/install/pal_maps/share/pal_maps/maps/dynamic_obstacle_avoidance_world/map.yaml
[1.035s] -- Up-to-date: /Bt/install/pal_maps/share/pal_maps/maps/dynamic_obstacle_avoidance_world/map.pgm
[1.035s] -- Up-to-date: /Bt/install/pal_maps/share/pal_maps/maps/roscon_es_25
[1.035s] -- Up-to-date: /Bt/install/pal_maps/share/pal_maps/maps/roscon_es_25/map.yaml
[1.035s] -- Up-to-date: /Bt/install/pal_maps/share/pal_maps/maps/roscon_es_25/map.pgm
[1.035s] -- Up-to-date: /Bt/install/pal_maps/share/pal_maps/maps/willow_garage
[1.075s] -- Up-to-date: /Bt/install/pal_maps/share/pal_maps/maps/willow_garage/map.yaml
[1.075s] -- Up-to-date: /Bt/install/pal_maps/share/pal_maps/maps/willow_garage/map.pgm
[1.075s] -- Up-to-date: /Bt/install/pal_maps/share/pal_maps/maps/small_office
[1.075s] -- Up-to-date: /Bt/install/pal_maps/share/pal_maps/maps/small_office/map.yaml
[1.075s] -- Up-to-date: /Bt/install/pal_maps/share/pal_maps/maps/small_office/map.pgm
[1.076s] -- Up-to-date: /Bt/install/pal_maps/share/pal_maps/maps/small_house
[1.076s] -- Up-to-date: /Bt/install/pal_maps/share/pal_maps/maps/small_house/map.yaml
[1.076s] -- Up-to-date: /Bt/install/pal_maps/share/pal_maps/maps/small_house/map.pgm
[1.076s] -- Up-to-date: /Bt/install/pal_maps/share/ament_index/resource_index/package_run_dependencies/pal_maps
[1.076s] -- Up-to-date: /Bt/install/pal_maps/share/ament_index/resource_index/parent_prefix_path/pal_maps
[1.076s] -- Up-to-date: /Bt/install/pal_maps/share/pal_maps/environment/ament_prefix_path.sh
[1.076s] -- Up-to-date: /Bt/install/pal_maps/share/pal_maps/environment/ament_prefix_path.dsv
[1.076s] -- Up-to-date: /Bt/install/pal_maps/share/pal_maps/environment/path.sh
[1.076s] -- Up-to-date: /Bt/install/pal_maps/share/pal_maps/environment/path.dsv
[1.076s] -- Up-to-date: /Bt/install/pal_maps/share/pal_maps/local_setup.bash
[1.077s] -- Up-to-date: /Bt/install/pal_maps/share/pal_maps/local_setup.sh
[1.077s] -- Up-to-date: /Bt/install/pal_maps/share/pal_maps/local_setup.zsh
[1.077s] -- Up-to-date: /Bt/install/pal_maps/share/pal_maps/local_setup.dsv
[1.077s] -- Installing: /Bt/install/pal_maps/share/pal_maps/package.dsv
[1.093s] -- Up-to-date: /Bt/install/pal_maps/share/ament_index/resource_index/packages/pal_maps
[1.093s] -- Up-to-date: /Bt/install/pal_maps/share/pal_maps/cmake/pal_mapsConfig.cmake
[1.093s] -- Up-to-date: /Bt/install/pal_maps/share/pal_maps/cmake/pal_mapsConfig-version.cmake
[1.093s] -- Up-to-date: /Bt/install/pal_maps/share/pal_maps/package.xml
[1.369s] Invoked command in '/Bt/build/pal_maps' returned '0': CMAKE_PREFIX_PATH=${CMAKE_PREFIX_PATH}:/opt/ros/jazzy:/Bt/install/yolo_ros:/Bt/install/ros2_aruco:/Bt/install/launch_pal:/Bt/install/grab2_curobo_planner /usr/bin/cmake --install /Bt/build/pal_maps
