[0.220s] Invoking command in '/Bt/build/pmb2_controller_configuration': AMENT_PREFIX_PATH=/Bt/install/launch_pal:${AMENT_PREFIX_PATH} CMAKE_PREFIX_PATH=${CMAKE_PREFIX_PATH}:/opt/ros/jazzy PYTHONPATH=/Bt/install/launch_pal/lib/python3.12/site-packages:${PYTHONPATH} /usr/bin/cmake --build /Bt/build/pmb2_controller_configuration -- -j8 -l8
[0.304s] Invoked command in '/Bt/build/pmb2_controller_configuration' returned '0': AMENT_PREFIX_PATH=/Bt/install/launch_pal:${AMENT_PREFIX_PATH} CMAKE_PREFIX_PATH=${CMAKE_PREFIX_PATH}:/opt/ros/jazzy PYTHONPATH=/Bt/install/launch_pal/lib/python3.12/site-packages:${PYTHONPATH} /usr/bin/cmake --build /Bt/build/pmb2_controller_configuration -- -j8 -l8
[0.317s] Invoking command in '/Bt/build/pmb2_controller_configuration': AMENT_PREFIX_PATH=/Bt/install/launch_pal:${AMENT_PREFIX_PATH} CMAKE_PREFIX_PATH=${CMAKE_PREFIX_PATH}:/opt/ros/jazzy PYTHONPATH=/Bt/install/launch_pal/lib/python3.12/site-packages:${PYTHONPATH} /usr/bin/cmake --install /Bt/build/pmb2_controller_configuration
[0.602s] -- Install configuration: ""
[0.602s] -- Up-to-date: /Bt/install/pmb2_controller_configuration/share/pmb2_controller_configuration/config
[0.602s] -- Up-to-date: /Bt/install/pmb2_controller_configuration/share/pmb2_controller_configuration/config/imu_sensor_broadcaster.yaml
[0.602s] -- Up-to-date: /Bt/install/pmb2_controller_configuration/share/pmb2_controller_configuration/config/mobile_base_controller.yaml
[0.602s] -- Up-to-date: /Bt/install/pmb2_controller_configuration/share/pmb2_controller_configuration/config/joint_state_broadcaster.yaml
[0.603s] -- Up-to-date: /Bt/install/pmb2_controller_configuration/share/pmb2_controller_configuration/launch
[0.603s] -- Up-to-date: /Bt/install/pmb2_controller_configuration/share/pmb2_controller_configuration/launch/default_controllers.launch.py
[0.603s] -- Up-to-date: /Bt/install/pmb2_controller_configuration/share/ament_index/resource_index/package_run_dependencies/pmb2_controller_configuration
[0.603s] -- Up-to-date: /Bt/install/pmb2_controller_configuration/share/ament_index/resource_index/parent_prefix_path/pmb2_controller_configuration
[0.603s] -- Up-to-date: /Bt/install/pmb2_controller_configuration/share/pmb2_controller_configuration/environment/ament_prefix_path.sh
[0.603s] -- Up-to-date: /Bt/install/pmb2_controller_configuration/share/pmb2_controller_configuration/environment/ament_prefix_path.dsv
[0.603s] -- Up-to-date: /Bt/install/pmb2_controller_configuration/share/pmb2_controller_configuration/environment/path.sh
[0.604s] -- Up-to-date: /Bt/install/pmb2_controller_configuration/share/pmb2_controller_configuration/environment/path.dsv
[0.604s] -- Up-to-date: /Bt/install/pmb2_controller_configuration/share/pmb2_controller_configuration/local_setup.bash
[0.604s] -- Up-to-date: /Bt/install/pmb2_controller_configuration/share/pmb2_controller_configuration/local_setup.sh
[0.604s] -- Up-to-date: /Bt/install/pmb2_controller_configuration/share/pmb2_controller_configuration/local_setup.zsh
[0.604s] -- Up-to-date: /Bt/install/pmb2_controller_configuration/share/pmb2_controller_configuration/local_setup.dsv
[0.604s] -- Installing: /Bt/install/pmb2_controller_configuration/share/pmb2_controller_configuration/package.dsv
[0.605s] -- Up-to-date: /Bt/install/pmb2_controller_configuration/share/ament_index/resource_index/packages/pmb2_controller_configuration
[0.605s] -- Up-to-date: /Bt/install/pmb2_controller_configuration/share/pmb2_controller_configuration/cmake/pmb2_controller_configurationConfig.cmake
[0.605s] -- Up-to-date: /Bt/install/pmb2_controller_configuration/share/pmb2_controller_configuration/cmake/pmb2_controller_configurationConfig-version.cmake
[0.605s] -- Up-to-date: /Bt/install/pmb2_controller_configuration/share/pmb2_controller_configuration/package.xml
[0.627s] Invoked command in '/Bt/build/pmb2_controller_configuration' returned '0': AMENT_PREFIX_PATH=/Bt/install/launch_pal:${AMENT_PREFIX_PATH} CMAKE_PREFIX_PATH=${CMAKE_PREFIX_PATH}:/opt/ros/jazzy PYTHONPATH=/Bt/install/launch_pal/lib/python3.12/site-packages:${PYTHONPATH} /usr/bin/cmake --install /Bt/build/pmb2_controller_configuration
